2026-10-02 00:33:57.822 | DEBUG    | ttnn:<module>:77 - Initial ttnn.CONFIG:
Config{cache_path=/home/moritz/.cache/ttnn,model_cache_path=/home/moritz/.cache/ttnn/models,tmp_dir=/tmp/ttnn,enable_model_cache=false,enable_fast_runtime_mode=true,throw_exception_on_fallback=false,enable_logging=false,enable_graph_report=false,enable_detailed_buffer_report=false,enable_detailed_tensor_report=false,enable_comparison_mode=false,comparison_mode_should_raise_exception=false,comparison_mode_pcc=0.9999,root_report_path=generated/ttnn/reports,report_name=std::nullopt,std::nullopt}
{
 "host": "pc",
 "card": "0",
 "target": "hIL2R",
 "target_residues": 387,
 "target_chains": 2,
 "target_fold": "two-chain cytokine receptor assembly",
 "binder": 90,
 "tokens": 480,
 "rounds_requested": 2,
 "footprint_probe": false,
 "timing_valid": true,
 "trajectories_arg": "1",
 "design_tokens": 512,
 "auto_before_open": {
  "count": 1,
  "why": "22.9 GB of host memory is free and a second trajectory at 512 tokens needs 23.2 GB",
  "tokens_asked": 512
 },
 "auto_would_choose": [
  1,
  "22.9 GB of host memory is free and a second trajectory at 512 tokens needs 23.2 GB"
 ],
 "max_trajectories": 2,
 "validation": "device",
 "seed": 100,
 "commit": "8a73696b3fa9f51a294ff3a4a4dcfafe757fac0d",
 "dirty": true,
 "compile_cache": "/home/moritz/.coworker/wt/rel012-verify-bh/perf/rel012_bh/out/xlacache",
 "pci": "0000:01:00.0",
 "sysfs": "/sys/class/tenstorrent/tenstorrent!0/tt_aiclk",
 "nproc": 12,
 "loadavg_start": [
  1.0712890625,
  1.05078125,
  1.06689453125
 ],
 "mem_start": {
  "vmhwm": 551297024,
  "vmrss": 551297024,
  "mem_available": 24514338816
 },
 "started_utc": "2026-10-01T22:33:58Z"
}
/home/moritz/.coworker/wt/rel012-verify-bh/tt_bio/main.py:62: RuntimeWarning: os.fork() was called. os.fork() is incompatible with multithreaded code, and JAX is multithreaded, so this will likely lead to a deadlock.
  pid = _os.fork()
[tt_bio.bindcraft2] stops at whichever comes first: 2 accepted designs, or 2 trajectories spent. Interleaved arms already running can carry the accepted count past 2, so it is a floor, not a quota.
[tt_bio.bindcraft2] a trajectory is also ended mid-design by the per-stage gates, which the campaign's own `filters` line does not list: screen pLDDT >= 0.6 (min_plddt_screen), refine pLDDT >= 0.6 (min_plddt_refine), anneal i_pTM >= 0.5 (min_iptm_anneal), anneal pLDDT >= 0.65 (min_plddt_anneal), harden i_pTM >= 0.5 (min_iptm_harden), harden pLDDT >= 0.65 (min_plddt_harden), mutate i_pTM >= 0.5 (min_iptm_mutate), mutate pLDDT >= 0.6 (min_plddt_mutate), final i_pTM >= 0.7 (min_iptm_final), final monomer pLDDT >= 0.7 (min_monomer_plddt_final), final pLDDT >= 0.7 (min_plddt_final). A trajectory that misses one is charged against the budget and counted under `terminated`, and the rejection names the metric (i_pTM/monomer pLDDT/pLDDT), not the setting.
BindCraft 2 v1.0.1
campaign hIL2R_90
binder length 90
target hIL2R (target) | 387 residues | hotspots A67,A68,A96,A99,A101,A159,A160,B125,B181,B229-231
losses binder_contacts=1.0 binder_helicity=-0.3 binder_pae=0.4 compactness=0.5 interface_contacts=1.0 interface_pae=0.1 iptm_loss=0.05 plddt_loss=0.1
filters Backbone_Clashes <= 0, Binder_RMSD <= 3.5, Interface_Residues >= 7, Unbound_Binder_pLDDT >= 0.7, i_pAE <= 0.35, i_pTM >= 0.7, pTM >= 0.55
results /home/moritz/.coworker/wt/rel012-verify-bh/perf/rel012_bh/out/ceiling/a512 | 3_Ranked/!_Ranked.csv rewritten as each design is accepted | summary.csv written when the campaign ends

=== trajectory 1 | hIL2R_90_denovo_l90_8d4a0abee3cbc750 | accepted 0/2 ===
{
 "host": "pc",
 "card": "0",
 "target": "hIL2R",
 "target_residues": 387,
 "target_chains": 2,
 "target_fold": "two-chain cytokine receptor assembly",
 "binder": 90,
 "tokens": 480,
 "rounds_requested": 2,
 "footprint_probe": false,
 "timing_valid": true,
 "trajectories_arg": "1",
 "design_tokens": 512,
 "auto_before_open": {
  "count": 1,
  "why": "22.9 GB of host memory is free and a second trajectory at 512 tokens needs 23.2 GB",
  "tokens_asked": 512
 },
 "auto_would_choose": [
  1,
  "22.9 GB of host memory is free and a second trajectory at 512 tokens needs 23.2 GB"
 ],
 "max_trajectories": 2,
 "validation": "device",
 "seed": 100,
 "commit": "8a73696b3fa9f51a294ff3a4a4dcfafe757fac0d",
 "dirty": true,
 "compile_cache": "/home/moritz/.coworker/wt/rel012-verify-bh/perf/rel012_bh/out/xlacache",
 "pci": "0000:01:00.0",
 "sysfs": "/sys/class/tenstorrent/tenstorrent!0/tt_aiclk",
 "nproc": 12,
 "loadavg_start": [
  1.0712890625,
  1.05078125,
  1.06689453125
 ],
 "mem_start": {
  "vmhwm": 551297024,
  "vmrss": 551297024,
  "mem_available": 24514338816
 },
 "started_utc": "2026-10-01T22:33:58Z",
 "fast": {
  "MM_LAYOUT": true,
  "TAPED_MOVE": true,
  "WIDEN_ADD": true,
  "QKV_GRAD_JOIN": true,
  "FUSED": true,
  "QKV_PACKED": true,
  "EXP_21F": true,
  "FANIN_CAST_FUSED": true,
  "PAIR_TRANSPOSE_FUSED": true,
  "GATED_GRAD_PACKED": true,
  "GATED_BW_FUSED": true,
  "GATE_BW_FUSED": true,
  "LEAD_SUM_FUSED": true,
  "PAIR_MM_FUSED": true,
  "NOGRAD_IS_INFERENCE": true,
  "_TRIATT_FUSED_HIFI": true,
  "rne_kernel": true,
  "tri_att_g_in_matmul": true,
  "rows_in_k": true,
  "TAPED_KERNELS_DEFAULT": "tri_att_sdpa_hifi,rne_add,reblock_permute_gated,pair_transpose,triatt_qkv_heads",
  "SOFTMAX_BW_FP32": false
 },
 "memory_requested": "auto",
 "memory_used": {
  "512": "fast"
 },
 "auto_card_open": {
  "count": 1,
  "why": "22.6 GB of host memory is free and a second trajectory at 512 tokens needs 23.0 GB",
  "tokens_asked": 512
 },
 "wall_seconds": 112.2,
 "trajectories_returned": null,
 "accepted": null,
 "error": "StopAfterRounds(2 rounds collected)",
 "traceback": null,
 "dram_total_bytes": 34225520128,
 "complex_residues": 483,
 "evoformer_axis": 512,
 "axis_seen": [
  512
 ],
 "axis_matches_arithmetic": false,
 "auto_priced_axis_short_by": 0,
 "device_free_min": 31161300480,
 "rounds_done": 3,
 "rounds_per_slot": {
  "": 3
 },
 "levers": {
  "genq_compact": false,
  "grad_fanin_l1": false,
  "widen_add": false,
  "taped_channel_move": false,
  "mm_layout": false,
  "triatt_bw": false,
  "triatt_hifi": false,
  "rne_kernel": false
 },
 "lever_stats": {
  "mm_layout": {
   "declined: has a program config": 2472,
   "declined: has a core grid": 576,
   "served": 1104,
   "declined: not batched": 2048
  },
  "taped_channel_move": [
   216,
   1248,
   648,
   0
  ],
  "widen_add": {
   "served: round": 1448,
   "served: first": 412,
   "served: later": 512
  },
  "rne_add": [
   2772,
   24
  ],
  "qkv_grad_join": {
   "served": 600
  },
  "triatt_bw": {
   "served": 216,
   "declined": 0,
   "packed": 0,
   "bw_calls": 216
  },
  "triatt_fused_hifi": {
   "served": 648,
   "declined": 0,
   "too_short": 0,
   "taped": 0,
   "padded": 0
  },
  "taped_kernels": {
   "reblock_permute_gated": [
    1296,
    0
   ],
   "rne_add": [
    2772,
    0
   ],
   "triatt_qkv_heads": [
    624,
    24
   ],
   "tri_att_sdpa_hifi": [
    648,
    0
   ],
   "pair_transpose": [
    648,
    0
   ]
  }
 },
 "triatt_reach": {
  "bw_calls": 216,
  "served": 216,
  "declined": 0
 },
 "aiclk_run": {
  "n": 80,
  "aiclk_min": 800,
  "aiclk_med": 1350,
  "aiclk_max": 1350,
  "load1": 2.5
 },
 "node_probe_samples": 0,
 "mem_end": {
  "vmhwm": 10575765504,
  "vmrss": 6199455744,
  "mem_available": 18628014080
 },
 "loadavg_end": [
  2.54296875,
  1.74169921875,
  1.32666015625
 ],
 "finished_utc": "2026-10-01T22:35:50Z"
}
