2026-10-02 00:39:37.594 | DEBUG    | ttnn:<module>:77 - Initial ttnn.CONFIG:
Config{cache_path=/home/moritz/.cache/ttnn,model_cache_path=/home/moritz/.cache/ttnn/models,tmp_dir=/tmp/ttnn,enable_model_cache=false,enable_fast_runtime_mode=true,throw_exception_on_fallback=false,enable_logging=false,enable_graph_report=false,enable_detailed_buffer_report=false,enable_detailed_tensor_report=false,enable_comparison_mode=false,comparison_mode_should_raise_exception=false,comparison_mode_pcc=0.9999,root_report_path=generated/ttnn/reports,report_name=std::nullopt,std::nullopt}
{
 "host": "pc",
 "card": "0",
 "target": "hHSA",
 "target_residues": 578,
 "target_chains": 1,
 "target_fold": "all-alpha, three homologous domains",
 "binder": 210,
 "tokens": 800,
 "rounds_requested": 2,
 "footprint_probe": false,
 "timing_valid": true,
 "trajectories_arg": "1",
 "design_tokens": 832,
 "auto_before_open": {
  "count": 1,
  "why": "at 832 tokens one trajectory is priced at up to 32.5 GB against the 27.9 GB the card has for them, so a second one does not fit and it runs one",
  "tokens_asked": 832
 },
 "auto_would_choose": [
  1,
  "at 832 tokens one trajectory is priced at up to 32.5 GB against the 27.9 GB the card has for them, so a second one does not fit and it runs one"
 ],
 "max_trajectories": 2,
 "validation": "device",
 "seed": 100,
 "commit": "80c5e4c4e35d2bf17daa6d11a5101f28baf8507a",
 "dirty": true,
 "compile_cache": "/home/moritz/.coworker/wt/rel012-verify-bh/perf/rel012_bh/out/xlacache",
 "pci": "0000:01:00.0",
 "sysfs": "/sys/class/tenstorrent/tenstorrent!0/tt_aiclk",
 "nproc": 12,
 "loadavg_start": [
  3.56884765625,
  2.767578125,
  1.8369140625
 ],
 "mem_start": {
  "vmhwm": 543350784,
  "vmrss": 535629824,
  "mem_available": 24890462208
 },
 "started_utc": "2026-10-01T22:39:37Z"
}
/home/moritz/.coworker/wt/rel012-verify-bh/tt_bio/main.py:62: RuntimeWarning: os.fork() was called. os.fork() is incompatible with multithreaded code, and JAX is multithreaded, so this will likely lead to a deadlock.
  pid = _os.fork()
[tt_bio.bindcraft2] stops at whichever comes first: 2 accepted designs, or 2 trajectories spent. Interleaved arms already running can carry the accepted count past 2, so it is a floor, not a quota.
[tt_bio.bindcraft2] a trajectory is also ended mid-design by the per-stage gates, which the campaign's own `filters` line does not list: screen pLDDT >= 0.6 (min_plddt_screen), refine pLDDT >= 0.6 (min_plddt_refine), anneal i_pTM >= 0.5 (min_iptm_anneal), anneal pLDDT >= 0.65 (min_plddt_anneal), harden i_pTM >= 0.5 (min_iptm_harden), harden pLDDT >= 0.65 (min_plddt_harden), mutate i_pTM >= 0.5 (min_iptm_mutate), mutate pLDDT >= 0.6 (min_plddt_mutate), final i_pTM >= 0.7 (min_iptm_final), final monomer pLDDT >= 0.7 (min_monomer_plddt_final), final pLDDT >= 0.7 (min_plddt_final). A trajectory that misses one is charged against the budget and counted under `terminated`, and the rejection names the metric (i_pTM/monomer pLDDT/pLDDT), not the setting.
BindCraft 2 v1.0.1
campaign hHSA_210
binder length 210
target hHSA (target) | 578 residues | hotspots 199,214,218,222
losses binder_contacts=1.0 binder_helicity=-0.3 binder_pae=0.4 compactness=0.5 interface_contacts=1.0 interface_pae=0.1 iptm_loss=0.05 plddt_loss=0.1
filters Backbone_Clashes <= 0, Binder_RMSD <= 3.5, Interface_Residues >= 7, Unbound_Binder_pLDDT >= 0.7, i_pAE <= 0.35, i_pTM >= 0.7, pTM >= 0.55
results /home/moritz/.coworker/wt/rel012-verify-bh/perf/rel012_bh/out/ceiling/a832 | 3_Ranked/!_Ranked.csv rewritten as each design is accepted | summary.csv written when the campaign ends

=== trajectory 1 | hHSA_210_denovo_l210_cf074b69e72d4bc9 | accepted 0/2 ===
2026-10-02 00:39:56.691 | critical |          Always | TT_THROW: Statically allocated circular buffers on core range [(x=0,y=0) - (x=12,y=9)] grow to 3578368 B which is beyond max L1 size of 1572864 B (assert.hpp:104)
2026-10-02 00:39:56.693 | critical |          Always | TT_THROW: Statically allocated circular buffers on core range [(x=0,y=0) - (x=12,y=9)] grow to 3471872 B which is beyond max L1 size of 1572864 B (assert.hpp:104)
2026-10-02 00:39:57.418 | critical |          Always | TT_THROW: Statically allocated circular buffers on core range [(x=0,y=0) - (x=12,y=9)] grow to 1954304 B which is beyond max L1 size of 1572864 B (assert.hpp:104)
2026-10-02 00:39:57.421 | critical |          Always | TT_THROW: Statically allocated circular buffers on core range [(x=0,y=0) - (x=12,y=9)] grow to 1847808 B which is beyond max L1 size of 1572864 B (assert.hpp:104)
2026-10-02 00:39:58.213 | critical |          Always | TT_THROW: Statically allocated circular buffers on core range [(x=0,y=0) - (x=12,y=9)] grow to 2779648 B which is beyond max L1 size of 1572864 B (assert.hpp:104)
2026-10-02 00:39:58.215 | critical |          Always | TT_THROW: Statically allocated circular buffers on core range [(x=0,y=0) - (x=12,y=9)] grow to 2726400 B which is beyond max L1 size of 1572864 B (assert.hpp:104)
2026-10-02 00:41:18.024 | critical |          Always | TT_FATAL: Out of Memory: Not enough space to allocate 109051904 B DRAM buffer across 8 banks, where each bank needs to store 13631488 B, but bank size is 4278190016 B (allocated: 4262504896 B, free: 15685120 B, largest free block: 5859264 B) (assert.hpp:104)
2026-10-02 00:41:18.026 | critical |          Always | TT_FATAL: Out of Memory: Not enough space to allocate 109051904 B DRAM buffer across 8 banks, where each bank needs to store 13631488 B, but bank size is 4278190016 B (allocated: 4262504896 B, free: 15685120 B, largest free block: 5859264 B) (assert.hpp:104)
jax.pure_callback failed
Traceback (most recent call last):
  File "/home/moritz/.coworker/wt/rel012-verify-bh/tt_bio/bindcraft2.py", line 438, in _refusal_names_the_size
    yield
  File "/home/moritz/.coworker/wt/rel012-verify-bh/tt_bio/bindcraft2.py", line 1197, in _backward
    trunk.ag.backward([mo, zo], [trunk.seed(gm, mo), trunk.seed(gz, zo)])
  File "/home/moritz/.coworker/wt/rel012-verify-bh/tt_bio/autograd.py", line 792, in backward
    _backward(roots, seeds)
  File "/home/moritz/.coworker/wt/rel012-verify-bh/tt_bio/autograd.py", line 830, in _backward
    fire()
  File "/home/moritz/.coworker/wt/rel012-verify-bh/tt_bio/autograd.py", line 3040, in fire
    _recompute(seeded)
  File "/home/moritz/.coworker/wt/rel012-verify-bh/tt_bio/autograd.py", line 2990, in _recompute
    y = fn(*inner)
        ^^^^^^^^^^
  File "/home/moritz/.coworker/wt/rel012-verify-bh/tt_bio/bindcraft2.py", line 649, in <lambda>
    lambda a, b, blk=block: blk(a, b, msa_mask, *pair_masks), m, z,
                            ^^^^^^^^^^^^^^^^^^^^^^^^^^^^^^^^
  File "/home/moritz/.coworker/wt/rel012-verify-bh/tt_bio/af2.py", line 924, in __call__
    return msa, super().__call__(z, mask, attn_mask)
                ^^^^^^^^^^^^^^^^^^^^^^^^^^^^^^^^^^^^
  File "/home/moritz/.coworker/wt/rel012-verify-bh/tt_bio/af2.py", line 462, in __call__
    z = self._step(lambda t, name=name, device=device:
        ^^^^^^^^^^^^^^^^^^^^^^^^^^^^^^^^^^^^^^^^^^^^^^
  File "/home/moritz/.coworker/wt/rel012-verify-bh/tt_bio/af2.py", line 360, in _step
    return step(*inputs) if run is None else run(step, *inputs)
           ^^^^^^^^^^^^^
  File "/home/moritz/.coworker/wt/rel012-verify-bh/tt_bio/af2.py", line 463, in <lambda>
    self._residual(t, self._update(name, device, t)), z)
                      ^^^^^^^^^^^^^^^^^^^^^^^^^^^^^
  File "/home/moritz/.coworker/wt/rel012-verify-bh/tt_bio/af2.py", line 447, in _update
    return device(x, *args)
           ^^^^^^^^^^^^^^^^
  File "/home/moritz/.coworker/wt/rel012-verify-bh/tt_bio/af2.py", line 235, in __call__
    blocks = [self._rows(x[:, s:min(s + PAIR_ROW_BLOCK, rows)])
              ^^^^^^^^^^^^^^^^^^^^^^^^^^^^^^^^^^^^^^^^^^^^^^^^^
  File "/home/moritz/.coworker/wt/rel012-verify-bh/tt_bio/af2.py", line 218, in _rows
    h = self._lin(xn, self.fc1_weight, bias=self.fc1_bias, activation="relu",
        ^^^^^^^^^^^^^^^^^^^^^^^^^^^^^^^^^^^^^^^^^^^^^^^^^^^^^^^^^^^^^^^^^^^^^
  File "/home/moritz/.coworker/wt/rel012-verify-bh/tt_bio/tenstorrent.py", line 7169, in _lin
    return ops.linear(x, w, bias=bias, compute_kernel_config=self.compute_kernel_config,
           ^^^^^^^^^^^^^^^^^^^^^^^^^^^^^^^^^^^^^^^^^^^^^^^^^^^^^^^^^^^^^^^^^^^^^^^^^^^^^
  File "/home/moritz/.coworker/wt/rel012-verify-bh/tt_bio/dispatch.py", line 67, in call
    out = hook(name, fn, args, kwargs)
          ^^^^^^^^^^^^^^^^^^^^^^^^^^^^
  File "/home/moritz/.coworker/wt/rel012-verify-bh/tt_bio/autograd.py", line 3431, in _hook
    return impl(shipped, args, kwargs)
           ^^^^^^^^^^^^^^^^^^^^^^^^^^^
  File "/home/moritz/.coworker/wt/rel012-verify-bh/tt_bio/autograd.py", line 3329, in _taped_linear
    out_v = shipped(x.value, w.value, bias=(bias.value if bias is not None else None),
            ^^^^^^^^^^^^^^^^^^^^^^^^^^^^^^^^^^^^^^^^^^^^^^^^^^^^^^^^^^^^^^^^^^^^^^^^^^
  File "/home/moritz/.coworker/wt/rel012-verify-bh/tt_bio/ops.py", line 300, in linear
    return ttnn.linear(x, w, bias=bias, activation=activation,
           ^^^^^^^^^^^^^^^^^^^^^^^^^^^^^^^^^^^^^^^^^^^^^^^^^^^
  File "/home/moritz/.coworker/wt/rel012-verify-bh/tt_bio/taped_ttnn.py", line 1630, in call
    return shipped(*args, **kwargs)
           ^^^^^^^^^^^^^^^^^^^^^^^^
  File "/home/moritz/bcx_hostcut_venv/lib/python3.12/site-packages/ttnn/decorators.py", line 473, in __call__
    result = self.function(*function_args, **function_kwargs)
             ^^^^^^^^^^^^^^^^^^^^^^^^^^^^^^^^^^^^^^^^^^^^^^^^
RuntimeError: TT_FATAL @ /project/tt_metal/impl/allocator/bank_manager.cpp:439: false
info:
Out of Memory: Not enough space to allocate 109051904 B DRAM buffer across 8 banks, where each bank needs to store 13631488 B, but bank size is 4278190016 B (allocated: 4262504896 B, free: 15685120 B, largest free block: 5859264 B)
backtrace:
 --- /home/moritz/bcx_hostcut_venv/lib/python3.12/site-packages/ttnn/build/lib/libtt_metal.so(+0x6d2697) [0x7fce352d2697]
 --- tt::tt_metal::BankManager::allocate_buffer(unsigned long, unsigned long, bool, tt::tt_metal::CoreRangeSet const&, std::optional<unsigned int>, ttsl::StrongType<unsigned int, tt::tt_metal::AllocatorIDTag>)
 --- tt::tt_metal::AllocatorImpl::allocate_buffer(tt::tt_metal::Buffer*)
 --- tt::tt_metal::Buffer::allocate_impl()
 --- tt::tt_metal::Buffer::create(tt::tt_metal::IDevice*, unsigned long, unsigned long, tt::tt_metal::BufferType, tt::tt_metal::BufferShardingArgs const&, std::optional<bool>, std::optional<ttsl::StrongType<unsigned char, tt::tt_metal::SubDeviceIdTag> >)
 --- tt::tt_metal::distributed::MeshBuffer::create(std::variant<tt::tt_metal::distributed::ReplicatedBufferConfig, tt::tt_metal::distributed::ShardedBufferConfig> const&, tt::tt_metal::distributed::DeviceLocalBufferConfig const&, tt::tt_metal::distributed::MeshDevice*, std::optional<unsigned long>)
 --- tt::tt_metal::tensor_impl::allocate_device_buffer(tt::tt_metal::distributed::MeshDevice*, tt::tt_metal::TensorSpec const&)
 --- tt::tt_metal::create_device_tensor(tt::tt_metal::TensorSpec const&, tt::tt_metal::IDevice*)
 --- ttnn::prim::MatmulDeviceOperation::create_output_tensors(ttnn::prim::MatmulParams const&, ttnn::prim::MatmulInputs const&)
 --- /home/moritz/bcx_hostcut_venv/lib/python3.12/site-packages/ttnn/build/lib/_ttnncpp.so(_ZN4ttnn16device_operation6detail6launchITkNS0_22DeviceOperationConceptENS_4prim21MatmulDeviceOperationEEENT_21tensor_return_value_tERKNS5_22operation_attributes_tERKNS5_13tensor_args_tE+0x33b) [0x7fce36dc28db]
 --- ttnn::prim::matmul(tt::tt_metal::Tensor const&, tt::tt_metal::Tensor const&, std::optional<tt::tt_metal::Tensor> const&, std::optional<tt::tt_metal::Tensor> const&, ttnn::prim::MatmulParams const&)
 --- /home/moritz/bcx_hostcut_venv/lib/python3.12/site-packages/ttnn/build/lib/_ttnncpp.so(+0xf7c318) [0x7fce36d7c318]
 --- /home/moritz/bcx_hostcut_venv/lib/python3.12/site-packages/ttnn/build/lib/_ttnncpp.so(_ZN4ttnn10operations6matmul6linearERKN2tt8tt_metal6TensorES6_RKSt8optionalIS5_EbbRKS7_IKNS3_12MemoryConfigEES7_IKNS3_8DataTypeEERKS7_IKSt7variantIJNS1_28MatmulMultiCoreProgramConfigENS1_33MatmulMultiCoreReuseProgramConfigENS1_42MatmulMultiCoreReuseMultiCastProgramConfigENS1_44MatmulMultiCoreReuseMultiCast1DProgramConfigENS1_53MatmulMultiCoreReuseMultiCastDRAMShardedProgramConfigENS1_60MatmulMultiCoreReuseMultiCastBatchedDRAMShardedProgramConfigEEEERKS7_IKSJ_IJNSt7__cxx1112basic_stringIcSt11char_traitsIcESaIcEEENS0_5unary19BasicUnaryWithParamIJfEEEEEES7_IKNS_19ComputeKernelConfigEES7_IKNS_5types8CoreGridEERKS7_IKNS3_4TileEES7_IS4_ERKS7_IKNS3_12experimental20GlobalCircularBufferEERKS7_IN4ttsl10StrongTypeIhNS3_14SubDeviceIdTagEEEE+0x333) [0x7fce36d7d3e3]
 --- /home/moritz/bcx_hostcut_venv/lib/python3.12/site-packages/ttnn/_ttnn.cpython-312-x86_64-linux-gnu.so(+0x3fb59d) [0x7fce379fb59d]
 --- /home/moritz/bcx_hostcut_venv/lib/python3.12/site-packages/ttnn/_ttnn.cpython-312-x86_64-linux-gnu.so(+0x3fb30b) [0x7fce379fb30b]
 --- /home/moritz/bcx_hostcut_venv/lib/python3.12/site-packages/ttnn/_ttnn.cpython-312-x86_64-linux-gnu.so(+0x26daa5) [0x7fce3786daa5]
 --- /home/moritz/bcx_hostcut_venv/bin/python3() [0x1876122]
 --- /home/moritz/bcx_hostcut_venv/bin/python3() [0x1686e59]
 --- /home/moritz/bcx_hostcut_venv/bin/python3(_PyEval_EvalFrameDefault+0xe920) [0x1621aa0]
 --- /home/moritz/bcx_hostcut_venv/bin/python3() [0x1876122]
 --- /home/moritz/bcx_hostcut_venv/bin/python3() [0x1686e59]
 --- /home/moritz/bcx_hostcut_venv/bin/python3(_PyEval_EvalFrameDefault+0xe920) [0x1621aa0]
 --- /home/moritz/bcx_hostcut_venv/bin/python3(_PyObject_Call_Prepend+0x9a) [0x1686f1a]
 --- /home/moritz/bcx_hostcut_venv/bin/python3() [0x1686e59]
 --- /home/moritz/bcx_hostcut_venv/bin/python3(_PyEval_EvalFrameDefault+0xe920) [0x1621aa0]
 --- /home/moritz/bcx_hostcut_venv/bin/python3(_PyObject_Call_Prepend+0x9a) [0x1686f1a]
 --- /home/moritz/bcx_hostcut_venv/bin/python3() [0x1686e59]
 --- /home/moritz/bcx_hostcut_venv/bin/python3(_PyEval_EvalFrameDefault+0xe920) [0x1621aa0]
 --- /home/moritz/bcx_hostcut_venv/bin/python3() [0x1612849]
 --- /home/moritz/bcx_hostcut_venv/bin/python3() [0x173770f]
 --- /home/moritz/bcx_hostcut_venv/bin/python3(_PyEval_EvalFrameDefault+0xe840) [0x16219c0]
 --- /home/moritz/bcx_hostcut_venv/bin/python3(_PyObject_Call_Prepend+0x9a) [0x1686f1a]
 --- /home/moritz/bcx_hostcut_venv/bin/python3() [0x1686e59]
 --- /home/moritz/bcx_hostcut_venv/bin/python3(_PyEval_EvalFrameDefault+0xe920) [0x1621aa0]
 --- /home/moritz/bcx_hostcut_venv/bin/python3(PyObject_Vectorcall+0x3a) [0x16d933a]
 --- /home/moritz/bcx_hostcut_venv/lib/python3.12/site-packages/jaxlib/libjax_common.so(+0x3aad4e1) [0x7fcf3e59d4e1]
 --- /home/moritz/bcx_hostcut_venv/lib/python3.12/site-packages/jaxlib/libjax_common.so(+0x3a68dc2) [0x7fcf3e558dc2]
 --- /home/moritz/bcx_hostcut_venv/lib/python3.12/site-packages/jaxlib/libjax_common.so(+0x3a70c68) [0x7fcf3e560c68]
 --- /home/moritz/bcx_hostcut_venv/lib/python3.12/site-packages/jaxlib/libjax_common.so(+0x3a6aae9) [0x7fcf3e55aae9]
 --- /home/moritz/bcx_hostcut_venv/lib/python3.12/site-packages/jaxlib/libjax_common.so(+0x3db6e3c) [0x7fcf3e8a6e3c]
 --- /home/moritz/bcx_hostcut_venv/lib/python3.12/site-packages/jaxlib/libjax_common.so(+0x3db7021) [0x7fcf3e8a7021]
 --- /home/moritz/bcx_hostcut_venv/lib/python3.12/site-packages/jaxlib/libjax_common.so(+0x8f2c3d3) [0x7fcf43a1c3d3]
 --- /home/moritz/bcx_hostcut_venv/lib/python3.12/site-packages/jaxlib/libjax_common.so(+0x8f2ba3e) [0x7fcf43a1ba3e]
 --- /home/moritz/bcx_hostcut_venv/lib/python3.12/site-packages/jaxlib/libjax_common.so(+0xde1e94b) [0x7fcf4890e94b]
 --- /home/moritz/bcx_hostcut_venv/lib/python3.12/site-packages/jaxlib/libjax_common.so(+0xde21f1f) [0x7fcf48911f1f]
 --- /home/moritz/bcx_hostcut_venv/lib/python3.12/site-packages/jaxlib/libjax_common.so(+0xde23a06) [0x7fcf48913a06]
 --- /home/moritz/bcx_hostcut_venv/lib/python3.12/site-packages/jaxlib/libjax_common.so(+0xde24873) [0x7fcf48914873]
 --- /home/moritz/bcx_hostcut_venv/lib/python3.12/site-packages/jaxlib/libjax_common.so(+0x80d7d7a) [0x7fcf42bc7d7a]
 --- /home/moritz/bcx_hostcut_venv/lib/python3.12/site-packages/jaxlib/libjax_common.so(+0x95d959c) [0x7fcf440c959c]
 --- /home/moritz/bcx_hostcut_venv/lib/python3.12/site-packages/jaxlib/libjax_common.so(+0x95d9cf2) [0x7fcf440c9cf2]
 --- /home/moritz/bcx_hostcut_venv/lib/python3.12/site-packages/jaxlib/libjax_common.so(+0x78ce044) [0x7fcf423be044]
 --- /home/moritz/bcx_hostcut_venv/lib/python3.12/site-packages/jaxlib/libjax_common.so(+0x78cded1) [0x7fcf423bded1]
 --- /home/moritz/bcx_hostcut_venv/lib/python3.12/site-packages/jaxlib/libjax_common.so(+0x78bd28f) [0x7fcf423ad28f]
 --- /lib/x86_64-linux-gnu/libc.so.6(+0x891f5) [0x7fcf4a8731f5]
 --- /lib/x86_64-linux-gnu/libc.so.6(+0x1098dc) [0x7fcf4a8f38dc]


The above exception was the direct cause of the following exception:

Traceback (most recent call last):
  File "/home/moritz/bcx_hostcut_venv/lib/python3.12/site-packages/jax/_src/callback.py", line 93, in pure_callback_impl
    return tree_util.tree_map(np.asarray, callback(*args))
                                          ^^^^^^^^^^^^^^^
  File "/home/moritz/bcx_hostcut_venv/lib/python3.12/site-packages/jax/_src/callback.py", line 71, in __call__
    return tree_util.tree_leaves(self.callback_func(*args, **kwargs))
                                 ^^^^^^^^^^^^^^^^^^^^^^^^^^^^^^^^^^^
  File "/home/moritz/.coworker/wt/rel012-verify-bh/tt_bio/bindcraft2.py", line 1193, in _backward
    with _refusal_names_the_size("backward", n, z_shape[0], self.memory), \
         ^^^^^^^^^^^^^^^^^^^^^^^^^^^^^^^^^^^^^^^^^^^^^^^^^^^^^^^^^^^^^^^
  File "/home/moritz/.local/share/uv/python/cpython-3.12.12-linux-x86_64-gnu/lib/python3.12/contextlib.py", line 158, in __exit__
    self.gen.throw(value)
  File "/home/moritz/.coworker/wt/rel012-verify-bh/tt_bio/bindcraft2.py", line 447, in _refusal_names_the_size
    raise better from exc
MemoryError: BindCraft 2 ran out of device memory in the Evoformer backward at 832 tokens.
  complex   802 residues, padded to 832 tokens (tt-bio buckets the token axis to 32)
  asked for 109.1 MB in one DRAM buffer (13.6 MB in each of 8 banks)
  free      125.5 MB of 34.226 GB, largest contiguous block 5.9 MB
The card is full: 34.100 GB of 34.226 GB is held by this fold, and the 125.5 MB left is in pieces of at most 5.9 MB a bank against the 13.6 MB a bank this 109.1 MB request needs.
What to do: 832 tokens fits on a p150a with the card to itself (the largest axis measured to complete a gradient round is 864), so something else is holding this card. Interleaved trajectories are the usual cause: pass trajectories_per_card=1 to run BindCraft 2's own one-at-a-time loop. Otherwise 2 residues off the binder takes this fold to 800 tokens.
The allocator's own refusal follows.
{
 "host": "pc",
 "card": "0",
 "target": "hHSA",
 "target_residues": 578,
 "target_chains": 1,
 "target_fold": "all-alpha, three homologous domains",
 "binder": 210,
 "tokens": 800,
 "rounds_requested": 2,
 "footprint_probe": false,
 "timing_valid": true,
 "trajectories_arg": "1",
 "design_tokens": 832,
 "auto_before_open": {
  "count": 1,
  "why": "at 832 tokens one trajectory is priced at up to 32.5 GB against the 27.9 GB the card has for them, so a second one does not fit and it runs one",
  "tokens_asked": 832
 },
 "auto_would_choose": [
  1,
  "at 832 tokens one trajectory is priced at up to 32.5 GB against the 27.9 GB the card has for them, so a second one does not fit and it runs one"
 ],
 "max_trajectories": 2,
 "validation": "device",
 "seed": 100,
 "commit": "80c5e4c4e35d2bf17daa6d11a5101f28baf8507a",
 "dirty": true,
 "compile_cache": "/home/moritz/.coworker/wt/rel012-verify-bh/perf/rel012_bh/out/xlacache",
 "pci": "0000:01:00.0",
 "sysfs": "/sys/class/tenstorrent/tenstorrent!0/tt_aiclk",
 "nproc": 12,
 "loadavg_start": [
  3.56884765625,
  2.767578125,
  1.8369140625
 ],
 "mem_start": {
  "vmhwm": 543350784,
  "vmrss": 535629824,
  "mem_available": 24890462208
 },
 "started_utc": "2026-10-01T22:39:37Z",
 "fast": {
  "MM_LAYOUT": true,
  "TAPED_MOVE": true,
  "WIDEN_ADD": true,
  "QKV_GRAD_JOIN": true,
  "FUSED": true,
  "QKV_PACKED": true,
  "EXP_21F": true,
  "FANIN_CAST_FUSED": true,
  "PAIR_TRANSPOSE_FUSED": true,
  "GATED_GRAD_PACKED": true,
  "GATED_BW_FUSED": true,
  "GATE_BW_FUSED": true,
  "LEAD_SUM_FUSED": true,
  "PAIR_MM_FUSED": true,
  "NOGRAD_IS_INFERENCE": true,
  "_TRIATT_FUSED_HIFI": true,
  "rne_kernel": true,
  "tri_att_g_in_matmul": true,
  "rows_in_k": true,
  "TAPED_KERNELS_DEFAULT": "tri_att_sdpa_hifi,rne_add,reblock_permute_gated,pair_transpose,triatt_qkv_heads",
  "SOFTMAX_BW_FP32": false
 },
 "memory_requested": "auto",
 "memory_used": {
  "832": "fast"
 },
 "auto_card_open": {
  "count": 1,
  "why": "at 832 tokens one trajectory is priced at up to 32.5 GB against the 30.9 GB the card has for them, so a second one does not fit and it runs one",
  "tokens_asked": 832
 },
 "wall_seconds": 100.39,
 "trajectories_returned": null,
 "accepted": null,
 "error": "MemoryError(\"BindCraft 2 ran out of device memory in the Evoformer backward at 832 tokens.\\n  complex   802 residues, padded to 832 tokens (tt-bio buckets the token axis to 32)\\n  asked for 109.1 MB in one DRAM buffer (13.6 MB in each of 8 banks)\\n  free      125.5 MB of 34.226 GB, largest contiguous block 5.9 MB\\nThe card is full: 34.100 GB of 34.226 GB is held by this fold, and the 125.5 MB left is in pieces of at most 5.9 MB a bank against the 13.6 MB a bank this 109.1 MB request needs.\\nWhat to do: 832 tokens fits on a p150a with the card to itself (the largest axis measured to complete a gradient round is 864), so something else is holding this card. Interleaved trajectories are the usual cause: pass trajectories_per_card=1 to run BindCraft 2's own one-at-a-time loop. Otherwise 2 residues off the binder takes this fold to 800 tokens.\\nThe allocator's own refusal follows.\")",
 "traceback": "Traceback (most recent call last):\n  File \"/home/moritz/.coworker/wt/rel012-verify-bh/tt_bio/bindcraft2.py\", line 530, in refusals_unwrapped\n    yield\n  File \"/home/moritz/.coworker/wt/rel012-verify-bh/tt_bio/bindcraft2.py\", line 2670, in _run_campaign\n    return campaign.run_campaign(settings, project_folder, **run_campaign_kwargs)\n           ^^^^^^^^^^^^^^^^^^^^^^^^^^^^^^^^^^^^^^^^^^^^^^^^^^^^^^^^^^^^^^^^^^^^^^\n  File \"/home/moritz/bcx_shipped/bc2/bindcraft/campaign.py\", line 271, in run_campaign\n    return run_campaign_arm(settings, project_folder, alphafold_model, validation_model, mpnn_model, key, max_trajectories, build_validation_model, autotune=settings.get('autotune', True), metadata=metadata)\n           ^^^^^^^^^^^^^^^^^^^^^^^^^^^^^^^^^^^^^^^^^^^^^^^^^^^^^^^^^^^^^^^^^^^^^^^^^^^^^^^^^^^^^^^^^^^^^^^^^^^^^^^^^^^^^^^^^^^^^^^^^^^^^^^^^^^^^^^^^^^^^^^^^^^^^^^^^^^^^^^^^^^^^^^^^^^^^^^^^^^^^^^^^^^^^^^^^^^^\n  File \"/home/moritz/bcx_shipped/bc2/bindcraft/campaign.py\", line 185, in run_campaign_arm\n    protein_states, predictions, failed_stage = run_trajectory(design_settings, alphafold_model, trajectory_random_key, trajectory_directory=trajectory_directory, targets=trajectory_targets)\n                                                ^^^^^^^^^^^^^^^^^^^^^^^^^^^^^^^^^^^^^^^^^^^^^^^^^^^^^^^^^^^^^^^^^^^^^^^^^^^^^^^^^^^^^^^^^^^^^^^^^^^^^^^^^^^^^^^^^^^^^^^^^^^^^^^^^^^^^^^^^^^^^^\n  File \"/home/moritz/bcx_shipped/bc2/bindcraft/trajectory.py\", line 303, in run_trajectory\n    protein_states, predictions = run_gradient_design_stage(trajectory.protein_states, design_model, sequence_optimizer=stage.sequence_optimizer, design_schedule=design_schedule, record_sequence_update=recorder, select_best_round=len(design_settings.prepared_states) < 2, select_filtered_round=rotating_stage_filter_round(design_settings, target_schedule, trajectory.protein_states, stage.name), **induced_fit_reference_arguments(trajectory.losses, trajectory.binder_alone_reference, design_model, design_settings))\n                                  ^^^^^^^^^^^^^^^^^^^^^^^^^^^^^^^^^^^^^^^^^^^^^^^^^^^^^^^^^^^^^^^^^^^^^^^^^^^^^^^^^^^^^^^^^^^^^^^^^^^^^^^^^^^^^^^^^^^^^^^^^^^^^^^^^^^^^^^^^^^^^^^^^^^^^^^^^^^^^^^^^^^^^^^^^^^^^^^^^^^^^^^^^^^^^^^^^^^^^^^^^^^^^^^^^^^^^^^^^^^^^^^^^^^^^^^^^^^^^^^^^^^^^^^^^^^^^^^^^^^^^^^^^^^^^^^^^^^^^^^^^^^^^^^^^^^^^^^^^^^^^^^^^^^^^^^^^^^^^^^^^^^^^^^^^^^^^^^^^^^^^^^^^^^^^^^^^^^^^^^^^^^^^^^^^^^^^^^^^^^^^^^^^^^^^^^^^^^^^^^^^^^^^^^^^^^^^^^^^^^^^^^^^^^^^^^^^^^^^^^^^^^^^^^^^^^^^^^^^^^^^^^^^^^^^^^^^^^^^^^^^\n  File \"/home/moritz/bcx_shipped/bc2/bindcraft/trajectory.py\", line 131, in run_gradient_design_stage\n    predictions, chain_gradients, graph_design_loss = design_model.sequence_gradients(active_protein_states, active_losses, softmax_weight=softmax_weight, one_hot_weight=one_hot_weight, temperature=temperature, logit_scale=logit_scale, reference_predictions=reference_predictions)\n                                                      ^^^^^^^^^^^^^^^^^^^^^^^^^^^^^^^^^^^^^^^^^^^^^^^^^^^^^^^^^^^^^^^^^^^^^^^^^^^^^^^^^^^^^^^^^^^^^^^^^^^^^^^^^^^^^^^^^^^^^^^^^^^^^^^^^^^^^^^^^^^^^^^^^^^^^^^^^^^^^^^^^^^^^^^^^^^^^^^^^^^^^^^^^^^^^^^^^^^^^^^^^^^^^^^^^^^^^^^^^^^^^^^^^^\n  File \"/home/moritz/.coworker/wt/rel012-verify-bh/perf/bgx_size/rung.py\", line 334, in sequence_gradients\n    return real_sequence_gradients(self, *a, **kw)\n           ^^^^^^^^^^^^^^^^^^^^^^^^^^^^^^^^^^^^^^^\n  File \"/home/moritz/.coworker/wt/rel012-verify-bh/tt_bio/bindcraft2.py\", line 1982, in sequence_gradients\n    return super().sequence_gradients(protein_states, losses, passed,\n           ^^^^^^^^^^^^^^^^^^^^^^^^^^^^^^^^^^^^^^^^^^^^^^^^^^^^^^^^^^\n  File \"/home/moritz/bcx_shipped/bc2/bindcraft/af2.py\", line 406, in sequence_gradients\n    (design_loss, prediction_arrays), shared_chain_gradients = compiled_sequence_gradients(*gradient_arguments)\n                                                               ^^^^^^^^^^^^^^^^^^^^^^^^^^^^^^^^^^^^^^^^^^^^^^^^\njax.errors.JaxRuntimeError: INTERNAL: CpuCallback error calling callback: Traceback (most recent call last):\n  File \"/home/moritz/bcx_hostcut_venv/lib/python3.12/site-packages/jax/_src/callback.py\", line 816, in _wrapped_callback\n  File \"/home/moritz/bcx_hostcut_venv/lib/python3.12/site-packages/jax/_src/callback.py\", line 226, in _callback\n  File \"/home/moritz/bcx_hostcut_venv/lib/python3.12/site-packages/jax/_src/callback.py\", line 96, in pure_callback_impl\n  File \"/home/moritz/bcx_hostcut_venv/lib/python3.12/site-packages/jax/_src/callback.py\", line 71, in __call__\n  File \"/home/moritz/.coworker/wt/rel012-verify-bh/tt_bio/bindcraft2.py\", line 1193, in _backward\n  File \"/home/moritz/.local/share/uv/python/cpython-3.12.12-linux-x86_64-gnu/lib/python3.12/contextlib.py\", line 190, in __exit__\n  File \"/home/moritz/.coworker/wt/rel012-verify-bh/tt_bio/bindcraft2.py\", line 447, in _refusal_names_the_size\nMemoryError: BindCraft 2 ran out of device memory in the Evoformer backward at 832 tokens.\n  complex   802 residues, padded to 832 tokens (tt-bio buckets the token axis to 32)\n  asked for 109.1 MB in one DRAM buffer (13.6 MB in each of 8 banks)\n  free      125.5 MB of 34.226 GB, largest contiguous block 5.9 MB\nThe card is full: 34.100 GB of 34.226 GB is held by this fold, and the 125.5 MB left is in pieces of at most 5.9 MB a bank against the 13.6 MB a bank this 109.1 MB request needs.\nWhat to do: 832 tokens fits on a p150a with the card to itself (the largest axis measured to complete a gradient round is 864), so something else is holding this card. Interleaved trajectories are the usual cause: pass trajectories_per_card=1 to run BindCraft 2's own one-at-a-time loop. Otherwise 2 residues off the binder takes this fold to 800 tokens.\nThe allocator's own refusal follows.\n--------------------\nFor simplicity, JAX has removed its internal frames from the traceback of the following exception. Set JAX_TRACEBACK_FILTERING=off to include these.\n\nThe above exception was the direct cause of the following exception:\n\nTraceback (most recent call last):\n  File \"/home/moritz/.coworker/wt/rel012-verify-bh/perf/bgx_size/rung.py\", line 436, in main\n    trajectories = bindcraft2.run_campaign(\n                   ^^^^^^^^^^^^^^^^^^^^^^^^\n  File \"/home/moritz/.coworker/wt/rel012-verify-bh/tt_bio/bindcraft2.py\", line 2595, in run_campaign\n    return _run_campaign(settings, project_folder, trajectories_per_card=trajectories_per_card,\n           ^^^^^^^^^^^^^^^^^^^^^^^^^^^^^^^^^^^^^^^^^^^^^^^^^^^^^^^^^^^^^^^^^^^^^^^^^^^^^^^^^^^^\n  File \"/home/moritz/.coworker/wt/rel012-verify-bh/tt_bio/bindcraft2.py\", line 2669, in _run_campaign\n    with refusals_unwrapped():\n         ^^^^^^^^^^^^^^^^^^^^\n  File \"/home/moritz/.local/share/uv/python/cpython-3.12.12-linux-x86_64-gnu/lib/python3.12/contextlib.py\", line 158, in __exit__\n    self.gen.throw(value)\n  File \"/home/moritz/.coworker/wt/rel012-verify-bh/tt_bio/bindcraft2.py\", line 535, in refusals_unwrapped\n    raise better from exc\n  File \"/home/moritz/bcx_hostcut_venv/lib/python3.12/site-packages/jax/_src/callback.py\", line 816, in _wrapped_callback\n    out_vals = callback(*args)\n               ^^^^^^^^^^^^^^^\n  File \"/home/moritz/bcx_hostcut_venv/lib/python3.12/site-packages/jax/_src/callback.py\", line 226, in _callback\n    pure_callback_impl(\n  File \"/home/moritz/bcx_hostcut_venv/lib/python3.12/site-packages/jax/_src/callback.py\", line 93, in pure_callback_impl\n    return tree_util.tree_map(np.asarray, callback(*args))\n                                          ^^^^^^^^^^^^^^^\n  File \"/home/moritz/bcx_hostcut_venv/lib/python3.12/site-packages/jax/_src/callback.py\", line 71, in __call__\n    return tree_util.tree_leaves(self.callback_func(*args, **kwargs))\n                                 ^^^^^^^^^^^^^^^^^^^^^^^^^^^^^^^^^^^\n  File \"/home/moritz/.coworker/wt/rel012-verify-bh/tt_bio/bindcraft2.py\", line 1193, in _backward\n    with _refusal_names_the_size(\"backward\", n, z_shape[0], self.memory), \\\n         ^^^^^^^^^^^^^^^^^^^^^^^^^^^^^^^^^^^^^^^^^^^^^^^^^^^^^^^^^^^^^^^\n  File \"/home/moritz/.local/share/uv/python/cpython-3.12.12-linux-x86_64-gnu/lib/python3.12/contextlib.py\", line 158, in __exit__\n    self.gen.throw(value)\n  File \"/home/moritz/.coworker/wt/rel012-verify-bh/tt_bio/bindcraft2.py\", line 447, in _refusal_names_the_size\n    raise better from exc\nMemoryError: BindCraft 2 ran out of device memory in the Evoformer backward at 832 tokens.\n  complex   802 residues, padded to 832 tokens (tt-bio buckets the token axis to 32)\n  asked for 109.1 MB in one DRAM buffer (13.6 MB in each of 8 banks)\n  free      125.5 MB of 34.226 GB, largest contiguous block 5.9 MB\nThe card is full: 34.100 GB of 34.226 GB is held by this fold, and the 125.5 MB left is in pieces of at most 5.9 MB a bank against the 13.6 MB a bank this 109.1 MB request needs.\nWhat to do: 832 tokens fits on a p150a with the card to itself (the largest axis measured to complete a gradient round is 864), so something else is holding this card. Interleaved trajectories are the usual cause: pass trajectories_per_card=1 to run BindCraft 2's own one-at-a-time loop. Otherwise 2 residues off the binder takes this fold to 800 tokens.\nThe allocator's own refusal follows.\n",
 "dram_total_bytes": 34225520128,
 "complex_residues": 802,
 "evoformer_axis": 832,
 "axis_seen": [
  832
 ],
 "axis_matches_arithmetic": false,
 "auto_priced_axis_short_by": 0,
 "device_free_min": 34225503744,
 "rounds_done": 1,
 "rounds_per_slot": {
  "": 1
 },
 "levers": {
  "genq_compact": false,
  "grad_fanin_l1": false,
  "widen_add": false,
  "taped_channel_move": false,
  "mm_layout": false,
  "triatt_bw": false,
  "triatt_hifi": false,
  "rne_kernel": false
 },
 "lever_stats": {
  "mm_layout": {
   "declined: has a program config": 893,
   "declined: has a core grid": 258,
   "served": 514,
   "declined: not batched": 832
  },
  "taped_channel_move": [
   64,
   1473,
   282,
   0
  ],
  "widen_add": {
   "served: round": 448,
   "served: first": 128,
   "served: later": 160
  },
  "rne_add": [
   1220,
   8
  ],
  "qkv_grad_join": {
   "served": 192
  },
  "triatt_bw": {
   "served": 64,
   "declined": 0,
   "packed": 0,
   "bw_calls": 64
  },
  "triatt_fused_hifi": {
   "served": 282,
   "declined": 0,
   "too_short": 0,
   "taped": 0,
   "padded": 0
  },
  "taped_kernels": {
   "reblock_permute_gated": [
    564,
    0
   ],
   "rne_add": [
    1220,
    0
   ],
   "triatt_qkv_heads": [
    274,
    8
   ],
   "tri_att_sdpa_hifi": [
    282,
    0
   ],
   "pair_transpose": [
    282,
    0
   ]
  }
 },
 "triatt_reach": {
  "bw_calls": 64,
  "served": 64,
  "declined": 0
 },
 "aiclk_run": {
  "n": 67,
  "aiclk_min": 800,
  "aiclk_med": 1350,
  "aiclk_max": 1350,
  "load1": 4.1
 },
 "node_probe_samples": 0,
 "mem_end": {
  "vmhwm": 17542754304,
  "vmrss": 6499459072,
  "mem_available": 18799398912
 },
 "loadavg_end": [
  4.216796875,
  3.259765625,
  2.10888671875
 ],
 "finished_utc": "2026-10-01T22:41:18Z"
}
Traceback (most recent call last):
  File "/home/moritz/.coworker/wt/rel012-verify-bh/tt_bio/bindcraft2.py", line 530, in refusals_unwrapped
    yield
  File "/home/moritz/.coworker/wt/rel012-verify-bh/tt_bio/bindcraft2.py", line 2670, in _run_campaign
    return campaign.run_campaign(settings, project_folder, **run_campaign_kwargs)
           ^^^^^^^^^^^^^^^^^^^^^^^^^^^^^^^^^^^^^^^^^^^^^^^^^^^^^^^^^^^^^^^^^^^^^^
  File "/home/moritz/bcx_shipped/bc2/bindcraft/campaign.py", line 271, in run_campaign
    return run_campaign_arm(settings, project_folder, alphafold_model, validation_model, mpnn_model, key, max_trajectories, build_validation_model, autotune=settings.get('autotune', True), metadata=metadata)
           ^^^^^^^^^^^^^^^^^^^^^^^^^^^^^^^^^^^^^^^^^^^^^^^^^^^^^^^^^^^^^^^^^^^^^^^^^^^^^^^^^^^^^^^^^^^^^^^^^^^^^^^^^^^^^^^^^^^^^^^^^^^^^^^^^^^^^^^^^^^^^^^^^^^^^^^^^^^^^^^^^^^^^^^^^^^^^^^^^^^^^^^^^^^^^^^^^^^^
  File "/home/moritz/bcx_shipped/bc2/bindcraft/campaign.py", line 185, in run_campaign_arm
    protein_states, predictions, failed_stage = run_trajectory(design_settings, alphafold_model, trajectory_random_key, trajectory_directory=trajectory_directory, targets=trajectory_targets)
                                                ^^^^^^^^^^^^^^^^^^^^^^^^^^^^^^^^^^^^^^^^^^^^^^^^^^^^^^^^^^^^^^^^^^^^^^^^^^^^^^^^^^^^^^^^^^^^^^^^^^^^^^^^^^^^^^^^^^^^^^^^^^^^^^^^^^^^^^^^^^^^^^
  File "/home/moritz/bcx_shipped/bc2/bindcraft/trajectory.py", line 303, in run_trajectory
    protein_states, predictions = run_gradient_design_stage(trajectory.protein_states, design_model, sequence_optimizer=stage.sequence_optimizer, design_schedule=design_schedule, record_sequence_update=recorder, select_best_round=len(design_settings.prepared_states) < 2, select_filtered_round=rotating_stage_filter_round(design_settings, target_schedule, trajectory.protein_states, stage.name), **induced_fit_reference_arguments(trajectory.losses, trajectory.binder_alone_reference, design_model, design_settings))
                                  ^^^^^^^^^^^^^^^^^^^^^^^^^^^^^^^^^^^^^^^^^^^^^^^^^^^^^^^^^^^^^^^^^^^^^^^^^^^^^^^^^^^^^^^^^^^^^^^^^^^^^^^^^^^^^^^^^^^^^^^^^^^^^^^^^^^^^^^^^^^^^^^^^^^^^^^^^^^^^^^^^^^^^^^^^^^^^^^^^^^^^^^^^^^^^^^^^^^^^^^^^^^^^^^^^^^^^^^^^^^^^^^^^^^^^^^^^^^^^^^^^^^^^^^^^^^^^^^^^^^^^^^^^^^^^^^^^^^^^^^^^^^^^^^^^^^^^^^^^^^^^^^^^^^^^^^^^^^^^^^^^^^^^^^^^^^^^^^^^^^^^^^^^^^^^^^^^^^^^^^^^^^^^^^^^^^^^^^^^^^^^^^^^^^^^^^^^^^^^^^^^^^^^^^^^^^^^^^^^^^^^^^^^^^^^^^^^^^^^^^^^^^^^^^^^^^^^^^^^^^^^^^^^^^^^^^^^^^^^^^^^
  File "/home/moritz/bcx_shipped/bc2/bindcraft/trajectory.py", line 131, in run_gradient_design_stage
    predictions, chain_gradients, graph_design_loss = design_model.sequence_gradients(active_protein_states, active_losses, softmax_weight=softmax_weight, one_hot_weight=one_hot_weight, temperature=temperature, logit_scale=logit_scale, reference_predictions=reference_predictions)
                                                      ^^^^^^^^^^^^^^^^^^^^^^^^^^^^^^^^^^^^^^^^^^^^^^^^^^^^^^^^^^^^^^^^^^^^^^^^^^^^^^^^^^^^^^^^^^^^^^^^^^^^^^^^^^^^^^^^^^^^^^^^^^^^^^^^^^^^^^^^^^^^^^^^^^^^^^^^^^^^^^^^^^^^^^^^^^^^^^^^^^^^^^^^^^^^^^^^^^^^^^^^^^^^^^^^^^^^^^^^^^^^^^^^^^
  File "/home/moritz/.coworker/wt/rel012-verify-bh/perf/bgx_size/rung.py", line 334, in sequence_gradients
    return real_sequence_gradients(self, *a, **kw)
           ^^^^^^^^^^^^^^^^^^^^^^^^^^^^^^^^^^^^^^^
  File "/home/moritz/.coworker/wt/rel012-verify-bh/tt_bio/bindcraft2.py", line 1982, in sequence_gradients
    return super().sequence_gradients(protein_states, losses, passed,
           ^^^^^^^^^^^^^^^^^^^^^^^^^^^^^^^^^^^^^^^^^^^^^^^^^^^^^^^^^^
  File "/home/moritz/bcx_shipped/bc2/bindcraft/af2.py", line 406, in sequence_gradients
    (design_loss, prediction_arrays), shared_chain_gradients = compiled_sequence_gradients(*gradient_arguments)
                                                               ^^^^^^^^^^^^^^^^^^^^^^^^^^^^^^^^^^^^^^^^^^^^^^^^
jax.errors.JaxRuntimeError: INTERNAL: CpuCallback error calling callback: Traceback (most recent call last):
  File "/home/moritz/bcx_hostcut_venv/lib/python3.12/site-packages/jax/_src/callback.py", line 816, in _wrapped_callback
  File "/home/moritz/bcx_hostcut_venv/lib/python3.12/site-packages/jax/_src/callback.py", line 226, in _callback
  File "/home/moritz/bcx_hostcut_venv/lib/python3.12/site-packages/jax/_src/callback.py", line 96, in pure_callback_impl
  File "/home/moritz/bcx_hostcut_venv/lib/python3.12/site-packages/jax/_src/callback.py", line 71, in __call__
  File "/home/moritz/.coworker/wt/rel012-verify-bh/tt_bio/bindcraft2.py", line 1193, in _backward
  File "/home/moritz/.local/share/uv/python/cpython-3.12.12-linux-x86_64-gnu/lib/python3.12/contextlib.py", line 190, in __exit__
  File "/home/moritz/.coworker/wt/rel012-verify-bh/tt_bio/bindcraft2.py", line 447, in _refusal_names_the_size
MemoryError: BindCraft 2 ran out of device memory in the Evoformer backward at 832 tokens.
  complex   802 residues, padded to 832 tokens (tt-bio buckets the token axis to 32)
  asked for 109.1 MB in one DRAM buffer (13.6 MB in each of 8 banks)
  free      125.5 MB of 34.226 GB, largest contiguous block 5.9 MB
The card is full: 34.100 GB of 34.226 GB is held by this fold, and the 125.5 MB left is in pieces of at most 5.9 MB a bank against the 13.6 MB a bank this 109.1 MB request needs.
What to do: 832 tokens fits on a p150a with the card to itself (the largest axis measured to complete a gradient round is 864), so something else is holding this card. Interleaved trajectories are the usual cause: pass trajectories_per_card=1 to run BindCraft 2's own one-at-a-time loop. Otherwise 2 residues off the binder takes this fold to 800 tokens.
The allocator's own refusal follows.
--------------------
For simplicity, JAX has removed its internal frames from the traceback of the following exception. Set JAX_TRACEBACK_FILTERING=off to include these.

The above exception was the direct cause of the following exception:

Traceback (most recent call last):
  File "/home/moritz/.coworker/wt/rel012-verify-bh/perf/bgx_size/rung.py", line 452, in <module>
    sys.exit(main())
             ^^^^^^
  File "/home/moritz/.coworker/wt/rel012-verify-bh/perf/bgx_size/rung.py", line 436, in main
    trajectories = bindcraft2.run_campaign(
                   ^^^^^^^^^^^^^^^^^^^^^^^^
  File "/home/moritz/.coworker/wt/rel012-verify-bh/tt_bio/bindcraft2.py", line 2595, in run_campaign
    return _run_campaign(settings, project_folder, trajectories_per_card=trajectories_per_card,
           ^^^^^^^^^^^^^^^^^^^^^^^^^^^^^^^^^^^^^^^^^^^^^^^^^^^^^^^^^^^^^^^^^^^^^^^^^^^^^^^^^^^^
  File "/home/moritz/.coworker/wt/rel012-verify-bh/tt_bio/bindcraft2.py", line 2669, in _run_campaign
    with refusals_unwrapped():
         ^^^^^^^^^^^^^^^^^^^^
  File "/home/moritz/.local/share/uv/python/cpython-3.12.12-linux-x86_64-gnu/lib/python3.12/contextlib.py", line 158, in __exit__
    self.gen.throw(value)
  File "/home/moritz/.coworker/wt/rel012-verify-bh/tt_bio/bindcraft2.py", line 535, in refusals_unwrapped
    raise better from exc
  File "/home/moritz/bcx_hostcut_venv/lib/python3.12/site-packages/jax/_src/callback.py", line 816, in _wrapped_callback
    out_vals = callback(*args)
               ^^^^^^^^^^^^^^^
  File "/home/moritz/bcx_hostcut_venv/lib/python3.12/site-packages/jax/_src/callback.py", line 226, in _callback
    pure_callback_impl(
  File "/home/moritz/bcx_hostcut_venv/lib/python3.12/site-packages/jax/_src/callback.py", line 93, in pure_callback_impl
    return tree_util.tree_map(np.asarray, callback(*args))
                                          ^^^^^^^^^^^^^^^
  File "/home/moritz/bcx_hostcut_venv/lib/python3.12/site-packages/jax/_src/callback.py", line 71, in __call__
    return tree_util.tree_leaves(self.callback_func(*args, **kwargs))
                                 ^^^^^^^^^^^^^^^^^^^^^^^^^^^^^^^^^^^
  File "/home/moritz/.coworker/wt/rel012-verify-bh/tt_bio/bindcraft2.py", line 1193, in _backward
    with _refusal_names_the_size("backward", n, z_shape[0], self.memory), \
         ^^^^^^^^^^^^^^^^^^^^^^^^^^^^^^^^^^^^^^^^^^^^^^^^^^^^^^^^^^^^^^^
  File "/home/moritz/.local/share/uv/python/cpython-3.12.12-linux-x86_64-gnu/lib/python3.12/contextlib.py", line 158, in __exit__
    self.gen.throw(value)
  File "/home/moritz/.coworker/wt/rel012-verify-bh/tt_bio/bindcraft2.py", line 447, in _refusal_names_the_size
    raise better from exc
MemoryError: BindCraft 2 ran out of device memory in the Evoformer backward at 832 tokens.
  complex   802 residues, padded to 832 tokens (tt-bio buckets the token axis to 32)
  asked for 109.1 MB in one DRAM buffer (13.6 MB in each of 8 banks)
  free      125.5 MB of 34.226 GB, largest contiguous block 5.9 MB
The card is full: 34.100 GB of 34.226 GB is held by this fold, and the 125.5 MB left is in pieces of at most 5.9 MB a bank against the 13.6 MB a bank this 109.1 MB request needs.
What to do: 832 tokens fits on a p150a with the card to itself (the largest axis measured to complete a gradient round is 864), so something else is holding this card. Interleaved trajectories are the usual cause: pass trajectories_per_card=1 to run BindCraft 2's own one-at-a-time loop. Otherwise 2 residues off the binder takes this fold to 800 tokens.
The allocator's own refusal follows.
