2026-08-13 00:53:09.974 | DEBUG    | ttnn:<module>:77 - Initial ttnn.CONFIG:
Config{cache_path=/home/ttuser/.cache/ttnn,model_cache_path=/home/ttuser/.cache/ttnn/models,tmp_dir=/tmp/ttnn,enable_model_cache=false,enable_fast_runtime_mode=true,throw_exception_on_fallback=false,enable_logging=false,enable_graph_report=false,enable_detailed_buffer_report=false,enable_detailed_tensor_report=false,enable_comparison_mode=false,comparison_mode_should_raise_exception=false,comparison_mode_pcc=0.9999,root_report_path=generated/ttnn/reports,report_name=std::nullopt,std::nullopt}
=== openfold3 size 1024 rec=3 steps=200: cold ===
2026-08-13 00:54:09.504 | critical |          Always | TT_FATAL: Out of Memory: Not enough space to allocate 134217728 B L1 buffer across 130 banks, where each bank needs to store 1034240 B, but bank size is 1461760 B (allocated: 1034240 B, free: 427520 B, largest free block: 427520 B) (assert.hpp:104)
  [fold] sample 0: xl_final std=17.8426 range=[-43.52,47.54]
  cold 407.48s n_tokens=1024 plddt=0.527724
  fp32_softmax attention modules: 168 {'trunk': 144, 'template': 4, 'msa': 8, 'confidence': 12}
      CENSUS unowned|AttentionPairBias|384|True               192
      CENSUS unowned|TriangleAttention|64|True                64
      CENSUS unowned|TriangleAttention|128|True               424
2026-08-13 01:00:25.494 | critical |          Always | TT_FATAL: Out of Memory: Not enough space to allocate 134217728 B L1 buffer across 130 banks, where each bank needs to store 1034240 B, but bank size is 1461760 B (allocated: 1034240 B, free: 427520 B, largest free block: 427520 B) (assert.hpp:104)
  [fold] sample 0: xl_final std=17.8426 range=[-43.52,47.54]
  norowblk: fold 292.07s  block 226958.43 ms over 240 calls  plddt 0.527724
      owners {'confidence': [True], 'msa': [True], 'template': [True], 'trunk': [True]}
      CENSUS confidence|TriangleAttention|128|True            8
      CENSUS msa|TriangleAttention|128|True                   32
      CENSUS template|TriangleAttention|64|True               64
      CENSUS trunk|AttentionPairBias|384|True                 192
      CENSUS trunk|TriangleAttention|128|True                 384
      FP32SOFT {'block_bytes': 4611686018427387904, 'fused_add': True, 'calls': 488, 'blocked': 0, 'blocks': 0, 'fused': 488, 'unfused': 0}  hchunk 32  l1out True
      K1 424/64 {'head_dim_or_width:(1024, 1024, 64)': 64}  K2 0/0 {}  E6 [True, [0, 0]]
      DEC qkv_mm_config|kt=2,nt=12                       {'config': 128}
      DEC qkv_mm_config|kt=2,nt=2                        {'config': 64}
      DEC qkv_mm_config|kt=4,nt=12                       {'config': 424}
      DEC qkv_mm_config|kt=4,nt=4                        {'config': 424}
      DEC transpose|1024x1024x128                        {'DRAM': 424}
      DEC transpose|1024x1024x64                         {'DRAM': 64}
2026-08-13 01:05:17.821 | critical |          Always | TT_FATAL: Out of Memory: Not enough space to allocate 134217728 B L1 buffer across 130 banks, where each bank needs to store 1034240 B, but bank size is 1461760 B (allocated: 1034240 B, free: 427520 B, largest free block: 427520 B) (assert.hpp:104)
  [fold] sample 0: xl_final std=17.8426 range=[-43.52,47.54]
  on: fold 293.72s  block 228494.89 ms over 240 calls  plddt 0.527724
      owners {'confidence': [True], 'msa': [True], 'template': [True], 'trunk': [True]}
      CENSUS confidence|TriangleAttention|128|True            8
      CENSUS msa|TriangleAttention|128|True                   32
      CENSUS template|TriangleAttention|64|True               64
      CENSUS trunk|AttentionPairBias|384|True                 192
      CENSUS trunk|TriangleAttention|128|True                 384
      FP32SOFT {'block_bytes': 8589934592, 'fused_add': True, 'calls': 488, 'blocked': 488, 'blocks': 976, 'fused': 976, 'unfused': 0}  hchunk 32  l1out True
      K1 424/64 {'head_dim_or_width:(1024, 1024, 64)': 64}  K2 0/0 {}  E6 [True, [0, 0]]
      DEC qkv_mm_config|kt=2,nt=12                       {'config': 128}
      DEC qkv_mm_config|kt=2,nt=2                        {'config': 64}
      DEC qkv_mm_config|kt=4,nt=12                       {'config': 424}
      DEC qkv_mm_config|kt=4,nt=4                        {'config': 424}
      DEC transpose|1024x1024x128                        {'DRAM': 424}
      DEC transpose|1024x1024x64                         {'DRAM': 64}
{
 "1024": {
  "norowblk": {
   "fold_s": [
    292.068
   ],
   "block_ms": [
    226958.43
   ],
   "plddt": [
    0.527724
   ],
   "n": 1,
   "fold_s_median": 292.068,
   "fold_s_min": 292.068,
   "fold_s_spread": 0.0,
   "block_ms_median": 226958.43,
   "block_ms_spread": 0.0
  },
  "on": {
   "fold_s": [
    293.718
   ],
   "block_ms": [
    228494.89
   ],
   "plddt": [
    0.527724
   ],
   "n": 1,
   "fold_s_median": 293.718,
   "fold_s_min": 293.718,
   "fold_s_spread": 0.0,
   "block_ms_median": 228494.89,
   "block_ms_spread": 0.0
  }
 }
}
wrote perf/of3sizes/cap_1024_qb1c0.json
