=== of3t-f64softmax arm sitef64, 48 structures, tag _f64site, card 3  2026-09-20T23:47:15Z ===
ARM_START sitef64 1789948035
2026-09-20 23:47:16.310 | DEBUG    | ttnn:<module>:77 - Initial ttnn.CONFIG:
Config{cache_path=/home/ttuser/.cache/ttnn,model_cache_path=/home/ttuser/.cache/ttnn/models,tmp_dir=/tmp/ttnn,enable_model_cache=false,enable_fast_runtime_mode=true,throw_exception_on_fallback=false,enable_logging=false,enable_graph_report=false,enable_detailed_buffer_report=false,enable_detailed_tensor_report=false,enable_comparison_mode=false,comparison_mode_should_raise_exception=false,comparison_mode_pcc=0.9999,root_report_path=generated/ttnn/reports,report_name=std::nullopt,std::nullopt}
[1s] checkpoint: 763 tensors under diffusion_module.
[2s] boundary: 384 tokens, 422 atoms, N=48, sigma_data=16.0, cot (1, 48, 422, 3)
[2s] host prep: nb=14 NP=448 n_tok_pad=384, cl0 (422, 128) plm0 (14, 32, 128, 16)
[3s] device aux built
[4s] module built: 870 device weights reachable, 547 carry a checkpoint name, 547 recorded at load
[4s] structures: [0, 1, 2, 3, 4]... (48 of 48)
[7s]   structure 0: 2.7s, forward rel 7.408552e-03, probe grad norm 0.00011627136355407339
[8s]   structure 1: 1.7s, forward rel 6.770356e-03, probe grad norm 0.0002207064340087691
[10s]   structure 2: 1.8s, forward rel 7.731837e-03, probe grad norm 0.0003344390536642761
[12s]   structure 3: 2.0s, forward rel 7.826927e-03, probe grad norm 0.0006560001763324843
[14s]   structure 4: 2.0s, forward rel 4.733411e-03, probe grad norm 0.0006776895212546336
[16s]   structure 5: 1.7s, forward rel 6.437048e-03, probe grad norm 0.0006932828371217099
[17s]   structure 6: 1.7s, forward rel 2.699942e-03, probe grad norm 0.0007077956747819846
[19s]   structure 7: 1.7s, forward rel 7.659450e-03, probe grad norm 0.0007402571540457655
[21s]   structure 8: 1.8s, forward rel 7.783611e-03, probe grad norm 0.0008017495165433195
[22s]   structure 9: 1.7s, forward rel 6.409445e-03, probe grad norm 0.0007860588600237885
[24s]   structure 10: 1.8s, forward rel 7.162543e-03, probe grad norm 0.0007932595465688039
[26s]   structure 11: 2.0s, forward rel 6.642330e-03, probe grad norm 0.0008163683765436073
[28s]   structure 12: 1.7s, forward rel 8.730484e-03, probe grad norm 0.001039984224432875
[30s]   structure 13: 1.7s, forward rel 1.052629e-03, probe grad norm 0.0011088920388628704
[31s]   structure 14: 1.8s, forward rel 7.722645e-03, probe grad norm 0.001151912324078394
[33s]   structure 15: 1.7s, forward rel 4.846912e-03, probe grad norm 0.0011434448495191761
[35s]   structure 16: 1.7s, forward rel 8.213654e-03, probe grad norm 0.0012707801092439418
[36s]   structure 17: 1.7s, forward rel 3.508745e-03, probe grad norm 0.0012689144650792795
[38s]   structure 18: 1.7s, forward rel 9.376625e-03, probe grad norm 0.0014471505459283096
[40s]   structure 19: 1.8s, forward rel 2.757539e-03, probe grad norm 0.0015346851289507809
[41s]   structure 20: 1.7s, forward rel 5.842969e-03, probe grad norm 0.0015679204156227283
[43s]   structure 21: 1.7s, forward rel 6.195386e-03, probe grad norm 0.0016425898826046813
[45s]   structure 22: 1.7s, forward rel 9.752302e-04, probe grad norm 0.0016440596438793667
[46s]   structure 23: 1.7s, forward rel 2.108531e-03, probe grad norm 0.0016250080827503624
[48s]   structure 24: 1.7s, forward rel 6.894734e-03, probe grad norm 0.0016743750898541511
[50s]   structure 25: 1.8s, forward rel 1.249568e-02, probe grad norm 0.0018342549078004193
[52s]   structure 26: 1.8s, forward rel 5.413386e-03, probe grad norm 0.0018495703228019061
[53s]   structure 27: 1.7s, forward rel 4.009211e-03, probe grad norm 0.0018567241406304937
[55s]   structure 28: 1.7s, forward rel 7.187893e-03, probe grad norm 0.0019570478489716317
[57s]   structure 29: 1.7s, forward rel 3.013453e-03, probe grad norm 0.0019510048844647862
[58s]   structure 30: 1.7s, forward rel 4.796350e-03, probe grad norm 0.002001073278876895
[60s]   structure 31: 1.8s, forward rel 2.275184e-03, probe grad norm 0.0020165846047956485
[62s]   structure 32: 1.7s, forward rel 8.280388e-03, probe grad norm 0.002122482474803097
[63s]   structure 33: 1.7s, forward rel 5.620306e-03, probe grad norm 0.002217167254632627
[65s]   structure 34: 1.7s, forward rel 6.760806e-03, probe grad norm 0.0022919360603549273
[67s]   structure 35: 1.7s, forward rel 7.484168e-03, probe grad norm 0.0022466495878952462
[68s]   structure 36: 1.7s, forward rel 3.944863e-03, probe grad norm 0.0023008404050733743
[70s]   structure 37: 1.8s, forward rel 9.652851e-03, probe grad norm 0.00245503504582779
[72s]   structure 38: 2.0s, forward rel 7.227809e-03, probe grad norm 0.002550939655958294
[74s]   structure 39: 1.7s, forward rel 5.286225e-03, probe grad norm 0.0026312395344159412
[76s]   structure 40: 2.0s, forward rel 1.664352e-03, probe grad norm 0.0027978381328618786
[77s]   structure 41: 1.7s, forward rel 7.764628e-03, probe grad norm 0.0028921247141628762
[79s]   structure 42: 1.7s, forward rel 1.061220e-02, probe grad norm 0.003015111248100472
[81s]   structure 43: 2.1s, forward rel 6.462246e-03, probe grad norm 0.0030922750513373014
[83s]   structure 44: 2.0s, forward rel 2.694416e-03, probe grad norm 0.003086644718707105
[85s]   structure 45: 1.9s, forward rel 2.874417e-03, probe grad norm 0.003101349591587468
[87s]   structure 46: 2.0s, forward rel 5.000987e-03, probe grad norm 0.003159094015725333
[89s]   structure 47: 1.7s, forward rel 1.000074e-02, probe grad norm 0.003305375570637751
[90s] wrote 547 device gradient tensors to /home/ttuser/of3t_f64softmax/device_grads_043all_sitef64.pt
{
 "structures_done": [
  0,
  1,
  2,
  3,
  4,
  5,
  6,
  7,
  8,
  9,
  10,
  11,
  12,
  13,
  14,
  15,
  16,
  17,
  18,
  19,
  20,
  21,
  22,
  23,
  24,
  25,
  26,
  27,
  28,
  29,
  30,
  31,
  32,
  33,
  34,
  35,
  36,
  37,
  38,
  39,
  40,
  41,
  42,
  43,
  44,
  45,
  46,
  47
 ],
 "accumulation_probe": [
  0.00011627136355407339,
  0.0002207064340087691,
  0.0003344390536642761,
  0.0006560001763324843,
  0.0006776895212546336,
  0.0006932828371217099,
  0.0007077956747819846,
  0.0007402571540457655,
  0.0008017495165433195,
  0.0007860588600237885,
  0.0007932595465688039,
  0.0008163683765436073,
  0.001039984224432875,
  0.0011088920388628704,
  0.001151912324078394,
  0.0011434448495191761,
  0.0012707801092439418,
  0.0012689144650792795,
  0.0014471505459283096,
  0.0015346851289507809,
  0.0015679204156227283,
  0.0016425898826046813,
  0.0016440596438793667,
  0.0016250080827503624,
  0.0016743750898541511,
  0.0018342549078004193,
  0.0018495703228019061,
  0.0018567241406304937,
  0.0019570478489716317,
  0.0019510048844647862,
  0.002001073278876895,
  0.0020165846047956485,
  0.002122482474803097,
  0.002217167254632627,
  0.0022919360603549273,
  0.0022466495878952462,
  0.0023008404050733743,
  0.00245503504582779,
  0.002550939655958294,
  0.0026312395344159412,
  0.0027978381328618786,
  0.0028921247141628762,
  0.003015111248100472,
  0.0030922750513373014,
  0.003086644718707105,
  0.003101349591587468,
  0.003159094015725333,
  0.003305375570637751
 ],
 "bisect": {},
 "forward_rel": [
  0.0074085522294240315,
  0.0067703563310790435,
  0.007731837363431069,
  0.007826927158172651,
  0.0047334113517786625,
  0.006437047755021258,
  0.0026999420447910093,
  0.007659449569735051,
  0.007783611005555274,
  0.006409445236688945,
  0.0071625432557428466,
  0.006642329550123023,
  0.008730484013432196,
  0.0010526287720159608,
  0.007722644536396754,
  0.004846911547260732,
  0.008213654076269079,
  0.0035087451357942072,
  0.009376625337107694,
  0.0027575390577697237,
  0.005842969498581135,
  0.006195386093383688,
  0.0009752301788399958,
  0.002108530564509855,
  0.0068947337344868525,
  0.012495679958873782,
  0.005413386433734538,
  0.004009211122608899,
  0.007187892881139242,
  0.003013452696551614,
  0.00479635043337552,
  0.0022751840295094712,
  0.008280387976238392,
  0.00562030629664316,
  0.0067608062127015945,
  0.007484167609496372,
  0.003944862682311655,
  0.009652851087439228,
  0.007227808773089181,
  0.0052862251325675545,
  0.0016643516212240482,
  0.007764628069223313,
  0.010612200115798649,
  0.006462246413995846,
  0.002694415597256322,
  0.002874416801000993,
  0.005000986513223131,
  0.010000741524830123
 ],
 "forward_rel_median": 0.006462246413995846,
 "structures_asked": [
  0,
  1,
  2,
  3,
  4,
  5,
  6,
  7,
  8,
  9,
  10,
  11,
  12,
  13,
  14,
  15,
  16,
  17,
  18,
  19,
  20,
  21,
  22,
  23,
  24,
  25,
  26,
  27,
  28,
  29,
  30,
  31,
  32,
  33,
  34,
  35,
  36,
  37,
  38,
  39,
  40,
  41,
  42,
  43,
  44,
  45,
  46,
  47
 ],
 "n_struct_total": 48,
 "tokens": 384,
 "atoms": 422,
 "nb": 14,
 "NP": 448,
 "device_weights_reachable": 870,
 "device_weights_named": 547,
 "weights_with_grad": 547,
 "weights_without_grad": 0,
 "compared": 547,
 "reference_tensors": 761,
 "share_of_diffusion_sq_norm": 0.5732029094107396,
 "median_rel": 0.048857812284977965,
 "worst_rel": 0.26181324886719926,
 "worst_tensor": "diffusion_transformer.blocks.17.attention_pair_bias.layer_norm_a.layer_norm_s.weight",
 "over_5e-2": 254,
 "zero_model_median": 1.0,
 "orientation_recorded_at_load": {
  "N": 211,
  "T": 336,
  "?": 0
 },
 "square_2d_compared": 87,
 "softmax_f64_bound": false,
 "softmax_lever": null,
 "ckc_census": null,
 "tt_bio_softmax_ckc_flag": null,
 "fp32_softmax_stats": null,
 "nonfinite_probe": null,
 "nonfinite_probe_count": null,
 "probe2_len": null,
 "probe3_len": null,
 "probe3_first_bad": null,
 "probe2_first_bad": null,
 "softmax_calls_intercepted": 0,
 "softmax_site_f64": true,
 "host_f64_softmax_stats": {
  "served": 1440,
  "declined": 0,
  "elements": 2783969280
 },
 "host_f64_softmax_ab": "all",
 "host_f64_verbs": null,
 "host_f64_calls_intercepted": null,
 "verb_census": null,
 "cotangent_permuted": false,
 "grads_dumped_to": "/home/ttuser/of3t_f64softmax/device_grads_043all_sitef64.pt",
 "per_tensor_dumped": true,
 "provenance": {
  "cap": "/home/ttuser/of3t_softgrad/diffcap043",
  "ckpt": "/home/ttuser/of3-weights/of3-p2-155k.pt",
  "out_dir": "perf/of3t_f64softmax",
  "tag": "_f64site",
  "structs": "all",
  "mask_ones": false,
  "argv": [
   "perf/of3t_diffusion/device_gradient.py",
   "--structs",
   "all",
   "--tag",
   "_f64site",
   "--cap",
   "/home/ttuser/of3t_softgrad/diffcap043",
   "--out-dir",
   "perf/of3t_f64softmax",
   "--dump-per-tensor",
   "--softmax-site-f64",
   "--dump-grads",
   "/home/ttuser/of3t_f64softmax/device_grads_043all_sitef64.pt"
  ]
 },
 "error": null
}
wrote perf/of3t_f64softmax/device_gradient_f64site.json and perf/of3t_f64softmax/device_gradient_f64site_per_tensor.json
ARM_END sitef64 1789948126  elapsed 91s
card3 AICLK during the window: n=46 mean=1326 MHz min=800 max=1350
DEVGRAD_F64_DONE sitef64 rc=0 2026-09-20T23:48:46Z
