=== of3t-f64softmax arm sitef64pc, 48 structures, tag _f64sitepc, card 3  2026-09-20T23:36:05Z ===
ARM_START sitef64pc 1789947365
2026-09-20 23:36:06.395 | DEBUG    | ttnn:<module>:77 - Initial ttnn.CONFIG:
Config{cache_path=/home/ttuser/.cache/ttnn,model_cache_path=/home/ttuser/.cache/ttnn/models,tmp_dir=/tmp/ttnn,enable_model_cache=false,enable_fast_runtime_mode=true,throw_exception_on_fallback=false,enable_logging=false,enable_graph_report=false,enable_detailed_buffer_report=false,enable_detailed_tensor_report=false,enable_comparison_mode=false,comparison_mode_should_raise_exception=false,comparison_mode_pcc=0.9999,root_report_path=generated/ttnn/reports,report_name=std::nullopt,std::nullopt}
[1s] checkpoint: 763 tensors under diffusion_module.
[2s] boundary: 384 tokens, 422 atoms, N=48, sigma_data=16.0, cot (1, 48, 422, 3)
[2s] host prep: nb=14 NP=448 n_tok_pad=384, cl0 (422, 128) plm0 (14, 32, 128, 16)
[3s] device aux built
[4s] module built: 870 device weights reachable, 547 carry a checkpoint name, 547 recorded at load
[4s] structures: [0, 1, 2, 3, 4]... (48 of 48)
[7s]   structure 0: 2.6s, forward rel 7.408552e-03, probe grad norm 0.0001960847053991953
[8s]   structure 1: 1.7s, forward rel 6.770356e-03, probe grad norm 0.00019970652782708783
[10s]   structure 2: 1.8s, forward rel 7.731837e-03, probe grad norm 0.00022926067298741174
[12s]   structure 3: 1.9s, forward rel 7.826927e-03, probe grad norm 0.0004384919537753156
[14s]   structure 4: 1.9s, forward rel 4.733411e-03, probe grad norm 0.00044764289491675257
[16s]   structure 5: 1.7s, forward rel 6.437048e-03, probe grad norm 0.0005436863196124595
[17s]   structure 6: 1.9s, forward rel 2.699942e-03, probe grad norm 0.0005564565057365292
[19s]   structure 7: 1.6s, forward rel 7.659450e-03, probe grad norm 0.0005576221196868915
[21s]   structure 8: 1.8s, forward rel 7.783611e-03, probe grad norm 0.0005461905559150316
[23s]   structure 9: 1.7s, forward rel 6.409445e-03, probe grad norm 0.0005792757182342612
[24s]   structure 10: 2.0s, forward rel 7.162543e-03, probe grad norm 0.000538121004998087
[26s]   structure 11: 1.6s, forward rel 6.642330e-03, probe grad norm 0.0005453508317769163
[28s]   structure 12: 1.7s, forward rel 8.730484e-03, probe grad norm 0.007749973889417734
[29s]   structure 13: 1.6s, forward rel 1.052629e-03, probe grad norm 0.007780934781219211
[31s]   structure 14: 2.1s, forward rel 7.722645e-03, probe grad norm 0.00775186929054739
[33s]   structure 15: 1.7s, forward rel 4.846912e-03, probe grad norm 0.007709670094432169
[35s]   structure 16: 1.9s, forward rel 8.213654e-03, probe grad norm 0.00769652053801674
[37s]   structure 17: 2.0s, forward rel 3.508745e-03, probe grad norm 0.00771391728724645
[39s]   structure 18: 1.7s, forward rel 9.376625e-03, probe grad norm 0.0075352494220562284
[40s]   structure 19: 1.8s, forward rel 2.757539e-03, probe grad norm 0.00755036217621968
[42s]   structure 20: 2.0s, forward rel 5.842969e-03, probe grad norm 0.007594741344933442
[44s]   structure 21: 1.7s, forward rel 6.195386e-03, probe grad norm 0.007787471437433459
[46s]   structure 22: 1.7s, forward rel 9.752302e-04, probe grad norm 0.007694313021797545
[47s]   structure 23: 1.6s, forward rel 2.108531e-03, probe grad norm 0.0076726321141589214
[49s]   structure 24: 1.7s, forward rel 6.894734e-03, probe grad norm 0.007729260013987403
[51s]   structure 25: 1.8s, forward rel 1.249568e-02, probe grad norm 0.007667422793784804
[52s]   structure 26: 1.7s, forward rel 5.413386e-03, probe grad norm 0.007647448379895132
[54s]   structure 27: 2.0s, forward rel 4.009211e-03, probe grad norm 0.007629377793283576
[56s]   structure 28: 1.6s, forward rel 7.187893e-03, probe grad norm 0.007681722372304883
[58s]   structure 29: 1.7s, forward rel 3.013453e-03, probe grad norm 0.007678116399146544
[59s]   structure 30: 1.7s, forward rel 4.796350e-03, probe grad norm 0.0076252068827057885
[61s]   structure 31: 1.8s, forward rel 2.275184e-03, probe grad norm 0.007637618294971027
[63s]   structure 32: 1.7s, forward rel 8.280388e-03, probe grad norm 0.007644989028470832
[64s]   structure 33: 1.6s, forward rel 5.620306e-03, probe grad norm 0.007644148828088373
[66s]   structure 34: 1.7s, forward rel 6.760806e-03, probe grad norm 0.007715101446419721
[68s]   structure 35: 1.6s, forward rel 7.484168e-03, probe grad norm 0.0076686532881856525
[69s]   structure 36: 1.7s, forward rel 3.944863e-03, probe grad norm 0.007689336222545223
[71s]   structure 37: 1.8s, forward rel 9.652851e-03, probe grad norm 0.007563362759864978
[73s]   structure 38: 1.7s, forward rel 7.227809e-03, probe grad norm 0.007538891940225601
[74s]   structure 39: 1.7s, forward rel 5.286225e-03, probe grad norm 0.007611587359809141
[76s]   structure 40: 1.6s, forward rel 1.664352e-03, probe grad norm 0.0075909114612143225
[78s]   structure 41: 1.7s, forward rel 7.764628e-03, probe grad norm 0.0076538724306652135
[79s]   structure 42: 1.7s, forward rel 1.061220e-02, probe grad norm 0.007991296265940686
[81s]   structure 43: 1.8s, forward rel 6.462246e-03, probe grad norm 0.007938736069171178
[83s]   structure 44: 1.8s, forward rel 2.694416e-03, probe grad norm 0.007983782101650575
[85s]   structure 45: 1.7s, forward rel 2.874417e-03, probe grad norm 0.008003404205115408
[86s]   structure 46: 1.7s, forward rel 5.000987e-03, probe grad norm 0.008020149611505744
[88s]   structure 47: 2.0s, forward rel 1.000074e-02, probe grad norm 0.008148537709689424
[89s] wrote 547 device gradient tensors to /home/ttuser/of3t_f64softmax/device_grads_043all_sitepc.pt
{
 "structures_done": [
  0,
  1,
  2,
  3,
  4,
  5,
  6,
  7,
  8,
  9,
  10,
  11,
  12,
  13,
  14,
  15,
  16,
  17,
  18,
  19,
  20,
  21,
  22,
  23,
  24,
  25,
  26,
  27,
  28,
  29,
  30,
  31,
  32,
  33,
  34,
  35,
  36,
  37,
  38,
  39,
  40,
  41,
  42,
  43,
  44,
  45,
  46,
  47
 ],
 "accumulation_probe": [
  0.0001960847053991953,
  0.00019970652782708783,
  0.00022926067298741174,
  0.0004384919537753156,
  0.00044764289491675257,
  0.0005436863196124595,
  0.0005564565057365292,
  0.0005576221196868915,
  0.0005461905559150316,
  0.0005792757182342612,
  0.000538121004998087,
  0.0005453508317769163,
  0.007749973889417734,
  0.007780934781219211,
  0.00775186929054739,
  0.007709670094432169,
  0.00769652053801674,
  0.00771391728724645,
  0.0075352494220562284,
  0.00755036217621968,
  0.007594741344933442,
  0.007787471437433459,
  0.007694313021797545,
  0.0076726321141589214,
  0.007729260013987403,
  0.007667422793784804,
  0.007647448379895132,
  0.007629377793283576,
  0.007681722372304883,
  0.007678116399146544,
  0.0076252068827057885,
  0.007637618294971027,
  0.007644989028470832,
  0.007644148828088373,
  0.007715101446419721,
  0.0076686532881856525,
  0.007689336222545223,
  0.007563362759864978,
  0.007538891940225601,
  0.007611587359809141,
  0.0075909114612143225,
  0.0076538724306652135,
  0.007991296265940686,
  0.007938736069171178,
  0.007983782101650575,
  0.008003404205115408,
  0.008020149611505744,
  0.008148537709689424
 ],
 "bisect": {},
 "forward_rel": [
  0.0074085522294240315,
  0.0067703563310790435,
  0.007731837363431069,
  0.007826927158172651,
  0.0047334113517786625,
  0.006437047755021258,
  0.0026999420447910093,
  0.007659449569735051,
  0.007783611005555274,
  0.006409445236688945,
  0.0071625432557428466,
  0.006642329550123023,
  0.008730484013432196,
  0.0010526287720159608,
  0.007722644536396754,
  0.004846911547260732,
  0.008213654076269079,
  0.0035087451357942072,
  0.009376625337107694,
  0.0027575390577697237,
  0.005842969498581135,
  0.006195386093383688,
  0.0009752301788399958,
  0.002108530564509855,
  0.0068947337344868525,
  0.012495679958873782,
  0.005413386433734538,
  0.004009211122608899,
  0.007187892881139242,
  0.003013452696551614,
  0.00479635043337552,
  0.0022751840295094712,
  0.008280387976238392,
  0.00562030629664316,
  0.0067608062127015945,
  0.007484167609496372,
  0.003944862682311655,
  0.009652851087439228,
  0.007227808773089181,
  0.0052862251325675545,
  0.0016643516212240482,
  0.007764628069223313,
  0.010612200115798649,
  0.006462246413995846,
  0.002694415597256322,
  0.002874416801000993,
  0.005000986513223131,
  0.010000741524830123
 ],
 "forward_rel_median": 0.006462246413995846,
 "structures_asked": [
  0,
  1,
  2,
  3,
  4,
  5,
  6,
  7,
  8,
  9,
  10,
  11,
  12,
  13,
  14,
  15,
  16,
  17,
  18,
  19,
  20,
  21,
  22,
  23,
  24,
  25,
  26,
  27,
  28,
  29,
  30,
  31,
  32,
  33,
  34,
  35,
  36,
  37,
  38,
  39,
  40,
  41,
  42,
  43,
  44,
  45,
  46,
  47
 ],
 "n_struct_total": 48,
 "tokens": 384,
 "atoms": 422,
 "nb": 14,
 "NP": 448,
 "device_weights_reachable": 870,
 "device_weights_named": 547,
 "weights_with_grad": 547,
 "weights_without_grad": 0,
 "compared": 547,
 "reference_tensors": 761,
 "share_of_diffusion_sq_norm": 0.5732029094107396,
 "median_rel": 1.5769266221687899,
 "worst_rel": 19.811592709821852,
 "worst_tensor": "atom_attn_enc.atom_transformer.blocks.2.attention_pair_bias.layer_norm_a_q.linear_g.bias",
 "over_5e-2": 547,
 "zero_model_median": 1.0,
 "orientation_recorded_at_load": {
  "N": 211,
  "T": 336,
  "?": 0
 },
 "square_2d_compared": 87,
 "softmax_f64_bound": false,
 "softmax_lever": null,
 "ckc_census": null,
 "tt_bio_softmax_ckc_flag": null,
 "fp32_softmax_stats": null,
 "nonfinite_probe": null,
 "nonfinite_probe_count": null,
 "probe2_len": null,
 "probe3_len": null,
 "probe3_first_bad": null,
 "probe2_first_bad": null,
 "softmax_calls_intercepted": 0,
 "softmax_site_f64": true,
 "host_f64_softmax_stats": {
  "served": 1440,
  "declined": 0,
  "elements": 2783969280
 },
 "host_f64_softmax_ab": "all",
 "host_f64_verbs": null,
 "host_f64_calls_intercepted": null,
 "verb_census": null,
 "cotangent_permuted": true,
 "grads_dumped_to": "/home/ttuser/of3t_f64softmax/device_grads_043all_sitepc.pt",
 "per_tensor_dumped": true,
 "provenance": {
  "cap": "/home/ttuser/of3t_softgrad/diffcap043",
  "ckpt": "/home/ttuser/of3-weights/of3-p2-155k.pt",
  "out_dir": "perf/of3t_f64softmax",
  "tag": "_f64sitepc",
  "structs": "all",
  "mask_ones": false,
  "argv": [
   "perf/of3t_diffusion/device_gradient.py",
   "--structs",
   "all",
   "--tag",
   "_f64sitepc",
   "--cap",
   "/home/ttuser/of3t_softgrad/diffcap043",
   "--out-dir",
   "perf/of3t_f64softmax",
   "--dump-per-tensor",
   "--softmax-site-f64",
   "--permute-cot",
   "--dump-grads",
   "/home/ttuser/of3t_f64softmax/device_grads_043all_sitepc.pt"
  ]
 },
 "error": null
}
wrote perf/of3t_f64softmax/device_gradient_f64sitepc.json and perf/of3t_f64softmax/device_gradient_f64sitepc_per_tensor.json
ARM_END sitef64pc 1789947456  elapsed 91s
card3 AICLK during the window: n=46 mean=1314 MHz min=800 max=1350
DEVGRAD_F64_DONE sitef64pc rc=0 2026-09-20T23:37:36Z
