=== host: tt-quietbox  card: 1  start: 2026-08-13T04:16:35+00:00 ===
ef1e85c3a222c81a8c6deb7c87d3bdcf795b7aecea7517ff17c03b8972616c90  /home/ttuser/.coworker/wt/protenix-v2-sizes-perf/perf/size512/fixtures/cdk2x2_768.yaml
7ed940bd80330523f39cc165a5d1e288579d684862bc633f1f063e933e3fa4b4  /home/ttuser/.coworker/wt/protenix-v2-sizes-perf/perf/size512/fixtures/cdk2x2_768.a3m
98c31baa6e4e624fdff62c6af73255515135bad3a386d15618e27188ee033f87  /home/ttuser/.coworker/wt/protenix-v2-sizes-perf/perf/size512/fixtures/cdk2x2_1024.yaml
644b2608d8f989d2aad1cb75ac65ee55ca8147e332702a3095f407c4841af8d3  /home/ttuser/.coworker/wt/protenix-v2-sizes-perf/perf/size512/fixtures/cdk2x2_1024.a3m
=== 768 leg 2026-08-13T04:16:35+00:00 ===
benchlock: protenix-v2-sizes-perf acquired after 0s, loadavg 0.24 1.00 1.41
2026-08-13 04:16:36.026 | DEBUG    | ttnn:<module>:77 - Initial ttnn.CONFIG:
Config{cache_path=/home/ttuser/.cache/ttnn,model_cache_path=/home/ttuser/.cache/ttnn/models,tmp_dir=/tmp/ttnn,enable_model_cache=false,enable_fast_runtime_mode=true,throw_exception_on_fallback=false,enable_logging=false,enable_graph_report=false,enable_detailed_buffer_report=false,enable_detailed_tensor_report=false,enable_comparison_mode=false,comparison_mode_should_raise_exception=false,comparison_mode_pcc=0.9999,root_report_path=generated/ttnn/reports,report_name=std::nullopt,std::nullopt}
2026-08-13 04:16:51.274 | critical |          Always | TT_THROW: Statically allocated circular buffers on core range [(x=0,y=0) - (x=12,y=9)] grow to 2198016 B which is beyond max L1 size of 1572864 B (assert.hpp:104)
2026-08-13 04:16:51.308 | critical |          Always | TT_THROW: Statically allocated circular buffers on core range [(x=0,y=0) - (x=12,y=9)] grow to 1802752 B which is beyond max L1 size of 1572864 B (assert.hpp:104)
  on: fold 162.99s  block 122634.98 ms over 604 calls  plddt 0.787723  (163s)
      DEC l1_layer_norm|h=1.5|1x768x768x256                    {'DRAM': 494}
      DEC l1_layer_norm|h=1.5|768x768x256                      {'DRAM': 30}
      DEC pair_proj_out_l1|1x768x768x256@256                   {'DRAM': 2096}
      DEC pair_proj_out_l1|1x768x768x64@64                     {'L1': 320}
      DEC pair_proj_out_l1|768x768x64@64                       {'L1': 160}
      DEC transpose|768x768x256                                {'DRAM': 1048}
      DEC transpose|768x768x64                                 {'L1': 160}
      DEC tri_att_sdpa|q768k768                                {'q_chunk=768 k_chunk=256 bias=bf16': 1, 'q_chunk=384 k_chunk=256 bias=bf16': 1207}
      DEC trimul_chunk|N768|h256|b1                            {'c=32': 1048}
      DEC trimul_chunk|N768|h64|b1                             {'c=32': 160}
      DEC trimul_inproj_group|N768|c32|pairs2                  {'g=2': 160}
      DEC trimul_inproj_group|N768|c32|pairs8                  {'g=4': 1048}
      DEC trimul_pair_buffer|N768                              {'DRAM': 1208}
  on: fold 155.72s  block 121264.07 ms over 604 calls  plddt 0.787723  (156s)
      DEC l1_layer_norm|h=1.5|1x768x768x256                    {'DRAM': 494}
      DEC l1_layer_norm|h=1.5|768x768x256                      {'DRAM': 30}
      DEC pair_proj_out_l1|1x768x768x256@256                   {'DRAM': 2096}
      DEC pair_proj_out_l1|1x768x768x64@64                     {'L1': 320}
      DEC pair_proj_out_l1|768x768x64@64                       {'L1': 160}
      DEC transpose|768x768x256                                {'DRAM': 1048}
      DEC transpose|768x768x64                                 {'L1': 160}
      DEC tri_att_sdpa|q768k768                                {'q_chunk=384 k_chunk=256 bias=bf16': 1208}
      DEC trimul_chunk|N768|h256|b1                            {'c=32': 1048}
      DEC trimul_chunk|N768|h64|b1                             {'c=32': 160}
      DEC trimul_inproj_group|N768|c32|pairs2                  {'g=2': 160}
      DEC trimul_inproj_group|N768|c32|pairs8                  {'g=4': 1048}
      DEC trimul_pair_buffer|N768                              {'DRAM': 1208}
  on: fold 155.17s  block 120836.45 ms over 604 calls  plddt 0.787723  (155s)
      DEC l1_layer_norm|h=1.5|1x768x768x256                    {'DRAM': 494}
      DEC l1_layer_norm|h=1.5|768x768x256                      {'DRAM': 30}
      DEC pair_proj_out_l1|1x768x768x256@256                   {'DRAM': 2096}
      DEC pair_proj_out_l1|1x768x768x64@64                     {'L1': 320}
      DEC pair_proj_out_l1|768x768x64@64                       {'L1': 160}
      DEC transpose|768x768x256                                {'DRAM': 1048}
      DEC transpose|768x768x64                                 {'L1': 160}
      DEC tri_att_sdpa|q768k768                                {'q_chunk=384 k_chunk=256 bias=bf16': 1208}
      DEC trimul_chunk|N768|h256|b1                            {'c=32': 1048}
      DEC trimul_chunk|N768|h64|b1                             {'c=32': 160}
      DEC trimul_inproj_group|N768|c32|pairs2                  {'g=2': 160}
      DEC trimul_inproj_group|N768|c32|pairs8                  {'g=4': 1048}
      DEC trimul_pair_buffer|N768                              {'DRAM': 1208}
  base4: fold 163.84s  block 129299.98 ms over 604 calls  plddt 0.787723  (164s)
      DEC l1_layer_norm|h=1.5|1x768x768x256                    {'DRAM': 494}
      DEC l1_layer_norm|h=1.5|768x768x256                      {'DRAM': 30}
      DEC pair_proj_out_l1|1x768x768x256@256                   {'DRAM': 2096}
      DEC pair_proj_out_l1|1x768x768x64@64                     {'L1': 320}
      DEC pair_proj_out_l1|768x768x256@256                     {'DRAM': 1048}
      DEC pair_proj_out_l1|768x768x64@64                       {'L1': 160}
      DEC transpose|768x768x256                                {'DRAM': 1048}
      DEC transpose|768x768x64                                 {'L1': 160}
      DEC tri_att_sdpa|q768k768                                {'q_chunk=384 k_chunk=256 bias=bf16': 1208}
      DEC trimul_chunk|N768|h256|b1                            {'c=32': 1048}
      DEC trimul_chunk|N768|h64|b1                             {'c=32': 160}
      DEC trimul_inproj_group|N768|c32|pairs2                  {'g=2': 160}
      DEC trimul_inproj_group|N768|c32|pairs8                  {'g=4': 1048}
      DEC trimul_pair_buffer|N768                              {'DRAM': 1208}
{
 "ratios": {
  "768": {
   "on_block_ms": [
    122634.98,
    121264.07,
    120836.45
   ],
   "off_block_ms": [],
   "on_fold_s": [
    162.992,
    155.723,
    155.173
   ],
   "off_fold_s": [],
   "aa_floor_block_ms": 1370.91,
   "aa_floor_fold_s": 7.269
  }
 },
 "arm_medians": {
  "768": {
   "on": {
    "block_ms": [
     122634.98,
     121264.07,
     120836.45
    ],
    "fold_s": [
     162.992,
     155.723,
     155.173
    ],
    "plddt": [
     0.787723,
     0.787723,
     0.787723
    ],
    "n": 3,
    "block_ms_median": 121264.07,
    "fold_s_median": 155.723,
    "block_ms_min": 120836.45,
    "fold_s_min": 155.173,
    "block_ms_spread": 1798.53,
    "fold_s_spread": 7.819
   },
   "base4": {
    "block_ms": [
     129299.98
    ],
    "fold_s": [
     163.844
    ],
    "plddt": [
     0.787723
    ],
    "n": 1,
    "block_ms_median": 129299.98,
    "fold_s_median": 163.844,
    "block_ms_min": 129299.98,
    "fold_s_min": 163.844,
    "block_ms_spread": 0.0,
    "fold_s_spread": 0.0
   }
  }
 }
}
wrote perf/pxsizes/s4_768_qb1.json
benchlock: protenix-v2-sizes-perf released, rc=0, loadavg 2.19 1.60 1.52
RC_768=0
=== 1024 leg 2026-08-13T04:27:22+00:00 ===
benchlock: protenix-v2-sizes-perf acquired after 15s, loadavg 1.70 1.52 1.50
2026-08-13 04:27:37.925 | DEBUG    | ttnn:<module>:77 - Initial ttnn.CONFIG:
Config{cache_path=/home/ttuser/.cache/ttnn,model_cache_path=/home/ttuser/.cache/ttnn/models,tmp_dir=/tmp/ttnn,enable_model_cache=false,enable_fast_runtime_mode=true,throw_exception_on_fallback=false,enable_logging=false,enable_graph_report=false,enable_detailed_buffer_report=false,enable_detailed_tensor_report=false,enable_comparison_mode=false,comparison_mode_should_raise_exception=false,comparison_mode_pcc=0.9999,root_report_path=generated/ttnn/reports,report_name=std::nullopt,std::nullopt}
2026-08-13 04:28:24.070 | critical |          Always | TT_FATAL: Out of Memory: Not enough space to allocate 134217728 B L1 buffer across 130 banks, where each bank needs to store 1034240 B, but bank size is 1461760 B (allocated: 1034240 B, free: 427520 B, largest free block: 427520 B) (assert.hpp:104)
2026-08-13 04:28:28.021 | critical |          Always | TT_THROW: Statically allocated circular buffers on core range [(x=0,y=0) - (x=12,y=9)] grow to 3394048 B which is beyond max L1 size of 1572864 B (assert.hpp:104)
2026-08-13 04:28:29.735 | critical |          Always | TT_THROW: Statically allocated circular buffers on core range [(x=0,y=0) - (x=12,y=9)] grow to 2343424 B which is beyond max L1 size of 1572864 B (assert.hpp:104)
  on: fold 363.42s  block 245988.67 ms over 604 calls  plddt 0.778516  (363s)
      DEC l1_layer_norm|h=1.5|1024x1024x256                    {'DRAM': 30}
      DEC l1_layer_norm|h=1.5|1x1024x1024x256                  {'DRAM': 494}
      DEC pair_proj_out_l1|1024x1024x64@64                     {'L1': 160}
      DEC pair_proj_out_l1|1x1024x1024x256@256                 {'DRAM': 2096}
      DEC pair_proj_out_l1|1x1024x1024x64@64                   {'L1': 2}
      DEC transpose|1024x1024x256                              {'DRAM': 1048}
      DEC transpose|1024x1024x64                               {'DRAM': 160}
      DEC tri_att_sdpa|q1024k1024                              {'q_chunk=1024 k_chunk=256 bias=bf16': 1, 'q_chunk=512 k_chunk=256 bias=bf16': 1207}
      DEC trimul_chunk|N1024|h256|b1                           {'c=32': 1048}
      DEC trimul_chunk|N1024|h64|b1                            {'c=32': 160}
      DEC trimul_inproj_group|N1024|c32|pairs2                 {'g=2': 160}
      DEC trimul_inproj_group|N1024|c32|pairs8                 {'g=4': 1048}
      DEC trimul_pair_buffer|N1024                             {'DRAM': 1208}
2026-08-13 04:33:58.264 | critical |          Always | TT_FATAL: Out of Memory: Not enough space to allocate 134217728 B L1 buffer across 130 banks, where each bank needs to store 1034240 B, but bank size is 1461760 B (allocated: 1034240 B, free: 427520 B, largest free block: 427520 B) (assert.hpp:104)
  on: fold 282.43s  block 228107.17 ms over 604 calls  plddt 0.778516  (282s)
      DEC l1_layer_norm|h=1.5|1024x1024x256                    {'DRAM': 30}
      DEC l1_layer_norm|h=1.5|1x1024x1024x256                  {'DRAM': 494}
      DEC pair_proj_out_l1|1024x1024x64@64                     {'L1': 160}
      DEC pair_proj_out_l1|1x1024x1024x256@256                 {'DRAM': 2096}
      DEC pair_proj_out_l1|1x1024x1024x64@64                   {'L1': 2}
      DEC transpose|1024x1024x256                              {'DRAM': 1048}
      DEC transpose|1024x1024x64                               {'DRAM': 160}
      DEC tri_att_sdpa|q1024k1024                              {'q_chunk=512 k_chunk=256 bias=bf16': 1208}
      DEC trimul_chunk|N1024|h256|b1                           {'c=32': 1048}
      DEC trimul_chunk|N1024|h64|b1                            {'c=32': 160}
      DEC trimul_inproj_group|N1024|c32|pairs2                 {'g=2': 160}
      DEC trimul_inproj_group|N1024|c32|pairs8                 {'g=4': 1048}
      DEC trimul_pair_buffer|N1024                             {'DRAM': 1208}
2026-08-13 04:38:40.762 | critical |          Always | TT_FATAL: Out of Memory: Not enough space to allocate 134217728 B L1 buffer across 130 banks, where each bank needs to store 1034240 B, but bank size is 1461760 B (allocated: 1034240 B, free: 427520 B, largest free block: 427520 B) (assert.hpp:104)
Terminated
benchlock: protenix-v2-sizes-perf released, rc=143, loadavg 1.00 1.04 1.16
RC_1024=143
=== done: 2026-08-13T04:54:01+00:00 ===
