=== host: tt-quietbox  card: 1  start: 2026-08-13T05:10:19+00:00 ===
98c31baa6e4e624fdff62c6af73255515135bad3a386d15618e27188ee033f87  /home/ttuser/.coworker/wt/protenix-v2-sizes-perf/perf/size512/fixtures/cdk2x2_1024.yaml
644b2608d8f989d2aad1cb75ac65ee55ca8147e332702a3095f407c4841af8d3  /home/ttuser/.coworker/wt/protenix-v2-sizes-perf/perf/size512/fixtures/cdk2x2_1024.a3m
benchlock: protenix-v2-sizes-perf acquired after 0s, loadavg 0.50 0.97 1.08
=== 2026-08-13T05:10:19+00:00  1024 arm on (one arm, one process) ===
2026-08-13 05:10:19.207 | DEBUG    | ttnn:<module>:77 - Initial ttnn.CONFIG:
Config{cache_path=/home/ttuser/.cache/ttnn,model_cache_path=/home/ttuser/.cache/ttnn/models,tmp_dir=/tmp/ttnn,enable_model_cache=false,enable_fast_runtime_mode=true,throw_exception_on_fallback=false,enable_logging=false,enable_graph_report=false,enable_detailed_buffer_report=false,enable_detailed_tensor_report=false,enable_comparison_mode=false,comparison_mode_should_raise_exception=false,comparison_mode_pcc=0.9999,root_report_path=generated/ttnn/reports,report_name=std::nullopt,std::nullopt}
2026-08-13 05:10:37.890 | critical |          Always | TT_FATAL: Out of Memory: Not enough space to allocate 134217728 B L1 buffer across 130 banks, where each bank needs to store 1034240 B, but bank size is 1461760 B (allocated: 1034240 B, free: 427520 B, largest free block: 427520 B) (assert.hpp:104)
2026-08-13 05:10:38.087 | critical |          Always | TT_THROW: Statically allocated circular buffers on core range [(x=0,y=0) - (x=12,y=9)] grow to 3394048 B which is beyond max L1 size of 1572864 B (assert.hpp:104)
2026-08-13 05:10:38.122 | critical |          Always | TT_THROW: Statically allocated circular buffers on core range [(x=0,y=0) - (x=12,y=9)] grow to 2343424 B which is beyond max L1 size of 1572864 B (assert.hpp:104)
  on: fold 287.84s  block 228387.37 ms over 604 calls  plddt 0.778516  (288s)
      DEC l1_layer_norm|h=1.5|1024x1024x256                    {'DRAM': 30}
      DEC l1_layer_norm|h=1.5|1x1024x1024x256                  {'DRAM': 494}
      DEC pair_proj_out_l1|1024x1024x64@64                     {'L1': 160}
      DEC pair_proj_out_l1|1x1024x1024x256@256                 {'DRAM': 2096}
      DEC pair_proj_out_l1|1x1024x1024x64@64                   {'L1': 2}
      DEC transpose|1024x1024x256                              {'DRAM': 1048}
      DEC transpose|1024x1024x64                               {'DRAM': 160}
      DEC tri_att_sdpa|q1024k1024                              {'q_chunk=1024 k_chunk=256 bias=bf16': 1, 'q_chunk=512 k_chunk=256 bias=bf16': 1207}
      DEC trimul_chunk|N1024|h256|b1                           {'c=32': 1048}
      DEC trimul_chunk|N1024|h64|b1                            {'c=32': 160}
      DEC trimul_inproj_group|N1024|c32|pairs2                 {'g=2': 160}
      DEC trimul_inproj_group|N1024|c32|pairs8                 {'g=4': 1048}
      DEC trimul_pair_buffer|N1024                             {'DRAM': 1208}
{
 "ratios": {
  "1024": {
   "on_block_ms": [
    228387.37
   ],
   "off_block_ms": [],
   "on_fold_s": [
    287.841
   ],
   "off_fold_s": []
  }
 },
 "arm_medians": {
  "1024": {
   "on": {
    "block_ms": [
     228387.37
    ],
    "fold_s": [
     287.841
    ],
    "plddt": [
     0.778516
    ],
    "n": 1,
    "block_ms_median": 228387.37,
    "fold_s_median": 287.841,
    "block_ms_min": 228387.37,
    "fold_s_min": 287.841,
    "block_ms_spread": 0.0,
    "fold_s_spread": 0.0
   }
  }
 }
}
wrote perf/pxsizes/s5_1024_on_p1.json
RC_1024_on=0
=== 2026-08-13T05:15:15+00:00  1024 arm on (one arm, one process) ===
2026-08-13 05:15:16.016 | DEBUG    | ttnn:<module>:77 - Initial ttnn.CONFIG:
Config{cache_path=/home/ttuser/.cache/ttnn,model_cache_path=/home/ttuser/.cache/ttnn/models,tmp_dir=/tmp/ttnn,enable_model_cache=false,enable_fast_runtime_mode=true,throw_exception_on_fallback=false,enable_logging=false,enable_graph_report=false,enable_detailed_buffer_report=false,enable_detailed_tensor_report=false,enable_comparison_mode=false,comparison_mode_should_raise_exception=false,comparison_mode_pcc=0.9999,root_report_path=generated/ttnn/reports,report_name=std::nullopt,std::nullopt}
2026-08-13 05:15:34.437 | critical |          Always | TT_FATAL: Out of Memory: Not enough space to allocate 134217728 B L1 buffer across 130 banks, where each bank needs to store 1034240 B, but bank size is 1461760 B (allocated: 1034240 B, free: 427520 B, largest free block: 427520 B) (assert.hpp:104)
2026-08-13 05:15:34.623 | critical |          Always | TT_THROW: Statically allocated circular buffers on core range [(x=0,y=0) - (x=12,y=9)] grow to 3394048 B which is beyond max L1 size of 1572864 B (assert.hpp:104)
2026-08-13 05:15:34.653 | critical |          Always | TT_THROW: Statically allocated circular buffers on core range [(x=0,y=0) - (x=12,y=9)] grow to 2343424 B which is beyond max L1 size of 1572864 B (assert.hpp:104)
  on: fold 288.06s  block 228924.96 ms over 604 calls  plddt 0.778516  (288s)
      DEC l1_layer_norm|h=1.5|1024x1024x256                    {'DRAM': 30}
      DEC l1_layer_norm|h=1.5|1x1024x1024x256                  {'DRAM': 494}
      DEC pair_proj_out_l1|1024x1024x64@64                     {'L1': 160}
      DEC pair_proj_out_l1|1x1024x1024x256@256                 {'DRAM': 2096}
      DEC pair_proj_out_l1|1x1024x1024x64@64                   {'L1': 2}
      DEC transpose|1024x1024x256                              {'DRAM': 1048}
      DEC transpose|1024x1024x64                               {'DRAM': 160}
      DEC tri_att_sdpa|q1024k1024                              {'q_chunk=1024 k_chunk=256 bias=bf16': 1, 'q_chunk=512 k_chunk=256 bias=bf16': 1207}
      DEC trimul_chunk|N1024|h256|b1                           {'c=32': 1048}
      DEC trimul_chunk|N1024|h64|b1                            {'c=32': 160}
      DEC trimul_inproj_group|N1024|c32|pairs2                 {'g=2': 160}
      DEC trimul_inproj_group|N1024|c32|pairs8                 {'g=4': 1048}
      DEC trimul_pair_buffer|N1024                             {'DRAM': 1208}
{
 "ratios": {
  "1024": {
   "on_block_ms": [
    228924.96
   ],
   "off_block_ms": [],
   "on_fold_s": [
    288.064
   ],
   "off_fold_s": []
  }
 },
 "arm_medians": {
  "1024": {
   "on": {
    "block_ms": [
     228924.96
    ],
    "fold_s": [
     288.064
    ],
    "plddt": [
     0.778516
    ],
    "n": 1,
    "block_ms_median": 228924.96,
    "fold_s_median": 288.064,
    "block_ms_min": 228924.96,
    "fold_s_min": 288.064,
    "block_ms_spread": 0.0,
    "fold_s_spread": 0.0
   }
  }
 }
}
wrote perf/pxsizes/s5_1024_on_p2.json
RC_1024_on=0
=== 2026-08-13T05:20:13+00:00  1024 arm base4 (one arm, one process) ===
2026-08-13 05:20:13.252 | DEBUG    | ttnn:<module>:77 - Initial ttnn.CONFIG:
Config{cache_path=/home/ttuser/.cache/ttnn,model_cache_path=/home/ttuser/.cache/ttnn/models,tmp_dir=/tmp/ttnn,enable_model_cache=false,enable_fast_runtime_mode=true,throw_exception_on_fallback=false,enable_logging=false,enable_graph_report=false,enable_detailed_buffer_report=false,enable_detailed_tensor_report=false,enable_comparison_mode=false,comparison_mode_should_raise_exception=false,comparison_mode_pcc=0.9999,root_report_path=generated/ttnn/reports,report_name=std::nullopt,std::nullopt}
2026-08-13 05:20:31.918 | critical |          Always | TT_FATAL: Out of Memory: Not enough space to allocate 134217728 B L1 buffer across 130 banks, where each bank needs to store 1034240 B, but bank size is 1461760 B (allocated: 1034240 B, free: 427520 B, largest free block: 427520 B) (assert.hpp:104)
2026-08-13 05:20:32.121 | critical |          Always | TT_THROW: Statically allocated circular buffers on core range [(x=0,y=0) - (x=12,y=9)] grow to 2343424 B which is beyond max L1 size of 1572864 B (assert.hpp:104)
  base4: fold 303.06s  block 243906.97 ms over 604 calls  plddt 0.778516  (303s)
      DEC l1_layer_norm|h=1.5|1024x1024x256                    {'DRAM': 30}
      DEC l1_layer_norm|h=1.5|1x1024x1024x256                  {'DRAM': 494}
      DEC pair_proj_out_l1|1024x1024x256@256                   {'DRAM': 1048}
      DEC pair_proj_out_l1|1024x1024x64@64                     {'L1': 160}
      DEC pair_proj_out_l1|1x1024x1024x256@256                 {'DRAM': 2096}
      DEC pair_proj_out_l1|1x1024x1024x64@64                   {'L1': 2}
      DEC transpose|1024x1024x256                              {'DRAM': 1048}
      DEC transpose|1024x1024x64                               {'DRAM': 160}
      DEC tri_att_sdpa|q1024k1024                              {'q_chunk=1024 k_chunk=256 bias=bf16': 1, 'q_chunk=512 k_chunk=256 bias=bf16': 1207}
      DEC trimul_chunk|N1024|h256|b1                           {'c=32': 1048}
      DEC trimul_chunk|N1024|h64|b1                            {'c=32': 160}
      DEC trimul_inproj_group|N1024|c32|pairs2                 {'g=2': 160}
      DEC trimul_inproj_group|N1024|c32|pairs8                 {'g=4': 1048}
      DEC trimul_pair_buffer|N1024                             {'DRAM': 1208}
{
 "ratios": {
  "1024": {
   "on_block_ms": [],
   "off_block_ms": [],
   "on_fold_s": [],
   "off_fold_s": []
  }
 },
 "arm_medians": {
  "1024": {
   "base4": {
    "block_ms": [
     243906.97
    ],
    "fold_s": [
     303.055
    ],
    "plddt": [
     0.778516
    ],
    "n": 1,
    "block_ms_median": 243906.97,
    "fold_s_median": 303.055,
    "block_ms_min": 243906.97,
    "fold_s_min": 303.055,
    "block_ms_spread": 0.0,
    "fold_s_spread": 0.0
   }
  }
 }
}
wrote perf/pxsizes/s5_1024_base4.json
RC_1024_base4=0
benchlock: protenix-v2-sizes-perf released, rc=0, loadavg 5.95 3.99 2.62
=== done: 2026-08-13T05:25:25+00:00 ===
