[release-gate] granted card(s) [1]
[release-gate] scoring tt_bio from /home/ttuser/.coworker/wt/bc2-teardown-next-job/perf/bc2_teardown/out/fixtree/tt_bio (commit 9bd197348)

======================================================================
[protenix-v1] folding prot.yaml (200 steps, 5 samples)
======================================================================
MSA ready for 1 target(s) in 0.0 s, before any chip was leased
08:01:42  [tt-quietbox2:tt1] loading model…
08:01:47  [tt-quietbox2:tt1] prot
08:01:47  [tt-quietbox2:tt1]   prep
08:01:48  [tt-quietbox2:tt1]   trunk 0/4
08:01:48  [tt-quietbox2:tt1]   trunk 1/4
08:01:49  [tt-quietbox2:tt1]   trunk 2/4
08:01:49  [tt-quietbox2:tt1]   trunk 3/4
08:01:50  [tt-quietbox2:tt1]   diffusion 0/200
08:01:50  [tt-quietbox2:tt1]   diffusion 1/200
08:01:50  [tt-quietbox2:tt1]   diffusion 2/200
08:01:51  [tt-quietbox2:tt1]   diffusion 3/200
08:01:51  [tt-quietbox2:tt1]   diffusion 4/200
08:01:51  [tt-quietbox2:tt1]   diffusion 5/200
08:01:51  [tt-quietbox2:tt1]   diffusion 6/200
08:01:51  [tt-quietbox2:tt1]   diffusion 7/200
08:01:51  [tt-quietbox2:tt1]   diffusion 8/200
08:01:51  [tt-quietbox2:tt1]   diffusion 9/200
08:01:51  [tt-quietbox2:tt1]   diffusion 10/200
08:01:51  [tt-quietbox2:tt1]   diffusion 11/200
08:01:51  [tt-quietbox2:tt1]   diffusion 12/200
08:01:51  [tt-quietbox2:tt1]   diffusion 13/200
08:01:51  [tt-quietbox2:tt1]   diffusion 14/200
08:01:51  [tt-quietbox2:tt1]   diffusion 15/200
08:01:51  [tt-quietbox2:tt1]   diffusion 16/200
08:01:51  [tt-quietbox2:tt1]   diffusion 17/200
08:01:52  [tt-quietbox2:tt1]   diffusion 18/200
08:01:52  [tt-quietbox2:tt1]   diffusion 19/200
08:01:52  [tt-quietbox2:tt1]   diffusion 20/200
08:01:52  [tt-quietbox2:tt1]   diffusion 21/200
08:01:52  [tt-quietbox2:tt1]   diffusion 22/200
08:01:52  [tt-quietbox2:tt1]   diffusion 23/200
08:01:52  [tt-quietbox2:tt1]   diffusion 24/200
08:01:52  [tt-quietbox2:tt1]   diffusion 25/200
08:01:52  [tt-quietbox2:tt1]   diffusion 26/200
08:01:52  [tt-quietbox2:tt1]   diffusion 27/200
08:01:52  [tt-quietbox2:tt1]   diffusion 28/200
08:01:52  [tt-quietbox2:tt1]   diffusion 29/200
08:01:52  [tt-quietbox2:tt1]   diffusion 30/200
08:01:52  [tt-quietbox2:tt1]   diffusion 31/200
08:01:52  [tt-quietbox2:tt1]   diffusion 32/200
08:01:52  [tt-quietbox2:tt1]   diffusion 33/200
08:01:53  [tt-quietbox2:tt1]   diffusion 34/200
08:01:53  [tt-quietbox2:tt1]   diffusion 35/200
08:01:53  [tt-quietbox2:tt1]   diffusion 36/200
08:01:53  [tt-quietbox2:tt1]   diffusion 37/200
08:01:53  [tt-quietbox2:tt1]   diffusion 38/200
08:01:53  [tt-quietbox2:tt1]   diffusion 39/200
08:01:53  [tt-quietbox2:tt1]   diffusion 40/200
08:01:53  [tt-quietbox2:tt1]   diffusion 41/200
08:01:53  [tt-quietbox2:tt1]   diffusion 42/200
08:01:53  [tt-quietbox2:tt1]   diffusion 43/200
08:01:53  [tt-quietbox2:tt1]   diffusion 44/200
08:01:53  [tt-quietbox2:tt1]   diffusion 45/200
08:01:53  [tt-quietbox2:tt1]   diffusion 46/200
08:01:53  [tt-quietbox2:tt1]   diffusion 47/200
08:01:53  [tt-quietbox2:tt1]   diffusion 48/200
08:01:54  [tt-quietbox2:tt1]   diffusion 49/200
08:01:54  [tt-quietbox2:tt1]   diffusion 50/200
08:01:54  [tt-quietbox2:tt1]   diffusion 51/200
08:01:54  [tt-quietbox2:tt1]   diffusion 52/200
08:01:54  [tt-quietbox2:tt1]   diffusion 53/200
08:01:54  [tt-quietbox2:tt1]   diffusion 54/200
08:01:54  [tt-quietbox2:tt1]   diffusion 55/200
08:01:54  [tt-quietbox2:tt1]   diffusion 56/200
08:01:54  [tt-quietbox2:tt1]   diffusion 57/200
08:01:54  [tt-quietbox2:tt1]   diffusion 58/200
08:01:54  [tt-quietbox2:tt1]   diffusion 59/200
08:01:54  [tt-quietbox2:tt1]   diffusion 60/200
08:01:54  [tt-quietbox2:tt1]   diffusion 61/200
08:01:55  [tt-quietbox2:tt1]   diffusion 62/200
08:01:55  [tt-quietbox2:tt1]   diffusion 63/200
08:01:55  [tt-quietbox2:tt1]   diffusion 64/200
08:01:55  [tt-quietbox2:tt1]   diffusion 65/200
08:01:55  [tt-quietbox2:tt1]   diffusion 66/200
08:01:55  [tt-quietbox2:tt1]   diffusion 67/200
08:01:55  [tt-quietbox2:tt1]   diffusion 68/200
08:01:55  [tt-quietbox2:tt1]   diffusion 69/200
08:01:55  [tt-quietbox2:tt1]   diffusion 70/200
08:01:55  [tt-quietbox2:tt1]   diffusion 71/200
08:01:55  [tt-quietbox2:tt1]   diffusion 72/200
08:01:55  [tt-quietbox2:tt1]   diffusion 73/200
08:01:55  [tt-quietbox2:tt1]   diffusion 74/200
08:01:55  [tt-quietbox2:tt1]   diffusion 75/200
08:01:55  [tt-quietbox2:tt1]   diffusion 76/200
08:01:55  [tt-quietbox2:tt1]   diffusion 77/200
08:01:56  [tt-quietbox2:tt1]   diffusion 78/200
08:01:56  [tt-quietbox2:tt1]   diffusion 79/200
08:01:56  [tt-quietbox2:tt1]   diffusion 80/200
08:01:56  [tt-quietbox2:tt1]   diffusion 81/200
08:01:56  [tt-quietbox2:tt1]   diffusion 82/200
08:01:56  [tt-quietbox2:tt1]   diffusion 83/200
08:01:56  [tt-quietbox2:tt1]   diffusion 84/200
08:01:56  [tt-quietbox2:tt1]   diffusion 85/200
08:01:56  [tt-quietbox2:tt1]   diffusion 86/200
08:01:56  [tt-quietbox2:tt1]   diffusion 87/200
08:01:56  [tt-quietbox2:tt1]   diffusion 88/200
08:01:56  [tt-quietbox2:tt1]   diffusion 89/200
08:01:56  [tt-quietbox2:tt1]   diffusion 90/200
08:01:56  [tt-quietbox2:tt1]   diffusion 91/200
08:01:56  [tt-quietbox2:tt1]   diffusion 92/200
08:01:56  [tt-quietbox2:tt1]   diffusion 93/200
08:01:57  [tt-quietbox2:tt1]   diffusion 94/200
08:01:57  [tt-quietbox2:tt1]   diffusion 95/200
08:01:57  [tt-quietbox2:tt1]   diffusion 96/200
08:01:57  [tt-quietbox2:tt1]   diffusion 97/200
08:01:57  [tt-quietbox2:tt1]   diffusion 98/200
08:01:57  [tt-quietbox2:tt1]   diffusion 99/200
08:01:57  [tt-quietbox2:tt1]   diffusion 100/200
08:01:57  [tt-quietbox2:tt1]   diffusion 101/200
08:01:57  [tt-quietbox2:tt1]   diffusion 102/200
08:01:57  [tt-quietbox2:tt1]   diffusion 103/200
08:01:57  [tt-quietbox2:tt1]   diffusion 104/200
08:01:57  [tt-quietbox2:tt1]   diffusion 105/200
08:01:57  [tt-quietbox2:tt1]   diffusion 106/200
08:01:57  [tt-quietbox2:tt1]   diffusion 107/200
08:01:57  [tt-quietbox2:tt1]   diffusion 108/200
08:01:57  [tt-quietbox2:tt1]   diffusion 109/200
08:01:58  [tt-quietbox2:tt1]   diffusion 110/200
08:01:58  [tt-quietbox2:tt1]   diffusion 111/200
08:01:58  [tt-quietbox2:tt1]   diffusion 112/200
08:01:58  [tt-quietbox2:tt1]   diffusion 113/200
08:01:58  [tt-quietbox2:tt1]   diffusion 114/200
08:01:58  [tt-quietbox2:tt1]   diffusion 115/200
08:01:58  [tt-quietbox2:tt1]   diffusion 116/200
08:01:58  [tt-quietbox2:tt1]   diffusion 117/200
08:01:58  [tt-quietbox2:tt1]   diffusion 118/200
08:01:58  [tt-quietbox2:tt1]   diffusion 119/200
08:01:58  [tt-quietbox2:tt1]   diffusion 120/200
08:01:58  [tt-quietbox2:tt1]   diffusion 121/200
08:01:58  [tt-quietbox2:tt1]   diffusion 122/200
08:01:58  [tt-quietbox2:tt1]   diffusion 123/200
08:01:58  [tt-quietbox2:tt1]   diffusion 124/200
08:01:58  [tt-quietbox2:tt1]   diffusion 125/200
08:01:59  [tt-quietbox2:tt1]   diffusion 126/200
08:01:59  [tt-quietbox2:tt1]   diffusion 127/200
08:01:59  [tt-quietbox2:tt1]   diffusion 128/200
08:01:59  [tt-quietbox2:tt1]   diffusion 129/200
08:01:59  [tt-quietbox2:tt1]   diffusion 130/200
08:01:59  [tt-quietbox2:tt1]   diffusion 131/200
08:01:59  [tt-quietbox2:tt1]   diffusion 132/200
08:01:59  [tt-quietbox2:tt1]   diffusion 133/200
08:01:59  [tt-quietbox2:tt1]   diffusion 134/200
08:01:59  [tt-quietbox2:tt1]   diffusion 135/200
08:01:59  [tt-quietbox2:tt1]   diffusion 136/200
08:01:59  [tt-quietbox2:tt1]   diffusion 137/200
08:01:59  [tt-quietbox2:tt1]   diffusion 138/200
08:01:59  [tt-quietbox2:tt1]   diffusion 139/200
08:01:59  [tt-quietbox2:tt1]   diffusion 140/200
08:01:59  [tt-quietbox2:tt1]   diffusion 141/200
08:02:00  [tt-quietbox2:tt1]   diffusion 142/200
08:02:00  [tt-quietbox2:tt1]   diffusion 143/200
08:02:00  [tt-quietbox2:tt1]   diffusion 144/200
08:02:00  [tt-quietbox2:tt1]   diffusion 145/200
08:02:00  [tt-quietbox2:tt1]   diffusion 146/200
08:02:00  [tt-quietbox2:tt1]   diffusion 147/200
08:02:00  [tt-quietbox2:tt1]   diffusion 148/200
08:02:00  [tt-quietbox2:tt1]   diffusion 149/200
08:02:00  [tt-quietbox2:tt1]   diffusion 150/200
08:02:00  [tt-quietbox2:tt1]   diffusion 151/200
08:02:00  [tt-quietbox2:tt1]   diffusion 152/200
08:02:00  [tt-quietbox2:tt1]   diffusion 153/200
08:02:00  [tt-quietbox2:tt1]   diffusion 154/200
08:02:00  [tt-quietbox2:tt1]   diffusion 155/200
08:02:00  [tt-quietbox2:tt1]   diffusion 156/200
08:02:00  [tt-quietbox2:tt1]   diffusion 157/200
08:02:01  [tt-quietbox2:tt1]   diffusion 158/200
08:02:01  [tt-quietbox2:tt1]   diffusion 159/200
08:02:01  [tt-quietbox2:tt1]   diffusion 160/200
08:02:01  [tt-quietbox2:tt1]   diffusion 161/200
08:02:01  [tt-quietbox2:tt1]   diffusion 162/200
08:02:01  [tt-quietbox2:tt1]   diffusion 163/200
08:02:01  [tt-quietbox2:tt1]   diffusion 164/200
08:02:01  [tt-quietbox2:tt1]   diffusion 165/200
08:02:01  [tt-quietbox2:tt1]   diffusion 166/200
08:02:01  [tt-quietbox2:tt1]   diffusion 167/200
08:02:01  [tt-quietbox2:tt1]   diffusion 168/200
08:02:01  [tt-quietbox2:tt1]   diffusion 169/200
08:02:01  [tt-quietbox2:tt1]   diffusion 170/200
08:02:01  [tt-quietbox2:tt1]   diffusion 171/200
08:02:01  [tt-quietbox2:tt1]   diffusion 172/200
08:02:02  [tt-quietbox2:tt1]   diffusion 173/200
08:02:02  [tt-quietbox2:tt1]   diffusion 174/200
08:02:02  [tt-quietbox2:tt1]   diffusion 175/200
08:02:02  [tt-quietbox2:tt1]   diffusion 176/200
08:02:02  [tt-quietbox2:tt1]   diffusion 177/200
08:02:02  [tt-quietbox2:tt1]   diffusion 178/200
08:02:02  [tt-quietbox2:tt1]   diffusion 179/200
08:02:02  [tt-quietbox2:tt1]   diffusion 180/200
08:02:02  [tt-quietbox2:tt1]   diffusion 181/200
08:02:02  [tt-quietbox2:tt1]   diffusion 182/200
08:02:02  [tt-quietbox2:tt1]   diffusion 183/200
08:02:02  [tt-quietbox2:tt1]   diffusion 184/200
08:02:02  [tt-quietbox2:tt1]   diffusion 185/200
08:02:02  [tt-quietbox2:tt1]   diffusion 186/200
08:02:02  [tt-quietbox2:tt1]   diffusion 187/200
08:02:02  [tt-quietbox2:tt1]   diffusion 188/200
08:02:03  [tt-quietbox2:tt1]   diffusion 189/200
08:02:03  [tt-quietbox2:tt1]   diffusion 190/200
08:02:03  [tt-quietbox2:tt1]   diffusion 191/200
08:02:03  [tt-quietbox2:tt1]   diffusion 192/200
08:02:03  [tt-quietbox2:tt1]   diffusion 193/200
08:02:03  [tt-quietbox2:tt1]   diffusion 194/200
08:02:03  [tt-quietbox2:tt1]   diffusion 195/200
08:02:03  [tt-quietbox2:tt1]   diffusion 196/200
08:02:03  [tt-quietbox2:tt1]   diffusion 197/200
08:02:03  [tt-quietbox2:tt1]   diffusion 198/200
08:02:03  [tt-quietbox2:tt1]   diffusion 199/200
08:02:03  [tt-quietbox2:tt1]   confidence
08:02:05  [tt-quietbox2:tt1]   saving
08:02:05  [tt-quietbox2:tt1] ✓ prot — 17.6s

Done: 1 ok, 0 failed — /home/ttuser/.coworker/wt/bc2-teardown-next-job/perf/bc2_teardown/out/fixtree/protenix_results_prot/results.json
Predicted chains: [('A', 117)]
Ground truth chains: [('A', 117)]

Best chain matching (117 common residues of 117 predicted / 117 ground truth):
  A -> A (117 common residues)

==================================================
Protein: prot, Model: 0
RMSD: 1.7805 Å   TM-score: 0.8982
==================================================

Predicted chains: [('A', 117)]
Ground truth chains: [('A', 117)]

Best chain matching (117 common residues of 117 predicted / 117 ground truth):
  A -> A (117 common residues)

==================================================
Protein: prot, Model: 1
RMSD: 2.6201 Å   TM-score: 0.7795
==================================================

Predicted chains: [('A', 117)]
Ground truth chains: [('A', 117)]

Best chain matching (117 common residues of 117 predicted / 117 ground truth):
  A -> A (117 common residues)

==================================================
Protein: prot, Model: 2
RMSD: 1.6160 Å   TM-score: 0.9220
==================================================

Predicted chains: [('A', 117)]
Ground truth chains: [('A', 117)]

Best chain matching (117 common residues of 117 predicted / 117 ground truth):
  A -> A (117 common residues)

==================================================
Protein: prot, Model: 3
RMSD: 1.8409 Å   TM-score: 0.8878
==================================================

Predicted chains: [('A', 117)]
Ground truth chains: [('A', 117)]

Best chain matching (117 common residues of 117 predicted / 117 ground truth):
  A -> A (117 common residues)

==================================================
Protein: prot, Model: 4
RMSD: 1.8643 Å   TM-score: 0.8782
==================================================

############################################################
GROUND-TRUTH ACCURACY — prot (5 samples)
  model 0: RMSD  1.781 Å   TM 0.898 <- best confidence (gated)
  model 1: RMSD  2.620 Å   TM 0.779
  model 2: RMSD  1.616 Å   TM 0.922
  model 3: RMSD  1.841 Å   TM 0.888
  model 4: RMSD  1.864 Å   TM 0.878
  oracle-best sample: model 2 RMSD 1.616 Å TM 0.922
############################################################

[protenix-v1] geometry (5 sample(s), worst): in band 1.0 (A/protein), backbone gaps 0, clashes 0/900 (0.0000, worst contact 0.0 A)

======================================================================
[opendde] folding prot.yaml (200 steps, 5 samples)
======================================================================
MSA ready for 1 target(s) in 0.0 s, before any chip was leased
08:02:12  [tt-quietbox2:tt1] loading model…
08:02:22  [tt-quietbox2:tt1] prot
08:02:22  [tt-quietbox2:tt1]   prep
08:02:23  [tt-quietbox2:tt1]   trunk 0/10
08:02:28  [tt-quietbox2:tt1]   trunk 1/10
08:02:29  [tt-quietbox2:tt1]   trunk 2/10
08:02:29  [tt-quietbox2:tt1]   trunk 3/10
08:02:30  [tt-quietbox2:tt1]   trunk 4/10
08:02:30  [tt-quietbox2:tt1]   trunk 5/10
08:02:31  [tt-quietbox2:tt1]   trunk 6/10
08:02:31  [tt-quietbox2:tt1]   trunk 7/10
08:02:32  [tt-quietbox2:tt1]   trunk 8/10
08:02:32  [tt-quietbox2:tt1]   trunk 9/10
08:02:34  [tt-quietbox2:tt1]   diffusion 0/200
08:02:35  [tt-quietbox2:tt1]   diffusion 1/200
08:02:35  [tt-quietbox2:tt1]   diffusion 2/200
08:02:35  [tt-quietbox2:tt1]   diffusion 3/200
08:02:35  [tt-quietbox2:tt1]   diffusion 4/200
08:02:35  [tt-quietbox2:tt1]   diffusion 5/200
08:02:35  [tt-quietbox2:tt1]   diffusion 6/200
08:02:35  [tt-quietbox2:tt1]   diffusion 7/200
08:02:35  [tt-quietbox2:tt1]   diffusion 8/200
08:02:35  [tt-quietbox2:tt1]   diffusion 9/200
08:02:35  [tt-quietbox2:tt1]   diffusion 10/200
08:02:36  [tt-quietbox2:tt1]   diffusion 11/200
08:02:36  [tt-quietbox2:tt1]   diffusion 12/200
08:02:36  [tt-quietbox2:tt1]   diffusion 13/200
08:02:36  [tt-quietbox2:tt1]   diffusion 14/200
08:02:36  [tt-quietbox2:tt1]   diffusion 15/200
08:02:36  [tt-quietbox2:tt1]   diffusion 16/200
08:02:36  [tt-quietbox2:tt1]   diffusion 17/200
08:02:36  [tt-quietbox2:tt1]   diffusion 18/200
08:02:36  [tt-quietbox2:tt1]   diffusion 19/200
08:02:36  [tt-quietbox2:tt1]   diffusion 20/200
08:02:36  [tt-quietbox2:tt1]   diffusion 21/200
08:02:36  [tt-quietbox2:tt1]   diffusion 22/200
08:02:36  [tt-quietbox2:tt1]   diffusion 23/200
08:02:36  [tt-quietbox2:tt1]   diffusion 24/200
08:02:36  [tt-quietbox2:tt1]   diffusion 25/200
08:02:36  [tt-quietbox2:tt1]   diffusion 26/200
08:02:37  [tt-quietbox2:tt1]   diffusion 27/200
08:02:37  [tt-quietbox2:tt1]   diffusion 28/200
08:02:37  [tt-quietbox2:tt1]   diffusion 29/200
08:02:37  [tt-quietbox2:tt1]   diffusion 30/200
08:02:37  [tt-quietbox2:tt1]   diffusion 31/200
08:02:37  [tt-quietbox2:tt1]   diffusion 32/200
08:02:37  [tt-quietbox2:tt1]   diffusion 33/200
08:02:37  [tt-quietbox2:tt1]   diffusion 34/200
08:02:37  [tt-quietbox2:tt1]   diffusion 35/200
08:02:37  [tt-quietbox2:tt1]   diffusion 36/200
08:02:37  [tt-quietbox2:tt1]   diffusion 37/200
08:02:37  [tt-quietbox2:tt1]   diffusion 38/200
08:02:37  [tt-quietbox2:tt1]   diffusion 39/200
08:02:37  [tt-quietbox2:tt1]   diffusion 40/200
08:02:37  [tt-quietbox2:tt1]   diffusion 41/200
08:02:37  [tt-quietbox2:tt1]   diffusion 42/200
08:02:38  [tt-quietbox2:tt1]   diffusion 43/200
08:02:38  [tt-quietbox2:tt1]   diffusion 44/200
08:02:38  [tt-quietbox2:tt1]   diffusion 45/200
08:02:38  [tt-quietbox2:tt1]   diffusion 46/200
08:02:38  [tt-quietbox2:tt1]   diffusion 47/200
08:02:38  [tt-quietbox2:tt1]   diffusion 48/200
08:02:38  [tt-quietbox2:tt1]   diffusion 49/200
08:02:38  [tt-quietbox2:tt1]   diffusion 50/200
08:02:38  [tt-quietbox2:tt1]   diffusion 51/200
08:02:38  [tt-quietbox2:tt1]   diffusion 52/200
08:02:38  [tt-quietbox2:tt1]   diffusion 53/200
08:02:38  [tt-quietbox2:tt1]   diffusion 54/200
08:02:38  [tt-quietbox2:tt1]   diffusion 55/200
08:02:38  [tt-quietbox2:tt1]   diffusion 56/200
08:02:38  [tt-quietbox2:tt1]   diffusion 57/200
08:02:38  [tt-quietbox2:tt1]   diffusion 58/200
08:02:39  [tt-quietbox2:tt1]   diffusion 59/200
08:02:39  [tt-quietbox2:tt1]   diffusion 60/200
08:02:39  [tt-quietbox2:tt1]   diffusion 61/200
08:02:39  [tt-quietbox2:tt1]   diffusion 62/200
08:02:39  [tt-quietbox2:tt1]   diffusion 63/200
08:02:39  [tt-quietbox2:tt1]   diffusion 64/200
08:02:39  [tt-quietbox2:tt1]   diffusion 65/200
08:02:39  [tt-quietbox2:tt1]   diffusion 66/200
08:02:39  [tt-quietbox2:tt1]   diffusion 67/200
08:02:39  [tt-quietbox2:tt1]   diffusion 68/200
08:02:39  [tt-quietbox2:tt1]   diffusion 69/200
08:02:39  [tt-quietbox2:tt1]   diffusion 70/200
08:02:39  [tt-quietbox2:tt1]   diffusion 71/200
08:02:39  [tt-quietbox2:tt1]   diffusion 72/200
08:02:39  [tt-quietbox2:tt1]   diffusion 73/200
08:02:39  [tt-quietbox2:tt1]   diffusion 74/200
08:02:40  [tt-quietbox2:tt1]   diffusion 75/200
08:02:40  [tt-quietbox2:tt1]   diffusion 76/200
08:02:40  [tt-quietbox2:tt1]   diffusion 77/200
08:02:40  [tt-quietbox2:tt1]   diffusion 78/200
08:02:40  [tt-quietbox2:tt1]   diffusion 79/200
08:02:40  [tt-quietbox2:tt1]   diffusion 80/200
08:02:40  [tt-quietbox2:tt1]   diffusion 81/200
08:02:40  [tt-quietbox2:tt1]   diffusion 82/200
08:02:40  [tt-quietbox2:tt1]   diffusion 83/200
08:02:40  [tt-quietbox2:tt1]   diffusion 84/200
08:02:40  [tt-quietbox2:tt1]   diffusion 85/200
08:02:40  [tt-quietbox2:tt1]   diffusion 86/200
08:02:40  [tt-quietbox2:tt1]   diffusion 87/200
08:02:40  [tt-quietbox2:tt1]   diffusion 88/200
08:02:40  [tt-quietbox2:tt1]   diffusion 89/200
08:02:40  [tt-quietbox2:tt1]   diffusion 90/200
08:02:41  [tt-quietbox2:tt1]   diffusion 91/200
08:02:41  [tt-quietbox2:tt1]   diffusion 92/200
08:02:41  [tt-quietbox2:tt1]   diffusion 93/200
08:02:41  [tt-quietbox2:tt1]   diffusion 94/200
08:02:41  [tt-quietbox2:tt1]   diffusion 95/200
08:02:41  [tt-quietbox2:tt1]   diffusion 96/200
08:02:41  [tt-quietbox2:tt1]   diffusion 97/200
08:02:41  [tt-quietbox2:tt1]   diffusion 98/200
08:02:41  [tt-quietbox2:tt1]   diffusion 99/200
08:02:41  [tt-quietbox2:tt1]   diffusion 100/200
08:02:41  [tt-quietbox2:tt1]   diffusion 101/200
08:02:41  [tt-quietbox2:tt1]   diffusion 102/200
08:02:41  [tt-quietbox2:tt1]   diffusion 103/200
08:02:42  [tt-quietbox2:tt1]   diffusion 104/200
08:02:42  [tt-quietbox2:tt1]   diffusion 105/200
08:02:42  [tt-quietbox2:tt1]   diffusion 106/200
08:02:42  [tt-quietbox2:tt1]   diffusion 107/200
08:02:42  [tt-quietbox2:tt1]   diffusion 108/200
08:02:42  [tt-quietbox2:tt1]   diffusion 109/200
08:02:42  [tt-quietbox2:tt1]   diffusion 110/200
08:02:42  [tt-quietbox2:tt1]   diffusion 111/200
08:02:42  [tt-quietbox2:tt1]   diffusion 112/200
08:02:42  [tt-quietbox2:tt1]   diffusion 113/200
08:02:42  [tt-quietbox2:tt1]   diffusion 114/200
08:02:42  [tt-quietbox2:tt1]   diffusion 115/200
08:02:42  [tt-quietbox2:tt1]   diffusion 116/200
08:02:42  [tt-quietbox2:tt1]   diffusion 117/200
08:02:42  [tt-quietbox2:tt1]   diffusion 118/200
08:02:42  [tt-quietbox2:tt1]   diffusion 119/200
08:02:43  [tt-quietbox2:tt1]   diffusion 120/200
08:02:43  [tt-quietbox2:tt1]   diffusion 121/200
08:02:43  [tt-quietbox2:tt1]   diffusion 122/200
08:02:43  [tt-quietbox2:tt1]   diffusion 123/200
08:02:43  [tt-quietbox2:tt1]   diffusion 124/200
08:02:43  [tt-quietbox2:tt1]   diffusion 125/200
08:02:43  [tt-quietbox2:tt1]   diffusion 126/200
08:02:43  [tt-quietbox2:tt1]   diffusion 127/200
08:02:43  [tt-quietbox2:tt1]   diffusion 128/200
08:02:43  [tt-quietbox2:tt1]   diffusion 129/200
08:02:43  [tt-quietbox2:tt1]   diffusion 130/200
08:02:43  [tt-quietbox2:tt1]   diffusion 131/200
08:02:43  [tt-quietbox2:tt1]   diffusion 132/200
08:02:43  [tt-quietbox2:tt1]   diffusion 133/200
08:02:43  [tt-quietbox2:tt1]   diffusion 134/200
08:02:43  [tt-quietbox2:tt1]   diffusion 135/200
08:02:44  [tt-quietbox2:tt1]   diffusion 136/200
08:02:44  [tt-quietbox2:tt1]   diffusion 137/200
08:02:44  [tt-quietbox2:tt1]   diffusion 138/200
08:02:44  [tt-quietbox2:tt1]   diffusion 139/200
08:02:44  [tt-quietbox2:tt1]   diffusion 140/200
08:02:44  [tt-quietbox2:tt1]   diffusion 141/200
08:02:44  [tt-quietbox2:tt1]   diffusion 142/200
08:02:44  [tt-quietbox2:tt1]   diffusion 143/200
08:02:44  [tt-quietbox2:tt1]   diffusion 144/200
08:02:44  [tt-quietbox2:tt1]   diffusion 145/200
08:02:44  [tt-quietbox2:tt1]   diffusion 146/200
08:02:44  [tt-quietbox2:tt1]   diffusion 147/200
08:02:44  [tt-quietbox2:tt1]   diffusion 148/200
08:02:44  [tt-quietbox2:tt1]   diffusion 149/200
08:02:44  [tt-quietbox2:tt1]   diffusion 150/200
08:02:45  [tt-quietbox2:tt1]   diffusion 151/200
08:02:45  [tt-quietbox2:tt1]   diffusion 152/200
08:02:45  [tt-quietbox2:tt1]   diffusion 153/200
08:02:45  [tt-quietbox2:tt1]   diffusion 154/200
08:02:45  [tt-quietbox2:tt1]   diffusion 155/200
08:02:45  [tt-quietbox2:tt1]   diffusion 156/200
08:02:45  [tt-quietbox2:tt1]   diffusion 157/200
08:02:45  [tt-quietbox2:tt1]   diffusion 158/200
08:02:45  [tt-quietbox2:tt1]   diffusion 159/200
08:02:45  [tt-quietbox2:tt1]   diffusion 160/200
08:02:45  [tt-quietbox2:tt1]   diffusion 161/200
08:02:45  [tt-quietbox2:tt1]   diffusion 162/200
08:02:45  [tt-quietbox2:tt1]   diffusion 163/200
08:02:45  [tt-quietbox2:tt1]   diffusion 164/200
08:02:45  [tt-quietbox2:tt1]   diffusion 165/200
08:02:45  [tt-quietbox2:tt1]   diffusion 166/200
08:02:46  [tt-quietbox2:tt1]   diffusion 167/200
08:02:46  [tt-quietbox2:tt1]   diffusion 168/200
08:02:46  [tt-quietbox2:tt1]   diffusion 169/200
08:02:46  [tt-quietbox2:tt1]   diffusion 170/200
08:02:46  [tt-quietbox2:tt1]   diffusion 171/200
08:02:46  [tt-quietbox2:tt1]   diffusion 172/200
08:02:46  [tt-quietbox2:tt1]   diffusion 173/200
08:02:46  [tt-quietbox2:tt1]   diffusion 174/200
08:02:46  [tt-quietbox2:tt1]   diffusion 175/200
08:02:46  [tt-quietbox2:tt1]   diffusion 176/200
08:02:46  [tt-quietbox2:tt1]   diffusion 177/200
08:02:46  [tt-quietbox2:tt1]   diffusion 178/200
08:02:46  [tt-quietbox2:tt1]   diffusion 179/200
08:02:46  [tt-quietbox2:tt1]   diffusion 180/200
08:02:47  [tt-quietbox2:tt1]   diffusion 181/200
08:02:47  [tt-quietbox2:tt1]   diffusion 182/200
08:02:47  [tt-quietbox2:tt1]   diffusion 183/200
08:02:47  [tt-quietbox2:tt1]   diffusion 184/200
08:02:47  [tt-quietbox2:tt1]   diffusion 185/200
08:02:47  [tt-quietbox2:tt1]   diffusion 186/200
08:02:47  [tt-quietbox2:tt1]   diffusion 187/200
08:02:47  [tt-quietbox2:tt1]   diffusion 188/200
08:02:47  [tt-quietbox2:tt1]   diffusion 189/200
08:02:47  [tt-quietbox2:tt1]   diffusion 190/200
08:02:47  [tt-quietbox2:tt1]   diffusion 191/200
08:02:47  [tt-quietbox2:tt1]   diffusion 192/200
08:02:47  [tt-quietbox2:tt1]   diffusion 193/200
08:02:47  [tt-quietbox2:tt1]   diffusion 194/200
08:02:47  [tt-quietbox2:tt1]   diffusion 195/200
08:02:47  [tt-quietbox2:tt1]   diffusion 196/200
08:02:48  [tt-quietbox2:tt1]   diffusion 197/200
08:02:48  [tt-quietbox2:tt1]   diffusion 198/200
08:02:48  [tt-quietbox2:tt1]   diffusion 199/200
08:02:48  [tt-quietbox2:tt1]   confidence
08:02:50  [tt-quietbox2:tt1]   saving
08:02:50  [tt-quietbox2:tt1] ✓ prot — 28.3s

Done: 1 ok, 0 failed — /home/ttuser/.coworker/wt/bc2-teardown-next-job/perf/bc2_teardown/out/fixtree/opendde_results_prot/results.json
Predicted chains: [('A', 117)]
Ground truth chains: [('A', 117)]

Best chain matching (117 common residues of 117 predicted / 117 ground truth):
  A -> A (117 common residues)

==================================================
Protein: prot, Model: 0
RMSD: 1.3948 Å   TM-score: 0.9403
==================================================

Predicted chains: [('A', 117)]
Ground truth chains: [('A', 117)]

Best chain matching (117 common residues of 117 predicted / 117 ground truth):
  A -> A (117 common residues)

==================================================
Protein: prot, Model: 1
RMSD: 1.4126 Å   TM-score: 0.9440
==================================================

Predicted chains: [('A', 117)]
Ground truth chains: [('A', 117)]

Best chain matching (117 common residues of 117 predicted / 117 ground truth):
  A -> A (117 common residues)

==================================================
Protein: prot, Model: 2
RMSD: 1.3774 Å   TM-score: 0.9412
==================================================

Predicted chains: [('A', 117)]
Ground truth chains: [('A', 117)]

Best chain matching (117 common residues of 117 predicted / 117 ground truth):
  A -> A (117 common residues)

==================================================
Protein: prot, Model: 3
RMSD: 1.4289 Å   TM-score: 0.9355
==================================================

Predicted chains: [('A', 117)]
Ground truth chains: [('A', 117)]

Best chain matching (117 common residues of 117 predicted / 117 ground truth):
  A -> A (117 common residues)

==================================================
Protein: prot, Model: 4
RMSD: 1.4173 Å   TM-score: 0.9383
==================================================

############################################################
GROUND-TRUTH ACCURACY — prot (5 samples)
  model 0: RMSD  1.395 Å   TM 0.940 <- best confidence (gated)
  model 1: RMSD  1.413 Å   TM 0.944
  model 2: RMSD  1.377 Å   TM 0.941
  model 3: RMSD  1.429 Å   TM 0.935
  model 4: RMSD  1.417 Å   TM 0.938
  oracle-best sample: model 2 RMSD 1.377 Å TM 0.941
############################################################

[opendde] geometry (5 sample(s), worst): in band 1.0 (A/protein), backbone gaps 0, clashes 5/900 (0.0056, worst contact 0.892 A)

##############################################################################
RELEASE GATE — prot.yaml (prot), 200 steps / 5 samples, seed 0
##############################################################################
model            RMSD (A)      TM           floor  in band  gaps        clash    wall  result
protenix-v1         1.781   0.898     <=5.0/>=0.6   1.0000     0    0(0.0000)     29s  PASS
opendde             1.395   0.940     <=6.0/>=0.5   1.0000     0    5(0.0056)     46s  PASS
##############################################################################
geometry floors, check_structure.py's own bands: in band >= 0.9 (protein) / 0.85 (nucleic), zero backbone gaps beyond 5.0 / 9.5 A, clashes <= max(2, 0.02 x heavy atoms)
GATE PASS — all models cleared parse + ground-truth floor + geometry
