[protenix-opt] WEIGHTS pinned (cached digest 2026-10-08T04:08:42Z) sha256=8f931f9774a396b6… (checkpoint/protenix-v2.pt = stock/PINS.json checkpoint)
[protenix-opt] NOT ACTIVE: mode off: stock protenix (no environment set, no lever applied) (mode=off)
[protenix-opt] stock subprocess: /root/kit/protenix_v2/venv/bin/python -s -m protenix_opt.stock_pred ... (env stripped of PROTENIX_OPT_CACHE_DIR; PYTHONPATH stripped of nothing)
[protenix-opt stock] ENV-CLEAN ok: absent=PTX_,FPF_,INFOPT_,PF_,PROTENIX_OPT,CUEQ_TRITON_CACHE_DIR kit_modules=none kit_dirs=none autoload=none no_user_site=True
[protenix-opt stock] CUEQ-CACHE cueq_user_cache=/root/.cache/cuequivariance-triton source=home exists=0 json=0
2026-10-08 04:11:24,193 [/root/kit/protenix_v2/venv/lib/python3.11/site-packages/runner/batch_inference.py:835] INFO runner.batch_inference: Run infer with input=/root/pfm/in/timing.json, out_dir=/root/pfm/results/time_off/pred, sample=5
2026-10-08 04:11:24,193 [/root/kit/protenix_v2/venv/lib/python3.11/site-packages/runner/batch_inference.py:863] INFO runner.batch_inference: Using default params for model protenix-v2: cycle=10, step=200, use_msa=True
2026-10-08 04:11:24,193 [/root/kit/protenix_v2/venv/lib/python3.11/site-packages/runner/batch_inference.py:511] INFO runner.batch_inference: Will infer with 1 jsons
2026-10-08 04:11:24,413 [/root/kit/protenix_v2/venv/lib/python3.11/site-packages/runner/batch_inference.py:413] INFO runner.batch_inference: Inference by Protenix: model_size: 464M, with_feature: default, model_version: v2, dtype: bf16
2026-10-08 04:11:24,413 [/root/kit/protenix_v2/venv/lib/python3.11/site-packages/runner/batch_inference.py:418] INFO runner.batch_inference: Triangle_multiplicative kernel: cuequivariance, Triangle_attention kernel: cuequivariance
2026-10-08 04:11:24,413 [/root/kit/protenix_v2/venv/lib/python3.11/site-packages/runner/batch_inference.py:422] INFO runner.batch_inference: enable_diffusion_shared_vars_cache: True, enable_efficient_fusion: True, enable_tf32: True
2026-10-08 04:11:24,413 [/root/kit/protenix_v2/venv/lib/python3.11/site-packages/runner/inference.py:246] INFO runner.inference: Distributed environment: world size: 1, global rank: 0, local rank: 0
2026-10-08 04:11:24,414 [/root/kit/protenix_v2/venv/lib/python3.11/site-packages/runner/inference.py:98] INFO root: LOCAL_RANK: 0 - CUDA_VISIBLE_DEVICES: [0]
2026-10-08 04:11:24,595 [/root/kit/protenix_v2/venv/lib/python3.11/site-packages/runner/inference.py:123] INFO root: Kernels will be compiled when fast_layernorm is first called.
2026-10-08 04:11:24,595 [/root/kit/protenix_v2/venv/lib/python3.11/site-packages/runner/inference.py:127] INFO root: Finished environment initialization.
2026-10-08 04:15:50,275 [/root/kit/protenix_v2/venv/lib/python3.11/site-packages/runner/inference.py:246] INFO runner.inference: Loading from /weights/protenix/checkpoint/protenix-v2.pt, strict: True
2026-10-08 04:15:51,501 [/root/kit/protenix_v2/venv/lib/python3.11/site-packages/runner/inference.py:246] INFO runner.inference: Sampled key: module.input_embedder.atom_attention_encoder.linear_no_bias_ref_pos.weight
2026-10-08 04:15:51,632 [/root/kit/protenix_v2/venv/lib/python3.11/site-packages/runner/inference.py:246] INFO runner.inference: Finish loading checkpoint.
2026-10-08 04:15:51,641 [/root/kit/protenix_v2/venv/lib/python3.11/site-packages/runner/inference.py:246] INFO runner.inference: Model parameters: 464.44M
  0%|          | 0/1 [00:00<?, ?it/s]2026-10-08 04:15:51,650 [/root/kit/protenix_v2/venv/lib/python3.11/site-packages/runner/msa_search.py:252] INFO runner.msa_search: do not need to update msa result, so return itself /root/pfm/in/timing.json
2026-10-08 04:15:51,650 [/root/kit/protenix_v2/venv/lib/python3.11/site-packages/runner/inference.py:428] INFO runner.inference: Loading data from /root/pfm/in/timing.json
2026-10-08 04:15:51,655 [/root/kit/protenix_v2/venv/lib/python3.11/site-packages/protenix/data/inference/infer_dataloader.py:283] INFO protenix.data.inference.infer_dataloader: Featurizing c730d5889_r0...
2026-10-08 04:16:00,354 [/root/kit/protenix_v2/venv/lib/python3.11/site-packages/protenix/data/constraint/constraint_featurizer.py:392] INFO protenix.data.constraint.constraint_featurizer: Loaded constraint feature: #atom contact:0 #contact:0 #pocket:0
2026-10-08 04:16:01,827 [/root/kit/protenix_v2/venv/lib/python3.11/site-packages/protenix/data/template/template_featurizer.py:684] INFO protenix.data.template.template_featurizer: Calling InferenceTemplateFeaturizer.make_template_feature
2026-10-08 04:16:03,257 [/root/kit/protenix_v2/venv/lib/python3.11/site-packages/runner/inference.py:478] INFO runner.inference: [Rank 0 (1/20)] c730d5889_r0 [seed:101]: N_asym 2, N_token 730, N_atom 5919, N_msa 3978
/root/kit/protenix_v2/venv/lib/python3.11/site-packages/torch/jit/_script.py:1488: DeprecationWarning: `torch.jit.script` is deprecated. Please switch to `torch.compile` or `torch.export`.
  warnings.warn(
2026-10-08 04:17:04,456 [/root/kit/protenix_v2/venv/lib/python3.11/site-packages/runner/inference.py:500] INFO runner.inference: [Rank 0] c730d5889_r0 [seed:101] succeeded. Model forward time: 61.20s. Results saved to /root/pfm/results/time_off/pred
2026-10-08 04:17:04,481 [/root/kit/protenix_v2/venv/lib/python3.11/site-packages/protenix/data/inference/infer_dataloader.py:283] INFO protenix.data.inference.infer_dataloader: Featurizing c730d5889_r1...
2026-10-08 04:17:05,650 [/root/kit/protenix_v2/venv/lib/python3.11/site-packages/protenix/data/constraint/constraint_featurizer.py:392] INFO protenix.data.constraint.constraint_featurizer: Loaded constraint feature: #atom contact:0 #contact:0 #pocket:0
2026-10-08 04:17:06,999 [/root/kit/protenix_v2/venv/lib/python3.11/site-packages/protenix/data/template/template_featurizer.py:684] INFO protenix.data.template.template_featurizer: Calling InferenceTemplateFeaturizer.make_template_feature
2026-10-08 04:17:08,551 [/root/kit/protenix_v2/venv/lib/python3.11/site-packages/runner/inference.py:478] INFO runner.inference: [Rank 0 (2/20)] c730d5889_r1 [seed:101]: N_asym 2, N_token 730, N_atom 5919, N_msa 3978
2026-10-08 04:18:03,292 [/root/kit/protenix_v2/venv/lib/python3.11/site-packages/runner/inference.py:500] INFO runner.inference: [Rank 0] c730d5889_r1 [seed:101] succeeded. Model forward time: 54.74s. Results saved to /root/pfm/results/time_off/pred
2026-10-08 04:18:03,311 [/root/kit/protenix_v2/venv/lib/python3.11/site-packages/protenix/data/inference/infer_dataloader.py:283] INFO protenix.data.inference.infer_dataloader: Featurizing c730d5889_r2...
2026-10-08 04:18:04,460 [/root/kit/protenix_v2/venv/lib/python3.11/site-packages/protenix/data/constraint/constraint_featurizer.py:392] INFO protenix.data.constraint.constraint_featurizer: Loaded constraint feature: #atom contact:0 #contact:0 #pocket:0
2026-10-08 04:18:05,899 [/root/kit/protenix_v2/venv/lib/python3.11/site-packages/protenix/data/template/template_featurizer.py:684] INFO protenix.data.template.template_featurizer: Calling InferenceTemplateFeaturizer.make_template_feature
2026-10-08 04:18:07,351 [/root/kit/protenix_v2/venv/lib/python3.11/site-packages/runner/inference.py:478] INFO runner.inference: [Rank 0 (3/20)] c730d5889_r2 [seed:101]: N_asym 2, N_token 730, N_atom 5919, N_msa 3978
2026-10-08 04:19:02,344 [/root/kit/protenix_v2/venv/lib/python3.11/site-packages/runner/inference.py:500] INFO runner.inference: [Rank 0] c730d5889_r2 [seed:101] succeeded. Model forward time: 54.99s. Results saved to /root/pfm/results/time_off/pred
2026-10-08 04:19:02,366 [/root/kit/protenix_v2/venv/lib/python3.11/site-packages/protenix/data/inference/infer_dataloader.py:283] INFO protenix.data.inference.infer_dataloader: Featurizing c730d5889_r3...
2026-10-08 04:19:03,552 [/root/kit/protenix_v2/venv/lib/python3.11/site-packages/protenix/data/constraint/constraint_featurizer.py:392] INFO protenix.data.constraint.constraint_featurizer: Loaded constraint feature: #atom contact:0 #contact:0 #pocket:0
2026-10-08 04:19:04,812 [/root/kit/protenix_v2/venv/lib/python3.11/site-packages/protenix/data/template/template_featurizer.py:684] INFO protenix.data.template.template_featurizer: Calling InferenceTemplateFeaturizer.make_template_feature
2026-10-08 04:19:06,165 [/root/kit/protenix_v2/venv/lib/python3.11/site-packages/runner/inference.py:478] INFO runner.inference: [Rank 0 (4/20)] c730d5889_r3 [seed:101]: N_asym 2, N_token 730, N_atom 5919, N_msa 3978
2026-10-08 04:20:01,431 [/root/kit/protenix_v2/venv/lib/python3.11/site-packages/runner/inference.py:500] INFO runner.inference: [Rank 0] c730d5889_r3 [seed:101] succeeded. Model forward time: 55.27s. Results saved to /root/pfm/results/time_off/pred
2026-10-08 04:20:01,454 [/root/kit/protenix_v2/venv/lib/python3.11/site-packages/protenix/data/inference/infer_dataloader.py:283] INFO protenix.data.inference.infer_dataloader: Featurizing c730d9987_r0...
2026-10-08 04:20:02,659 [/root/kit/protenix_v2/venv/lib/python3.11/site-packages/protenix/data/constraint/constraint_featurizer.py:392] INFO protenix.data.constraint.constraint_featurizer: Loaded constraint feature: #atom contact:0 #contact:0 #pocket:0
2026-10-08 04:20:04,931 [/root/kit/protenix_v2/venv/lib/python3.11/site-packages/protenix/data/template/template_featurizer.py:684] INFO protenix.data.template.template_featurizer: Calling InferenceTemplateFeaturizer.make_template_feature
2026-10-08 04:20:06,354 [/root/kit/protenix_v2/venv/lib/python3.11/site-packages/runner/inference.py:478] INFO runner.inference: [Rank 0 (5/20)] c730d9987_r0 [seed:101]: N_asym 2, N_token 730, N_atom 5919, N_msa 8770
2026-10-08 04:21:02,038 [/root/kit/protenix_v2/venv/lib/python3.11/site-packages/runner/inference.py:500] INFO runner.inference: [Rank 0] c730d9987_r0 [seed:101] succeeded. Model forward time: 55.68s. Results saved to /root/pfm/results/time_off/pred
2026-10-08 04:21:02,061 [/root/kit/protenix_v2/venv/lib/python3.11/site-packages/protenix/data/inference/infer_dataloader.py:283] INFO protenix.data.inference.infer_dataloader: Featurizing c730d9987_r1...
2026-10-08 04:21:03,058 [/root/kit/protenix_v2/venv/lib/python3.11/site-packages/protenix/data/constraint/constraint_featurizer.py:392] INFO protenix.data.constraint.constraint_featurizer: Loaded constraint feature: #atom contact:0 #contact:0 #pocket:0
2026-10-08 04:21:05,312 [/root/kit/protenix_v2/venv/lib/python3.11/site-packages/protenix/data/template/template_featurizer.py:684] INFO protenix.data.template.template_featurizer: Calling InferenceTemplateFeaturizer.make_template_feature
2026-10-08 04:21:06,759 [/root/kit/protenix_v2/venv/lib/python3.11/site-packages/runner/inference.py:478] INFO runner.inference: [Rank 0 (6/20)] c730d9987_r1 [seed:101]: N_asym 2, N_token 730, N_atom 5919, N_msa 8770
2026-10-08 04:22:03,491 [/root/kit/protenix_v2/venv/lib/python3.11/site-packages/runner/inference.py:500] INFO runner.inference: [Rank 0] c730d9987_r1 [seed:101] succeeded. Model forward time: 56.73s. Results saved to /root/pfm/results/time_off/pred
2026-10-08 04:22:03,516 [/root/kit/protenix_v2/venv/lib/python3.11/site-packages/protenix/data/inference/infer_dataloader.py:283] INFO protenix.data.inference.infer_dataloader: Featurizing c730d9987_r2...
2026-10-08 04:22:04,652 [/root/kit/protenix_v2/venv/lib/python3.11/site-packages/protenix/data/constraint/constraint_featurizer.py:392] INFO protenix.data.constraint.constraint_featurizer: Loaded constraint feature: #atom contact:0 #contact:0 #pocket:0
2026-10-08 04:22:06,918 [/root/kit/protenix_v2/venv/lib/python3.11/site-packages/protenix/data/template/template_featurizer.py:684] INFO protenix.data.template.template_featurizer: Calling InferenceTemplateFeaturizer.make_template_feature
2026-10-08 04:22:08,551 [/root/kit/protenix_v2/venv/lib/python3.11/site-packages/runner/inference.py:478] INFO runner.inference: [Rank 0 (7/20)] c730d9987_r2 [seed:101]: N_asym 2, N_token 730, N_atom 5919, N_msa 8770
2026-10-08 04:23:04,761 [/root/kit/protenix_v2/venv/lib/python3.11/site-packages/runner/inference.py:500] INFO runner.inference: [Rank 0] c730d9987_r2 [seed:101] succeeded. Model forward time: 56.21s. Results saved to /root/pfm/results/time_off/pred
2026-10-08 04:23:04,782 [/root/kit/protenix_v2/venv/lib/python3.11/site-packages/protenix/data/inference/infer_dataloader.py:283] INFO protenix.data.inference.infer_dataloader: Featurizing c730d9987_r3...
2026-10-08 04:23:05,949 [/root/kit/protenix_v2/venv/lib/python3.11/site-packages/protenix/data/constraint/constraint_featurizer.py:392] INFO protenix.data.constraint.constraint_featurizer: Loaded constraint feature: #atom contact:0 #contact:0 #pocket:0
2026-10-08 04:23:08,240 [/root/kit/protenix_v2/venv/lib/python3.11/site-packages/protenix/data/template/template_featurizer.py:684] INFO protenix.data.template.template_featurizer: Calling InferenceTemplateFeaturizer.make_template_feature
2026-10-08 04:23:09,756 [/root/kit/protenix_v2/venv/lib/python3.11/site-packages/runner/inference.py:478] INFO runner.inference: [Rank 0 (8/20)] c730d9987_r3 [seed:101]: N_asym 2, N_token 730, N_atom 5919, N_msa 8770
2026-10-08 04:24:06,085 [/root/kit/protenix_v2/venv/lib/python3.11/site-packages/runner/inference.py:500] INFO runner.inference: [Rank 0] c730d9987_r3 [seed:101] succeeded. Model forward time: 56.33s. Results saved to /root/pfm/results/time_off/pred
2026-10-08 04:24:06,107 [/root/kit/protenix_v2/venv/lib/python3.11/site-packages/protenix/data/inference/infer_dataloader.py:283] INFO protenix.data.inference.infer_dataloader: Featurizing p8y9t_r0...
2026-10-08 04:24:07,250 [/root/kit/protenix_v2/venv/lib/python3.11/site-packages/protenix/data/constraint/constraint_featurizer.py:392] INFO protenix.data.constraint.constraint_featurizer: Loaded constraint feature: #atom contact:0 #contact:0 #pocket:0
2026-10-08 04:24:08,886 [/root/kit/protenix_v2/venv/lib/python3.11/site-packages/protenix/data/template/template_featurizer.py:684] INFO protenix.data.template.template_featurizer: Calling InferenceTemplateFeaturizer.make_template_feature
2026-10-08 04:24:10,455 [/root/kit/protenix_v2/venv/lib/python3.11/site-packages/runner/inference.py:478] INFO runner.inference: [Rank 0 (9/20)] p8y9t_r0 [seed:101]: N_asym 2, N_token 717, N_atom 5678, N_msa 10800
2026-10-08 04:25:07,142 [/root/kit/protenix_v2/venv/lib/python3.11/site-packages/runner/inference.py:500] INFO runner.inference: [Rank 0] p8y9t_r0 [seed:101] succeeded. Model forward time: 56.69s. Results saved to /root/pfm/results/time_off/pred
2026-10-08 04:25:07,168 [/root/kit/protenix_v2/venv/lib/python3.11/site-packages/protenix/data/inference/infer_dataloader.py:283] INFO protenix.data.inference.infer_dataloader: Featurizing p8y9t_r1...
2026-10-08 04:25:08,258 [/root/kit/protenix_v2/venv/lib/python3.11/site-packages/protenix/data/constraint/constraint_featurizer.py:392] INFO protenix.data.constraint.constraint_featurizer: Loaded constraint feature: #atom contact:0 #contact:0 #pocket:0
2026-10-08 04:25:10,010 [/root/kit/protenix_v2/venv/lib/python3.11/site-packages/protenix/data/template/template_featurizer.py:684] INFO protenix.data.template.template_featurizer: Calling InferenceTemplateFeaturizer.make_template_feature
2026-10-08 04:25:11,650 [/root/kit/protenix_v2/venv/lib/python3.11/site-packages/runner/inference.py:478] INFO runner.inference: [Rank 0 (10/20)] p8y9t_r1 [seed:101]: N_asym 2, N_token 717, N_atom 5678, N_msa 10800
2026-10-08 04:26:08,614 [/root/kit/protenix_v2/venv/lib/python3.11/site-packages/runner/inference.py:500] INFO runner.inference: [Rank 0] p8y9t_r1 [seed:101] succeeded. Model forward time: 56.97s. Results saved to /root/pfm/results/time_off/pred
2026-10-08 04:26:08,638 [/root/kit/protenix_v2/venv/lib/python3.11/site-packages/protenix/data/inference/infer_dataloader.py:283] INFO protenix.data.inference.infer_dataloader: Featurizing p8y9t_r2...
2026-10-08 04:26:09,849 [/root/kit/protenix_v2/venv/lib/python3.11/site-packages/protenix/data/constraint/constraint_featurizer.py:392] INFO protenix.data.constraint.constraint_featurizer: Loaded constraint feature: #atom contact:0 #contact:0 #pocket:0
2026-10-08 04:26:11,533 [/root/kit/protenix_v2/venv/lib/python3.11/site-packages/protenix/data/template/template_featurizer.py:684] INFO protenix.data.template.template_featurizer: Calling InferenceTemplateFeaturizer.make_template_feature
2026-10-08 04:26:13,155 [/root/kit/protenix_v2/venv/lib/python3.11/site-packages/runner/inference.py:478] INFO runner.inference: [Rank 0 (11/20)] p8y9t_r2 [seed:101]: N_asym 2, N_token 717, N_atom 5678, N_msa 10800
2026-10-08 04:27:09,436 [/root/kit/protenix_v2/venv/lib/python3.11/site-packages/runner/inference.py:500] INFO runner.inference: [Rank 0] p8y9t_r2 [seed:101] succeeded. Model forward time: 56.28s. Results saved to /root/pfm/results/time_off/pred
2026-10-08 04:27:09,459 [/root/kit/protenix_v2/venv/lib/python3.11/site-packages/protenix/data/inference/infer_dataloader.py:283] INFO protenix.data.inference.infer_dataloader: Featurizing p8y9t_r3...
2026-10-08 04:27:10,552 [/root/kit/protenix_v2/venv/lib/python3.11/site-packages/protenix/data/constraint/constraint_featurizer.py:392] INFO protenix.data.constraint.constraint_featurizer: Loaded constraint feature: #atom contact:0 #contact:0 #pocket:0
2026-10-08 04:27:12,231 [/root/kit/protenix_v2/venv/lib/python3.11/site-packages/protenix/data/template/template_featurizer.py:684] INFO protenix.data.template.template_featurizer: Calling InferenceTemplateFeaturizer.make_template_feature
2026-10-08 04:27:13,559 [/root/kit/protenix_v2/venv/lib/python3.11/site-packages/runner/inference.py:478] INFO runner.inference: [Rank 0 (12/20)] p8y9t_r3 [seed:101]: N_asym 2, N_token 717, N_atom 5678, N_msa 10800
2026-10-08 04:28:11,252 [/root/kit/protenix_v2/venv/lib/python3.11/site-packages/runner/inference.py:500] INFO runner.inference: [Rank 0] p8y9t_r3 [seed:101] succeeded. Model forward time: 57.69s. Results saved to /root/pfm/results/time_off/pred
2026-10-08 04:28:11,279 [/root/kit/protenix_v2/venv/lib/python3.11/site-packages/protenix/data/inference/infer_dataloader.py:283] INFO protenix.data.inference.infer_dataloader: Featurizing p9dis_r0...
2026-10-08 04:28:12,352 [/root/kit/protenix_v2/venv/lib/python3.11/site-packages/protenix/data/constraint/constraint_featurizer.py:392] INFO protenix.data.constraint.constraint_featurizer: Loaded constraint feature: #atom contact:0 #contact:0 #pocket:0
2026-10-08 04:28:13,519 [/root/kit/protenix_v2/venv/lib/python3.11/site-packages/protenix/data/template/template_featurizer.py:684] INFO protenix.data.template.template_featurizer: Calling InferenceTemplateFeaturizer.make_template_feature
2026-10-08 04:28:14,952 [/root/kit/protenix_v2/venv/lib/python3.11/site-packages/runner/inference.py:478] INFO runner.inference: [Rank 0 (13/20)] p9dis_r0 [seed:101]: N_asym 2, N_token 754, N_atom 5829, N_msa 1499
2026-10-08 04:29:12,092 [/root/kit/protenix_v2/venv/lib/python3.11/site-packages/runner/inference.py:500] INFO runner.inference: [Rank 0] p9dis_r0 [seed:101] succeeded. Model forward time: 57.14s. Results saved to /root/pfm/results/time_off/pred
2026-10-08 04:29:12,116 [/root/kit/protenix_v2/venv/lib/python3.11/site-packages/protenix/data/inference/infer_dataloader.py:283] INFO protenix.data.inference.infer_dataloader: Featurizing p9dis_r1...
2026-10-08 04:29:13,356 [/root/kit/protenix_v2/venv/lib/python3.11/site-packages/protenix/data/constraint/constraint_featurizer.py:392] INFO protenix.data.constraint.constraint_featurizer: Loaded constraint feature: #atom contact:0 #contact:0 #pocket:0
2026-10-08 04:29:14,718 [/root/kit/protenix_v2/venv/lib/python3.11/site-packages/protenix/data/template/template_featurizer.py:684] INFO protenix.data.template.template_featurizer: Calling InferenceTemplateFeaturizer.make_template_feature
2026-10-08 04:29:16,250 [/root/kit/protenix_v2/venv/lib/python3.11/site-packages/runner/inference.py:478] INFO runner.inference: [Rank 0 (14/20)] p9dis_r1 [seed:101]: N_asym 2, N_token 754, N_atom 5829, N_msa 1499
2026-10-08 04:30:12,941 [/root/kit/protenix_v2/venv/lib/python3.11/site-packages/runner/inference.py:500] INFO runner.inference: [Rank 0] p9dis_r1 [seed:101] succeeded. Model forward time: 56.77s. Results saved to /root/pfm/results/time_off/pred
2026-10-08 04:30:12,958 [/root/kit/protenix_v2/venv/lib/python3.11/site-packages/protenix/data/inference/infer_dataloader.py:283] INFO protenix.data.inference.infer_dataloader: Featurizing p9dis_r2...
2026-10-08 04:30:14,058 [/root/kit/protenix_v2/venv/lib/python3.11/site-packages/protenix/data/constraint/constraint_featurizer.py:392] INFO protenix.data.constraint.constraint_featurizer: Loaded constraint feature: #atom contact:0 #contact:0 #pocket:0
2026-10-08 04:30:15,265 [/root/kit/protenix_v2/venv/lib/python3.11/site-packages/protenix/data/template/template_featurizer.py:684] INFO protenix.data.template.template_featurizer: Calling InferenceTemplateFeaturizer.make_template_feature
2026-10-08 04:30:16,658 [/root/kit/protenix_v2/venv/lib/python3.11/site-packages/runner/inference.py:478] INFO runner.inference: [Rank 0 (15/20)] p9dis_r2 [seed:101]: N_asym 2, N_token 754, N_atom 5829, N_msa 1499
2026-10-08 04:31:13,992 [/root/kit/protenix_v2/venv/lib/python3.11/site-packages/runner/inference.py:500] INFO runner.inference: [Rank 0] p9dis_r2 [seed:101] succeeded. Model forward time: 57.33s. Results saved to /root/pfm/results/time_off/pred
2026-10-08 04:31:14,010 [/root/kit/protenix_v2/venv/lib/python3.11/site-packages/protenix/data/inference/infer_dataloader.py:283] INFO protenix.data.inference.infer_dataloader: Featurizing p9dis_r3...
2026-10-08 04:31:15,058 [/root/kit/protenix_v2/venv/lib/python3.11/site-packages/protenix/data/constraint/constraint_featurizer.py:392] INFO protenix.data.constraint.constraint_featurizer: Loaded constraint feature: #atom contact:0 #contact:0 #pocket:0
2026-10-08 04:31:16,243 [/root/kit/protenix_v2/venv/lib/python3.11/site-packages/protenix/data/template/template_featurizer.py:684] INFO protenix.data.template.template_featurizer: Calling InferenceTemplateFeaturizer.make_template_feature
2026-10-08 04:31:17,856 [/root/kit/protenix_v2/venv/lib/python3.11/site-packages/runner/inference.py:478] INFO runner.inference: [Rank 0 (16/20)] p9dis_r3 [seed:101]: N_asym 2, N_token 754, N_atom 5829, N_msa 1499
2026-10-08 04:32:15,067 [/root/kit/protenix_v2/venv/lib/python3.11/site-packages/runner/inference.py:500] INFO runner.inference: [Rank 0] p9dis_r3 [seed:101] succeeded. Model forward time: 57.21s. Results saved to /root/pfm/results/time_off/pred
2026-10-08 04:32:15,086 [/root/kit/protenix_v2/venv/lib/python3.11/site-packages/protenix/data/inference/infer_dataloader.py:283] INFO protenix.data.inference.infer_dataloader: Featurizing p9w8a_r0...
2026-10-08 04:32:16,349 [/root/kit/protenix_v2/venv/lib/python3.11/site-packages/protenix/data/constraint/constraint_featurizer.py:392] INFO protenix.data.constraint.constraint_featurizer: Loaded constraint feature: #atom contact:0 #contact:0 #pocket:0
2026-10-08 04:32:17,988 [/root/kit/protenix_v2/venv/lib/python3.11/site-packages/protenix/data/template/template_featurizer.py:684] INFO protenix.data.template.template_featurizer: Calling InferenceTemplateFeaturizer.make_template_feature
2026-10-08 04:32:19,658 [/root/kit/protenix_v2/venv/lib/python3.11/site-packages/runner/inference.py:478] INFO runner.inference: [Rank 0 (17/20)] p9w8a_r0 [seed:101]: N_asym 2, N_token 778, N_atom 5984, N_msa 9578
2026-10-08 04:33:23,959 [/root/kit/protenix_v2/venv/lib/python3.11/site-packages/runner/inference.py:500] INFO runner.inference: [Rank 0] p9w8a_r0 [seed:101] succeeded. Model forward time: 64.30s. Results saved to /root/pfm/results/time_off/pred
2026-10-08 04:33:23,976 [/root/kit/protenix_v2/venv/lib/python3.11/site-packages/protenix/data/inference/infer_dataloader.py:283] INFO protenix.data.inference.infer_dataloader: Featurizing p9w8a_r1...
2026-10-08 04:33:25,058 [/root/kit/protenix_v2/venv/lib/python3.11/site-packages/protenix/data/constraint/constraint_featurizer.py:392] INFO protenix.data.constraint.constraint_featurizer: Loaded constraint feature: #atom contact:0 #contact:0 #pocket:0
2026-10-08 04:33:26,636 [/root/kit/protenix_v2/venv/lib/python3.11/site-packages/protenix/data/template/template_featurizer.py:684] INFO protenix.data.template.template_featurizer: Calling InferenceTemplateFeaturizer.make_template_feature
2026-10-08 04:33:28,154 [/root/kit/protenix_v2/venv/lib/python3.11/site-packages/runner/inference.py:478] INFO runner.inference: [Rank 0 (18/20)] p9w8a_r1 [seed:101]: N_asym 2, N_token 778, N_atom 5984, N_msa 9578
2026-10-08 04:34:32,658 [/root/kit/protenix_v2/venv/lib/python3.11/site-packages/runner/inference.py:500] INFO runner.inference: [Rank 0] p9w8a_r1 [seed:101] succeeded. Model forward time: 64.50s. Results saved to /root/pfm/results/time_off/pred
2026-10-08 04:34:32,680 [/root/kit/protenix_v2/venv/lib/python3.11/site-packages/protenix/data/inference/infer_dataloader.py:283] INFO protenix.data.inference.infer_dataloader: Featurizing p9w8a_r2...
2026-10-08 04:34:33,852 [/root/kit/protenix_v2/venv/lib/python3.11/site-packages/protenix/data/constraint/constraint_featurizer.py:392] INFO protenix.data.constraint.constraint_featurizer: Loaded constraint feature: #atom contact:0 #contact:0 #pocket:0
2026-10-08 04:34:35,389 [/root/kit/protenix_v2/venv/lib/python3.11/site-packages/protenix/data/template/template_featurizer.py:684] INFO protenix.data.template.template_featurizer: Calling InferenceTemplateFeaturizer.make_template_feature
2026-10-08 04:34:37,062 [/root/kit/protenix_v2/venv/lib/python3.11/site-packages/runner/inference.py:478] INFO runner.inference: [Rank 0 (19/20)] p9w8a_r2 [seed:101]: N_asym 2, N_token 778, N_atom 5984, N_msa 9578
2026-10-08 04:35:41,499 [/root/kit/protenix_v2/venv/lib/python3.11/site-packages/runner/inference.py:500] INFO runner.inference: [Rank 0] p9w8a_r2 [seed:101] succeeded. Model forward time: 64.44s. Results saved to /root/pfm/results/time_off/pred
2026-10-08 04:35:41,516 [/root/kit/protenix_v2/venv/lib/python3.11/site-packages/protenix/data/inference/infer_dataloader.py:283] INFO protenix.data.inference.infer_dataloader: Featurizing p9w8a_r3...
2026-10-08 04:35:42,754 [/root/kit/protenix_v2/venv/lib/python3.11/site-packages/protenix/data/constraint/constraint_featurizer.py:392] INFO protenix.data.constraint.constraint_featurizer: Loaded constraint feature: #atom contact:0 #contact:0 #pocket:0
2026-10-08 04:35:44,286 [/root/kit/protenix_v2/venv/lib/python3.11/site-packages/protenix/data/template/template_featurizer.py:684] INFO protenix.data.template.template_featurizer: Calling InferenceTemplateFeaturizer.make_template_feature
2026-10-08 04:35:45,860 [/root/kit/protenix_v2/venv/lib/python3.11/site-packages/runner/inference.py:478] INFO runner.inference: [Rank 0 (20/20)] p9w8a_r3 [seed:101]: N_asym 2, N_token 778, N_atom 5984, N_msa 9578
2026-10-08 04:36:50,118 [/root/kit/protenix_v2/venv/lib/python3.11/site-packages/runner/inference.py:500] INFO runner.inference: [Rank 0] p9w8a_r3 [seed:101] succeeded. Model forward time: 64.26s. Results saved to /root/pfm/results/time_off/pred
2026-10-08 04:36:50,136 [/root/kit/protenix_v2/venv/lib/python3.11/site-packages/runner/inference.py:520] INFO runner.inference: [Rank 0] Seed 101 completed in 1258.48s.
2026-10-08 04:36:50,136 [/root/kit/protenix_v2/venv/lib/python3.11/site-packages/runner/inference.py:532] INFO runner.inference: [Rank 0] Job completed in 1258.49s.
100%|██████████| 1/1 [20:58<00:00, 1258.49s/it]100%|██████████| 1/1 [20:58<00:00, 1258.49s/it]
[protenix-opt] OUTPUTS complete 200/200 (entries=20 seeds=1 samples=5)
