[bytes 04:40:39Z] START bytes_off: perf/bcx_bytes/bytes.py trace --levers off --tag=-lev_off
leased card 2 (node 3) on tt-quietbox as pid 400624
2026-09-26 04:40:41.164 | DEBUG    | ttnn:<module>:77 - Initial ttnn.CONFIG:
Config{cache_path=/home/ttuser/.cache/ttnn,model_cache_path=/home/ttuser/.cache/ttnn/models,tmp_dir=/tmp/ttnn,enable_model_cache=false,enable_fast_runtime_mode=true,throw_exception_on_fallback=false,enable_logging=false,enable_graph_report=false,enable_detailed_buffer_report=false,enable_detailed_tensor_report=false,enable_comparison_mode=false,comparison_mode_should_raise_exception=false,comparison_mode_pcc=0.9999,root_report_path=generated/ttnn/reports,report_name=std::nullopt,std::nullopt}
levers off precision=False: PERMUTE_BW_REBLOCK=False LEADING_SUM_TREE_ROWS=1073741824 SOFTMAX_BW_DTYPE=keep SOFTMAX_BW_ROUTE=chain FANIN_WIDEN_INCOMING=True
trace_stack-lev_off_evo_n256.json: fwd 391 ops, bwd 1037 ops
trace_stack-lev_off_extra_n256.json: fwd 267 ops, bwd 689 ops
Traceback (most recent call last):
  File "/home/ttuser/.coworker/wt/bcx-bwbytes/perf/bcx_bytes/bytes.py", line 810, in <module>
    main()
  File "/home/ttuser/.coworker/wt/bcx-bwbytes/perf/bcx_bytes/bytes.py", line 806, in main
    {"trace": cmd_trace, "census": cmd_census, "chunk": cmd_chunk, "join": cmd_join, "arms": cmd_arms, "psum": cmd_psum, "whole": cmd_whole}[args.cmd](args)
  File "/home/ttuser/.coworker/wt/bcx-bwbytes/perf/bcx_bytes/bytes.py", line 178, in cmd_trace
    lv.arm(arm)
  File "/home/ttuser/.coworker/wt/bcx-bwbytes/perf/bcx_stack/stack.py", line 330, in arm
    self.mm2d, self.bmm, self.heads = ARMS[name]
                                      ~~~~^^^^^^
KeyError: 'bwd'
[bytes 04:41:59Z] FAILED bytes_off (rc=1) -- continuing
[bytes 04:41:59Z] START bytes_on: perf/bcx_bytes/bytes.py trace --levers on --precision --tag=-lev_on
leased card 2 (node 3) on tt-quietbox as pid 405620
2026-09-26 04:42:02.152 | DEBUG    | ttnn:<module>:77 - Initial ttnn.CONFIG:
Config{cache_path=/home/ttuser/.cache/ttnn,model_cache_path=/home/ttuser/.cache/ttnn/models,tmp_dir=/tmp/ttnn,enable_model_cache=false,enable_fast_runtime_mode=true,throw_exception_on_fallback=false,enable_logging=false,enable_graph_report=false,enable_detailed_buffer_report=false,enable_detailed_tensor_report=false,enable_comparison_mode=false,comparison_mode_should_raise_exception=false,comparison_mode_pcc=0.9999,root_report_path=generated/ttnn/reports,report_name=std::nullopt,std::nullopt}
levers on precision=True: PERMUTE_BW_REBLOCK=True LEADING_SUM_TREE_ROWS=256 SOFTMAX_BW_DTYPE=bf16 SOFTMAX_BW_ROUTE=chain FANIN_WIDEN_INCOMING=False
trace_stack-lev_on_evo_n256.json: fwd 391 ops, bwd 1089 ops
trace_stack-lev_on_extra_n256.json: fwd 267 ops, bwd 750 ops
Traceback (most recent call last):
  File "/home/ttuser/.coworker/wt/bcx-bwbytes/perf/bcx_bytes/bytes.py", line 810, in <module>
    main()
  File "/home/ttuser/.coworker/wt/bcx-bwbytes/perf/bcx_bytes/bytes.py", line 806, in main
    {"trace": cmd_trace, "census": cmd_census, "chunk": cmd_chunk, "join": cmd_join, "arms": cmd_arms, "psum": cmd_psum, "whole": cmd_whole}[args.cmd](args)
  File "/home/ttuser/.coworker/wt/bcx-bwbytes/perf/bcx_bytes/bytes.py", line 178, in cmd_trace
    lv.arm(arm)
  File "/home/ttuser/.coworker/wt/bcx-bwbytes/perf/bcx_stack/stack.py", line 330, in arm
    self.mm2d, self.bmm, self.heads = ARMS[name]
                                      ~~~~^^^^^^
KeyError: 'bwd'
[bytes 04:42:19Z] FAILED bytes_on (rc=1) -- continuing
[bytes 04:42:19Z] START bytes_census: perf/bcx_bytes/bytes.py census
leased card 2 (node 3) on tt-quietbox as pid 405911
bwd-fix evo n=256 bwd: 1033 ops, moved 39394 MB, typecast 8101, layout 5460, padding 1417, fusible 4741, fp32 excess 7037
bwd-fix extra n=256 bwd: 687 ops, moved 34496 MB, typecast 7674, layout 3072, padding 775, fusible 4329, fp32 excess 6851
bwd evo n=128 bwd: 901 ops, moved 8126 MB, typecast 1649, layout 1422, padding 500, fusible 1057, fp32 excess 1120
bwd evo n=256 bwd: 1223 ops, moved 39962 MB, typecast 8101, layout 5996, padding 1417, fusible 4760, fp32 excess 7053
bwd extra n=128 bwd: 555 ops, moved 6629 MB, typecast 1491, layout 768, padding 194, fusible 914, fp32 excess 1050
bwd extra n=256 bwd: 877 ops, moved 35065 MB, typecast 7674, layout 3609, padding 775, fusible 4347, fp32 excess 6867
stack-lev_off evo n=256 bwd: 1037 ops, moved 39394 MB, typecast 8101, layout 5460, padding 1417, fusible 4598, fp32 excess 7037
stack-lev_off extra n=256 bwd: 689 ops, moved 34496 MB, typecast 7674, layout 3072, padding 775, fusible 4194, fp32 excess 6851
stack-lev_on evo n=256 bwd: 1089 ops, moved 41227 MB, typecast 9125, layout 5258, padding 1193, fusible 4355, fp32 excess 5810
stack-lev_on extra n=256 bwd: 750 ops, moved 36522 MB, typecast 8831, layout 2871, padding 580, fusible 3959, fp32 excess 5683
stack evo n=128 bwd: 921 ops, moved 9366 MB, typecast 2153, layout 1438, padding 517, fusible 1325, fp32 excess 1422
stack evo n=256 bwd: 1379 ops, moved 49153 MB, typecast 11624, layout 6699, padding 1449, fusible 6639, fp32 excess 9167
stack extra n=128 bwd: 585 ops, moved 8005 MB, typecast 1994, layout 936, padding 194, fusible 1183, fp32 excess 1352
stack extra n=256 bwd: 1043 ops, moved 44795 MB, typecast 11197, layout 4884, padding 775, fusible 6226, fp32 excess 8981
[bytes 04:42:23Z] OK bytes_census
[bytes 04:42:23Z] START bytes_f64: perf/bcx_bytes/bytes.py arms --arms base,smbf16,fanin,smbf16+fanin --f64
leased card 2 (node 3) on tt-quietbox as pid 405936
2026-09-26 04:42:25.078 | DEBUG    | ttnn:<module>:77 - Initial ttnn.CONFIG:
Config{cache_path=/home/ttuser/.cache/ttnn,model_cache_path=/home/ttuser/.cache/ttnn/models,tmp_dir=/tmp/ttnn,enable_model_cache=false,enable_fast_runtime_mode=true,throw_exception_on_fallback=false,enable_logging=false,enable_graph_report=false,enable_detailed_buffer_report=false,enable_detailed_tensor_report=false,enable_comparison_mode=false,comparison_mode_should_raise_exception=false,comparison_mode_pcc=0.9999,root_report_path=generated/ttnn/reports,report_name=std::nullopt,std::nullopt}
levers off precision=False: PERMUTE_BW_REBLOCK=False LEADING_SUM_TREE_ROWS=1073741824 SOFTMAX_BW_DTYPE=keep SOFTMAX_BW_ROUTE=chain FANIN_WIDEN_INCOMING=True
Traceback (most recent call last):
  File "/home/ttuser/.coworker/wt/bcx-bwbytes/perf/bcx_bytes/bytes.py", line 810, in <module>
    main()
  File "/home/ttuser/.coworker/wt/bcx-bwbytes/perf/bcx_bytes/bytes.py", line 806, in main
    {"trace": cmd_trace, "census": cmd_census, "chunk": cmd_chunk, "join": cmd_join, "arms": cmd_arms, "psum": cmd_psum, "whole": cmd_whole}[args.cmd](args)
  File "/home/ttuser/.coworker/wt/bcx-bwbytes/perf/bcx_bytes/bytes.py", line 580, in cmd_arms
    lv.arm(args.arm)
  File "/home/ttuser/.coworker/wt/bcx-bwbytes/perf/bcx_stack/stack.py", line 330, in arm
    self.mm2d, self.bmm, self.heads = ARMS[name]
                                      ~~~~^^^^^^
KeyError: 'bwd'
[bytes 04:42:37Z] FAILED bytes_f64 (rc=1) -- continuing
[bytes 04:42:37Z] BYTES CHAIN DONE
