leased card 2 (node 3) on tt-quietbox as pid 408855
2026-09-26 04:45:33.191 | DEBUG    | ttnn:<module>:77 - Initial ttnn.CONFIG:
Config{cache_path=/home/ttuser/.cache/ttnn,model_cache_path=/home/ttuser/.cache/ttnn/models,tmp_dir=/tmp/ttnn,enable_model_cache=false,enable_fast_runtime_mode=true,throw_exception_on_fallback=false,enable_logging=false,enable_graph_report=false,enable_detailed_buffer_report=false,enable_detailed_tensor_report=false,enable_comparison_mode=false,comparison_mode_should_raise_exception=false,comparison_mode_pcc=0.9999,root_report_path=generated/ttnn/reports,report_name=std::nullopt,std::nullopt}
levers off precision=False: PERMUTE_BW_REBLOCK=False LEADING_SUM_TREE_ROWS=1073741824 SOFTMAX_BW_DTYPE=keep SOFTMAX_BW_ROUTE=chain FANIN_WIDEN_INCOMING=True
n=224 evo vs float64: {'torch bf16': {'dm': 0.08326139016127639, 'dz': 0.06450737897795278}, 'torch f32': {'dm': 9.712664644645662e-05, 'dz': 0.00011141095627034705}, 'base': {'dm': 0.09665791049696577, 'dz': 0.07748146948926635}, 'smbf16': {'dm': 0.10133693502191522, 'dz': 0.08019160946987224}, 'fanin': {'dm': 0.09664593201387846, 'dz': 0.07751034038220249}, 'smbf16+fanin': {'dm': 0.10266966938808438, 'dz': 0.08024921161596668}}
n=224 evo base: bwd 0.1130 s, cpu 0.1243, fwd 0.0336, aiclk {'n': 0}, bits [{'identical': True, 'rel_l2': 0.0}, {'identical': True, 'rel_l2': 0.0}]
n=224 evo smbf16: bwd 0.1002 s, cpu 0.1208, fwd 0.0371, aiclk {'n': 0}, bits [{'identical': False, 'rel_l2': 0.03425306543866092}, {'identical': False, 'rel_l2': 0.022183617564888968}]
n=224 evo fanin: bwd 0.1024 s, cpu 0.1390, fwd 0.0315, aiclk {'n': 0}, bits [{'identical': False, 'rel_l2': 0.008538204397067184}, {'identical': False, 'rel_l2': 0.006141495014422123}]
n=224 evo smbf16+fanin: bwd 0.1331 s, cpu 0.1356, fwd 0.0330, aiclk {'n': 0}, bits [{'identical': False, 'rel_l2': 0.03394631923600251}, {'identical': False, 'rel_l2': 0.022251851277763333}]
n=224 extra vs float64: {'torch bf16': {'dz': 0.030256608050226695}, 'torch f32': {'dz': 2.197593734452642e-07}, 'base': {'dz': 0.031015554953937267}, 'smbf16': {'dz': 0.031017199972059598}, 'fanin': {'dz': 0.031021972417675195}, 'smbf16+fanin': {'dz': 0.0310225154461117}}
n=224 extra base: bwd 0.1005 s, cpu 0.1127, fwd 0.0264, aiclk {'n': 1, 'min': 1350, 'median': 1350, 'max': 1350}, bits [{'identical': True, 'rel_l2': 0.0}, {'identical': True, 'rel_l2': 0.0}]
n=224 extra smbf16: bwd 0.0874 s, cpu 0.1028, fwd 0.0263, aiclk {'n': 0}, bits [{'identical': True, 'rel_l2': 0.0}, {'identical': False, 'rel_l2': 0.0015361267962656338}]
n=224 extra fanin: bwd 0.0833 s, cpu 0.1071, fwd 0.0244, aiclk {'n': 1, 'min': 1350, 'median': 1350, 'max': 1350}, bits [{'identical': True, 'rel_l2': 0.0}, {'identical': False, 'rel_l2': 0.0028492981929896595}]
n=224 extra smbf16+fanin: bwd 0.0857 s, cpu 0.0880, fwd 0.0235, aiclk {'n': 0}, bits [{'identical': True, 'rel_l2': 0.0}, {'identical': False, 'rel_l2': 0.002915696599091823}]
n=256 evo vs float64: {'torch bf16': {'dm': 0.07989582864508792, 'dz': 0.06384719675365305}, 'torch f32': {'dm': 0.00019725266847163414, 'dz': 0.00027754552945338584}, 'base': {'dm': 0.09200235634059321, 'dz': 0.0772001580866231}, 'smbf16': {'dm': 0.098391566527553, 'dz': 0.08001819935468847}, 'fanin': {'dm': 0.09225134670042763, 'dz': 0.07725181367834956}, 'smbf16+fanin': {'dm': 0.09910794942300331, 'dz': 0.08005267369307341}}
n=256 evo base: bwd 0.1536 s, cpu 0.1563, fwd 0.0401, aiclk {'n': 1, 'min': 1350, 'median': 1350, 'max': 1350}, bits [{'identical': True, 'rel_l2': 0.0}, {'identical': True, 'rel_l2': 0.0}]
n=256 evo smbf16: bwd 0.1414 s, cpu 0.1563, fwd 0.0402, aiclk {'n': 1, 'min': 1350, 'median': 1350, 'max': 1350}, bits [{'identical': False, 'rel_l2': 0.034353434980912326}, {'identical': False, 'rel_l2': 0.022096604436411992}]
n=256 evo fanin: bwd 0.1451 s, cpu 0.1499, fwd 0.0412, aiclk {'n': 0}, bits [{'identical': False, 'rel_l2': 0.008671432242831692}, {'identical': False, 'rel_l2': 0.006069447113012214}]
n=256 evo smbf16+fanin: bwd 0.1370 s, cpu 0.1451, fwd 0.0425, aiclk {'n': 0}, bits [{'identical': False, 'rel_l2': 0.03539511616974776}, {'identical': False, 'rel_l2': 0.02237822815826124}]
n=256 extra vs float64: {'torch bf16': {'dz': 0.030577417387431246}, 'torch f32': {'dz': 0.0001563316090869706}, 'base': {'dz': 0.03153167715597566}, 'smbf16': {'dz': 0.031533212572403685}, 'fanin': {'dz': 0.0315391810376967}, 'smbf16+fanin': {'dz': 0.03154106306418978}}
n=256 extra base: bwd 0.1232 s, cpu 0.1305, fwd 0.0332, aiclk {'n': 0}, bits [{'identical': True, 'rel_l2': 0.0}, {'identical': True, 'rel_l2': 0.0}]
n=256 extra smbf16: bwd 0.1273 s, cpu 0.1280, fwd 0.0340, aiclk {'n': 0}, bits [{'identical': True, 'rel_l2': 0.0}, {'identical': False, 'rel_l2': 0.0015609067871752444}]
n=256 extra fanin: bwd 0.1220 s, cpu 0.1205, fwd 0.0363, aiclk {'n': 0}, bits [{'identical': True, 'rel_l2': 0.0}, {'identical': False, 'rel_l2': 0.0028382540930673807}]
n=256 extra smbf16+fanin: bwd 0.1220 s, cpu 0.1334, fwd 0.0342, aiclk {'n': 1, 'min': 1350, 'median': 1350, 'max': 1350}, bits [{'identical': True, 'rel_l2': 0.0}, {'identical': False, 'rel_l2': 0.0029153538044689852}]
served {'tri:whole:plan=45': 48, 'tri:whole:plan=91': 192, 'tri:whole:plan=39': 48, 'tri:whole:plan=81': 192}
