benchlock: c10-trace-lever acquired after 0s, loadavg 0.60 0.29 0.21
2026-09-17 00:20:48.882 | DEBUG    | ttnn:<module>:77 - Initial ttnn.CONFIG:
Config{cache_path=/home/ttuser/.cache/ttnn,model_cache_path=/home/ttuser/.cache/ttnn/models,tmp_dir=/tmp/ttnn,enable_model_cache=false,enable_fast_runtime_mode=true,throw_exception_on_fallback=false,enable_logging=false,enable_graph_report=false,enable_detailed_buffer_report=false,enable_detailed_tensor_report=false,enable_comparison_mode=false,comparison_mode_should_raise_exception=false,comparison_mode_pcc=0.9999,root_report_path=generated/ttnn/reports,report_name=std::nullopt,std::nullopt}
{"label": "cold", "arm": "untraced", "MHz": 1350, "elapsed_s": 18.6708, "host_cpu_s": 18.934, "calls": {"traced": 0, "untraced": 200}, "min_MHz": 1350, "max_MHz": 1350, "mean_W": 70.47155418389332, "cif": "bb7f0e1af7e271ee", "plddt": 0.845919}
{"label": "c1350_u0", "arm": "untraced", "MHz": 1350, "elapsed_s": 15.0161, "host_cpu_s": 16.967, "calls": {"traced": 0, "untraced": 200}, "min_MHz": 1350, "max_MHz": 1350, "mean_W": 80.78700753186558, "cif": "bb7f0e1af7e271ee", "plddt": 0.845919}
{"label": "c1350_t0", "arm": "traced", "MHz": 1350, "elapsed_s": 14.9276, "host_cpu_s": 16.817, "calls": {"traced": 200, "untraced": 0}, "min_MHz": 1350, "max_MHz": 1350, "mean_W": 80.29317239874936, "cif": "bb7f0e1af7e271ee", "plddt": 0.845919}
{"label": "c1350_t1", "arm": "traced", "MHz": 1350, "elapsed_s": 14.9135, "host_cpu_s": 16.794, "calls": {"traced": 200, "untraced": 0}, "min_MHz": 1350, "max_MHz": 1350, "mean_W": 79.13747454175153, "cif": "bb7f0e1af7e271ee", "plddt": 0.845919}
{"label": "c1350_u1", "arm": "untraced", "MHz": 1350, "elapsed_s": 14.9639, "host_cpu_s": 16.893, "calls": {"traced": 0, "untraced": 200}, "min_MHz": 1350, "max_MHz": 1350, "mean_W": 77.25875090777052, "cif": "bb7f0e1af7e271ee", "plddt": 0.845919}
{"label": "c1350_u2", "arm": "untraced", "MHz": 1350, "elapsed_s": 14.8595, "host_cpu_s": 16.72, "calls": {"traced": 0, "untraced": 200}, "min_MHz": 1350, "max_MHz": 1350, "mean_W": 78.92232867695458, "cif": "bb7f0e1af7e271ee", "plddt": 0.845919}
{"label": "c1350_t2", "arm": "traced", "MHz": 1350, "elapsed_s": 14.8763, "host_cpu_s": 16.745, "calls": {"traced": 200, "untraced": 0}, "min_MHz": 1350, "max_MHz": 1350, "mean_W": 78.21914210679896, "cif": "bb7f0e1af7e271ee", "plddt": 0.845919}
{"label": "c1350_t3", "arm": "traced", "MHz": 1350, "elapsed_s": 14.8862, "host_cpu_s": 16.754, "calls": {"traced": 200, "untraced": 0}, "min_MHz": 1350, "max_MHz": 1350, "mean_W": 80.03218743157434, "cif": "bb7f0e1af7e271ee", "plddt": 0.845919}
{"label": "c1350_u3", "arm": "untraced", "MHz": 1350, "elapsed_s": 14.8898, "host_cpu_s": 16.758, "calls": {"traced": 0, "untraced": 200}, "min_MHz": 1350, "max_MHz": 1350, "mean_W": 79.46464499198134, "cif": "bb7f0e1af7e271ee", "plddt": 0.845919}
{"label": "c1350_u4", "arm": "untraced", "MHz": 1350, "elapsed_s": 14.8533, "host_cpu_s": 16.705, "calls": {"traced": 0, "untraced": 200}, "min_MHz": 1350, "max_MHz": 1350, "mean_W": 78.65752923976608, "cif": "bb7f0e1af7e271ee", "plddt": 0.845919}
{"label": "c1350_t4", "arm": "traced", "MHz": 1350, "elapsed_s": 14.9058, "host_cpu_s": 16.765, "calls": {"traced": 200, "untraced": 0}, "min_MHz": 1350, "max_MHz": 1350, "mean_W": 81.1687905046239, "cif": "bb7f0e1af7e271ee", "plddt": 0.845919}
{"label": "c1350_t5", "arm": "traced", "MHz": 1350, "elapsed_s": 14.8389, "host_cpu_s": 16.676, "calls": {"traced": 200, "untraced": 0}, "min_MHz": 1350, "max_MHz": 1350, "mean_W": 80.56301720981325, "cif": "bb7f0e1af7e271ee", "plddt": 0.845919}
{"label": "c1350_u5", "arm": "untraced", "MHz": 1350, "elapsed_s": 14.8251, "host_cpu_s": 16.662, "calls": {"traced": 0, "untraced": 200}, "min_MHz": 1350, "max_MHz": 1350, "mean_W": 79.00519765739385, "cif": "bb7f0e1af7e271ee", "plddt": 0.845919}
{"label": "c1000_u0", "arm": "untraced", "MHz": 1000, "elapsed_s": 18.5063, "host_cpu_s": 20.375, "calls": {"traced": 0, "untraced": 200}, "min_MHz": 1000, "max_MHz": 1000, "mean_W": 53.46541397533764, "cif": "bb7f0e1af7e271ee", "plddt": 0.845919}
{"label": "c1000_t0", "arm": "traced", "MHz": 1000, "elapsed_s": 18.4986, "host_cpu_s": 20.371, "calls": {"traced": 200, "untraced": 0}, "min_MHz": 1000, "max_MHz": 1000, "mean_W": 54.58179365358672, "cif": "bb7f0e1af7e271ee", "plddt": 0.845919}
{"label": "c1000_t1", "arm": "traced", "MHz": 1000, "elapsed_s": 18.5592, "host_cpu_s": 20.412, "calls": {"traced": 200, "untraced": 0}, "min_MHz": 1000, "max_MHz": 1000, "mean_W": 51.84950008770391, "cif": "bb7f0e1af7e271ee", "plddt": 0.845919}
{"label": "c1000_u1", "arm": "untraced", "MHz": 1000, "elapsed_s": 18.5112, "host_cpu_s": 20.376, "calls": {"traced": 0, "untraced": 200}, "min_MHz": 1000, "max_MHz": 1000, "mean_W": 53.6332531251834, "cif": "bb7f0e1af7e271ee", "plddt": 0.845919}
{"label": "c1000_u2", "arm": "untraced", "MHz": 1000, "elapsed_s": 18.5574, "host_cpu_s": 20.461, "calls": {"traced": 0, "untraced": 200}, "min_MHz": 1000, "max_MHz": 1000, "mean_W": 52.89825649426632, "cif": "bb7f0e1af7e271ee", "plddt": 0.845919}
{"label": "c1000_t2", "arm": "traced", "MHz": 1000, "elapsed_s": 18.7415, "host_cpu_s": 20.638, "calls": {"traced": 200, "untraced": 0}, "min_MHz": 1000, "max_MHz": 1000, "mean_W": 51.87997681831353, "cif": "bb7f0e1af7e271ee", "plddt": 0.845919}
{"label": "c1000_t3", "arm": "traced", "MHz": 1000, "elapsed_s": 18.5348, "host_cpu_s": 20.401, "calls": {"traced": 200, "untraced": 0}, "min_MHz": 1000, "max_MHz": 1000, "mean_W": 52.767995310668226, "cif": "bb7f0e1af7e271ee", "plddt": 0.845919}
{"label": "c1000_u3", "arm": "untraced", "MHz": 1000, "elapsed_s": 18.4814, "host_cpu_s": 20.34, "calls": {"traced": 0, "untraced": 200}, "min_MHz": 1000, "max_MHz": 1000, "mean_W": 51.89314456911238, "cif": "bb7f0e1af7e271ee", "plddt": 0.845919}
2026-09-17 00:26:56.947 | DEBUG    | ttnn:<module>:77 - Initial ttnn.CONFIG:
Config{cache_path=/home/ttuser/.cache/ttnn,model_cache_path=/home/ttuser/.cache/ttnn/models,tmp_dir=/tmp/ttnn,enable_model_cache=false,enable_fast_runtime_mode=true,throw_exception_on_fallback=false,enable_logging=false,enable_graph_report=false,enable_detailed_buffer_report=false,enable_detailed_tensor_report=false,enable_comparison_mode=false,comparison_mode_should_raise_exception=false,comparison_mode_pcc=0.9999,root_report_path=generated/ttnn/reports,report_name=std::nullopt,std::nullopt}
{"label": "cold", "arm": "untraced", "MHz": 1350, "elapsed_s": 10.063, "host_cpu_s": 12.439, "calls": {"traced": 0, "untraced": 200}, "min_MHz": 1350, "max_MHz": 1350, "mean_W": 71.39385113268608, "cif": "24c4b534d763788c", "plddt": 0.908011}
{"label": "c1350_u0", "arm": "untraced", "MHz": 1350, "elapsed_s": 9.6681, "host_cpu_s": 11.03, "calls": {"traced": 0, "untraced": 200}, "min_MHz": 1350, "max_MHz": 1350, "mean_W": 73.5716049382716, "cif": "24c4b534d763788c", "plddt": 0.908011}
{"label": "c1350_t0", "arm": "traced", "MHz": 1350, "elapsed_s": 9.6839, "host_cpu_s": 11.041, "calls": {"traced": 200, "untraced": 0}, "min_MHz": 1350, "max_MHz": 1350, "mean_W": 72.64242492155984, "cif": "24c4b534d763788c", "plddt": 0.908011}
{"label": "c1350_t1", "arm": "traced", "MHz": 1350, "elapsed_s": 9.6809, "host_cpu_s": 11.047, "calls": {"traced": 200, "untraced": 0}, "min_MHz": 1350, "max_MHz": 1350, "mean_W": 69.18036094608227, "cif": "24c4b534d763788c", "plddt": 0.908011}
{"label": "c1350_u1", "arm": "untraced", "MHz": 1350, "elapsed_s": 9.6479, "host_cpu_s": 10.999, "calls": {"traced": 0, "untraced": 200}, "min_MHz": 1350, "max_MHz": 1350, "mean_W": 72.44788035533566, "cif": "24c4b534d763788c", "plddt": 0.908011}
{"label": "c1350_u2", "arm": "untraced", "MHz": 1350, "elapsed_s": 9.6032, "host_cpu_s": 10.898, "calls": {"traced": 0, "untraced": 200}, "min_MHz": 1350, "max_MHz": 1350, "mean_W": 69.61887436043206, "cif": "24c4b534d763788c", "plddt": 0.908011}
{"label": "c1350_t2", "arm": "traced", "MHz": 1350, "elapsed_s": 9.6832, "host_cpu_s": 11.048, "calls": {"traced": 200, "untraced": 0}, "min_MHz": 1350, "max_MHz": 1350, "mean_W": 71.50515695067264, "cif": "24c4b534d763788c", "plddt": 0.908011}
{"label": "c1350_t3", "arm": "traced", "MHz": 1350, "elapsed_s": 9.6317, "host_cpu_s": 10.957, "calls": {"traced": 200, "untraced": 0}, "min_MHz": 1350, "max_MHz": 1350, "mean_W": 72.55179799346185, "cif": "24c4b534d763788c", "plddt": 0.908011}
{"label": "c1350_u3", "arm": "untraced", "MHz": 1350, "elapsed_s": 9.8547, "host_cpu_s": 11.217, "calls": {"traced": 0, "untraced": 200}, "min_MHz": 1350, "max_MHz": 1350, "mean_W": 70.61374903602511, "cif": "24c4b534d763788c", "plddt": 0.908011}
{"label": "c1350_u4", "arm": "untraced", "MHz": 1350, "elapsed_s": 9.6711, "host_cpu_s": 11.03, "calls": {"traced": 0, "untraced": 200}, "min_MHz": 1350, "max_MHz": 1350, "mean_W": 73.05423310128003, "cif": "24c4b534d763788c", "plddt": 0.908011}
{"label": "c1350_t4", "arm": "traced", "MHz": 1350, "elapsed_s": 9.6418, "host_cpu_s": 10.989, "calls": {"traced": 200, "untraced": 0}, "min_MHz": 1350, "max_MHz": 1350, "mean_W": 73.88342522786093, "cif": "24c4b534d763788c", "plddt": 0.908011}
{"label": "c1350_t5", "arm": "traced", "MHz": 1350, "elapsed_s": 9.6673, "host_cpu_s": 11.031, "calls": {"traced": 200, "untraced": 0}, "min_MHz": 1350, "max_MHz": 1350, "mean_W": 71.60327979332808, "cif": "24c4b534d763788c", "plddt": 0.908011}
{"label": "c1350_u5", "arm": "untraced", "MHz": 1350, "elapsed_s": 9.6304, "host_cpu_s": 10.961, "calls": {"traced": 0, "untraced": 200}, "min_MHz": 1350, "max_MHz": 1350, "mean_W": 71.75428120775123, "cif": "24c4b534d763788c", "plddt": 0.908011}
{"label": "c1000_u0", "arm": "untraced", "MHz": 1000, "elapsed_s": 12.3228, "host_cpu_s": 13.677, "calls": {"traced": 0, "untraced": 200}, "min_MHz": 1000, "max_MHz": 1000, "mean_W": 47.126134061481544, "cif": "24c4b534d763788c", "plddt": 0.908011}
{"label": "c1000_t0", "arm": "traced", "MHz": 1000, "elapsed_s": 12.3727, "host_cpu_s": 13.75, "calls": {"traced": 200, "untraced": 0}, "min_MHz": 1000, "max_MHz": 1000, "mean_W": 44.9555419151175, "cif": "24c4b534d763788c", "plddt": 0.908011}
{"label": "c1000_t1", "arm": "traced", "MHz": 1000, "elapsed_s": 12.3566, "host_cpu_s": 13.708, "calls": {"traced": 200, "untraced": 0}, "min_MHz": 1000, "max_MHz": 1000, "mean_W": 46.91040843214756, "cif": "24c4b534d763788c", "plddt": 0.908011}
{"label": "c1000_u1", "arm": "untraced", "MHz": 1000, "elapsed_s": 12.3329, "host_cpu_s": 13.698, "calls": {"traced": 0, "untraced": 200}, "min_MHz": 1000, "max_MHz": 1000, "mean_W": 47.67147887323944, "cif": "24c4b534d763788c", "plddt": 0.908011}
{"label": "c1000_u2", "arm": "untraced", "MHz": 1000, "elapsed_s": 12.3415, "host_cpu_s": 13.697, "calls": {"traced": 0, "untraced": 200}, "min_MHz": 1000, "max_MHz": 1000, "mean_W": 47.016194331983804, "cif": "24c4b534d763788c", "plddt": 0.908011}
{"label": "c1000_t2", "arm": "traced", "MHz": 1000, "elapsed_s": 12.3283, "host_cpu_s": 13.678, "calls": {"traced": 200, "untraced": 0}, "min_MHz": 1000, "max_MHz": 1000, "mean_W": 46.94886013555145, "cif": "24c4b534d763788c", "plddt": 0.908011}
{"label": "c1000_t3", "arm": "traced", "MHz": 1000, "elapsed_s": 12.3575, "host_cpu_s": 13.719, "calls": {"traced": 200, "untraced": 0}, "min_MHz": 1000, "max_MHz": 1000, "mean_W": 48.16618357487923, "cif": "24c4b534d763788c", "plddt": 0.908011}
{"label": "c1000_u3", "arm": "untraced", "MHz": 1000, "elapsed_s": 12.3225, "host_cpu_s": 13.665, "calls": {"traced": 0, "untraced": 200}, "min_MHz": 1000, "max_MHz": 1000, "mean_W": 48.23431994362227, "cif": "24c4b534d763788c", "plddt": 0.908011}
benchlock: c10-trace-lever released, rc=0, loadavg 1.23 1.12 0.73
