{"host": "UF-EV-A13-GWH02", "card": "28", "git_head": "e65b66be", "arch": "wormhole", "grid": [8, 9], "cores": 72, "l1_unreserved_per_core": 1466080, "is_small_grid": true, "fast_mode": true, "rows": 32, "window": [320, 1024], "split_swiglu": true, "fuse_swiglu": false}
320 off {"ln": [0, 0], "slice": [0, 1], "resid": [0, 1], "fill": [0, 1], "l1_fc1": [20, 0], "split": [1, 0], "refused": {"ln": 0, "slice": 0, "resid": 0, "fill": 0}, "ms": 20.1901}
320 E {"ln": [10, 0], "slice": [0, 1], "resid": [0, 1], "fill": [0, 1], "l1_fc1": [20, 0], "split": [1, 0], "refused": {"ln": 0, "slice": 0, "resid": 0, "fill": 0}, "torch_equal": true, "max_abs_diff": 0.0, "ms": 20.0648}
320 Cin {"ln": [0, 0], "slice": [1, 0], "resid": [0, 1], "fill": [0, 1], "l1_fc1": [20, 0], "split": [1, 0], "refused": {"ln": 0, "slice": 0, "resid": 0, "fill": 0}, "torch_equal": true, "max_abs_diff": 0.0, "ms": 19.7898}
320 F {"ln": [0, 0], "slice": [0, 1], "resid": [1, 0], "fill": [0, 1], "l1_fc1": [20, 0], "split": [1, 0], "refused": {"ln": 0, "slice": 0, "resid": 0, "fill": 0}, "torch_equal": true, "max_abs_diff": 0.0, "ms": 19.3907}
320 G {"ln": [0, 0], "slice": [0, 1], "resid": [1, 0], "fill": [1, 0], "l1_fc1": [20, 0], "split": [1, 0], "refused": {"ln": 0, "slice": 0, "resid": 0, "fill": 0}, "torch_equal": true, "max_abs_diff": 0.0, "ms": 19.1421}
320 ship {"ln": [10, 0], "slice": [1, 0], "resid": [1, 0], "fill": [1, 0], "l1_fc1": [20, 0], "split": [1, 0], "refused": {"ln": 0, "slice": 0, "resid": 0, "fill": 0}, "torch_equal": true, "max_abs_diff": 0.0, "ms": 18.7464}
512 off {"ln": [0, 0], "slice": [0, 1], "resid": [0, 1], "fill": [0, 1], "l1_fc1": [32, 0], "split": [1, 0], "refused": {"ln": 0, "slice": 0, "resid": 0, "fill": 0}, "ms": 51.7218}
512 E {"ln": [16, 0], "slice": [0, 1], "resid": [0, 1], "fill": [0, 1], "l1_fc1": [32, 0], "split": [1, 0], "refused": {"ln": 0, "slice": 0, "resid": 0, "fill": 0}, "torch_equal": true, "max_abs_diff": 0.0, "ms": 51.099}
512 Cin {"ln": [0, 0], "slice": [1, 0], "resid": [0, 1], "fill": [0, 1], "l1_fc1": [32, 0], "split": [1, 0], "refused": {"ln": 0, "slice": 0, "resid": 0, "fill": 0}, "torch_equal": true, "max_abs_diff": 0.0, "ms": 50.2962}
512 F {"ln": [0, 0], "slice": [0, 1], "resid": [1, 0], "fill": [0, 1], "l1_fc1": [32, 0], "split": [1, 0], "refused": {"ln": 0, "slice": 0, "resid": 0, "fill": 0}, "torch_equal": true, "max_abs_diff": 0.0, "ms": 49.4004}
512 G {"ln": [0, 0], "slice": [0, 1], "resid": [1, 0], "fill": [1, 0], "l1_fc1": [32, 0], "split": [1, 0], "refused": {"ln": 0, "slice": 0, "resid": 0, "fill": 0}, "torch_equal": true, "max_abs_diff": 0.0, "ms": 48.9079}
512 ship {"ln": [16, 0], "slice": [1, 0], "resid": [1, 0], "fill": [1, 0], "l1_fc1": [32, 0], "split": [1, 0], "refused": {"ln": 0, "slice": 0, "resid": 0, "fill": 0}, "torch_equal": true, "max_abs_diff": 0.0, "ms": 47.3408}
640 off {"ln": [0, 0], "slice": [0, 1], "resid": [0, 1], "fill": [0, 1], "l1_fc1": [40, 0], "split": [1, 0], "refused": {"ln": 0, "slice": 0, "resid": 0, "fill": 0}, "ms": 80.3912}
640 E {"ln": [20, 0], "slice": [0, 1], "resid": [0, 1], "fill": [0, 1], "l1_fc1": [40, 0], "split": [1, 0], "refused": {"ln": 0, "slice": 0, "resid": 0, "fill": 0}, "torch_equal": true, "max_abs_diff": 0.0, "ms": 78.3042}
640 Cin {"ln": [0, 0], "slice": [1, 0], "resid": [0, 1], "fill": [0, 1], "l1_fc1": [40, 0], "split": [1, 0], "refused": {"ln": 0, "slice": 0, "resid": 0, "fill": 0}, "torch_equal": true, "max_abs_diff": 0.0, "ms": 77.3198}
640 F {"ln": [0, 0], "slice": [0, 1], "resid": [1, 0], "fill": [0, 1], "l1_fc1": [40, 0], "split": [1, 0], "refused": {"ln": 0, "slice": 0, "resid": 0, "fill": 0}, "torch_equal": true, "max_abs_diff": 0.0, "ms": 76.6605}
640 G {"ln": [0, 0], "slice": [0, 1], "resid": [1, 0], "fill": [1, 0], "l1_fc1": [40, 0], "split": [1, 0], "refused": {"ln": 0, "slice": 0, "resid": 0, "fill": 0}, "torch_equal": true, "max_abs_diff": 0.0, "ms": 75.9349}
640 ship {"ln": [20, 0], "slice": [1, 0], "resid": [1, 0], "fill": [1, 0], "l1_fc1": [40, 0], "split": [1, 0], "refused": {"ln": 0, "slice": 0, "resid": 0, "fill": 0}, "torch_equal": true, "max_abs_diff": 0.0, "ms": 72.776}
768 off {"ln": [0, 0], "slice": [0, 1], "resid": [0, 1], "fill": [0, 1], "l1_fc1": [48, 0], "split": [1, 0], "refused": {"ln": 0, "slice": 0, "resid": 0, "fill": 0}, "ms": 115.0532}
768 E {"ln": [24, 0], "slice": [0, 1], "resid": [0, 1], "fill": [0, 1], "l1_fc1": [48, 0], "split": [1, 0], "refused": {"ln": 0, "slice": 0, "resid": 0, "fill": 0}, "torch_equal": true, "max_abs_diff": 0.0, "ms": 112.5496}
768 Cin {"ln": [0, 0], "slice": [1, 0], "resid": [0, 1], "fill": [0, 1], "l1_fc1": [48, 0], "split": [1, 0], "refused": {"ln": 0, "slice": 0, "resid": 0, "fill": 0}, "torch_equal": true, "max_abs_diff": 0.0, "ms": 116.8662}
2026-08-16 20:38:21.611 | critical |          Always | TT_THROW: Statically allocated circular buffers in program 363 clash with L1 buffers on core range [(x=0,y=0) - (x=7,y=7)]. L1 buffer allocated at 622592 and static circular buffer region ends at 706848 (assert.hpp:104)
768 F {"ln": [0, 0], "slice": [0, 1], "resid": [0, 1], "fill": [0, 1], "l1_fc1": [50, 0], "split": [1, 0], "refused": {"ln": 0, "slice": 0, "resid": 1, "fill": 0}, "torch_equal": true, "max_abs_diff": 0.0, "ms": 115.057}
2026-08-16 20:38:24.772 | critical |          Always | TT_THROW: Statically allocated circular buffers in program 363 clash with L1 buffers on core range [(x=0,y=0) - (x=7,y=7)]. L1 buffer allocated at 622592 and static circular buffer region ends at 706848 (assert.hpp:104)
2026-08-16 20:38:24.774 | critical |          Always | TT_THROW: Statically allocated circular buffers in program 363 clash with L1 buffers on core range [(x=0,y=0) - (x=7,y=7)]. L1 buffer allocated at 622592 and static circular buffer region ends at 706848 (assert.hpp:104)
768 G {"ln": [0, 0], "slice": [0, 1], "resid": [0, 1], "fill": [0, 1], "l1_fc1": [52, 0], "split": [1, 0], "refused": {"ln": 0, "slice": 0, "resid": 1, "fill": 1}, "torch_equal": true, "max_abs_diff": 0.0, "ms": 115.068}
768 ship {"ln": [24, 0], "slice": [1, 0], "resid": [1, 0], "fill": [1, 0], "l1_fc1": [48, 0], "split": [1, 0], "refused": {"ln": 0, "slice": 0, "resid": 0, "fill": 0}, "torch_equal": true, "max_abs_diff": 0.0, "ms": 110.0314}
1024 off {"ln": [0, 0], "slice": [0, 1], "resid": [0, 1], "fill": [0, 1], "l1_fc1": [64, 0], "split": [1, 0], "refused": {"ln": 0, "slice": 0, "resid": 0, "fill": 0}, "ms": 209.7434}
1024 E {"ln": [32, 0], "slice": [0, 1], "resid": [0, 1], "fill": [0, 1], "l1_fc1": [64, 0], "split": [1, 0], "refused": {"ln": 0, "slice": 0, "resid": 0, "fill": 0}, "torch_equal": true, "max_abs_diff": 0.0, "ms": 209.197}
1024 Cin {"ln": [0, 0], "slice": [1, 0], "resid": [0, 1], "fill": [0, 1], "l1_fc1": [64, 0], "split": [1, 0], "refused": {"ln": 0, "slice": 0, "resid": 0, "fill": 0}, "torch_equal": true, "max_abs_diff": 0.0, "ms": 200.427}
2026-08-16 20:38:55.188 | critical |          Always | TT_THROW: Statically allocated circular buffers in program 515 clash with L1 buffers on core range [(x=0,y=0) - (x=7,y=7)]. L1 buffer allocated at 331776 and static circular buffer region ends at 542496 (assert.hpp:104)
1024 F {"ln": [0, 0], "slice": [0, 1], "resid": [0, 1], "fill": [0, 1], "l1_fc1": [66, 0], "split": [1, 0], "refused": {"ln": 0, "slice": 0, "resid": 1, "fill": 0}, "torch_equal": true, "max_abs_diff": 0.0, "ms": 209.6283}
2026-08-16 20:39:00.904 | critical |          Always | TT_THROW: Statically allocated circular buffers in program 515 clash with L1 buffers on core range [(x=0,y=0) - (x=7,y=7)]. L1 buffer allocated at 331776 and static circular buffer region ends at 542496 (assert.hpp:104)
2026-08-16 20:39:00.906 | critical |          Always | TT_THROW: Statically allocated circular buffers in program 515 clash with L1 buffers on core range [(x=0,y=0) - (x=7,y=7)]. L1 buffer allocated at 331776 and static circular buffer region ends at 542496 (assert.hpp:104)
1024 G {"ln": [0, 0], "slice": [0, 1], "resid": [0, 1], "fill": [0, 1], "l1_fc1": [68, 0], "split": [1, 0], "refused": {"ln": 0, "slice": 0, "resid": 1, "fill": 1}, "torch_equal": true, "max_abs_diff": 0.0, "ms": 209.6835}
2026-08-16 20:39:06.600 | critical |          Always | TT_FATAL: Out of Memory: Not enough space to allocate 16777216 B L1 buffer across 72 banks, where each bank needs to store 233472 B, but bank size is 1395424 B (allocated: 1167360 B, free: 228064 B, largest free block: 228064 B) (assert.hpp:104)
2026-08-16 20:39:06.602 | critical |          Always | TT_FATAL: Out of Memory: Not enough space to allocate 67108864 B L1 buffer across 72 banks, where each bank needs to store 933888 B, but bank size is 1395424 B (allocated: 233472 B, free: 1161952 B, largest free block: 928480 B) (assert.hpp:104)
1024 ship {"ln": [34, 0], "slice": [1, 0], "resid": [0, 1], "fill": [0, 1], "l1_fc1": [68, 0], "split": [1, 0], "refused": {"ln": 0, "slice": 0, "resid": 1, "fill": 1}, "torch_equal": true, "max_abs_diff": 0.0, "ms": 200.5518}
