=== f1_parity c_z=256 2026-08-15T19:30:51+00:00 ===
benchlock: opendde-beat-dgx-h200 waiting; currently held by: opendde-beat-dgx-h200 pid=19533 since=2026-08-15T19:22:26+00:00
benchlock: opendde-beat-dgx-h200 acquired after 45s, loadavg 0.56 0.99 0.96
2026-08-15 19:32:26.689 | DEBUG    | ttnn:<module>:77 - Initial ttnn.CONFIG:
Config{cache_path=/home/ttuser/.cache/ttnn,model_cache_path=/home/ttuser/.cache/ttnn/models,tmp_dir=/tmp/ttnn,enable_model_cache=false,enable_fast_runtime_mode=true,throw_exception_on_fallback=false,enable_logging=false,enable_graph_report=false,enable_detailed_buffer_report=false,enable_detailed_tensor_report=false,enable_comparison_mode=false,comparison_mode_should_raise_exception=false,comparison_mode_pcc=0.9999,root_report_path=generated/ttnn/reports,report_name=std::nullopt,std::nullopt}
grid 11x10  c_z=256  key=(8,8)  F1 block=(4, 8, 1, 4, 1)  ttnn 0.68.0
production tail path: minimal_matmul  (_pair_proj_minimal_matmul served)
N= 512  torch.equal=True  mismatched=0/67108864 (0.000%)  max_abs_diff=0.000e+00
N=  32  torch.equal=True  mismatched=0/262144 (0.000%)  max_abs_diff=0.000e+00
N=  64  torch.equal=True  mismatched=0/1048576 (0.000%)  max_abs_diff=0.000e+00
N= 128  torch.equal=True  mismatched=0/4194304 (0.000%)  max_abs_diff=0.000e+00
N= 256  torch.equal=True  mismatched=0/16777216 (0.000%)  max_abs_diff=0.000e+00
N= 384  torch.equal=True  mismatched=0/37748736 (0.000%)  max_abs_diff=0.000e+00
N= 576  torch.equal=True  mismatched=0/84934656 (0.000%)  max_abs_diff=0.000e+00
N= 768  torch.equal=True  mismatched=0/150994944 (0.000%)  max_abs_diff=0.000e+00
N=1024  torch.equal=True  mismatched=0/268435456 (0.000%)  max_abs_diff=0.000e+00
served=9 declined=0 rejects={}
VERDICT: BIT-EXACT AT EVERY SHAPE
benchlock: opendde-beat-dgx-h200 released, rc=0, loadavg 1.58 1.20 1.03
c_z=256 RC=0
=== f1_parity c_z=384 2026-08-15T19:32:43+00:00 ===
benchlock: opendde-beat-dgx-h200 acquired after 60s, loadavg 0.58 0.98 0.96
2026-08-15 19:33:44.338 | DEBUG    | ttnn:<module>:77 - Initial ttnn.CONFIG:
Config{cache_path=/home/ttuser/.cache/ttnn,model_cache_path=/home/ttuser/.cache/ttnn/models,tmp_dir=/tmp/ttnn,enable_model_cache=false,enable_fast_runtime_mode=true,throw_exception_on_fallback=false,enable_logging=false,enable_graph_report=false,enable_detailed_buffer_report=false,enable_detailed_tensor_report=false,enable_comparison_mode=false,comparison_mode_should_raise_exception=false,comparison_mode_pcc=0.9999,root_report_path=generated/ttnn/reports,report_name=std::nullopt,std::nullopt}
grid 11x10  c_z=384  key=(12,12)  F1 block=(8, 12, 1, 2, 1)  ttnn 0.68.0
production tail path: ttnn.linear  (_pair_proj_minimal_matmul returned None)
