PREFLIGHT — fixtures present but INCOMPLETE (reference CIFs missing; each such leg reports BLOCKED-REF-REGEN-NEEDED and does NOT fail the gate):
  - opendde-trpcage-nomsa: seed0, seed1, seed2, seed3, seed4 missing structures/*.cif
  run scripts/fetch_parity_fixtures.sh to restore the externalized reference binaries

##############################################################################
# FULL PARITY GATE — 7 legs, workers ['tt-quietbox2:2']
##############################################################################
leg                               kind       ref           verdict               wall  detail
--------------------------------------------------------------------------------------------------------------
protenix-prot-msa                 structure  cached        PASS                  242s  prot: X=2.691 R=2.763 D=2.566 within=True [improves committed GAP-evidenced — not a drift]
protenix-ubq-msa                  structure  cached        PASS                  227s  ubq: X=1.790 R=1.923 D=1.440 within=True [improves committed GAP-evidenced — not a drift]
protenix-hsa-msa                  structure  cached        PASS                  895s  hsa: X=0.697 R=0.695 D=0.575 within=True
opendde-trpcage-nomsa             structure  cached        BLOCKED-REGEN           0s  fixture incomplete (missing structures/ cif)
opendde-prot-prod                 structure  cached        PASS                  140s  prot_no_msa: X=5.384 R=1.499 D=6.851 within=True [improves committed GAP-evidenced — not a drift]
opendde-abag                      abag       in-process    ERROR                   0s  ImportError: cannot import name 'MSA_DEFAULT_MODELS' from 't

======================================================================
[capacity] 9j4c_abag.yaml on protenix-v2, 50 samples / 5 per batch, budget 10.5 GiB
======================================================================

======================================================================
[capacity] 9ivj.yaml on opendde-abag, 8 samples / 2 per batch, budget 12.0 GiB
======================================================================
capacity                          capacity   in-process    PASS                 1311s  peak 8.72 GiB, 58 CIFs / 2 PAEs (capacity:9j4c_abag 8.72 GiB

##############################################################################
# Tally: {'PASS': 5, 'BLOCKED-REF-REGEN-NEEDED': 1, 'ERROR': 1}    total wall 46.9 min
# GATE FAIL — a leg ERRORED, GAPped, or DRIFTed vs committed (see above)
##############################################################################
