=== opendde 512 aa, noglue/glue x2, card 2 2026-08-15T20:04:46+00:00 ===
benchlock: 1 foreign fold process(es) outside the lock, waiting
benchlock: 1 foreign fold process(es) outside the lock, waiting
benchlock: 1 foreign fold process(es) outside the lock, waiting
benchlock: 1 foreign fold process(es) outside the lock, waiting
benchlock: 1 foreign fold process(es) outside the lock, waiting
benchlock: 1 foreign fold process(es) outside the lock, waiting
benchlock: 1 foreign fold process(es) outside the lock, waiting
benchlock: 1 foreign fold process(es) outside the lock, waiting
benchlock: 1 foreign fold process(es) outside the lock, waiting
benchlock: 1 foreign fold process(es) outside the lock, waiting
benchlock: 1 foreign fold process(es) outside the lock, waiting
benchlock: opendde-beat-dgx-h200 acquired after 247s, loadavg 0.48 1.31 1.24
2026-08-15 20:08:53.412 | DEBUG    | ttnn:<module>:77 - Initial ttnn.CONFIG:
Config{cache_path=/home/ttuser/.cache/ttnn,model_cache_path=/home/ttuser/.cache/ttnn/models,tmp_dir=/tmp/ttnn,enable_model_cache=false,enable_fast_runtime_mode=true,throw_exception_on_fallback=false,enable_logging=false,enable_graph_report=false,enable_detailed_buffer_report=false,enable_detailed_tensor_report=false,enable_comparison_mode=false,comparison_mode_should_raise_exception=false,comparison_mode_pcc=0.9999,root_report_path=generated/ttnn/reports,report_name=std::nullopt,std::nullopt}
=== size 512: cold fold ===
2026-08-15 20:10:12.380 | critical |          Always | TT_THROW: Statically allocated circular buffers on core range [(x=0,y=0) - (x=10,y=9)] grow to 3394048 B which is beyond max L1 size of 1572864 B (assert.hpp:104)
2026-08-15 20:10:12.386 | critical |          Always | TT_THROW: Statically allocated circular buffers on core range [(x=0,y=0) - (x=10,y=9)] grow to 1788416 B which is beyond max L1 size of 1572864 B (assert.hpp:104)
  cold 93.14s n_tokens=512 plddt=0.75411
  noglue: fold 90.87s  block 72401.93 ms over 608 calls  plddt 0.75411  (91s)
      DEC l1_layer_norm|h=1.5|1x512x512x384                    {'DRAM': 494}
      DEC l1_layer_norm|h=1.5|1x995x995x384                    {'DRAM': 4}
      DEC l1_layer_norm|h=1.5|512x512x384                      {'DRAM': 40}
      DEC pair_proj_out_l1|1x512x512x384@384                   {'DRAM': 2096}
      DEC pair_proj_out_l1|1x512x512x64@64                     {'L1': 320}
      DEC pair_proj_out_l1|1x995x995x384@384                   {'DRAM': 16}
      DEC pair_proj_out_l1|512x512x64@64                       {'L1': 160}
      DEC pair_proj_out_l1|995x995x384@384                     {'DRAM': 8}
      DEC transpose|512x512x384                                {'DRAM': 1048}
      DEC transpose|512x512x64                                 {'L1': 160}
      DEC transpose|995x995x384                                {'DRAM': 8}
      DEC tri_att_sdpa|q512k512                                {'q_chunk=512 k_chunk=256 bias=bf16': 1208}
      DEC tri_att_sdpa|q995k995                                {'q_chunk=1024 k_chunk=256 bias=bf16': 8}
  glue: fold 90.40s  block 72340.28 ms over 608 calls  plddt 0.75411  (90s)
      DEC l1_layer_norm|h=1.5|1x512x512x384                    {'DRAM': 494}
      DEC l1_layer_norm|h=1.5|1x995x995x384                    {'DRAM': 4}
      DEC l1_layer_norm|h=1.5|512x512x384                      {'DRAM': 40}
      DEC pair_proj_out_l1|1x512x512x384@384                   {'DRAM': 2096}
      DEC pair_proj_out_l1|1x512x512x64@64                     {'L1': 320}
      DEC pair_proj_out_l1|1x995x995x384@384                   {'DRAM': 16}
      DEC pair_proj_out_l1|512x512x64@64                       {'L1': 160}
      DEC pair_proj_out_l1|995x995x384@384                     {'DRAM': 8}
      DEC transpose|512x512x384                                {'DRAM': 1048}
      DEC transpose|512x512x64                                 {'L1': 160}
      DEC transpose|995x995x384                                {'DRAM': 8}
      DEC tri_att_sdpa|q512k512                                {'q_chunk=512 k_chunk=256 bias=bf16': 1208}
      DEC tri_att_sdpa|q995k995                                {'q_chunk=1024 k_chunk=256 bias=bf16': 8}
  noglue: fold 90.92s  block 72358.72 ms over 608 calls  plddt 0.75411  (91s)
      DEC l1_layer_norm|h=1.5|1x512x512x384                    {'DRAM': 494}
      DEC l1_layer_norm|h=1.5|1x995x995x384                    {'DRAM': 4}
      DEC l1_layer_norm|h=1.5|512x512x384                      {'DRAM': 40}
      DEC pair_proj_out_l1|1x512x512x384@384                   {'DRAM': 2096}
      DEC pair_proj_out_l1|1x512x512x64@64                     {'L1': 320}
      DEC pair_proj_out_l1|1x995x995x384@384                   {'DRAM': 16}
      DEC pair_proj_out_l1|512x512x64@64                       {'L1': 160}
      DEC pair_proj_out_l1|995x995x384@384                     {'DRAM': 8}
      DEC transpose|512x512x384                                {'DRAM': 1048}
      DEC transpose|512x512x64                                 {'L1': 160}
      DEC transpose|995x995x384                                {'DRAM': 8}
      DEC tri_att_sdpa|q512k512                                {'q_chunk=512 k_chunk=256 bias=bf16': 1208}
      DEC tri_att_sdpa|q995k995                                {'q_chunk=1024 k_chunk=256 bias=bf16': 8}
  glue: fold 90.39s  block 72360.32 ms over 608 calls  plddt 0.75411  (90s)
      DEC l1_layer_norm|h=1.5|1x512x512x384                    {'DRAM': 494}
      DEC l1_layer_norm|h=1.5|1x995x995x384                    {'DRAM': 4}
      DEC l1_layer_norm|h=1.5|512x512x384                      {'DRAM': 40}
      DEC pair_proj_out_l1|1x512x512x384@384                   {'DRAM': 2096}
      DEC pair_proj_out_l1|1x512x512x64@64                     {'L1': 320}
      DEC pair_proj_out_l1|1x995x995x384@384                   {'DRAM': 16}
      DEC pair_proj_out_l1|512x512x64@64                       {'L1': 160}
      DEC pair_proj_out_l1|995x995x384@384                     {'DRAM': 8}
      DEC transpose|512x512x384                                {'DRAM': 1048}
      DEC transpose|512x512x64                                 {'L1': 160}
      DEC transpose|995x995x384                                {'DRAM': 8}
      DEC tri_att_sdpa|q512k512                                {'q_chunk=512 k_chunk=256 bias=bf16': 1208}
      DEC tri_att_sdpa|q995k995                                {'q_chunk=1024 k_chunk=256 bias=bf16': 8}
{
 "ratios": {
  "512": {
   "on_block_ms": [],
   "off_block_ms": [],
   "on_fold_s": [],
   "off_fold_s": []
  }
 },
 "arm_medians": {
  "512": {
   "noglue": {
    "block_ms": [
     72401.93,
     72358.72
    ],
    "fold_s": [
     90.875,
     90.918
    ],
    "plddt": [
     0.75411,
     0.75411
    ],
    "n": 2,
    "block_ms_median": 72380.32,
    "fold_s_median": 90.897,
    "block_ms_min": 72358.72,
    "fold_s_min": 90.875,
    "block_ms_spread": 43.21,
    "fold_s_spread": 0.043
   },
   "glue": {
    "block_ms": [
     72340.28,
     72360.32
    ],
    "fold_s": [
     90.403,
     90.395
    ],
    "plddt": [
     0.75411,
     0.75411
    ],
    "n": 2,
    "block_ms_median": 72350.3,
    "fold_s_median": 90.399,
    "block_ms_min": 72340.28,
    "fold_s_min": 90.395,
    "block_ms_spread": 20.04,
    "fold_s_spread": 0.008
   }
  }
 }
}
wrote /home/ttuser/.coworker/wt/opendde-beat-dgx-h200/perf/oddedgx/glue_ab_512_c2.json
benchlock: opendde-beat-dgx-h200 released, rc=0, loadavg 1.05 1.25 1.25
RC=0 2026-08-15T20:16:33+00:00
