=== protenix-v2 512 aa, noglue vs glue, card 2 2026-08-15T20:38:12+00:00 ===
benchlock: opendde-beat-dgx-h200 waiting; currently held by: worker:protenix-v2-beat-dgx-h200 pid=66935 since=2026-08-15T20:37:14+00:00
benchlock: opendde-beat-dgx-h200 acquired after 70s, loadavg 0.53 1.07 1.12
2026-08-15 20:53:49.607 | DEBUG    | ttnn:<module>:77 - Initial ttnn.CONFIG:
Config{cache_path=/home/ttuser/.cache/ttnn,model_cache_path=/home/ttuser/.cache/ttnn/models,tmp_dir=/tmp/ttnn,enable_model_cache=false,enable_fast_runtime_mode=true,throw_exception_on_fallback=false,enable_logging=false,enable_graph_report=false,enable_detailed_buffer_report=false,enable_detailed_tensor_report=false,enable_comparison_mode=false,comparison_mode_should_raise_exception=false,comparison_mode_pcc=0.9999,root_report_path=generated/ttnn/reports,report_name=std::nullopt,std::nullopt}
=== size 512: cold fold ===
  cold 60.34s n_tokens=512 plddt=0.828628
  noglue: fold 57.03s  block 42518.9 ms over 604 calls  plddt 0.828628  (57s)
      DEC l1_layer_norm|h=1.5|1x512x512x256                    {'DRAM': 494}
      DEC l1_layer_norm|h=1.5|512x512x256                      {'DRAM': 30}
      DEC pair_proj_out_l1|1x512x512x256@256                   {'DRAM': 2096}
      DEC pair_proj_out_l1|1x512x512x64@64                     {'L1': 320}
      DEC pair_proj_out_l1|512x512x64@64                       {'L1': 160}
      DEC transpose|512x512x256                                {'L1': 1048}
      DEC transpose|512x512x64                                 {'L1': 160}
      DEC tri_att_sdpa|q512k512                                {'q_chunk=512 k_chunk=256 bias=bf16': 1208}
  glue: fold 56.92s  block 42525.23 ms over 604 calls  plddt 0.828628  (57s)
      DEC l1_layer_norm|h=1.5|1x512x512x256                    {'DRAM': 494}
      DEC l1_layer_norm|h=1.5|512x512x256                      {'DRAM': 30}
      DEC pair_proj_out_l1|1x512x512x256@256                   {'DRAM': 2096}
      DEC pair_proj_out_l1|1x512x512x64@64                     {'L1': 320}
      DEC pair_proj_out_l1|512x512x64@64                       {'L1': 160}
      DEC transpose|512x512x256                                {'L1': 1048}
      DEC transpose|512x512x64                                 {'L1': 160}
      DEC tri_att_sdpa|q512k512                                {'q_chunk=512 k_chunk=256 bias=bf16': 1208}
{
 "ratios": {
  "512": {
   "on_block_ms": [],
   "off_block_ms": [],
   "on_fold_s": [],
   "off_fold_s": []
  }
 },
 "arm_medians": {
  "512": {
   "noglue": {
    "block_ms": [
     42518.9
    ],
    "fold_s": [
     57.034
    ],
    "plddt": [
     0.828628
    ],
    "n": 1,
    "block_ms_median": 42518.9,
    "fold_s_median": 57.034,
    "block_ms_min": 42518.9,
    "fold_s_min": 57.034,
    "block_ms_spread": 0.0,
    "fold_s_spread": 0.0
   },
   "glue": {
    "block_ms": [
     42525.23
    ],
    "fold_s": [
     56.917
    ],
    "plddt": [
     0.828628
    ],
    "n": 1,
    "block_ms_median": 42525.23,
    "fold_s_median": 56.917,
    "block_ms_min": 42525.23,
    "fold_s_min": 56.917,
    "block_ms_spread": 0.0,
    "fold_s_spread": 0.0
   }
  }
 }
}
wrote /home/ttuser/.coworker/wt/opendde-beat-dgx-h200/perf/oddedgx/xmodel_px_c2.json
benchlock: opendde-beat-dgx-h200 released, rc=0, loadavg 1.58 1.17 1.13
RC=0 2026-08-15T20:56:47+00:00
