01:01:09  [tt-quietbox2:tt0] loading model…
01:01:10  [tt-quietbox2:tt0] prot
01:01:10  [tt-quietbox2:tt0]   msa
01:01:10  [tt-quietbox2:tt0]   prep
01:01:11  [tt-quietbox2:tt0]   trunk 0/10
01:01:11  [tt-quietbox2:tt0]   trunk 1/10
01:01:11  [tt-quietbox2:tt0]   trunk 2/10
01:01:12  [tt-quietbox2:tt0]   trunk 3/10
01:01:12  [tt-quietbox2:tt0]   trunk 4/10
01:01:12  [tt-quietbox2:tt0]   trunk 5/10
01:01:13  [tt-quietbox2:tt0]   trunk 6/10
01:01:13  [tt-quietbox2:tt0]   trunk 7/10
01:01:14  [tt-quietbox2:tt0]   trunk 8/10
01:01:14  [tt-quietbox2:tt0]   trunk 9/10
01:01:15  [tt-quietbox2:tt0]   diffusion 0/200
01:01:15  [tt-quietbox2:tt0]   diffusion 1/200
01:01:15  [tt-quietbox2:tt0]   diffusion 2/200
01:01:15  [tt-quietbox2:tt0]   diffusion 3/200
01:01:15  [tt-quietbox2:tt0]   diffusion 4/200
01:01:16  [tt-quietbox2:tt0]   diffusion 5/200
01:01:16  [tt-quietbox2:tt0]   diffusion 6/200
01:01:16  [tt-quietbox2:tt0]   diffusion 7/200
01:01:16  [tt-quietbox2:tt0]   diffusion 8/200
01:01:16  [tt-quietbox2:tt0]   diffusion 9/200
01:01:16  [tt-quietbox2:tt0]   diffusion 10/200
01:01:16  [tt-quietbox2:tt0]   diffusion 11/200
01:01:16  [tt-quietbox2:tt0]   diffusion 12/200
01:01:16  [tt-quietbox2:tt0]   diffusion 13/200
01:01:16  [tt-quietbox2:tt0]   diffusion 14/200
01:01:16  [tt-quietbox2:tt0]   diffusion 15/200
01:01:16  [tt-quietbox2:tt0]   diffusion 16/200
01:01:16  [tt-quietbox2:tt0]   diffusion 17/200
01:01:16  [tt-quietbox2:tt0]   diffusion 18/200
01:01:16  [tt-quietbox2:tt0]   diffusion 19/200
01:01:16  [tt-quietbox2:tt0]   diffusion 20/200
01:01:16  [tt-quietbox2:tt0]   diffusion 21/200
01:01:17  [tt-quietbox2:tt0]   diffusion 22/200
01:01:17  [tt-quietbox2:tt0]   diffusion 23/200
01:01:17  [tt-quietbox2:tt0]   diffusion 24/200
01:01:17  [tt-quietbox2:tt0]   diffusion 25/200
01:01:17  [tt-quietbox2:tt0]   diffusion 26/200
01:01:17  [tt-quietbox2:tt0]   diffusion 27/200
01:01:17  [tt-quietbox2:tt0]   diffusion 28/200
01:01:17  [tt-quietbox2:tt0]   diffusion 29/200
01:01:17  [tt-quietbox2:tt0]   diffusion 30/200
01:01:17  [tt-quietbox2:tt0]   diffusion 31/200
01:01:17  [tt-quietbox2:tt0]   diffusion 32/200
01:01:17  [tt-quietbox2:tt0]   diffusion 33/200
01:01:17  [tt-quietbox2:tt0]   diffusion 34/200
01:01:17  [tt-quietbox2:tt0]   diffusion 35/200
01:01:17  [tt-quietbox2:tt0]   diffusion 36/200
01:01:17  [tt-quietbox2:tt0]   diffusion 37/200
01:01:17  [tt-quietbox2:tt0]   diffusion 38/200
01:01:17  [tt-quietbox2:tt0]   diffusion 39/200
01:01:18  [tt-quietbox2:tt0]   diffusion 40/200
01:01:18  [tt-quietbox2:tt0]   diffusion 41/200
01:01:18  [tt-quietbox2:tt0]   diffusion 42/200
01:01:18  [tt-quietbox2:tt0]   diffusion 43/200
01:01:18  [tt-quietbox2:tt0]   diffusion 44/200
01:01:18  [tt-quietbox2:tt0]   diffusion 45/200
01:01:18  [tt-quietbox2:tt0]   diffusion 46/200
01:01:18  [tt-quietbox2:tt0]   diffusion 47/200
01:01:18  [tt-quietbox2:tt0]   diffusion 48/200
01:01:18  [tt-quietbox2:tt0]   diffusion 49/200
01:01:18  [tt-quietbox2:tt0]   diffusion 50/200
01:01:18  [tt-quietbox2:tt0]   diffusion 51/200
01:01:18  [tt-quietbox2:tt0]   diffusion 52/200
01:01:18  [tt-quietbox2:tt0]   diffusion 53/200
01:01:18  [tt-quietbox2:tt0]   diffusion 54/200
01:01:18  [tt-quietbox2:tt0]   diffusion 55/200
01:01:18  [tt-quietbox2:tt0]   diffusion 56/200
01:01:18  [tt-quietbox2:tt0]   diffusion 57/200
01:01:19  [tt-quietbox2:tt0]   diffusion 58/200
01:01:19  [tt-quietbox2:tt0]   diffusion 59/200
01:01:19  [tt-quietbox2:tt0]   diffusion 60/200
01:01:19  [tt-quietbox2:tt0]   diffusion 61/200
01:01:19  [tt-quietbox2:tt0]   diffusion 62/200
01:01:19  [tt-quietbox2:tt0]   diffusion 63/200
01:01:19  [tt-quietbox2:tt0]   diffusion 64/200
01:01:19  [tt-quietbox2:tt0]   diffusion 65/200
01:01:19  [tt-quietbox2:tt0]   diffusion 66/200
01:01:19  [tt-quietbox2:tt0]   diffusion 67/200
01:01:19  [tt-quietbox2:tt0]   diffusion 68/200
01:01:19  [tt-quietbox2:tt0]   diffusion 69/200
01:01:19  [tt-quietbox2:tt0]   diffusion 70/200
01:01:19  [tt-quietbox2:tt0]   diffusion 71/200
01:01:19  [tt-quietbox2:tt0]   diffusion 72/200
01:01:19  [tt-quietbox2:tt0]   diffusion 73/200
01:01:19  [tt-quietbox2:tt0]   diffusion 74/200
01:01:19  [tt-quietbox2:tt0]   diffusion 75/200
01:01:19  [tt-quietbox2:tt0]   diffusion 76/200
01:01:20  [tt-quietbox2:tt0]   diffusion 77/200
01:01:20  [tt-quietbox2:tt0]   diffusion 78/200
01:01:20  [tt-quietbox2:tt0]   diffusion 79/200
01:01:20  [tt-quietbox2:tt0]   diffusion 80/200
01:01:20  [tt-quietbox2:tt0]   diffusion 81/200
01:01:20  [tt-quietbox2:tt0]   diffusion 82/200
01:01:20  [tt-quietbox2:tt0]   diffusion 83/200
01:01:20  [tt-quietbox2:tt0]   diffusion 84/200
01:01:20  [tt-quietbox2:tt0]   diffusion 85/200
01:01:20  [tt-quietbox2:tt0]   diffusion 86/200
01:01:20  [tt-quietbox2:tt0]   diffusion 87/200
01:01:20  [tt-quietbox2:tt0]   diffusion 88/200
01:01:20  [tt-quietbox2:tt0]   diffusion 89/200
01:01:20  [tt-quietbox2:tt0]   diffusion 90/200
01:01:20  [tt-quietbox2:tt0]   diffusion 91/200
01:01:20  [tt-quietbox2:tt0]   diffusion 92/200
01:01:20  [tt-quietbox2:tt0]   diffusion 93/200
01:01:20  [tt-quietbox2:tt0]   diffusion 94/200
01:01:21  [tt-quietbox2:tt0]   diffusion 95/200
01:01:21  [tt-quietbox2:tt0]   diffusion 96/200
01:01:21  [tt-quietbox2:tt0]   diffusion 97/200
01:01:21  [tt-quietbox2:tt0]   diffusion 98/200
01:01:21  [tt-quietbox2:tt0]   diffusion 99/200
01:01:21  [tt-quietbox2:tt0]   diffusion 100/200
01:01:21  [tt-quietbox2:tt0]   diffusion 101/200
01:01:21  [tt-quietbox2:tt0]   diffusion 102/200
01:01:21  [tt-quietbox2:tt0]   diffusion 103/200
01:01:21  [tt-quietbox2:tt0]   diffusion 104/200
01:01:21  [tt-quietbox2:tt0]   diffusion 105/200
01:01:21  [tt-quietbox2:tt0]   diffusion 106/200
01:01:21  [tt-quietbox2:tt0]   diffusion 107/200
01:01:21  [tt-quietbox2:tt0]   diffusion 108/200
01:01:21  [tt-quietbox2:tt0]   diffusion 109/200
01:01:21  [tt-quietbox2:tt0]   diffusion 110/200
01:01:21  [tt-quietbox2:tt0]   diffusion 111/200
01:01:21  [tt-quietbox2:tt0]   diffusion 112/200
01:01:22  [tt-quietbox2:tt0]   diffusion 113/200
01:01:22  [tt-quietbox2:tt0]   diffusion 114/200
01:01:22  [tt-quietbox2:tt0]   diffusion 115/200
01:01:22  [tt-quietbox2:tt0]   diffusion 116/200
01:01:22  [tt-quietbox2:tt0]   diffusion 117/200
01:01:22  [tt-quietbox2:tt0]   diffusion 118/200
01:01:22  [tt-quietbox2:tt0]   diffusion 119/200
01:01:22  [tt-quietbox2:tt0]   diffusion 120/200
01:01:22  [tt-quietbox2:tt0]   diffusion 121/200
01:01:22  [tt-quietbox2:tt0]   diffusion 122/200
01:01:22  [tt-quietbox2:tt0]   diffusion 123/200
01:01:22  [tt-quietbox2:tt0]   diffusion 124/200
01:01:22  [tt-quietbox2:tt0]   diffusion 125/200
01:01:22  [tt-quietbox2:tt0]   diffusion 126/200
01:01:22  [tt-quietbox2:tt0]   diffusion 127/200
01:01:22  [tt-quietbox2:tt0]   diffusion 128/200
01:01:22  [tt-quietbox2:tt0]   diffusion 129/200
01:01:22  [tt-quietbox2:tt0]   diffusion 130/200
01:01:23  [tt-quietbox2:tt0]   diffusion 131/200
01:01:23  [tt-quietbox2:tt0]   diffusion 132/200
01:01:23  [tt-quietbox2:tt0]   diffusion 133/200
01:01:23  [tt-quietbox2:tt0]   diffusion 134/200
01:01:23  [tt-quietbox2:tt0]   diffusion 135/200
01:01:23  [tt-quietbox2:tt0]   diffusion 136/200
01:01:23  [tt-quietbox2:tt0]   diffusion 137/200
01:01:23  [tt-quietbox2:tt0]   diffusion 138/200
01:01:23  [tt-quietbox2:tt0]   diffusion 139/200
01:01:23  [tt-quietbox2:tt0]   diffusion 140/200
01:01:23  [tt-quietbox2:tt0]   diffusion 141/200
01:01:23  [tt-quietbox2:tt0]   diffusion 142/200
01:01:23  [tt-quietbox2:tt0]   diffusion 143/200
01:01:23  [tt-quietbox2:tt0]   diffusion 144/200
01:01:23  [tt-quietbox2:tt0]   diffusion 145/200
01:01:23  [tt-quietbox2:tt0]   diffusion 146/200
01:01:23  [tt-quietbox2:tt0]   diffusion 147/200
01:01:23  [tt-quietbox2:tt0]   diffusion 148/200
01:01:24  [tt-quietbox2:tt0]   diffusion 149/200
01:01:24  [tt-quietbox2:tt0]   diffusion 150/200
01:01:24  [tt-quietbox2:tt0]   diffusion 151/200
01:01:24  [tt-quietbox2:tt0]   diffusion 152/200
01:01:24  [tt-quietbox2:tt0]   diffusion 153/200
01:01:24  [tt-quietbox2:tt0]   diffusion 154/200
01:01:24  [tt-quietbox2:tt0]   diffusion 155/200
01:01:24  [tt-quietbox2:tt0]   diffusion 156/200
01:01:24  [tt-quietbox2:tt0]   diffusion 157/200
01:01:24  [tt-quietbox2:tt0]   diffusion 158/200
01:01:24  [tt-quietbox2:tt0]   diffusion 159/200
01:01:24  [tt-quietbox2:tt0]   diffusion 160/200
01:01:24  [tt-quietbox2:tt0]   diffusion 161/200
01:01:24  [tt-quietbox2:tt0]   diffusion 162/200
01:01:24  [tt-quietbox2:tt0]   diffusion 163/200
01:01:24  [tt-quietbox2:tt0]   diffusion 164/200
01:01:24  [tt-quietbox2:tt0]   diffusion 165/200
01:01:24  [tt-quietbox2:tt0]   diffusion 166/200
01:01:25  [tt-quietbox2:tt0]   diffusion 167/200
01:01:25  [tt-quietbox2:tt0]   diffusion 168/200
01:01:25  [tt-quietbox2:tt0]   diffusion 169/200
01:01:25  [tt-quietbox2:tt0]   diffusion 170/200
01:01:25  [tt-quietbox2:tt0]   diffusion 171/200
01:01:25  [tt-quietbox2:tt0]   diffusion 172/200
01:01:25  [tt-quietbox2:tt0]   diffusion 173/200
01:01:25  [tt-quietbox2:tt0]   diffusion 174/200
01:01:25  [tt-quietbox2:tt0]   diffusion 175/200
01:01:25  [tt-quietbox2:tt0]   diffusion 176/200
01:01:25  [tt-quietbox2:tt0]   diffusion 177/200
01:01:25  [tt-quietbox2:tt0]   diffusion 178/200
01:01:25  [tt-quietbox2:tt0]   diffusion 179/200
01:01:25  [tt-quietbox2:tt0]   diffusion 180/200
01:01:25  [tt-quietbox2:tt0]   diffusion 181/200
01:01:25  [tt-quietbox2:tt0]   diffusion 182/200
01:01:25  [tt-quietbox2:tt0]   diffusion 183/200
01:01:25  [tt-quietbox2:tt0]   diffusion 184/200
01:01:26  [tt-quietbox2:tt0]   diffusion 185/200
01:01:26  [tt-quietbox2:tt0]   diffusion 186/200
01:01:26  [tt-quietbox2:tt0]   diffusion 187/200
01:01:26  [tt-quietbox2:tt0]   diffusion 188/200
01:01:26  [tt-quietbox2:tt0]   diffusion 189/200
01:01:26  [tt-quietbox2:tt0]   diffusion 190/200
01:01:26  [tt-quietbox2:tt0]   diffusion 191/200
01:01:26  [tt-quietbox2:tt0]   diffusion 192/200
01:01:26  [tt-quietbox2:tt0]   diffusion 193/200
01:01:26  [tt-quietbox2:tt0]   diffusion 194/200
01:01:26  [tt-quietbox2:tt0]   diffusion 195/200
01:01:26  [tt-quietbox2:tt0]   diffusion 196/200
01:01:26  [tt-quietbox2:tt0]   diffusion 197/200
01:01:26  [tt-quietbox2:tt0]   diffusion 198/200
01:01:26  [tt-quietbox2:tt0]   diffusion 199/200
01:01:27  [tt-quietbox2:tt0]   saving
01:01:27  [tt-quietbox2:tt0] ✓ prot — 16.7s

Done: 1 ok, 0 failed — /home/ttuser/.coworker/wt/pairformer-resident-chunking/docs/implementation-parity-data/ref-fixtures/protenix-v2/prot/msa-server_200step_5sample_10cycle_bf16/ref_bf16/protenix_results_prot/results.json
