benchlock: 1 foreign fold process(es) outside the lock, waiting
benchlock: 1 foreign fold process(es) outside the lock, waiting
benchlock: 1 foreign fold process(es) outside the lock, waiting
benchlock: 1 foreign fold process(es) outside the lock, waiting
benchlock: 1 foreign fold process(es) outside the lock, waiting
benchlock: 1 foreign fold process(es) outside the lock, waiting
benchlock: 1 foreign fold process(es) outside the lock, waiting
benchlock: 1 foreign fold process(es) outside the lock, waiting
benchlock: 1 foreign fold process(es) outside the lock, waiting
benchlock: 1 foreign fold process(es) outside the lock, waiting
benchlock: 1 foreign fold process(es) outside the lock, waiting
benchlock: 1 foreign fold process(es) outside the lock, waiting
benchlock: 1 foreign fold process(es) outside the lock, waiting
benchlock: 1 foreign fold process(es) outside the lock, waiting
benchlock: 1 foreign fold process(es) outside the lock, waiting
benchlock: 1 foreign fold process(es) outside the lock, waiting
benchlock: 1 foreign fold process(es) outside the lock, waiting
benchlock: 1 foreign fold process(es) outside the lock, waiting
benchlock: 1 foreign fold process(es) outside the lock, waiting
benchlock: 1 foreign fold process(es) outside the lock, waiting
benchlock: 1 foreign fold process(es) outside the lock, waiting
benchlock: 1 foreign fold process(es) outside the lock, waiting
benchlock: 1 foreign fold process(es) outside the lock, waiting
benchlock: 1 foreign fold process(es) outside the lock, waiting
benchlock: 1 foreign fold process(es) outside the lock, waiting
benchlock: 1 foreign fold process(es) outside the lock, waiting
benchlock: 1 foreign fold process(es) outside the lock, waiting
benchlock: 1 foreign fold process(es) outside the lock, waiting
benchlock: 1 foreign fold process(es) outside the lock, waiting
benchlock: 1 foreign fold process(es) outside the lock, waiting
benchlock: 1 foreign fold process(es) outside the lock, waiting
benchlock: 1 foreign fold process(es) outside the lock, waiting
benchlock: 1 foreign fold process(es) outside the lock, waiting
benchlock: 1 foreign fold process(es) outside the lock, waiting
benchlock: 1 foreign fold process(es) outside the lock, waiting
benchlock: 1 foreign fold process(es) outside the lock, waiting
benchlock: 1 foreign fold process(es) outside the lock, waiting
benchlock: worker:relion-production-scale-arm waiting; currently held by: worker:relion-production-scale-arm pid=2896277 since=2026-08-14T18:03:28+00:00
benchlock: 1 foreign fold process(es) outside the lock, waiting
benchlock: 1 foreign fold process(es) outside the lock, waiting
benchlock: 1 foreign fold process(es) outside the lock, waiting
benchlock: 1 foreign fold process(es) outside the lock, waiting
benchlock: 1 foreign fold process(es) outside the lock, waiting
benchlock: 1 foreign fold process(es) outside the lock, waiting
benchlock: 1 foreign fold process(es) outside the lock, waiting
benchlock: 1 foreign fold process(es) outside the lock, waiting
benchlock: 1 foreign fold process(es) outside the lock, waiting
benchlock: 1 foreign fold process(es) outside the lock, waiting
benchlock: 1 foreign fold process(es) outside the lock, waiting
benchlock: 1 foreign fold process(es) outside the lock, waiting
benchlock: 1 foreign fold process(es) outside the lock, waiting
benchlock: 1 foreign fold process(es) outside the lock, waiting
benchlock: 1 foreign fold process(es) outside the lock, waiting
benchlock: 1 foreign fold process(es) outside the lock, waiting
benchlock: 1 foreign fold process(es) outside the lock, waiting
benchlock: 1 foreign fold process(es) outside the lock, waiting
benchlock: 1 foreign fold process(es) outside the lock, waiting
benchlock: 1 foreign fold process(es) outside the lock, waiting
benchlock: 1 foreign fold process(es) outside the lock, waiting
benchlock: 1 foreign fold process(es) outside the lock, waiting
benchlock: 1 foreign fold process(es) outside the lock, waiting
benchlock: 1 foreign fold process(es) outside the lock, waiting
benchlock: 1 foreign fold process(es) outside the lock, waiting
benchlock: 1 foreign fold process(es) outside the lock, waiting
benchlock: 1 foreign fold process(es) outside the lock, waiting
benchlock: 1 foreign fold process(es) outside the lock, waiting
benchlock: 1 foreign fold process(es) outside the lock, waiting
benchlock: 1 foreign fold process(es) outside the lock, waiting
benchlock: 1 foreign fold process(es) outside the lock, waiting
benchlock: 1 foreign fold process(es) outside the lock, waiting
benchlock: 1 foreign fold process(es) outside the lock, waiting
benchlock: 1 foreign fold process(es) outside the lock, waiting
benchlock: 1 foreign fold process(es) outside the lock, waiting
benchlock: 1 foreign fold process(es) outside the lock, waiting
benchlock: 1 foreign fold process(es) outside the lock, waiting
benchlock: 1 foreign fold process(es) outside the lock, waiting
benchlock: 1 foreign fold process(es) outside the lock, waiting
benchlock: 1 foreign fold process(es) outside the lock, waiting
benchlock: 1 foreign fold process(es) outside the lock, waiting
benchlock: 1 foreign fold process(es) outside the lock, waiting
benchlock: 1 foreign fold process(es) outside the lock, waiting
benchlock: 1 foreign fold process(es) outside the lock, waiting
benchlock: 1 foreign fold process(es) outside the lock, waiting
benchlock: 1 foreign fold process(es) outside the lock, waiting
benchlock: 1 foreign fold process(es) outside the lock, waiting
benchlock: 1 foreign fold process(es) outside the lock, waiting
benchlock: 1 foreign fold process(es) outside the lock, waiting
benchlock: 1 foreign fold process(es) outside the lock, waiting
benchlock: 1 foreign fold process(es) outside the lock, waiting
benchlock: 1 foreign fold process(es) outside the lock, waiting
benchlock: 1 foreign fold process(es) outside the lock, waiting
benchlock: 1 foreign fold process(es) outside the lock, waiting
benchlock: 1 foreign fold process(es) outside the lock, waiting
benchlock: 1 foreign fold process(es) outside the lock, waiting
benchlock: 1 foreign fold process(es) outside the lock, waiting
benchlock: 1 foreign fold process(es) outside the lock, waiting
benchlock: 1 foreign fold process(es) outside the lock, waiting
benchlock: 1 foreign fold process(es) outside the lock, waiting
benchlock: 1 foreign fold process(es) outside the lock, waiting
benchlock: 1 foreign fold process(es) outside the lock, waiting
benchlock: 1 foreign fold process(es) outside the lock, waiting
benchlock: 1 foreign fold process(es) outside the lock, waiting
benchlock: 1 foreign fold process(es) outside the lock, waiting
benchlock: 1 foreign fold process(es) outside the lock, waiting
benchlock: 1 foreign fold process(es) outside the lock, waiting
benchlock: 1 foreign fold process(es) outside the lock, waiting
benchlock: 1 foreign fold process(es) outside the lock, waiting
benchlock: 1 foreign fold process(es) outside the lock, waiting
benchlock: 1 foreign fold process(es) outside the lock, waiting
benchlock: 1 foreign fold process(es) outside the lock, waiting
benchlock: 1 foreign fold process(es) outside the lock, waiting
benchlock: 1 foreign fold process(es) outside the lock, waiting
benchlock: 1 foreign fold process(es) outside the lock, waiting
benchlock: 1 foreign fold process(es) outside the lock, waiting
benchlock: 1 foreign fold process(es) outside the lock, waiting
benchlock: 1 foreign fold process(es) outside the lock, waiting
benchlock: 1 foreign fold process(es) outside the lock, waiting
benchlock: 1 foreign fold process(es) outside the lock, waiting
benchlock: 1 foreign fold process(es) outside the lock, waiting
benchlock: 1 foreign fold process(es) outside the lock, waiting
benchlock: 1 foreign fold process(es) outside the lock, waiting
benchlock: 1 foreign fold process(es) outside the lock, waiting
benchlock: 1 foreign fold process(es) outside the lock, waiting
benchlock: 1 foreign fold process(es) outside the lock, waiting
benchlock: 1 foreign fold process(es) outside the lock, waiting
benchlock: 1 foreign fold process(es) outside the lock, waiting
benchlock: 1 foreign fold process(es) outside the lock, waiting
benchlock: 1 foreign fold process(es) outside the lock, waiting
benchlock: 1 foreign fold process(es) outside the lock, waiting
benchlock: 1 foreign fold process(es) outside the lock, waiting
benchlock: 1 foreign fold process(es) outside the lock, waiting
benchlock: 1 foreign fold process(es) outside the lock, waiting
benchlock: 1 foreign fold process(es) outside the lock, waiting
benchlock: 1 foreign fold process(es) outside the lock, waiting
benchlock: 1 foreign fold process(es) outside the lock, waiting
benchlock: 1 foreign fold process(es) outside the lock, waiting
benchlock: 1 foreign fold process(es) outside the lock, waiting
benchlock: worker:relion-production-scale-arm waiting; currently held by: worker:relion-production-scale-arm pid=2908353 since=2026-08-14T18:16:18+00:00
benchlock: 1 foreign fold process(es) outside the lock, waiting
benchlock: 1 foreign fold process(es) outside the lock, waiting
benchlock: 1 foreign fold process(es) outside the lock, waiting
benchlock: 1 foreign fold process(es) outside the lock, waiting
benchlock: 1 foreign fold process(es) outside the lock, waiting
benchlock: 1 foreign fold process(es) outside the lock, waiting
benchlock: 1 foreign fold process(es) outside the lock, waiting
benchlock: 1 foreign fold process(es) outside the lock, waiting
benchlock: 1 foreign fold process(es) outside the lock, waiting
benchlock: 1 foreign fold process(es) outside the lock, waiting
benchlock: 1 foreign fold process(es) outside the lock, waiting
benchlock: 1 foreign fold process(es) outside the lock, waiting
benchlock: 1 foreign fold process(es) outside the lock, waiting
benchlock: 1 foreign fold process(es) outside the lock, waiting
benchlock: 1 foreign fold process(es) outside the lock, waiting
benchlock: 1 foreign fold process(es) outside the lock, waiting
benchlock: 1 foreign fold process(es) outside the lock, waiting
benchlock: 1 foreign fold process(es) outside the lock, waiting
benchlock: 1 foreign fold process(es) outside the lock, waiting
benchlock: 1 foreign fold process(es) outside the lock, waiting
benchlock: 1 foreign fold process(es) outside the lock, waiting
benchlock: 1 foreign fold process(es) outside the lock, waiting
benchlock: 1 foreign fold process(es) outside the lock, waiting
benchlock: 1 foreign fold process(es) outside the lock, waiting
benchlock: 1 foreign fold process(es) outside the lock, waiting
benchlock: 1 foreign fold process(es) outside the lock, waiting
benchlock: 1 foreign fold process(es) outside the lock, waiting
benchlock: 1 foreign fold process(es) outside the lock, waiting
benchlock: 1 foreign fold process(es) outside the lock, waiting
benchlock: 1 foreign fold process(es) outside the lock, waiting
benchlock: 1 foreign fold process(es) outside the lock, waiting
benchlock: 1 foreign fold process(es) outside the lock, waiting
benchlock: 1 foreign fold process(es) outside the lock, waiting
benchlock: 1 foreign fold process(es) outside the lock, waiting
benchlock: 1 foreign fold process(es) outside the lock, waiting
benchlock: 1 foreign fold process(es) outside the lock, waiting
benchlock: 1 foreign fold process(es) outside the lock, waiting
benchlock: 1 foreign fold process(es) outside the lock, waiting
benchlock: 1 foreign fold process(es) outside the lock, waiting
benchlock: 1 foreign fold process(es) outside the lock, waiting
benchlock: 1 foreign fold process(es) outside the lock, waiting
benchlock: 1 foreign fold process(es) outside the lock, waiting
benchlock: 1 foreign fold process(es) outside the lock, waiting
benchlock: 1 foreign fold process(es) outside the lock, waiting
benchlock: 1 foreign fold process(es) outside the lock, waiting
benchlock: 1 foreign fold process(es) outside the lock, waiting
benchlock: 1 foreign fold process(es) outside the lock, waiting
benchlock: 1 foreign fold process(es) outside the lock, waiting
benchlock: 1 foreign fold process(es) outside the lock, waiting
benchlock: 1 foreign fold process(es) outside the lock, waiting
benchlock: 1 foreign fold process(es) outside the lock, waiting
benchlock: 1 foreign fold process(es) outside the lock, waiting
benchlock: 1 foreign fold process(es) outside the lock, waiting
benchlock: 1 foreign fold process(es) outside the lock, waiting
benchlock: 1 foreign fold process(es) outside the lock, waiting
benchlock: 1 foreign fold process(es) outside the lock, waiting
benchlock: WARNING after 1800s load=17.63 foreign_folds=0. Proceeding, RECORD THIS.
benchlock: a co-tenanted arm measured 0.84 % slow once; treat this run as suspect.
benchlock: worker:relion-production-scale-arm acquired after 1814s, loadavg 18.78 21.05 21.33
finished ref1: 186.48 3183.09 12.89 2834628
finished ref3: 662.39 9355.56 25.75 7139172
finished ref8: 1772.23 24616.36 66.94 18823744
finished ref25: 5538.57 77143.72 228.38 53455464
benchlock: worker:relion-production-scale-arm released, rc=0, loadavg 37.66 47.32 52.25
