[protenix-opt] WEIGHTS pinned (cached digest 2026-10-08T04:08:42Z) sha256=8f931f9774a396b6… (checkpoint/protenix-v2.pt = stock/PINS.json checkpoint)
/root/kit/protenix_v2/venv/lib/python3.11/site-packages/torch/jit/_script.py:1488: DeprecationWarning: `torch.jit.script` is deprecated. Please switch to `torch.compile` or `torch.export`.
  warnings.warn(
[protenix-opt] WARM imports: torch=1.722s cuequivariance_ops_torch=3.464s cuequivariance_torch=0.185s
/root/kit/protenix_v2/opt/forward/flashpairformer/src/ptx_trunk2_levers.py:202: ResourceWarning: unclosed file <_io.TextIOWrapper name='/root/kit/protenix_v2/opt/forward/flashpairformer/CELLS.json' mode='r' encoding='UTF-8'>
  _CELLS = _json.load(open(_cells_path))
ResourceWarning: Enable tracemalloc to get the object allocation traceback
[FPF] CELLS: prologue/epilogue cells from opt_core.attn.pair_fused rows (triton 3.7): prologue=["(256, 256, 'sm90')"] epilogue=["(256, 8, 32, 'sm100')", "(256, 8, 32, 'sm103')", "(256, 8, 32, 'sm90')"]
[FPF] CELLS.json loaded: blk2_arch=['sm100', 'sm103', 'sm120', 'sm80', 'sm90'] blk2_triatt_min_tokens={'sm80': 400}
[blockfuse_xl] 0.1.1 installed: patched ptx_trunk2_levers._triatt_block_pro_epi; F1 cell 8.0|3.7 -> 'sm80_t37' class=EXACT arith=welford (engages in the XL lean-prologue branch: PTX_FPF_CHUNK_MODE=prologue and N_token > PTX_FPF_CHUNK_TOK=2299; attention core per row-chunk = the arm's block core, resolved per call: K2B under ARM T past its gates, else the stock cuEq kernel)
[fpf_glue_v2] cells (cc 8.0 triton 3.7 -> entry 'sm80_t37'): prologue={'BI': 8, 'BJ': 8, 'num_warps': 8, 'num_stages': 1, 'BN': 64, 'NUM_STAGES_W': 2, 'WS': 0, 'GLOOP': 1}, epilogue={'BI': 16, 'BJ': 8, 'num_warps': 8, 'num_stages': 1, 'KC': 32, 'NUM_STAGES_K': 2, 'WS': 0}
[fpf_mkpf] installed levers=['F1E', 'F1S'] arith=welford cells: 8.0|3.7 -> 'sm80_t37' f1={'BI': 8, 'BJ': 8, 'num_warps': 8, 'num_stages': 1, 'BN': 64, 'NUM_STAGES_W': 2, 'WS': 0, 'GROUP_I': 0} f3=None patched=['blk_ln_mode', 'triatt_prologue', 'triatt_prologue_padded']
[FPF] PTX_MK_PF=F1 -> fpf_mkpf installed: ['F1E', 'F1S'] arith=welford class=EXACT (--det 1 predictions byte-identical to --mode off end to end at 400 and 956 tokens on A100-SXM4-80GB, torch 2.13 / triton 3.7.1, inside the composed block statement from CELLS.json blk2_triatt_min_tokens up) cells=8.0|3.7 -> 'sm80_t37' (EXACT only with welford cells; two-pass cells are TIER-2, opt-in, gated at PTX_T_MIN_TOKENS)
/root/kit/protenix_v2/venv/lib/python3.11/site-packages/matplotlib/_fontconfig_pattern.py:64: PyparsingDeprecationWarning: 'oneOf' deprecated - use 'one_of'
  prop = Group((name + Suppress("=") + comma_separated(value)) | oneOf(_CONSTANTS))
/root/kit/protenix_v2/venv/lib/python3.11/site-packages/matplotlib/_fontconfig_pattern.py:85: PyparsingDeprecationWarning: 'parseString' deprecated - use 'parse_string'
  parse = parser.parseString(pattern)
/root/kit/protenix_v2/venv/lib/python3.11/site-packages/matplotlib/_fontconfig_pattern.py:89: PyparsingDeprecationWarning: 'resetCache' deprecated - use 'reset_cache'
  parser.resetCache()
/root/kit/protenix_v2/opt/forward/flashpairformer/src/ptx_trunk2_levers.py:1510: ResourceWarning: unclosed file <_io.TextIOWrapper name='/root/kit/protenix_v2/opt/forward/flashpairformer/src/deadskip_manifest.json' mode='r' encoding='UTF-8'>
  man = json.load(open(manifest_path))
ResourceWarning: Enable tracemalloc to get the object allocation traceback
2026-10-08 04:37:02,381 [/root/kit/common/opt_core/opt_core/kernels/triattn_exact/face.py:571] INFO triattn_exact: triattn_exact: self-check passed (route=_prebuilt.cuda_mma, lib=0.11.1, device=A100_SXM_80GB, 3 shapes)
2026-10-08 04:37:02,381 [/root/kit/common/opt_core/opt_core/kernels/triattn/exact_member.py:210] INFO opt_core.kernels.triattn_exact: triattn_exact installed: {'proven_cells': 14, 'cache_dir': '/tmp/model_opt_jit-uid0/torch2.13.0-cu130-sm80/triattn_exact', 'route': '_prebuilt.cuda_mma', 'probe': 'served S=128 H=4 via _prebuilt.cuda_mma (self-check passed)', 'backend': 'ctypes', 'prepare_s': 0.38}
[FPF] triatt_exact: TRIATT_EXACT:on(opt_core.kernels.triattn 0.5.228.0 word=exact bind=tier:exact sites=tl cc=8.0 select=S256:triattn_exact,S512:triattn_exact,S1536:triattn_exact; exact-class row triattn_exact at S256/S512/S1536 of the probe sizes on 8.0|torch2.13.0+cu130|cueq0.11.1 (bit-identical to the library op; a per-call refusal by name takes the library op); EXACT-BITWISE vs the library triangle_attention D=32)
[FPF] XLMEM lean_k2b_chunks=0 lean_cueq_chunks=0 max_ntok=0 lean_triatt_stmts=0 lean_prologue_calls=0 pad8_skipped_gt_max=0 chunk_mode=prologue chunk_tok=2299 pad8_max_tok=2299 alloc_conf=expandable_segments:True est_fused_prologue_transient_gb=0.0 est_pad8_copies_gb=0.0 lean_active=False pad8_off_by_max=False torch_max_allocated_gb=0.0 torch_max_reserved_gb=0.01 device_total_gb=79.3
/root/kit/protenix_v2/opt/forward/flashpairformer/third_party/fastln_prebuilt.py:107: ResourceWarning: unclosed file <_io.TextIOWrapper name='/root/kit/protenix_v2/opt/forward/flashpairformer/third_party/fastln_prebuilt_cu130/manifest.json' mode='r' encoding='UTF-8'>
  man = json.load(open(mp))
ResourceWarning: Enable tracemalloc to get the object allocation traceback
[sitecustomize] FPF v0.2 levers: ['GRAPH:on(PairformerStack.forward; ln=prebuilt:fastln_prebuilt_cu130; max_sig=auto(mem 0.30*total); tok 17..448; noclone=False; templ=False)']
[sitecustomize] trunk-II levers applied: ["BLOCKFUSE_XL:0.1.1(F1 8.0|3.7 -> 'sm80_t37',welford,EXACT)", 'T1:fused', 'TRCORE:on(word=exact bind=tier:exact provider=opt_core.kernels.transition opt_core=0.5.228.0 sites=Transition.forward+block_pair_transition)', 'GLUE_V2:on(epilogue,prologue,prologue_padded)', "MK_PF:on(F1E,F1S,arith=welford,class=EXACT,cells=8.0|3.7 -> 'sm80_t37',rebound=0)", 'BLK:2(pro+cueq+epi+transition_core,chunked=1)', 'DEADSKIP:hooked(load_checkpoint)', 'PWAZ:True', 'NM:1', 'KEEP_POOL:on(skip=3of5,over=empty_cache)', 'SUMHOST:on(inference-call;d2h=2,h2d=2/item)', 'TRIATT_EXACT:on(opt_core.kernels.triattn 0.5.228.0 word=exact bind=tier:exact sites=tl cc=8.0 select=S256:triattn_exact,S512:triattn_exact,S1536:triattn_exact; exact-class row triattn_exact at S256/S512/S1536 of the probe sizes on 8.0|torch2.13.0+cu130|cueq0.11.1 (bit-identical to the library op; a per-call refusal by name takes the library op); EXACT-BITWISE vs the library triangle_attention D=32)', 'v02:GRAPH:on(PairformerStack.forward; ln=prebuilt:fastln_prebuilt_cu130; max_sig=auto(mem 0.30*total); tok 17..448; noclone=False; templ=False)']
[ptx_trimul_routes] APPLIED word=exact bind=tier:exact min_tokens=101 opt_core=0.5.228.0@/root/kit/common/opt_core/opt_core/__init__.py
[ptx_c64_routes] APPLIED trimul=tmk3 bind=tier:exact triatt=off inner_out=ptx_trimul_routes:trimul_out inner_in=ptx_trimul_routes:trimul_in trimul_min_tokens=101 triatt_min_tokens=0 prefer=none triatt_bind=none opt_core=0.5.228.0@/root/kit/common/opt_core/opt_core/__init__.py wrapped_over=None
[sitecustomize] FPF ops enabled: {'enabled': ['trimul_in', 'trimul_out'], 'calls': {}}
[ptx_addon_levers] APPLIED template_distinct_eval mode=1
[sitecustomize] PTX_SAMPLER_GRAPH/HOIST -> fpf_clisampler.hook(direct)
/root/kit/protenix_v2/opt/protenix_opt/stack.py:203: ResourceWarning: unclosed file <_io.TextIOWrapper name='/root/kit/protenix_v2/opt/forward/flashpairformer/CELLS.json' mode='r' encoding='UTF-8'>
  c = json.load(open(out["cells_json"]))
ResourceWarning: Enable tracemalloc to get the object allocation traceback
/root/kit/protenix_v2/opt/protenix_opt/stack.py:218: ResourceWarning: unclosed file <_io.TextIOWrapper name='/root/kit/common/opt_core/opt_core/kernels/fpf_triatt_k2b/K2B_CELLS.json' mode='r' encoding='UTF-8'>
  k = json.load(open(k2b))
ResourceWarning: Enable tracemalloc to get the object allocation traceback
[protenix-opt] ACTIVE mode=exact n_gpu=1 sharding=none protenix=2.0.0 gpu=NVIDIA A100-SXM4-80GB(sm80) levers=layernorm_fast,cueq_tuned_tiles,template_dedupe,t1_fused_transition,nomask,blk2_block_path,pwa_zcache,blk2_chunked_exact,deadskip,lever_report,trimul_core_exact,stackgraph,sampler_graph,sampler_graph_cache_policy,sampler_prep,sampler_reach,sampler_fuse,fastln_prebuilt,xl_policy,glue_v2,mk_pf,lazy_init,keep_pool,summary_hostidx,triatt_exact,transition_core_exact,sampler_admit,pred_release,templ_trimul_tmk3 fallbacks=none (levers installed later are reconciled at the end)
[protenix-opt] CARD LEVER SET kernel_key=8.0|3.7: not in the arm on this card — pad8 (not in the kit README row for kernel key 8.0|3.7 (the compositions table: its kernels have no cells for this key)); dit_attn_exact (not in the kit README row for kernel key 8.0|3.7 (the compositions table: its kernels have no cells for this key)); atom_attn_exact (not in the kit README row for kernel key 8.0|3.7 (the compositions table: its kernels have no cells for this key)); triatt_prologue_cuda (not in the kit README row for kernel key 8.0|3.7 (the compositions table: its kernels have no cells for this key))
[protenix-opt] records: /tmp/protenix_opt_records_zytjpdj9 (opt_lever_report.jsonl, tp/)
2026-10-08 04:37:02,552 [/root/kit/protenix_v2/venv/lib/python3.11/site-packages/runner/batch_inference.py:835] INFO runner.batch_inference: Run infer with input=/root/pfm/in/timing.json, out_dir=/root/pfm/results/time_exact/pred, sample=5
2026-10-08 04:37:02,552 [/root/kit/protenix_v2/venv/lib/python3.11/site-packages/runner/batch_inference.py:863] INFO runner.batch_inference: Using default params for model protenix-v2: cycle=10, step=200, use_msa=True
2026-10-08 04:37:02,553 [/root/kit/protenix_v2/venv/lib/python3.11/site-packages/runner/batch_inference.py:511] INFO runner.batch_inference: Will infer with 1 jsons
2026-10-08 04:37:02,565 [/root/kit/protenix_v2/venv/lib/python3.11/site-packages/runner/batch_inference.py:413] INFO runner.batch_inference: Inference by Protenix: model_size: 464M, with_feature: default, model_version: v2, dtype: bf16
2026-10-08 04:37:02,565 [/root/kit/protenix_v2/venv/lib/python3.11/site-packages/runner/batch_inference.py:418] INFO runner.batch_inference: Triangle_multiplicative kernel: cuequivariance, Triangle_attention kernel: cuequivariance
2026-10-08 04:37:02,565 [/root/kit/protenix_v2/venv/lib/python3.11/site-packages/runner/batch_inference.py:422] INFO runner.batch_inference: enable_diffusion_shared_vars_cache: True, enable_efficient_fusion: True, enable_tf32: True
2026-10-08 04:37:02,565 [/root/kit/protenix_v2/venv/lib/python3.11/site-packages/runner/inference.py:246] INFO runner.inference: Distributed environment: world size: 1, global rank: 0, local rank: 0
2026-10-08 04:37:02,565 [/root/kit/protenix_v2/venv/lib/python3.11/site-packages/runner/inference.py:98] INFO root: LOCAL_RANK: 0 - CUDA_VISIBLE_DEVICES: [0]
2026-10-08 04:37:02,565 [/root/kit/protenix_v2/venv/lib/python3.11/site-packages/runner/inference.py:123] INFO root: Kernels will be compiled when fast_layernorm is first called.
2026-10-08 04:37:02,565 [/root/kit/protenix_v2/venv/lib/python3.11/site-packages/runner/inference.py:127] INFO root: Finished environment initialization.
[fpf_clisampler] SAMPLER:on(sampler graph: infopt_graphs 0.1.0@/root/kit/protenix_v2/opt/forward/flashpairformer/src/infopt_graphs; pool=private; max_tokens=1536; pool_gb=count; hoist=on(n_token_blocks=24); prep=rot_async+keycheck+warmup1+poison_once+pool_chain+stepvec; reach=on(floor=1536; routes by fpf_clisampler.policy); policy:on(admit=memory release=reach hoist_eager=1; items above 1536 tokens admitted by sampler_reach); det=n/a; 0.03 s)
2026-10-08 04:38:06,438 [/root/kit/protenix_v2/venv/lib/python3.11/site-packages/runner/inference.py:246] INFO runner.inference: [ptx_lazy_init] model constructed with random init skipped in 63.9s (13 init fns no-op'd; strict checkpoint load follows)
2026-10-08 04:38:06,438 [/root/kit/protenix_v2/venv/lib/python3.11/site-packages/runner/inference.py:246] INFO runner.inference: Loading from /weights/protenix/checkpoint/protenix-v2.pt, strict: True
2026-10-08 04:38:07,624 [/root/kit/protenix_v2/venv/lib/python3.11/site-packages/runner/inference.py:246] INFO runner.inference: Sampled key: module.input_embedder.atom_attention_encoder.linear_no_bias_ref_pos.weight
2026-10-08 04:38:07,767 [/root/kit/protenix_v2/venv/lib/python3.11/site-packages/runner/inference.py:246] INFO runner.inference: Finish loading checkpoint.
2026-10-08 04:38:07,775 [/root/kit/protenix_v2/venv/lib/python3.11/site-packages/runner/inference.py:246] INFO runner.inference: Model parameters: 464.44M
[FPF] TRCORE word=exact c=256 hidden=1024 family=pair n_tokens=64 -> row v1 (transition:v1 word=exact tier=exact cell=8.0|bf16|pair_c256_n4|N<=400|eager|fwd x_stock=1.152 cls=bitwise stack_measured=True exact_class_given_the_callers_ln_output)
[FPF] TRCORE word=exact c=384 hidden=1536 family=single n_tokens=64 -> module statement by name (transition:torch_swiglu word=exact tier=exact cell=8.0|bf16|single_c384_n4|N<=256|eager|fwd x_stock=1.0 cls=stock stack_measured=False reference_stack_numbers)
[dit_fuse] installed: {'installed': True, 'n_ada': 48, 'n_gate': 30, 'n_res_apb': 30, 'n_ctb': 30, 'n_blocks': 30, 'skipped': [], 'levers': ['ada', 'gate', 'res', 'swiglu'], 'scope': 'all', 'skipped_hoisted_ada': 18, 'cfg': {'sigmoid': 'rcp', 'exp': 'libdevice'}}
protenix-opt sampler_fuse: installed levers=ada,gate,res,swiglu sites={'ada': 48, 'gate': 30, 'res': 30, 'swiglu': 30}
  0%|          | 0/1 [00:00<?, ?it/s]2026-10-08 04:38:11,110 [/root/kit/protenix_v2/venv/lib/python3.11/site-packages/runner/msa_search.py:252] INFO runner.msa_search: do not need to update msa result, so return itself /root/pfm/in/timing.json
2026-10-08 04:38:11,111 [/root/kit/protenix_v2/venv/lib/python3.11/site-packages/runner/inference.py:428] INFO runner.inference: Loading data from /root/pfm/in/timing.json
2026-10-08 04:38:11,114 [/root/kit/protenix_v2/venv/lib/python3.11/site-packages/protenix/data/inference/infer_dataloader.py:283] INFO protenix.data.inference.infer_dataloader: Featurizing c730d5889_r0...
2026-10-08 04:38:21,056 [/root/kit/protenix_v2/venv/lib/python3.11/site-packages/protenix/data/constraint/constraint_featurizer.py:392] INFO protenix.data.constraint.constraint_featurizer: Loaded constraint feature: #atom contact:0 #contact:0 #pocket:0
2026-10-08 04:38:22,416 [/root/kit/protenix_v2/venv/lib/python3.11/site-packages/protenix/data/template/template_featurizer.py:684] INFO protenix.data.template.template_featurizer: Calling InferenceTemplateFeaturizer.make_template_feature
2026-10-08 04:38:23,954 [/root/kit/protenix_v2/venv/lib/python3.11/site-packages/runner/inference.py:478] INFO runner.inference: [Rank 0 (1/20)] c730d5889_r0 [seed:101]: N_asym 2, N_token 730, N_atom 5919, N_msa 3978
/root/kit/common/opt_core/opt_core/kernels/trimul/native/pkg/v5/python/trimul_native/face.py:729: DeprecationWarning: torch.get_autocast_gpu_dtype() is deprecated. Please use torch.get_autocast_dtype('cuda') instead. (Triggered internally at /__w/pytorch/pytorch/torch/csrc/autograd/init.cpp:1007.)
  elif z.dtype == torch.float32 and autocast_on and torch.get_autocast_gpu_dtype() == torch.bfloat16:
[opt_core] NATIVE_STAMP trimul native@1.2.2 pkg=v5 cc=8.0 stamp=written gate_ran=yes gate_s=15.19 install_s=15.25 dir=triattn_root
[ptx_c64_routes] FIRST trimul outgoing N=730 C=64 dtype=bfloat16 residual=True mask=[730, 730] selection=[trimul row=native_exact word=exact cell=8.0|bf16|C64|H64|N<=800|out|fwd(nearest) stack=A100:2.13.0+cu130/3.7.1/cueq0.11.1 class=bitwise≡cueq exact_vs=cuequivariance_torch x_stock=1.458 reason=exact winner on A100:2.13.0+cu130/3.7.1/cueq0.11.1]
[ptx_c64_routes] FIRST trimul incoming N=730 C=64 dtype=bfloat16 residual=True mask=[730, 730] selection=[trimul row=native_exact word=exact cell=8.0|bf16|C64|H64|N<=800|in|fwd(nearest) stack=A100:2.13.0+cu130/3.7.1/cueq0.11.1 class=bitwise≡cueq exact_vs=cuequivariance_torch x_stock=1.534 reason=exact winner on A100:2.13.0+cu130/3.7.1/cueq0.11.1]
[FPF] TRCORE word=exact c=64 hidden=128 family=rows n_tokens=730 -> row v1 (transition:v1 word=exact tier=exact cell=8.0|bf16|rows_c64_n2|N<=800|eager|fwd x_stock=1.354 cls=bitwise stack_measured=True exact_class_given_the_callers_ln_output)
[FPF] TRCORE word=exact c=128 hidden=512 family=pair n_tokens=1096 -> module statement by name (provider refusal exact_rows_above_max_rows_on_cc_8.0, fallback row torch_swiglu)
/root/kit/protenix_v2/opt/forward/flashpairformer/src/deadskip.py:150: DeprecationWarning: torch.get_autocast_gpu_dtype() is deprecated. Please use torch.get_autocast_dtype('cuda') instead. (Triggered internally at /__w/pytorch/pytorch/torch/csrc/autograd/init.cpp:1007.)
  dt = torch.get_autocast_gpu_dtype() if torch.is_autocast_enabled() else base.dtype
[FPF] TRCORE word=exact c=128 hidden=512 family=pair n_tokens=949 -> row v1 (transition:v1 word=exact tier=exact cell=8.0|bf16|pair_c128_n4|N<=1200|eager|fwd x_stock=1.744 cls=bitwise stack_measured=True exact_class_given_the_callers_ln_output)
[fpf_clisampler] ADMIT item N_token=730 N_atom=5919: GRAPH — projected sampler peak with graph+hoist 8.9 <= 66.4 GiB (0.85 x device 79.3 - reserve 1.0) [rule=memory; allocated at entry 3.6; model v3 GiB: hoist slots 1.9 (= 3.5e-06*N^2) + record transient 0.1 (= 2e-07*N^2, <= 2560 tok), graph pool+copies 3.3 (= 6.2e-06*N^2), stock-sampler transient 1.7 (= 3.2e-06*N^2), confidence proj 6.5 (= allocated + 5.35e-06*N^2, N <= 2000); trunk-phase peak 7.5; device 79.3]
[fpf_clisampler] SAMPLER-MEM item N_token=730 N_atom=5919 route=graph admit_ok limit_gib=66.36 trunk_peak_gib=7.52 alloc_at_entry_gib=3.65 projected_peak_gib=8.92 item_peak_after_sampler_gib=9.16 (sampler above trunk peak) alloc_at_exit_gib=6.97 sampler_wall_s=13.50 kept(inside the graph envelope: entry + pool stay for the next item)
2026-10-08 04:39:23,893 [/root/kit/protenix_v2/venv/lib/python3.11/site-packages/runner/inference.py:500] INFO runner.inference: [Rank 0] c730d5889_r0 [seed:101] succeeded. Model forward time: 59.94s. Results saved to /root/pfm/results/time_exact/pred
2026-10-08 04:39:23,931 [/root/kit/protenix_v2/venv/lib/python3.11/site-packages/protenix/data/inference/infer_dataloader.py:283] INFO protenix.data.inference.infer_dataloader: Featurizing c730d5889_r1...
2026-10-08 04:39:25,158 [/root/kit/protenix_v2/venv/lib/python3.11/site-packages/protenix/data/constraint/constraint_featurizer.py:392] INFO protenix.data.constraint.constraint_featurizer: Loaded constraint feature: #atom contact:0 #contact:0 #pocket:0
2026-10-08 04:39:26,633 [/root/kit/protenix_v2/venv/lib/python3.11/site-packages/protenix/data/template/template_featurizer.py:684] INFO protenix.data.template.template_featurizer: Calling InferenceTemplateFeaturizer.make_template_feature
2026-10-08 04:39:28,055 [/root/kit/protenix_v2/venv/lib/python3.11/site-packages/runner/inference.py:478] INFO runner.inference: [Rank 0 (2/20)] c730d5889_r1 [seed:101]: N_asym 2, N_token 730, N_atom 5919, N_msa 3978
/root/kit/protenix_v2/opt/forward/flashpairformer/src/deadskip.py:150: DeprecationWarning: torch.get_autocast_gpu_dtype() is deprecated. Please use torch.get_autocast_dtype('cuda') instead. (Triggered internally at /__w/pytorch/pytorch/torch/csrc/autograd/init.cpp:1007.)
  dt = torch.get_autocast_gpu_dtype() if torch.is_autocast_enabled() else base.dtype
[fpf_clisampler] ADMIT item N_token=730 N_atom=5919: GRAPH — projected sampler peak with graph+hoist 12.3 <= 66.4 GiB (0.85 x device 79.3 - reserve 1.0) [rule=memory; allocated at entry 7.0; model v3 GiB: hoist slots 1.9 (= 3.5e-06*N^2) + record transient 0.1 (= 2e-07*N^2, <= 2560 tok), graph pool+copies 3.3 (= 6.2e-06*N^2), stock-sampler transient 1.7 (= 3.2e-06*N^2), confidence proj 9.9 (= allocated + 5.35e-06*N^2, N <= 2000); trunk-phase peak 10.6; device 79.3]
[fpf_clisampler] SAMPLER-MEM item N_token=730 N_atom=5919 route=graph admit_ok limit_gib=66.36 trunk_peak_gib=10.56 alloc_at_entry_gib=7.05 projected_peak_gib=12.32 item_peak_after_sampler_gib=10.56 (trunk peak stands) alloc_at_exit_gib=7.05 sampler_wall_s=10.23 kept(inside the graph envelope: entry + pool stay for the next item)
2026-10-08 04:40:04,571 [/root/kit/protenix_v2/venv/lib/python3.11/site-packages/runner/inference.py:500] INFO runner.inference: [Rank 0] c730d5889_r1 [seed:101] succeeded. Model forward time: 36.52s. Results saved to /root/pfm/results/time_exact/pred
2026-10-08 04:40:04,618 [/root/kit/protenix_v2/venv/lib/python3.11/site-packages/protenix/data/inference/infer_dataloader.py:283] INFO protenix.data.inference.infer_dataloader: Featurizing c730d5889_r2...
2026-10-08 04:40:05,758 [/root/kit/protenix_v2/venv/lib/python3.11/site-packages/protenix/data/constraint/constraint_featurizer.py:392] INFO protenix.data.constraint.constraint_featurizer: Loaded constraint feature: #atom contact:0 #contact:0 #pocket:0
2026-10-08 04:40:07,197 [/root/kit/protenix_v2/venv/lib/python3.11/site-packages/protenix/data/template/template_featurizer.py:684] INFO protenix.data.template.template_featurizer: Calling InferenceTemplateFeaturizer.make_template_feature
2026-10-08 04:40:08,558 [/root/kit/protenix_v2/venv/lib/python3.11/site-packages/runner/inference.py:478] INFO runner.inference: [Rank 0 (3/20)] c730d5889_r2 [seed:101]: N_asym 2, N_token 730, N_atom 5919, N_msa 3978
[FPF] TRCORE word=exact c=128 hidden=512 family=pair n_tokens=54 -> module statement by name (provider refusal exact_vouch_below_64_tokens_on_A100:torch2.13.0+cu130/3.7.1, fallback row torch_swiglu)
[fpf_clisampler] ADMIT item N_token=730 N_atom=5919: GRAPH — projected sampler peak with graph+hoist 12.3 <= 66.4 GiB (0.85 x device 79.3 - reserve 1.0) [rule=memory; allocated at entry 7.0; model v3 GiB: hoist slots 1.9 (= 3.5e-06*N^2) + record transient 0.1 (= 2e-07*N^2, <= 2560 tok), graph pool+copies 3.3 (= 6.2e-06*N^2), stock-sampler transient 1.7 (= 3.2e-06*N^2), confidence proj 9.9 (= allocated + 5.35e-06*N^2, N <= 2000); trunk-phase peak 10.6; device 79.3]
[fpf_clisampler] SAMPLER-MEM item N_token=730 N_atom=5919 route=graph admit_ok limit_gib=66.36 trunk_peak_gib=10.56 alloc_at_entry_gib=7.05 projected_peak_gib=12.32 item_peak_after_sampler_gib=10.56 (trunk peak stands) alloc_at_exit_gib=7.05 sampler_wall_s=10.24 kept(inside the graph envelope: entry + pool stay for the next item)
2026-10-08 04:40:45,427 [/root/kit/protenix_v2/venv/lib/python3.11/site-packages/runner/inference.py:500] INFO runner.inference: [Rank 0] c730d5889_r2 [seed:101] succeeded. Model forward time: 36.87s. Results saved to /root/pfm/results/time_exact/pred
2026-10-08 04:40:45,474 [/root/kit/protenix_v2/venv/lib/python3.11/site-packages/protenix/data/inference/infer_dataloader.py:283] INFO protenix.data.inference.infer_dataloader: Featurizing c730d5889_r3...
2026-10-08 04:40:46,554 [/root/kit/protenix_v2/venv/lib/python3.11/site-packages/protenix/data/constraint/constraint_featurizer.py:392] INFO protenix.data.constraint.constraint_featurizer: Loaded constraint feature: #atom contact:0 #contact:0 #pocket:0
2026-10-08 04:40:47,811 [/root/kit/protenix_v2/venv/lib/python3.11/site-packages/protenix/data/template/template_featurizer.py:684] INFO protenix.data.template.template_featurizer: Calling InferenceTemplateFeaturizer.make_template_feature
2026-10-08 04:40:49,258 [/root/kit/protenix_v2/venv/lib/python3.11/site-packages/runner/inference.py:478] INFO runner.inference: [Rank 0 (4/20)] c730d5889_r3 [seed:101]: N_asym 2, N_token 730, N_atom 5919, N_msa 3978
[fpf_clisampler] ADMIT item N_token=730 N_atom=5919: GRAPH — projected sampler peak with graph+hoist 12.3 <= 66.4 GiB (0.85 x device 79.3 - reserve 1.0) [rule=memory; allocated at entry 7.0; model v3 GiB: hoist slots 1.9 (= 3.5e-06*N^2) + record transient 0.1 (= 2e-07*N^2, <= 2560 tok), graph pool+copies 3.3 (= 6.2e-06*N^2), stock-sampler transient 1.7 (= 3.2e-06*N^2), confidence proj 9.9 (= allocated + 5.35e-06*N^2, N <= 2000); trunk-phase peak 10.6; device 79.3]
[fpf_clisampler] SAMPLER-MEM item N_token=730 N_atom=5919 route=graph admit_ok limit_gib=66.36 trunk_peak_gib=10.56 alloc_at_entry_gib=7.05 projected_peak_gib=12.32 item_peak_after_sampler_gib=10.56 (trunk peak stands) alloc_at_exit_gib=7.05 sampler_wall_s=10.24 kept(inside the graph envelope: entry + pool stay for the next item)
2026-10-08 04:41:26,030 [/root/kit/protenix_v2/venv/lib/python3.11/site-packages/runner/inference.py:500] INFO runner.inference: [Rank 0] c730d5889_r3 [seed:101] succeeded. Model forward time: 36.77s. Results saved to /root/pfm/results/time_exact/pred
2026-10-08 04:41:26,074 [/root/kit/protenix_v2/venv/lib/python3.11/site-packages/protenix/data/inference/infer_dataloader.py:283] INFO protenix.data.inference.infer_dataloader: Featurizing c730d9987_r0...
2026-10-08 04:41:27,253 [/root/kit/protenix_v2/venv/lib/python3.11/site-packages/protenix/data/constraint/constraint_featurizer.py:392] INFO protenix.data.constraint.constraint_featurizer: Loaded constraint feature: #atom contact:0 #contact:0 #pocket:0
2026-10-08 04:41:29,559 [/root/kit/protenix_v2/venv/lib/python3.11/site-packages/protenix/data/template/template_featurizer.py:684] INFO protenix.data.template.template_featurizer: Calling InferenceTemplateFeaturizer.make_template_feature
2026-10-08 04:41:30,957 [/root/kit/protenix_v2/venv/lib/python3.11/site-packages/runner/inference.py:478] INFO runner.inference: [Rank 0 (5/20)] c730d9987_r0 [seed:101]: N_asym 2, N_token 730, N_atom 5919, N_msa 8770
[fpf_clisampler] ADMIT item N_token=730 N_atom=5919: GRAPH — projected sampler peak with graph+hoist 12.3 <= 66.4 GiB (0.85 x device 79.3 - reserve 1.0) [rule=memory; allocated at entry 7.1; model v3 GiB: hoist slots 1.9 (= 3.5e-06*N^2) + record transient 0.1 (= 2e-07*N^2, <= 2560 tok), graph pool+copies 3.3 (= 6.2e-06*N^2), stock-sampler transient 1.7 (= 3.2e-06*N^2), confidence proj 9.9 (= allocated + 5.35e-06*N^2, N <= 2000); trunk-phase peak 11.3; device 79.3]
[fpf_clisampler] SAMPLER-MEM item N_token=730 N_atom=5919 route=graph admit_ok limit_gib=66.36 trunk_peak_gib=11.29 alloc_at_entry_gib=7.05 projected_peak_gib=12.33 item_peak_after_sampler_gib=11.29 (trunk peak stands) alloc_at_exit_gib=7.06 sampler_wall_s=10.42 kept(inside the graph envelope: entry + pool stay for the next item)
2026-10-08 04:42:08,308 [/root/kit/protenix_v2/venv/lib/python3.11/site-packages/runner/inference.py:500] INFO runner.inference: [Rank 0] c730d9987_r0 [seed:101] succeeded. Model forward time: 37.35s. Results saved to /root/pfm/results/time_exact/pred
2026-10-08 04:42:08,342 [/root/kit/protenix_v2/venv/lib/python3.11/site-packages/protenix/data/inference/infer_dataloader.py:283] INFO protenix.data.inference.infer_dataloader: Featurizing c730d9987_r1...
2026-10-08 04:42:09,552 [/root/kit/protenix_v2/venv/lib/python3.11/site-packages/protenix/data/constraint/constraint_featurizer.py:392] INFO protenix.data.constraint.constraint_featurizer: Loaded constraint feature: #atom contact:0 #contact:0 #pocket:0
2026-10-08 04:42:11,862 [/root/kit/protenix_v2/venv/lib/python3.11/site-packages/protenix/data/template/template_featurizer.py:684] INFO protenix.data.template.template_featurizer: Calling InferenceTemplateFeaturizer.make_template_feature
2026-10-08 04:42:13,352 [/root/kit/protenix_v2/venv/lib/python3.11/site-packages/runner/inference.py:478] INFO runner.inference: [Rank 0 (6/20)] c730d9987_r1 [seed:101]: N_asym 2, N_token 730, N_atom 5919, N_msa 8770
/root/kit/protenix_v2/opt/forward/flashpairformer/src/deadskip.py:150: DeprecationWarning: torch.get_autocast_gpu_dtype() is deprecated. Please use torch.get_autocast_dtype('cuda') instead. (Triggered internally at /__w/pytorch/pytorch/torch/csrc/autograd/init.cpp:1007.)
  dt = torch.get_autocast_gpu_dtype() if torch.is_autocast_enabled() else base.dtype
[fpf_clisampler] ADMIT item N_token=730 N_atom=5919: GRAPH — projected sampler peak with graph+hoist 12.3 <= 66.4 GiB (0.85 x device 79.3 - reserve 1.0) [rule=memory; allocated at entry 7.1; model v3 GiB: hoist slots 1.9 (= 3.5e-06*N^2) + record transient 0.1 (= 2e-07*N^2, <= 2560 tok), graph pool+copies 3.3 (= 6.2e-06*N^2), stock-sampler transient 1.7 (= 3.2e-06*N^2), confidence proj 9.9 (= allocated + 5.35e-06*N^2, N <= 2000); trunk-phase peak 11.9; device 79.3]
[fpf_clisampler] SAMPLER-MEM item N_token=730 N_atom=5919 route=graph admit_ok limit_gib=66.36 trunk_peak_gib=11.91 alloc_at_entry_gib=7.06 projected_peak_gib=12.34 item_peak_after_sampler_gib=11.91 (trunk peak stands) alloc_at_exit_gib=7.06 sampler_wall_s=10.23 kept(inside the graph envelope: entry + pool stay for the next item)
2026-10-08 04:42:51,085 [/root/kit/protenix_v2/venv/lib/python3.11/site-packages/runner/inference.py:500] INFO runner.inference: [Rank 0] c730d9987_r1 [seed:101] succeeded. Model forward time: 37.73s. Results saved to /root/pfm/results/time_exact/pred
2026-10-08 04:42:51,148 [/root/kit/protenix_v2/venv/lib/python3.11/site-packages/protenix/data/inference/infer_dataloader.py:283] INFO protenix.data.inference.infer_dataloader: Featurizing c730d9987_r2...
2026-10-08 04:42:52,249 [/root/kit/protenix_v2/venv/lib/python3.11/site-packages/protenix/data/constraint/constraint_featurizer.py:392] INFO protenix.data.constraint.constraint_featurizer: Loaded constraint feature: #atom contact:0 #contact:0 #pocket:0
2026-10-08 04:42:54,442 [/root/kit/protenix_v2/venv/lib/python3.11/site-packages/protenix/data/template/template_featurizer.py:684] INFO protenix.data.template.template_featurizer: Calling InferenceTemplateFeaturizer.make_template_feature
2026-10-08 04:42:56,052 [/root/kit/protenix_v2/venv/lib/python3.11/site-packages/runner/inference.py:478] INFO runner.inference: [Rank 0 (7/20)] c730d9987_r2 [seed:101]: N_asym 2, N_token 730, N_atom 5919, N_msa 8770
[fpf_clisampler] ADMIT item N_token=730 N_atom=5919: GRAPH — projected sampler peak with graph+hoist 12.3 <= 66.4 GiB (0.85 x device 79.3 - reserve 1.0) [rule=memory; allocated at entry 7.1; model v3 GiB: hoist slots 1.9 (= 3.5e-06*N^2) + record transient 0.1 (= 2e-07*N^2, <= 2560 tok), graph pool+copies 3.3 (= 6.2e-06*N^2), stock-sampler transient 1.7 (= 3.2e-06*N^2), confidence proj 9.9 (= allocated + 5.35e-06*N^2, N <= 2000); trunk-phase peak 11.6; device 79.3]
[fpf_clisampler] SAMPLER-MEM item N_token=730 N_atom=5919 route=graph admit_ok limit_gib=66.36 trunk_peak_gib=11.59 alloc_at_entry_gib=7.06 projected_peak_gib=12.34 item_peak_after_sampler_gib=11.59 (trunk peak stands) alloc_at_exit_gib=7.06 sampler_wall_s=10.23 kept(inside the graph envelope: entry + pool stay for the next item)
2026-10-08 04:43:33,499 [/root/kit/protenix_v2/venv/lib/python3.11/site-packages/runner/inference.py:500] INFO runner.inference: [Rank 0] c730d9987_r2 [seed:101] succeeded. Model forward time: 37.45s. Results saved to /root/pfm/results/time_exact/pred
2026-10-08 04:43:33,557 [/root/kit/protenix_v2/venv/lib/python3.11/site-packages/protenix/data/inference/infer_dataloader.py:283] INFO protenix.data.inference.infer_dataloader: Featurizing c730d9987_r3...
2026-10-08 04:43:34,849 [/root/kit/protenix_v2/venv/lib/python3.11/site-packages/protenix/data/constraint/constraint_featurizer.py:392] INFO protenix.data.constraint.constraint_featurizer: Loaded constraint feature: #atom contact:0 #contact:0 #pocket:0
2026-10-08 04:43:37,140 [/root/kit/protenix_v2/venv/lib/python3.11/site-packages/protenix/data/template/template_featurizer.py:684] INFO protenix.data.template.template_featurizer: Calling InferenceTemplateFeaturizer.make_template_feature
2026-10-08 04:43:38,653 [/root/kit/protenix_v2/venv/lib/python3.11/site-packages/runner/inference.py:478] INFO runner.inference: [Rank 0 (8/20)] c730d9987_r3 [seed:101]: N_asym 2, N_token 730, N_atom 5919, N_msa 8770
[fpf_clisampler] ADMIT item N_token=730 N_atom=5919: GRAPH — projected sampler peak with graph+hoist 12.3 <= 66.4 GiB (0.85 x device 79.3 - reserve 1.0) [rule=memory; allocated at entry 7.1; model v3 GiB: hoist slots 1.9 (= 3.5e-06*N^2) + record transient 0.1 (= 2e-07*N^2, <= 2560 tok), graph pool+copies 3.3 (= 6.2e-06*N^2), stock-sampler transient 1.7 (= 3.2e-06*N^2), confidence proj 9.9 (= allocated + 5.35e-06*N^2, N <= 2000); trunk-phase peak 11.7; device 79.3]
[fpf_clisampler] SAMPLER-MEM item N_token=730 N_atom=5919 route=graph admit_ok limit_gib=66.36 trunk_peak_gib=11.73 alloc_at_entry_gib=7.06 projected_peak_gib=12.34 item_peak_after_sampler_gib=11.73 (trunk peak stands) alloc_at_exit_gib=7.06 sampler_wall_s=10.23 kept(inside the graph envelope: entry + pool stay for the next item)
2026-10-08 04:44:16,301 [/root/kit/protenix_v2/venv/lib/python3.11/site-packages/runner/inference.py:500] INFO runner.inference: [Rank 0] c730d9987_r3 [seed:101] succeeded. Model forward time: 37.65s. Results saved to /root/pfm/results/time_exact/pred
2026-10-08 04:44:16,365 [/root/kit/protenix_v2/venv/lib/python3.11/site-packages/protenix/data/inference/infer_dataloader.py:283] INFO protenix.data.inference.infer_dataloader: Featurizing p8y9t_r0...
2026-10-08 04:44:17,557 [/root/kit/protenix_v2/venv/lib/python3.11/site-packages/protenix/data/constraint/constraint_featurizer.py:392] INFO protenix.data.constraint.constraint_featurizer: Loaded constraint feature: #atom contact:0 #contact:0 #pocket:0
2026-10-08 04:44:19,256 [/root/kit/protenix_v2/venv/lib/python3.11/site-packages/protenix/data/template/template_featurizer.py:684] INFO protenix.data.template.template_featurizer: Calling InferenceTemplateFeaturizer.make_template_feature
2026-10-08 04:44:20,750 [/root/kit/protenix_v2/venv/lib/python3.11/site-packages/runner/inference.py:478] INFO runner.inference: [Rank 0 (9/20)] p8y9t_r0 [seed:101]: N_asym 2, N_token 717, N_atom 5678, N_msa 10800
[fpf_clisampler] ADMIT item N_token=717 N_atom=5678: GRAPH — projected sampler peak with graph+hoist 12.1 <= 66.4 GiB (0.85 x device 79.3 - reserve 1.0) [rule=memory; allocated at entry 7.1; model v3 GiB: hoist slots 1.8 (= 3.5e-06*N^2) + record transient 0.1 (= 2e-07*N^2, <= 2560 tok), graph pool+copies 3.2 (= 6.2e-06*N^2), stock-sampler transient 1.6 (= 3.2e-06*N^2), confidence proj 9.8 (= allocated + 5.35e-06*N^2, N <= 2000); trunk-phase peak 12.3; device 79.3]
[fpf_clisampler] SAMPLER-MEM item N_token=717 N_atom=5678 route=graph admit_ok limit_gib=66.36 trunk_peak_gib=12.33 alloc_at_entry_gib=7.06 projected_peak_gib=12.15 item_peak_after_sampler_gib=12.33 (trunk peak stands) alloc_at_exit_gib=6.86 sampler_wall_s=10.32 kept(inside the graph envelope: entry + pool stay for the next item)
2026-10-08 04:44:59,208 [/root/kit/protenix_v2/venv/lib/python3.11/site-packages/runner/inference.py:500] INFO runner.inference: [Rank 0] p8y9t_r0 [seed:101] succeeded. Model forward time: 38.46s. Results saved to /root/pfm/results/time_exact/pred
2026-10-08 04:44:59,239 [/root/kit/protenix_v2/venv/lib/python3.11/site-packages/protenix/data/inference/infer_dataloader.py:283] INFO protenix.data.inference.infer_dataloader: Featurizing p8y9t_r1...
2026-10-08 04:45:00,458 [/root/kit/protenix_v2/venv/lib/python3.11/site-packages/protenix/data/constraint/constraint_featurizer.py:392] INFO protenix.data.constraint.constraint_featurizer: Loaded constraint feature: #atom contact:0 #contact:0 #pocket:0
2026-10-08 04:45:02,146 [/root/kit/protenix_v2/venv/lib/python3.11/site-packages/protenix/data/template/template_featurizer.py:684] INFO protenix.data.template.template_featurizer: Calling InferenceTemplateFeaturizer.make_template_feature
2026-10-08 04:45:03,662 [/root/kit/protenix_v2/venv/lib/python3.11/site-packages/runner/inference.py:478] INFO runner.inference: [Rank 0 (10/20)] p8y9t_r1 [seed:101]: N_asym 2, N_token 717, N_atom 5678, N_msa 10800
/root/kit/protenix_v2/opt/forward/flashpairformer/src/deadskip.py:150: DeprecationWarning: torch.get_autocast_gpu_dtype() is deprecated. Please use torch.get_autocast_dtype('cuda') instead. (Triggered internally at /__w/pytorch/pytorch/torch/csrc/autograd/init.cpp:1007.)
  dt = torch.get_autocast_gpu_dtype() if torch.is_autocast_enabled() else base.dtype
[fpf_clisampler] ADMIT item N_token=717 N_atom=5678: GRAPH — projected sampler peak with graph+hoist 12.0 <= 66.4 GiB (0.85 x device 79.3 - reserve 1.0) [rule=memory; allocated at entry 6.9; model v3 GiB: hoist slots 1.8 (= 3.5e-06*N^2) + record transient 0.1 (= 2e-07*N^2, <= 2560 tok), graph pool+copies 3.2 (= 6.2e-06*N^2), stock-sampler transient 1.6 (= 3.2e-06*N^2), confidence proj 9.6 (= allocated + 5.35e-06*N^2, N <= 2000); trunk-phase peak 11.6; device 79.3]
[fpf_clisampler] SAMPLER-MEM item N_token=717 N_atom=5678 route=graph admit_ok limit_gib=66.36 trunk_peak_gib=11.61 alloc_at_entry_gib=6.86 projected_peak_gib=11.95 item_peak_after_sampler_gib=11.61 (trunk peak stands) alloc_at_exit_gib=6.86 sampler_wall_s=10.09 kept(inside the graph envelope: entry + pool stay for the next item)
2026-10-08 04:45:42,199 [/root/kit/protenix_v2/venv/lib/python3.11/site-packages/runner/inference.py:500] INFO runner.inference: [Rank 0] p8y9t_r1 [seed:101] succeeded. Model forward time: 38.54s. Results saved to /root/pfm/results/time_exact/pred
2026-10-08 04:45:42,401 [/root/kit/protenix_v2/venv/lib/python3.11/site-packages/protenix/data/inference/infer_dataloader.py:283] INFO protenix.data.inference.infer_dataloader: Featurizing p8y9t_r2...
2026-10-08 04:45:43,452 [/root/kit/protenix_v2/venv/lib/python3.11/site-packages/protenix/data/constraint/constraint_featurizer.py:392] INFO protenix.data.constraint.constraint_featurizer: Loaded constraint feature: #atom contact:0 #contact:0 #pocket:0
2026-10-08 04:45:45,155 [/root/kit/protenix_v2/venv/lib/python3.11/site-packages/protenix/data/template/template_featurizer.py:684] INFO protenix.data.template.template_featurizer: Calling InferenceTemplateFeaturizer.make_template_feature
2026-10-08 04:45:46,561 [/root/kit/protenix_v2/venv/lib/python3.11/site-packages/runner/inference.py:478] INFO runner.inference: [Rank 0 (11/20)] p8y9t_r2 [seed:101]: N_asym 2, N_token 717, N_atom 5678, N_msa 10800
[fpf_clisampler] ADMIT item N_token=717 N_atom=5678: GRAPH — projected sampler peak with graph+hoist 12.0 <= 66.4 GiB (0.85 x device 79.3 - reserve 1.0) [rule=memory; allocated at entry 6.9; model v3 GiB: hoist slots 1.8 (= 3.5e-06*N^2) + record transient 0.1 (= 2e-07*N^2, <= 2560 tok), graph pool+copies 3.2 (= 6.2e-06*N^2), stock-sampler transient 1.6 (= 3.2e-06*N^2), confidence proj 9.6 (= allocated + 5.35e-06*N^2, N <= 2000); trunk-phase peak 11.8; device 79.3]
[fpf_clisampler] SAMPLER-MEM item N_token=717 N_atom=5678 route=graph admit_ok limit_gib=66.36 trunk_peak_gib=11.77 alloc_at_entry_gib=6.86 projected_peak_gib=11.95 item_peak_after_sampler_gib=11.77 (trunk peak stands) alloc_at_exit_gib=6.86 sampler_wall_s=10.09 kept(inside the graph envelope: entry + pool stay for the next item)
2026-10-08 04:46:24,505 [/root/kit/protenix_v2/venv/lib/python3.11/site-packages/runner/inference.py:500] INFO runner.inference: [Rank 0] p8y9t_r2 [seed:101] succeeded. Model forward time: 37.94s. Results saved to /root/pfm/results/time_exact/pred
2026-10-08 04:46:24,575 [/root/kit/protenix_v2/venv/lib/python3.11/site-packages/protenix/data/inference/infer_dataloader.py:283] INFO protenix.data.inference.infer_dataloader: Featurizing p8y9t_r3...
2026-10-08 04:46:25,749 [/root/kit/protenix_v2/venv/lib/python3.11/site-packages/protenix/data/constraint/constraint_featurizer.py:392] INFO protenix.data.constraint.constraint_featurizer: Loaded constraint feature: #atom contact:0 #contact:0 #pocket:0
2026-10-08 04:46:27,444 [/root/kit/protenix_v2/venv/lib/python3.11/site-packages/protenix/data/template/template_featurizer.py:684] INFO protenix.data.template.template_featurizer: Calling InferenceTemplateFeaturizer.make_template_feature
2026-10-08 04:46:28,858 [/root/kit/protenix_v2/venv/lib/python3.11/site-packages/runner/inference.py:478] INFO runner.inference: [Rank 0 (12/20)] p8y9t_r3 [seed:101]: N_asym 2, N_token 717, N_atom 5678, N_msa 10800
[fpf_clisampler] ADMIT item N_token=717 N_atom=5678: GRAPH — projected sampler peak with graph+hoist 12.0 <= 66.4 GiB (0.85 x device 79.3 - reserve 1.0) [rule=memory; allocated at entry 6.9; model v3 GiB: hoist slots 1.8 (= 3.5e-06*N^2) + record transient 0.1 (= 2e-07*N^2, <= 2560 tok), graph pool+copies 3.2 (= 6.2e-06*N^2), stock-sampler transient 1.6 (= 3.2e-06*N^2), confidence proj 9.6 (= allocated + 5.35e-06*N^2, N <= 2000); trunk-phase peak 12.2; device 79.3]
[fpf_clisampler] SAMPLER-MEM item N_token=717 N_atom=5678 route=graph admit_ok limit_gib=66.36 trunk_peak_gib=12.16 alloc_at_entry_gib=6.86 projected_peak_gib=11.95 item_peak_after_sampler_gib=12.16 (trunk peak stands) alloc_at_exit_gib=6.86 sampler_wall_s=10.09 kept(inside the graph envelope: entry + pool stay for the next item)
2026-10-08 04:47:07,973 [/root/kit/protenix_v2/venv/lib/python3.11/site-packages/runner/inference.py:500] INFO runner.inference: [Rank 0] p8y9t_r3 [seed:101] succeeded. Model forward time: 39.12s. Results saved to /root/pfm/results/time_exact/pred
2026-10-08 04:47:08,064 [/root/kit/protenix_v2/venv/lib/python3.11/site-packages/protenix/data/inference/infer_dataloader.py:283] INFO protenix.data.inference.infer_dataloader: Featurizing p9dis_r0...
2026-10-08 04:47:09,249 [/root/kit/protenix_v2/venv/lib/python3.11/site-packages/protenix/data/constraint/constraint_featurizer.py:392] INFO protenix.data.constraint.constraint_featurizer: Loaded constraint feature: #atom contact:0 #contact:0 #pocket:0
2026-10-08 04:47:10,429 [/root/kit/protenix_v2/venv/lib/python3.11/site-packages/protenix/data/template/template_featurizer.py:684] INFO protenix.data.template.template_featurizer: Calling InferenceTemplateFeaturizer.make_template_feature
2026-10-08 04:47:11,951 [/root/kit/protenix_v2/venv/lib/python3.11/site-packages/runner/inference.py:478] INFO runner.inference: [Rank 0 (13/20)] p9dis_r0 [seed:101]: N_asym 2, N_token 754, N_atom 5829, N_msa 1499
[fpf_clisampler] ADMIT item N_token=754 N_atom=5829: GRAPH — projected sampler peak with graph+hoist 12.7 <= 66.4 GiB (0.85 x device 79.3 - reserve 1.0) [rule=memory; allocated at entry 7.0; model v3 GiB: hoist slots 2.0 (= 3.5e-06*N^2) + record transient 0.1 (= 2e-07*N^2, <= 2560 tok), graph pool+copies 3.5 (= 6.2e-06*N^2), stock-sampler transient 1.8 (= 3.2e-06*N^2), confidence proj 10.1 (= allocated + 5.35e-06*N^2, N <= 2000); trunk-phase peak 10.8; device 79.3]
[fpf_clisampler] SAMPLER-MEM item N_token=754 N_atom=5829 route=graph admit_ok limit_gib=66.36 trunk_peak_gib=10.78 alloc_at_entry_gib=7.03 projected_peak_gib=12.66 item_peak_after_sampler_gib=10.78 (trunk peak stands) alloc_at_exit_gib=7.26 sampler_wall_s=10.74 kept(inside the graph envelope: entry + pool stay for the next item)
2026-10-08 04:47:49,720 [/root/kit/protenix_v2/venv/lib/python3.11/site-packages/runner/inference.py:500] INFO runner.inference: [Rank 0] p9dis_r0 [seed:101] succeeded. Model forward time: 37.77s. Results saved to /root/pfm/results/time_exact/pred
2026-10-08 04:47:49,755 [/root/kit/protenix_v2/venv/lib/python3.11/site-packages/protenix/data/inference/infer_dataloader.py:283] INFO protenix.data.inference.infer_dataloader: Featurizing p9dis_r1...
2026-10-08 04:47:50,758 [/root/kit/protenix_v2/venv/lib/python3.11/site-packages/protenix/data/constraint/constraint_featurizer.py:392] INFO protenix.data.constraint.constraint_featurizer: Loaded constraint feature: #atom contact:0 #contact:0 #pocket:0
2026-10-08 04:47:52,132 [/root/kit/protenix_v2/venv/lib/python3.11/site-packages/protenix/data/template/template_featurizer.py:684] INFO protenix.data.template.template_featurizer: Calling InferenceTemplateFeaturizer.make_template_feature
2026-10-08 04:47:53,653 [/root/kit/protenix_v2/venv/lib/python3.11/site-packages/runner/inference.py:478] INFO runner.inference: [Rank 0 (14/20)] p9dis_r1 [seed:101]: N_asym 2, N_token 754, N_atom 5829, N_msa 1499
/root/kit/protenix_v2/opt/forward/flashpairformer/src/deadskip.py:150: DeprecationWarning: torch.get_autocast_gpu_dtype() is deprecated. Please use torch.get_autocast_dtype('cuda') instead. (Triggered internally at /__w/pytorch/pytorch/torch/csrc/autograd/init.cpp:1007.)
  dt = torch.get_autocast_gpu_dtype() if torch.is_autocast_enabled() else base.dtype
[fpf_clisampler] ADMIT item N_token=754 N_atom=5829: GRAPH — projected sampler peak with graph+hoist 12.9 <= 66.4 GiB (0.85 x device 79.3 - reserve 1.0) [rule=memory; allocated at entry 7.3; model v3 GiB: hoist slots 2.0 (= 3.5e-06*N^2) + record transient 0.1 (= 2e-07*N^2, <= 2560 tok), graph pool+copies 3.5 (= 6.2e-06*N^2), stock-sampler transient 1.8 (= 3.2e-06*N^2), confidence proj 10.3 (= allocated + 5.35e-06*N^2, N <= 2000); trunk-phase peak 11.0; device 79.3]
[fpf_clisampler] SAMPLER-MEM item N_token=754 N_atom=5829 route=graph admit_ok limit_gib=66.36 trunk_peak_gib=11.01 alloc_at_entry_gib=7.26 projected_peak_gib=12.89 item_peak_after_sampler_gib=11.01 (trunk peak stands) alloc_at_exit_gib=7.26 sampler_wall_s=10.39 kept(inside the graph envelope: entry + pool stay for the next item)
2026-10-08 04:48:31,059 [/root/kit/protenix_v2/venv/lib/python3.11/site-packages/runner/inference.py:500] INFO runner.inference: [Rank 0] p9dis_r1 [seed:101] succeeded. Model forward time: 37.41s. Results saved to /root/pfm/results/time_exact/pred
2026-10-08 04:48:31,108 [/root/kit/protenix_v2/venv/lib/python3.11/site-packages/protenix/data/inference/infer_dataloader.py:283] INFO protenix.data.inference.infer_dataloader: Featurizing p9dis_r2...
2026-10-08 04:48:32,258 [/root/kit/protenix_v2/venv/lib/python3.11/site-packages/protenix/data/constraint/constraint_featurizer.py:392] INFO protenix.data.constraint.constraint_featurizer: Loaded constraint feature: #atom contact:0 #contact:0 #pocket:0
2026-10-08 04:48:33,426 [/root/kit/protenix_v2/venv/lib/python3.11/site-packages/protenix/data/template/template_featurizer.py:684] INFO protenix.data.template.template_featurizer: Calling InferenceTemplateFeaturizer.make_template_feature
2026-10-08 04:48:34,852 [/root/kit/protenix_v2/venv/lib/python3.11/site-packages/runner/inference.py:478] INFO runner.inference: [Rank 0 (15/20)] p9dis_r2 [seed:101]: N_asym 2, N_token 754, N_atom 5829, N_msa 1499
[fpf_clisampler] ADMIT item N_token=754 N_atom=5829: GRAPH — projected sampler peak with graph+hoist 12.9 <= 66.4 GiB (0.85 x device 79.3 - reserve 1.0) [rule=memory; allocated at entry 7.3; model v3 GiB: hoist slots 2.0 (= 3.5e-06*N^2) + record transient 0.1 (= 2e-07*N^2, <= 2560 tok), graph pool+copies 3.5 (= 6.2e-06*N^2), stock-sampler transient 1.8 (= 3.2e-06*N^2), confidence proj 10.3 (= allocated + 5.35e-06*N^2, N <= 2000); trunk-phase peak 11.0; device 79.3]
[fpf_clisampler] SAMPLER-MEM item N_token=754 N_atom=5829 route=graph admit_ok limit_gib=66.36 trunk_peak_gib=11.01 alloc_at_entry_gib=7.26 projected_peak_gib=12.89 item_peak_after_sampler_gib=11.01 (trunk peak stands) alloc_at_exit_gib=7.26 sampler_wall_s=10.40 kept(inside the graph envelope: entry + pool stay for the next item)
2026-10-08 04:49:12,348 [/root/kit/protenix_v2/venv/lib/python3.11/site-packages/runner/inference.py:500] INFO runner.inference: [Rank 0] p9dis_r2 [seed:101] succeeded. Model forward time: 37.50s. Results saved to /root/pfm/results/time_exact/pred
2026-10-08 04:49:12,398 [/root/kit/protenix_v2/venv/lib/python3.11/site-packages/protenix/data/inference/infer_dataloader.py:283] INFO protenix.data.inference.infer_dataloader: Featurizing p9dis_r3...
2026-10-08 04:49:13,452 [/root/kit/protenix_v2/venv/lib/python3.11/site-packages/protenix/data/constraint/constraint_featurizer.py:392] INFO protenix.data.constraint.constraint_featurizer: Loaded constraint feature: #atom contact:0 #contact:0 #pocket:0
2026-10-08 04:49:14,537 [/root/kit/protenix_v2/venv/lib/python3.11/site-packages/protenix/data/template/template_featurizer.py:684] INFO protenix.data.template.template_featurizer: Calling InferenceTemplateFeaturizer.make_template_feature
2026-10-08 04:49:15,956 [/root/kit/protenix_v2/venv/lib/python3.11/site-packages/runner/inference.py:478] INFO runner.inference: [Rank 0 (16/20)] p9dis_r3 [seed:101]: N_asym 2, N_token 754, N_atom 5829, N_msa 1499
[fpf_clisampler] ADMIT item N_token=754 N_atom=5829: GRAPH — projected sampler peak with graph+hoist 12.9 <= 66.4 GiB (0.85 x device 79.3 - reserve 1.0) [rule=memory; allocated at entry 7.3; model v3 GiB: hoist slots 2.0 (= 3.5e-06*N^2) + record transient 0.1 (= 2e-07*N^2, <= 2560 tok), graph pool+copies 3.5 (= 6.2e-06*N^2), stock-sampler transient 1.8 (= 3.2e-06*N^2), confidence proj 10.3 (= allocated + 5.35e-06*N^2, N <= 2000); trunk-phase peak 11.0; device 79.3]
[fpf_clisampler] SAMPLER-MEM item N_token=754 N_atom=5829 route=graph admit_ok limit_gib=66.36 trunk_peak_gib=11.01 alloc_at_entry_gib=7.26 projected_peak_gib=12.89 item_peak_after_sampler_gib=11.01 (trunk peak stands) alloc_at_exit_gib=7.26 sampler_wall_s=10.39 kept(inside the graph envelope: entry + pool stay for the next item)
2026-10-08 04:49:53,375 [/root/kit/protenix_v2/venv/lib/python3.11/site-packages/runner/inference.py:500] INFO runner.inference: [Rank 0] p9dis_r3 [seed:101] succeeded. Model forward time: 37.42s. Results saved to /root/pfm/results/time_exact/pred
2026-10-08 04:49:53,426 [/root/kit/protenix_v2/venv/lib/python3.11/site-packages/protenix/data/inference/infer_dataloader.py:283] INFO protenix.data.inference.infer_dataloader: Featurizing p9w8a_r0...
2026-10-08 04:49:54,556 [/root/kit/protenix_v2/venv/lib/python3.11/site-packages/protenix/data/constraint/constraint_featurizer.py:392] INFO protenix.data.constraint.constraint_featurizer: Loaded constraint feature: #atom contact:0 #contact:0 #pocket:0
2026-10-08 04:49:56,094 [/root/kit/protenix_v2/venv/lib/python3.11/site-packages/protenix/data/template/template_featurizer.py:684] INFO protenix.data.template.template_featurizer: Calling InferenceTemplateFeaturizer.make_template_feature
2026-10-08 04:49:57,750 [/root/kit/protenix_v2/venv/lib/python3.11/site-packages/runner/inference.py:478] INFO runner.inference: [Rank 0 (17/20)] p9w8a_r0 [seed:101]: N_asym 2, N_token 778, N_atom 5984, N_msa 9578
[fpf_clisampler] ADMIT item N_token=778 N_atom=5984: GRAPH — projected sampler peak with graph+hoist 13.4 <= 66.4 GiB (0.85 x device 79.3 - reserve 1.0) [rule=memory; allocated at entry 7.4; model v3 GiB: hoist slots 2.1 (= 3.5e-06*N^2) + record transient 0.1 (= 2e-07*N^2, <= 2560 tok), graph pool+copies 3.8 (= 6.2e-06*N^2), stock-sampler transient 1.9 (= 3.2e-06*N^2), confidence proj 10.7 (= allocated + 5.35e-06*N^2, N <= 2000); trunk-phase peak 12.7; device 79.3]
[fpf_clisampler] SAMPLER-MEM item N_token=778 N_atom=5984 route=graph admit_ok limit_gib=66.36 trunk_peak_gib=12.65 alloc_at_entry_gib=7.43 projected_peak_gib=13.42 item_peak_after_sampler_gib=12.65 (trunk peak stands) alloc_at_exit_gib=7.58 sampler_wall_s=11.62 kept(inside the graph envelope: entry + pool stay for the next item)
2026-10-08 04:50:41,619 [/root/kit/protenix_v2/venv/lib/python3.11/site-packages/runner/inference.py:500] INFO runner.inference: [Rank 0] p9w8a_r0 [seed:101] succeeded. Model forward time: 43.96s. Results saved to /root/pfm/results/time_exact/pred
2026-10-08 04:50:41,656 [/root/kit/protenix_v2/venv/lib/python3.11/site-packages/protenix/data/inference/infer_dataloader.py:283] INFO protenix.data.inference.infer_dataloader: Featurizing p9w8a_r1...
2026-10-08 04:50:42,858 [/root/kit/protenix_v2/venv/lib/python3.11/site-packages/protenix/data/constraint/constraint_featurizer.py:392] INFO protenix.data.constraint.constraint_featurizer: Loaded constraint feature: #atom contact:0 #contact:0 #pocket:0
2026-10-08 04:50:44,482 [/root/kit/protenix_v2/venv/lib/python3.11/site-packages/protenix/data/template/template_featurizer.py:684] INFO protenix.data.template.template_featurizer: Calling InferenceTemplateFeaturizer.make_template_feature
2026-10-08 04:50:46,152 [/root/kit/protenix_v2/venv/lib/python3.11/site-packages/runner/inference.py:478] INFO runner.inference: [Rank 0 (18/20)] p9w8a_r1 [seed:101]: N_asym 2, N_token 778, N_atom 5984, N_msa 9578
/root/kit/protenix_v2/opt/forward/flashpairformer/src/deadskip.py:150: DeprecationWarning: torch.get_autocast_gpu_dtype() is deprecated. Please use torch.get_autocast_dtype('cuda') instead. (Triggered internally at /__w/pytorch/pytorch/torch/csrc/autograd/init.cpp:1007.)
  dt = torch.get_autocast_gpu_dtype() if torch.is_autocast_enabled() else base.dtype
[fpf_clisampler] ADMIT item N_token=778 N_atom=5984: GRAPH — projected sampler peak with graph+hoist 13.6 <= 66.4 GiB (0.85 x device 79.3 - reserve 1.0) [rule=memory; allocated at entry 7.6; model v3 GiB: hoist slots 2.1 (= 3.5e-06*N^2) + record transient 0.1 (= 2e-07*N^2, <= 2560 tok), graph pool+copies 3.8 (= 6.2e-06*N^2), stock-sampler transient 1.9 (= 3.2e-06*N^2), confidence proj 10.8 (= allocated + 5.35e-06*N^2, N <= 2000); trunk-phase peak 13.0; device 79.3]
[fpf_clisampler] SAMPLER-MEM item N_token=778 N_atom=5984 route=graph admit_ok limit_gib=66.36 trunk_peak_gib=13.02 alloc_at_entry_gib=7.58 projected_peak_gib=13.57 item_peak_after_sampler_gib=13.02 (trunk peak stands) alloc_at_exit_gib=7.58 sampler_wall_s=11.09 kept(inside the graph envelope: entry + pool stay for the next item)
2026-10-08 04:51:29,462 [/root/kit/protenix_v2/venv/lib/python3.11/site-packages/runner/inference.py:500] INFO runner.inference: [Rank 0] p9w8a_r1 [seed:101] succeeded. Model forward time: 43.31s. Results saved to /root/pfm/results/time_exact/pred
2026-10-08 04:51:29,531 [/root/kit/protenix_v2/venv/lib/python3.11/site-packages/protenix/data/inference/infer_dataloader.py:283] INFO protenix.data.inference.infer_dataloader: Featurizing p9w8a_r2...
2026-10-08 04:51:30,752 [/root/kit/protenix_v2/venv/lib/python3.11/site-packages/protenix/data/constraint/constraint_featurizer.py:392] INFO protenix.data.constraint.constraint_featurizer: Loaded constraint feature: #atom contact:0 #contact:0 #pocket:0
2026-10-08 04:51:32,286 [/root/kit/protenix_v2/venv/lib/python3.11/site-packages/protenix/data/template/template_featurizer.py:684] INFO protenix.data.template.template_featurizer: Calling InferenceTemplateFeaturizer.make_template_feature
2026-10-08 04:51:33,950 [/root/kit/protenix_v2/venv/lib/python3.11/site-packages/runner/inference.py:478] INFO runner.inference: [Rank 0 (19/20)] p9w8a_r2 [seed:101]: N_asym 2, N_token 778, N_atom 5984, N_msa 9578
[fpf_clisampler] ADMIT item N_token=778 N_atom=5984: GRAPH — projected sampler peak with graph+hoist 13.6 <= 66.4 GiB (0.85 x device 79.3 - reserve 1.0) [rule=memory; allocated at entry 7.6; model v3 GiB: hoist slots 2.1 (= 3.5e-06*N^2) + record transient 0.1 (= 2e-07*N^2, <= 2560 tok), graph pool+copies 3.8 (= 6.2e-06*N^2), stock-sampler transient 1.9 (= 3.2e-06*N^2), confidence proj 10.8 (= allocated + 5.35e-06*N^2, N <= 2000); trunk-phase peak 12.9; device 79.3]
[fpf_clisampler] SAMPLER-MEM item N_token=778 N_atom=5984 route=graph admit_ok limit_gib=66.36 trunk_peak_gib=12.88 alloc_at_entry_gib=7.58 projected_peak_gib=13.57 item_peak_after_sampler_gib=12.88 (trunk peak stands) alloc_at_exit_gib=7.58 sampler_wall_s=11.09 kept(inside the graph envelope: entry + pool stay for the next item)
2026-10-08 04:52:17,274 [/root/kit/protenix_v2/venv/lib/python3.11/site-packages/runner/inference.py:500] INFO runner.inference: [Rank 0] p9w8a_r2 [seed:101] succeeded. Model forward time: 43.32s. Results saved to /root/pfm/results/time_exact/pred
2026-10-08 04:52:17,342 [/root/kit/protenix_v2/venv/lib/python3.11/site-packages/protenix/data/inference/infer_dataloader.py:283] INFO protenix.data.inference.infer_dataloader: Featurizing p9w8a_r3...
2026-10-08 04:52:18,453 [/root/kit/protenix_v2/venv/lib/python3.11/site-packages/protenix/data/constraint/constraint_featurizer.py:392] INFO protenix.data.constraint.constraint_featurizer: Loaded constraint feature: #atom contact:0 #contact:0 #pocket:0
2026-10-08 04:52:19,887 [/root/kit/protenix_v2/venv/lib/python3.11/site-packages/protenix/data/template/template_featurizer.py:684] INFO protenix.data.template.template_featurizer: Calling InferenceTemplateFeaturizer.make_template_feature
2026-10-08 04:52:21,551 [/root/kit/protenix_v2/venv/lib/python3.11/site-packages/runner/inference.py:478] INFO runner.inference: [Rank 0 (20/20)] p9w8a_r3 [seed:101]: N_asym 2, N_token 778, N_atom 5984, N_msa 9578
[fpf_clisampler] ADMIT item N_token=778 N_atom=5984: GRAPH — projected sampler peak with graph+hoist 13.6 <= 66.4 GiB (0.85 x device 79.3 - reserve 1.0) [rule=memory; allocated at entry 7.6; model v3 GiB: hoist slots 2.1 (= 3.5e-06*N^2) + record transient 0.1 (= 2e-07*N^2, <= 2560 tok), graph pool+copies 3.8 (= 6.2e-06*N^2), stock-sampler transient 1.9 (= 3.2e-06*N^2), confidence proj 10.8 (= allocated + 5.35e-06*N^2, N <= 2000); trunk-phase peak 12.9; device 79.3]
[fpf_clisampler] SAMPLER-MEM item N_token=778 N_atom=5984 route=graph admit_ok limit_gib=66.36 trunk_peak_gib=12.93 alloc_at_entry_gib=7.58 projected_peak_gib=13.58 item_peak_after_sampler_gib=12.93 (trunk peak stands) alloc_at_exit_gib=7.58 sampler_wall_s=11.09 kept(inside the graph envelope: entry + pool stay for the next item)
2026-10-08 04:53:04,789 [/root/kit/protenix_v2/venv/lib/python3.11/site-packages/runner/inference.py:500] INFO runner.inference: [Rank 0] p9w8a_r3 [seed:101] succeeded. Model forward time: 43.24s. Results saved to /root/pfm/results/time_exact/pred
2026-10-08 04:53:04,855 [/root/kit/protenix_v2/venv/lib/python3.11/site-packages/runner/inference.py:520] INFO runner.inference: [Rank 0] Seed 101 completed in 893.74s.
2026-10-08 04:53:04,855 [/root/kit/protenix_v2/venv/lib/python3.11/site-packages/runner/inference.py:532] INFO runner.inference: [Rank 0] Job completed in 893.74s.
100%|██████████| 1/1 [14:53<00:00, 893.75s/it]100%|██████████| 1/1 [14:53<00:00, 893.75s/it]
[protenix-opt] OUTPUTS complete 200/200 (entries=20 seeds=1 samples=5)
[protenix-opt] FINAL mode=exact n_gpu=1 sharding=none levers=layernorm_fast,cueq_tuned_tiles,template_dedupe,t1_fused_transition,nomask,blk2_block_path,pwa_zcache,blk2_chunked_exact,deadskip,lever_report,trimul_core_exact,stackgraph,sampler_graph,sampler_graph_cache_policy,sampler_prep,sampler_reach,sampler_fuse,fastln_prebuilt,xl_policy,glue_v2,mk_pf,lazy_init,keep_pool,summary_hostidx,triatt_exact,transition_core_exact,sampler_admit,pred_release,templ_trimul_tmk3 fallbacks=none partial=false reconciled_with=clisampler,stackgraph templ_items=20 templ_chains=0 templ_hits=0 templ_real=0 templ_dropped=0 templ_all_dummy=0
[protenix-opt] LEVER name=LOCAL.layernorm_kernel state=on impl=stock:protenix/model/layer_norm origin=kit strategy=LOCAL.layernorm_kernel mode=exact lever=layernorm_fast
[protenix-opt] LEVER name=F2.cueq_tuned_tiles state=on impl=forward/flashpairformer/levers_addon/PTXV2_LEVERS_ADDON_v1/cueq_cache origin=kit strategy=F2.cueq_tuned_tiles tiles=packaged_defaults(no_table_sm80) mode=exact lever=cueq_tuned_tiles
[protenix-opt] LEVER name=LOCAL.protenix_v2.template_dedupe state=on impl=forward/flashpairformer/levers_addon/PTXV2_LEVERS_ADDON_v1/ptx_addon_levers.py origin=kit strategy=LOCAL.protenix_v2.template_dedupe mode=exact lever=template_dedupe
[protenix-opt] LEVER name=LOCAL.fused_transition state=on impl=opt_core/kernels/fpf_transition origin=core strategy=LOCAL.fused_transition mode=exact lever=t1_fused_transition
[protenix-opt] LEVER name=F1.triatt_lean_exact state=on impl=forward/flashpairformer/src/ptx_trunk2_levers.py origin=kit strategy=F1.triatt_lean_exact mode=exact lever=nomask
[protenix-opt] LEVER name=F1.triatt_lean_exact state=on impl=opt_core/kernels/fpf_triatt_pro origin=core strategy=F1.triatt_lean_exact mode=exact lever=blk2_block_path
[protenix-opt] LEVER name=LOCAL.protenix_v2.msa_pwa_zcache state=on impl=forward/flashpairformer/src/ptx_trunk2_levers.py origin=kit strategy=LOCAL.protenix_v2.msa_pwa_zcache mode=exact lever=pwa_zcache
[protenix-opt] LEVER name=F7.chunked_eval state=on impl=forward/flashpairformer/src/ptx_trunk2_levers.py origin=kit strategy=F7.chunked_eval mode=exact lever=blk2_chunked_exact
[protenix-opt] LEVER name=LOCAL.deadskip state=on impl=forward/flashpairformer/src/deadskip.py origin=kit strategy=LOCAL.deadskip mode=exact lever=deadskip
[protenix-opt] LEVER name=LOCAL.protenix_v2.lever_report state=on impl=forward/flashpairformer/src/ptx_fpf_v02.py origin=kit strategy=LOCAL.protenix_v2.lever_report mode=exact lever=lever_report
[protenix-opt] LEVER name=F2.fpf_trimul_exact state=on impl=opt_core/kernels/trimul origin=core strategy=F2.fpf_trimul_exact word=exact bind=tier:exact served=21400 fallback=0 passthrough=4 mode=exact lever=trimul_core_exact
[protenix-opt] LEVER name=F3.cuda_graph_trunk state=on impl=forward/flashpairformer/src/fpf_stackgraph origin=kit strategy=F3.cuda_graph_trunk mode=exact lever=stackgraph
[protenix-opt] LEVER name=F3.cuda_graph_sampler state=on impl=forward/flashpairformer/src/fpf_clisampler origin=kit strategy=F3.cuda_graph_sampler mode=exact lever=sampler_graph
[protenix-opt] LEVER name=LOCAL.protenix_v2.sampler_prep state=on impl=forward/flashpairformer/src/infopt_graphs origin=kit strategy=LOCAL.protenix_v2.sampler_prep parts=rot_async+keycheck+warmup1+poison_once+pool_chain+stepvec poison=ok key_shape_miss=5 key_value_miss=0 pool_chained=2 pool_renewed=2 poison_skipped=4 rot_ring_waits=0 mode=exact lever=sampler_prep
[protenix-opt] LEVER name=F3.graph_admission_policy state=on impl=forward/flashpairformer/src/infopt_graphs origin=kit strategy=F3.graph_admission_policy reach=on floor=1536 reach_graph=0 reach_hoist_eager=0 reach_stock=0 reach_released=0 mode=exact lever=sampler_reach
[protenix-opt] LEVER name=F3.graph_admission_policy state=on impl=forward/flashpairformer/src/infopt_graphs origin=kit strategy=F3.graph_admission_policy mode=exact lever=sampler_graph_cache_policy
[protenix-opt] LEVER name=LOCAL.dit_fused_kernels state=on impl=forward/DIT_FUSE/tools/dit_fuse_patch.py origin=kit strategy=LOCAL.dit_fused_kernels models=1 ada=48 gate=30 res=30 swiglu=30 calls_ada=1200 calls_gate=630 calls_res=1500 calls_swiglu=750 stock_chain_calls=120 fused_calls=4080 gated_sites=108 regime_stock_ada=0 regime_stock_gate=0 regime_stock_block=0 regime_stock_calls=0 offsig_calls=0 regime=fp32 mode=exact lever=sampler_fuse
[protenix-opt] LEVER name=LOCAL.layernorm_kernel state=on impl=forward/flashpairformer/third_party/fastln_prebuilt origin=kit strategy=LOCAL.layernorm_kernel mode=exact lever=fastln_prebuilt
[protenix-opt] LEVER name=LOCAL.layernorm_kernel state=off reason=not_in_mode:exact impl=opt_core.kernels.ln origin=core strategy=LOCAL.layernorm_kernel mode=exact lever=ln_core
[protenix-opt] LEVER name=F7.chunked_eval state=on impl=forward/flashpairformer/src/ptx_trunk2_levers.py origin=kit strategy=F7.chunked_eval mode=exact lever=xl_policy
[protenix-opt] LEVER name=F5.kernel_glue_gates state=skipped reason=not_in_arm impl=forward/flashpairformer/third_party/fpf_pad8exact origin=kit strategy=F5.kernel_glue_gates why=not_in_the_kit_README_row_for_kernel_key_8.0|3.7_(the_compositions_table:_its_kernels_have_no_cells_for_this_key) mode=exact lever=pad8
[protenix-opt] LEVER name=F5.kernel_glue_gates state=on impl=opt_core/kernels/fpf_glue_v2 origin=core strategy=F5.kernel_glue_gates mode=exact lever=glue_v2
[protenix-opt] LEVER name=LOCAL.protenix_v2.mk_pairformer state=on impl=opt_core/kernels/fpf_mkpf origin=core strategy=LOCAL.protenix_v2.mk_pairformer mode=exact lever=mk_pf
[protenix-opt] LEVER name=F2.fpf_trimul_fast state=off reason=not_in_mode:exact impl=opt_core/kernels/trimul origin=core strategy=F2.fpf_trimul_fast mode=exact lever=trimul_core
[protenix-opt] LEVER name=F5.flash_attn_dense state=off reason=not_in_mode:exact impl=opt_core.kernels.apb origin=core strategy=F5.flash_attn_dense mode=exact lever=dit_attn
[protenix-opt] LEVER name=F4.autocast_policy state=off reason=not_in_mode:exact impl=opt_core.kernels.apb origin=core strategy=F4.autocast_policy mode=exact lever=dit_attn_fp16
[protenix-opt] LEVER name=F5.flash_attn_dense state=off reason=not_in_mode:exact impl=opt_core.kernels.apb origin=core strategy=F5.flash_attn_dense mode=exact lever=atom_attn
[protenix-opt] LEVER name=LOCAL.protenix_v2.keep_pool state=on impl=forward/flashpairformer/src/protenix_ptx_keep_pool.py origin=kit strategy=LOCAL.protenix_v2.keep_pool installed=1 skipped_total=20 passed_total=47 errors=0 mode=exact lever=keep_pool
[protenix-opt] LEVER name=F6.host_sync_elimination state=on impl=forward/flashpairformer/src/protenix_ptx_summary_host.py origin=kit strategy=F6.host_sync_elimination installed=1 calls=20 samples=100 delegated=0 chains_max=2 pairs=20 d2h=40 h2d=42 errors=0 mode=exact lever=summary_hostidx
[protenix-opt] LEVER name=LOCAL.protenix_v2.triatt_prologue_cuda state=skipped reason=not_in_arm impl=forward/flashpairformer/third_party/protenix_fpf_triatt_procuda origin=kit strategy=LOCAL.protenix_v2.triatt_prologue_cuda why=not_in_the_kit_README_row_for_kernel_key_8.0|3.7_(the_compositions_table:_its_kernels_have_no_cells_for_this_key) mode=exact lever=triatt_prologue_cuda
[protenix-opt] LEVER name=LOCAL.protenix_v2.pf_attn state=off reason=not_in_mode:exact impl=opt_core.kernels.apb origin=core strategy=LOCAL.protenix_v2.pf_attn mode=exact lever=pf_attn
[protenix-opt] LEVER name=LOCAL.protenix_v2.opm_fused state=off reason=not_in_mode:exact impl=forward/flashpairformer/third_party/protenix_fpf_msa origin=kit strategy=LOCAL.protenix_v2.opm_fused mode=exact lever=opm_fused
[protenix-opt] LEVER name=LOCAL.protenix_v2.pwa_fused state=off reason=not_in_mode:exact impl=forward/flashpairformer/third_party/protenix_fpf_msa origin=kit strategy=LOCAL.protenix_v2.pwa_fused mode=exact lever=pwa_fused
[protenix-opt] LEVER name=LOCAL.protenix_v2.cond_dedupe state=off reason=not_in_mode:exact impl=forward/flashpairformer/third_party/protenix_fpf_ditfast origin=kit strategy=LOCAL.protenix_v2.cond_dedupe mode=exact lever=cond_dedupe
[protenix-opt] LEVER name=LOCAL.protenix_v2.dit_fused state=off reason=not_in_mode:exact impl=forward/flashpairformer/third_party/protenix_fpf_ditfast origin=kit strategy=LOCAL.protenix_v2.dit_fused mode=exact lever=dit_fused
[protenix-opt] LEVER name=F4.autocast_policy state=off reason=not_in_mode:exact impl=forward/flashpairformer/third_party/protenix_fpf_ditfast origin=kit strategy=F4.autocast_policy mode=exact lever=dit_lowp
[protenix-opt] LEVER name=LOCAL.protenix_v2.atom_fused state=off reason=not_in_mode:exact impl=forward/flashpairformer/third_party/protenix_fpf_ditfast origin=kit strategy=LOCAL.protenix_v2.atom_fused mode=exact lever=atom_fused
[protenix-opt] LEVER name=LOCAL.protenix_v2.atom_attn_exact state=skipped reason=not_in_arm impl=opt_core.kernels.apb origin=core strategy=LOCAL.protenix_v2.atom_attn_exact why=not_in_the_kit_README_row_for_kernel_key_8.0|3.7_(the_compositions_table:_its_kernels_have_no_cells_for_this_key) mode=exact lever=atom_attn_exact
[protenix-opt] LEVER name=LOCAL.fused_transition state=on impl=opt_core/kernels/transition origin=core strategy=LOCAL.fused_transition word=exact bind=tier:exact calls=20413 served=12861 rows=v1@8.0|bf16|pair_c128_n4|N<=1200|eager|fwd:228,v1@8.0|bf16|pair_c128_n4|N<=1536|eager|fwd:813,v1@8.0|bf16|pair_c128_n4|N<=400|eager|fwd:93,v1@8.0|bf16|pair_c128_n4|N<=800|eager|fwd:225,v1@8.0|bf16|pair_c256_n4|N<=400|eager|fwd:2,v1@8.0|bf16|pair_c256_n4|N<=800|eager|fwd:10700,v1@8.0|bf16|rows_c64_n2|N<=800|eager|fwd:800 module=7552 module_reasons=not_bf16_autocast:90,refused:exact_rows_above_max_rows_on_cc_8.0:33,refused:exact_vouch_below_64_tokens_on_A100:torch2.13.0+cu130/3.7.1:3,stock_cell:7426 opt_core=0.5.228.0 mode=exact lever=transition_core_exact
[protenix-opt] LEVER name=LOCAL.fused_transition state=off reason=not_in_mode:exact impl=opt_core/kernels/transition origin=core strategy=LOCAL.fused_transition mode=exact lever=transition_core
[protenix-opt] LEVER name=LOCAL.protenix_v2.dit_attn_exact state=skipped reason=not_in_arm impl=opt_core.kernels.apb origin=core strategy=LOCAL.protenix_v2.dit_attn_exact why=not_in_the_kit_README_row_for_kernel_key_8.0|3.7_(the_compositions_table:_its_kernels_have_no_cells_for_this_key) mode=exact lever=dit_attn_exact
[protenix-opt] LEVER name=LOCAL.protenix_v2.triatt_exact state=on impl=opt_core.kernels.triattn origin=core strategy=LOCAL.protenix_v2.triatt_exact installed=1 word=exact bind=tier:exact sites=tl calls=22500 provider=22500 refused=none passthrough=none kernel=22500 kernel_refused=none select=S256:triattn_exact,S512:triattn_exact,S1536:triattn_exact exact_stack=8.0|torch2.13.0+cu130|cueq0.11.1 opt_core=0.5.228.0 mode=exact lever=triatt_exact
[protenix-opt] LEVER name=LOCAL.protenix_v2.sampler_admit state=on impl=forward/flashpairformer/src/fpf_clisampler/policy.py origin=kit strategy=LOCAL.protenix_v2.sampler_admit words=admit:memory,release:reach,hoist_eager:1 model=3 graph=20 hoist_eager=0 stock=0 releases=0 released_gib=0 misses=0 mode=exact lever=sampler_admit
[protenix-opt] LEVER name=LOCAL.protenix_v2.pred_release state=on impl=protenix_opt/pred_release.py origin=kit strategy=LOCAL.protenix_v2.pred_release patch=installed items_released=19 released_gib=25.57 mode=exact lever=pred_release
[protenix-opt] LEVER name=LOCAL.protenix_v2.guard_lift state=off reason=not_in_mode:exact impl=protenix_opt/runner_hooks.py origin=kit strategy=LOCAL.protenix_v2.guard_lift mode=exact lever=guard_lift
[protenix-opt] LEVER name=LOCAL.protenix_v2.drop_bond_mask state=off reason=not_in_mode:exact impl=protenix_opt/big.py origin=kit strategy=LOCAL.protenix_v2.drop_bond_mask mode=exact lever=drop_bond_mask
[protenix-opt] LEVER name=F7.chunked_eval state=off reason=not_in_mode:exact impl=protenix_opt/big.py origin=kit strategy=F7.chunked_eval mode=exact lever=cond_chunk
[protenix-opt] LEVER name=F7.chunked_eval state=off reason=not_in_mode:exact impl=protenix_opt/big.py origin=kit strategy=F7.chunked_eval mode=exact lever=apb_bias_chunk
[protenix-opt] LEVER name=F7.chunked_eval state=off reason=not_in_mode:exact impl=protenix_opt/big.py origin=kit strategy=F7.chunked_eval mode=exact lever=relp_lazy
[protenix-opt] LEVER name=F7.chunked_eval state=off reason=not_in_mode:exact impl=protenix_opt/big.py origin=kit strategy=F7.chunked_eval mode=exact lever=msa_zfree
[protenix-opt] LEVER name=F7.chunked_eval state=off reason=not_in_mode:exact impl=protenix_opt/big.py origin=kit strategy=F7.chunked_eval mode=exact lever=diffcache_free
[protenix-opt] LEVER name=LOCAL.protenix_v2.cache_release state=off reason=not_in_mode:exact impl=opt_core.mem.allocator origin=core strategy=LOCAL.protenix_v2.cache_release mode=exact lever=cache_release
[protenix-opt] LEVER name=F6.weights_residency_init state=on impl=forward/flashpairformer/src/ptx_lazy_init origin=kit strategy=F6.weights_residency_init mode=exact lever=lazy_init
[protenix-opt] LEVER name=F1.flash_triatt state=off reason=not_in_mode:exact impl=opt_core/kernels/fpf_triatt_k2b origin=core strategy=F1.flash_triatt mode=exact lever=blk2_chunked_k2b
[protenix-opt] LEVER name=F1.flash_triatt state=off reason=not_in_mode:exact impl=opt_core/kernels/fpf_triatt_k2b origin=core strategy=F1.flash_triatt mode=exact lever=k2b_flash_triattention
[protenix-opt] LEVER name=F1.flash_triatt state=off reason=not_in_mode:exact impl=opt_core.kernels.triattn origin=core strategy=F1.flash_triatt mode=exact lever=triattn_native
[protenix-opt] LEVER name=F5.kernel_glue_gates state=off reason=not_in_mode:exact impl=forward/flashpairformer/third_party/fpf_smalln origin=kit strategy=F5.kernel_glue_gates mode=exact lever=smalln_size_gate
[protenix-opt] LEVER name=F2.fpf_trimul_exact state=on impl=opt_core/kernels/trimul origin=core strategy=F2.fpf_trimul_exact mode=exact lever=templ_trimul_tmk3
[protenix-opt] LEVER name=F2.fpf_trimul_fast state=off reason=not_in_mode:exact impl=opt_core/kernels/trimul_esm_shapes origin=core strategy=F2.fpf_trimul_fast mode=exact lever=templ_trimul_esm
[protenix-opt] LEVER name=F1.flash_triatt state=off reason=not_in_mode:exact impl=opt_core/kernels/triattn origin=core strategy=F1.flash_triatt mode=exact lever=templ_triatt_core
[fpf_clisampler] SUMMARY installed=True graph=True hoist=True det=False why=None policy=admit=memory release=reach hoist_eager=1 admit=graph:20,hoist_eager:0,stock:0 releases=0 misses=0 sampler={"captures": 5, "replays": 3980, "warmup_steps": 5, "eager_steps": 0, "entries": 1, "capture_s": [0.0841], "warmup_s": [0.4178], "pool_growth_mb": [551.6], "entry_bytes_gb": [1.919], "bypass": 0, "evictions": 4, "evicted_bytes_gb": 7.042, "max_pool_bytes": 0, "max_tokens": 1536, "pool_mode": "private", "max_entries": 1, "empty_cache_guard": {"enabled": true, "installed": true, "empty_cache_deferred": 0, "deferred_pending": 0, "flushed": 0, "passed_through": 66, "ceiling_gb": 47.55, "ceiling_evictions": 0, "reserved_gb_at_first_defer": null, "peak_reserved_gb_while_deferring": 0.0}, "teacher_fo hoist_stats={"installed": true, "n_token_blocks": 24, "mode": "hit"}
[FPF] XLMEM lean_k2b_chunks=0 lean_cueq_chunks=0 max_ntok=778 lean_triatt_stmts=0 lean_prologue_calls=0 pad8_skipped_gt_max=0 chunk_mode=prologue chunk_tok=2299 pad8_max_tok=2299 alloc_conf=expandable_segments:True est_fused_prologue_transient_gb=1.15 est_pad8_copies_gb=0.45 lean_active=False pad8_off_by_max=False torch_max_allocated_gb=12.93 torch_max_reserved_gb=15.32 device_total_gb=79.3
[ptx_c64_routes] LEVER name=F2.trimul state=on impl=trimul:native_exact@exact/8.0|bf16|C64|H64|N<=800|out|fwd origin=core served=1600 fallback=0 fallback_by=none min_tokens=101 shapes=730x64/bfloat16/outgoing mode=exact errors=none gate=ok word=tmk3 bind=tier:exact esm_rerouted=none lever=templ_trimul_tmk3 c256_inner=21404
[fpf_stackgraph] SUMMARY full_eager=0 live_graphs=0 replay_fail=0 captures=0 replays=0 eager=0 refused=0 oom_skips=0 oom_skips_by_ntok={} evicted=0 disabled=None mode=auto budget_gb=None pool_gb=0.0 distinct_ntok=0 budget_eager=0 pool_bytes_by_ntok={} max_sig_desc=auto(mem 0.30*total) budget_src=None planned_refs=0
[FPF] triatt_exact: triattn_exact: served 22500/22500 calls (refused: {}) sites=tl calls=22500 provider=22500 refused=none passthrough=none select=S256:triattn_exact,S512:triattn_exact,S1536:triattn_exact exact_stack=8.0|torch2.13.0+cu130|cueq0.11.1 opt_core=0.5.228.0
[opt_core] CELLS pid=2391 keys=27 cell_hit=15 inherited=0 named_fallback=10 stock=2 opt_in=0 alerts=10 dump=none context=native_stamp:written,native_gate_ran:yes,native_gate_s:15.19,native_install_s:15.25
NAMED_FALLBACK:transition|cc8.0|-|bf16|pair_c128_n4|N=1096|fwd.eager.swiglu word=exact refused=exact:exact_rows_above_max_rows_on_cc_8.0 served=caller:torch_swiglu note=raised
NAMED_FALLBACK:transition|cc8.0|-|bf16|pair_c128_n4|N=1077|fwd.eager.swiglu word=exact refused=exact:exact_rows_above_max_rows_on_cc_8.0 served=caller:torch_swiglu note=raised
NAMED_FALLBACK:transition|cc8.0|-|bf16|pair_c128_n4|N=1051|fwd.eager.swiglu word=exact refused=exact:exact_rows_above_max_rows_on_cc_8.0 served=caller:torch_swiglu note=raised
NAMED_FALLBACK:transition|cc8.0|-|bf16|pair_c128_n4|N=54|fwd.eager.swiglu word=exact refused=exact:exact_vouch_below_64_tokens_on_A100:torch2.13.0+cu130/3.7.1 served=caller:torch_swiglu note=raised
NAMED_FALLBACK:transition|cc8.0|-|bf16|pair_c128_n4|N=1049|fwd.eager.swiglu word=exact refused=exact:exact_rows_above_max_rows_on_cc_8.0 served=caller:torch_swiglu note=raised
NAMED_FALLBACK:transition|cc8.0|-|bf16|pair_c128_n4|N=1088|fwd.eager.swiglu word=exact refused=exact:exact_rows_above_max_rows_on_cc_8.0 served=caller:torch_swiglu note=raised
NAMED_FALLBACK:transition|cc8.0|-|bf16|pair_c128_n4|N=1038|fwd.eager.swiglu word=exact refused=exact:exact_rows_above_max_rows_on_cc_8.0 served=caller:torch_swiglu note=raised
NAMED_FALLBACK:transition|cc8.0|-|bf16|pair_c128_n4|N=1043|fwd.eager.swiglu word=exact refused=exact:exact_rows_above_max_rows_on_cc_8.0 served=caller:torch_swiglu note=raised
NAMED_FALLBACK:transition|cc8.0|-|bf16|pair_c128_n4|N=1064|fwd.eager.swiglu word=exact refused=exact:exact_rows_above_max_rows_on_cc_8.0 served=caller:torch_swiglu note=raised
NAMED_FALLBACK:transition|cc8.0|-|bf16|pair_c128_n4|N=1075|fwd.eager.swiglu word=exact refused=exact:exact_rows_above_max_rows_on_cc_8.0 served=caller:torch_swiglu note=raised
[FPF] BLOCKFUSE {'requested': True, 'installed': True, 'why': "patched ptx_trunk2_levers._triatt_block_pro_epi; F1 cell 8.0|3.7 -> 'sm80_t37' class=EXACT arith=welford", 'stats': {'bf_stmts': 0, 'bf_chunks': 0, 'k2b_chunks': 0, 'cueq_chunks': 0, 'passthru': 20900, 'refused_ineligible': 0, 'max_ntok': 778, 'installed': True, 'why': "patched ptx_trunk2_levers._triatt_block_pro_epi; F1 cell 8.0|3.7 -> 'sm80_t37' class=EXACT arith=welford", 'cell': {'cfg': {'BI': 8, 'BJ': 8, 'num_warps': 8, 'num_stages': 1, 'BN': 64, 'NUM_STAGES_W': 2, 'WS': 0, 'GROUP_I': 0}, 'ln_arith': 'welford', 'fma_flags': [True, True, True], 'class': 'EXACT (--det 1 predictions byte-identical to --mode off end to end at 400 and 956 tokens on A100-SXM4-80GB, torch 2.13 / triton 3.7.1, inside the composed block statement from CELLS.json blk2_triatt_min_tokens up)', 'cells': "8.0|3.7 -> 'sm80_t37'"}, 'version': '0.1.1'}}
[blockfuse_xl] EXIT bf_stmts=0 bf_chunks=0 k2b_chunks=0 cueq_chunks=0 passthru=20900 refused_ineligible=0 max_ntok=778 installed=True why=patched ptx_trunk2_levers._triatt_block_pro_epi; F1 cell 8.0|3.7 -> 'sm80_t37' class=EXACT arith=welford version=0.1.1
[protenix-opt] EXIT pid=2391 source=file report=/tmp/protenix_opt_records_zytjpdj9/opt_lever_report.jsonl applied=BLOCKFUSE_XL:0.1.1(F1 8.0|3.7 -> 'sm80_t37',welford,EXACT),T1:fused,TRCORE:on(word=exact bind=tier:exact provider=opt_core.kernels.transition opt_core=0.5.228.0 sites=Transition.forward+block_pair_transition),GLUE_V2:on(epilogue,prologue,prologue_padded),MK_PF:on(F1E,F1S,arith=welford,class=EXACT,cells=8.0|3.7 -> 'sm80_t37',rebound=0),BLK:2(pro+cueq+epi+transition_core,chunked=1),DEADSKIP:hooked(load_checkpoint),PWAZ:True,NM:1,KEEP_POOL:on(skip=3of5,over=empty_cache),SUMHOST:on(inference-call;d2h=2,h2d=2/item),TRIATT_EXACT:on(opt_core.kernels.triattn 0.5.228.0 word=exact bind=tier:exact sites=tl cc=8.0 select=S256:triattn_exact,S512:triattn_exact,S1536:triattn_exact; exact-class row triattn_exact at S256/S512/S1536 of the probe sizes on 8.0|torch2.13.0+cu130|cueq0.11.1 (bit-identical to the library op; a per-call refusal by name takes the library op); EXACT-BITWISE vs the library triangle_attention D=32) deadskip=41/41 blk_calls=10800 blk_fallback=800 blk2_tri_calls=21600 t1_fallback=0 t2_calls=0 transition_core=word:exact,asked:exact,installed:True,opt_core:0.5.228.0,calls:20413,served:12861,module:7552,errors:0,rows:{'v1@8.0|bf16|pair_c256_n4|N<=400|eager|fwd': 2, 'v1@8.0|bf16|rows_c64_n2|N<=800|eager|fwd': 800, 'v1@8.0|bf16|pair_c256_n4|N<=800|eager|fwd': 10700, 'v1@8.0|bf16|pair_c128_n4|N<=1200|eager|fwd': 228, 'v1@8.0|bf16|pair_c128_n4|N<=400|eager|fwd': 93, 'v1@8.0|bf16|pair_c128_n4|N<=1536|eager|fwd': 813, 'v1@8.0|bf16|pair_c128_n4|N<=800|eager|fwd': 225},module_reasons:{'stock_cell': 7426, 'refused:exact_rows_above_max_rows_on_cc_8.0': 33, 'not_bf16_autocast': 90, 'refused:exact_vouch_below_64_tokens_on_A100:torch2.13.0+cu130/3.7.1': 3},selections:{'pair:c256x1024:nores': 'transition:v1 word=exact tier=exact cell=8.0|bf16|pair_c256_n4|N<=400|eager|fwd x_stock=1.152 cls=bitwise stack_measured=True exact_class_given_the_callers_ln_output', 'single:c384x1536:nores': 'transition:torch_swiglu word=exact tier=exact cell=8.0|bf16|single_c384_n4|N<=800|eager|fwd x_stock=1.0 cls=stock stack_measured=True', 'rows:c64x128:nores': 'transition:v1 word=exact tier=exact cell=8.0|bf16|rows_c64_n2|N<=800|eager|fwd x_stock=1.354 cls=bitwise stack_measured=True exact_class_given_the_callers_ln_output', 'pair:c256x1024:res': 'transition:v1 word=exact tier=exact cell=8.0|bf16|pair_c256_n4|N<=800|eager|fwd x_stock=1.218 cls=bitwise stack_measured=True exact_class_given_the_callers_ln_output', 'pair:c128x512:nores': 'transition:v1 word=exact tier=exact cell=8.0|bf16|pair_c128_n4|N<=800|eager|fwd x_stock=1.725 cls=bitwise stack_measured=True exact_class_given_the_callers_ln_output'} v02=GRAPH:on(PairformerStack.forward; ln=prebuilt:fastln_prebuilt_cu130; max_sig=auto(mem 0.30*total); tok 17..448; noclone=False; templ=False) fpf_ops={'enabled': ['trimul_in', 'trimul_out'], 'calls': {}} n_gpu=1 sharding=none
