2026-09-26 23:07:55.465 | DEBUG    | ttnn:<module>:77 - Initial ttnn.CONFIG:
Config{cache_path=/home/ttuser/.cache/ttnn,model_cache_path=/home/ttuser/.cache/ttnn/models,tmp_dir=/tmp/ttnn,enable_model_cache=false,enable_fast_runtime_mode=true,throw_exception_on_fallback=false,enable_logging=false,enable_graph_report=false,enable_detailed_buffer_report=false,enable_detailed_tensor_report=false,enable_comparison_mode=false,comparison_mode_should_raise_exception=false,comparison_mode_pcc=0.9999,root_report_path=generated/ttnn/reports,report_name=std::nullopt,std::nullopt}
ARMED {"triatt_bw_fused": true, "rne_kernel": true, "triatt_hifi": true, "mm_layout": true, "taped_kernels": "tri_att_sdpa_hifi,rne_add"}
2026-09-26 23:08:08.562 | critical |          Always | TT_THROW: Statically allocated circular buffers in program 209 clash with L1 buffers on core range [(x=0,y=0) - (x=10,y=8)]. L1 buffer allocated at 1378304 and static circular buffer region ends at 1427968 (assert.hpp:104)
Traceback (most recent call last):
  File "/home/ttuser/.coworker/wt/bcx-p10-l1fuse/perf/bcx_p10_l1fuse/equal.py", line 114, in <module>
    main()
  File "/home/ttuser/.coworker/wt/bcx-p10-l1fuse/perf/bcx_p10_l1fuse/equal.py", line 77, in main
    S.block_step(dev, lv, m0, z0, wm, wz, stack, k=1, ckpt=spec["ckpt"], masks=masks)
  File "/home/ttuser/.coworker/wt/bcx-p10-l1fuse/perf/bcx_stack/stack.py", line 421, in block_step
    ag.backward(roots, seeds)
  File "/home/ttuser/.coworker/wt/bcx-p10-l1fuse/tt_bio/autograd.py", line 645, in backward
    _backward(roots, seeds)
  File "/home/ttuser/.coworker/wt/bcx-p10-l1fuse/tt_bio/autograd.py", line 685, in _backward
    fire()
  File "/home/ttuser/.coworker/wt/bcx-p10-l1fuse/tt_bio/autograd.py", line 2430, in fire
    _recompute(seeded)
  File "/home/ttuser/.coworker/wt/bcx-p10-l1fuse/tt_bio/autograd.py", line 2401, in _recompute
    backward(roots, [g for _, g in seeded])
  File "/home/ttuser/.coworker/wt/bcx-p10-l1fuse/tt_bio/autograd.py", line 645, in backward
    _backward(roots, seeds)
  File "/home/ttuser/.coworker/wt/bcx-p10-l1fuse/tt_bio/autograd.py", line 674, in _backward
    t.node.fn(_unshard(g))
  File "/home/ttuser/.coworker/wt/bcx-p10-l1fuse/tt_bio/autograd.py", line 2109, in bw
    _dq, _dk, _dv, _db = _tbw.run(
                         ^^^^^^^^^
  File "/home/ttuser/.coworker/wt/bcx-p10-l1fuse/tt_bio/triatt_bw.py", line 454, in run
    ttnn.generic_op([q, k, v, g, bias, dq, dk, dv, part], e["pd"])
  File "/home/ttuser/tt-bio-dev/env/lib/python3.12/site-packages/ttnn/decorators.py", line 473, in __call__
    result = self.function(*function_args, **function_kwargs)
             ^^^^^^^^^^^^^^^^^^^^^^^^^^^^^^^^^^^^^^^^^^^^^^^^
RuntimeError: TT_THROW @ /project/tt_metal/impl/program/program.cpp:1052: tt::exception
info:
Statically allocated circular buffers in program 209 clash with L1 buffers on core range [(x=0,y=0) - (x=10,y=8)]. L1 buffer allocated at 1378304 and static circular buffer region ends at 1427968
backtrace:
 --- /home/ttuser/tt-bio-dev/env/lib/python3.12/site-packages/ttnn/build/lib/libtt_metal.so(+0x6d3f55) [0x72d9cc0d3f55]
 --- tt::tt_metal::detail::ProgramImpl::validate_circular_buffer_region(tt::tt_metal::IDevice const*)
 --- tt::tt_metal::distributed::MeshWorkloadImpl::compile(tt::tt_metal::distributed::MeshDevice*)
 --- tt::tt_metal::distributed::EnqueueMeshWorkload(tt::tt_metal::distributed::MeshCommandQueue&, tt::tt_metal::distributed::MeshWorkload&, bool)
 --- /home/ttuser/tt-bio-dev/env/lib/python3.12/site-packages/ttnn/build/lib/_ttnncpp.so(_ZN4ttnn16device_operation6detail21enqueue_mesh_workloadITkNS0_36DeviceOperationWithMeshDeviceAdapterENS0_26MeshDeviceOperationAdapterINS_10operations7generic24GenericOpDeviceOperationEEEEEvRKNT_22operation_attributes_tERKNS8_13tensor_args_tERNS8_21tensor_return_value_tEPN2tt8tt_metal11distributed10MeshDeviceERNSJ_12MeshWorkloadEb+0x2f2) [0x72d9cdf58d12]
 --- /home/ttuser/tt-bio-dev/env/lib/python3.12/site-packages/ttnn/build/lib/_ttnncpp.so(_ZN4ttnn16device_operation6detail6launchITkNS0_22DeviceOperationConceptENS_10operations7generic24GenericOpDeviceOperationEEENT_21tensor_return_value_tERKNS6_22operation_attributes_tERKNS6_13tensor_args_tE+0x320) [0x72d9cdf4a2e0]
 --- ttnn::generic_op(std::vector<tt::tt_metal::Tensor, std::allocator<tt::tt_metal::Tensor> > const&, tt::tt_metal::ProgramDescriptor const&)
 --- /home/ttuser/tt-bio-dev/env/lib/python3.12/site-packages/ttnn/_ttnn.cpython-312-x86_64-linux-gnu.so(+0x3f55dd) [0x72d9ce7f55dd]
 --- /home/ttuser/tt-bio-dev/env/lib/python3.12/site-packages/ttnn/_ttnn.cpython-312-x86_64-linux-gnu.so(+0x26daa5) [0x72d9ce66daa5]
 --- /home/ttuser/bcx_e2e_venv/bin/python3(_PyObject_Call_Prepend+0x111) [0x54a851]
 --- /home/ttuser/bcx_e2e_venv/bin/python3() [0x5a3778]
 --- /home/ttuser/bcx_e2e_venv/bin/python3(PyObject_Call+0x6c) [0x54b12c]
 --- /home/ttuser/bcx_e2e_venv/bin/python3(_PyEval_EvalFrameDefault+0x4cbe) [0x5db2ee]
 --- /home/ttuser/bcx_e2e_venv/bin/python3(_PyObject_Call_Prepend+0xc2) [0x54a802]
 --- /home/ttuser/bcx_e2e_venv/bin/python3() [0x5a3778]
 --- /home/ttuser/bcx_e2e_venv/bin/python3(_PyObject_MakeTpCall+0x75) [0x548fb5]
 --- /home/ttuser/bcx_e2e_venv/bin/python3(_PyEval_EvalFrameDefault+0xadf) [0x5d710f]
 --- /home/ttuser/bcx_e2e_venv/bin/python3(PyEval_EvalCode+0x15b) [0x5d55eb]
 --- /home/ttuser/bcx_e2e_venv/bin/python3() [0x608852]
 --- /home/ttuser/bcx_e2e_venv/bin/python3() [0x6b50d3]
 --- /home/ttuser/bcx_e2e_venv/bin/python3(_PyRun_SimpleFileObject+0x1aa) [0x6b4e3a]
 --- /home/ttuser/bcx_e2e_venv/bin/python3(_PyRun_AnyFileObject+0x4f) [0x6b4c6f]
 --- /home/ttuser/bcx_e2e_venv/bin/python3(Py_RunMain+0x3b5) [0x6bccd5]
 --- /home/ttuser/bcx_e2e_venv/bin/python3(Py_BytesMain+0x2d) [0x6bc7bd]
 --- /lib/x86_64-linux-gnu/libc.so.6(+0x2a1ca) [0x72da1602a1ca]
 --- /lib/x86_64-linux-gnu/libc.so.6(__libc_start_main+0x8b) [0x72da1602a28b]
 --- /home/ttuser/bcx_e2e_venv/bin/python3(_start+0x25) [0x657a05]

