MSA: --msa_dir /home/ttuser/scratch/rel0121/pxleg_c2b/msa/protenix-v2__prot__msa-server_200step_5sample_10cycle_bf16 is the first source; any chain it does not already hold is sent to the online MSA server (https://api.colabfold.com). Use --msa_cache_only to fail on a cache miss instead of searching.
MSA ready for 1 target(s) in 0.0 s, before any chip was leased
13:58:15  [tt-quietbox2:tt2] loading model…
13:58:26  [tt-quietbox2:tt2] prot
13:58:26  [tt-quietbox2:tt2]   prep
13:58:27  [tt-quietbox2:tt2]   trunk 0/10
13:58:30  [tt-quietbox2:tt2]   trunk 1/10
13:58:30  [tt-quietbox2:tt2]   trunk 2/10
13:58:30  [tt-quietbox2:tt2]   trunk 3/10
13:58:31  [tt-quietbox2:tt2]   trunk 4/10
13:58:31  [tt-quietbox2:tt2]   trunk 5/10
13:58:31  [tt-quietbox2:tt2]   trunk 6/10
13:58:32  [tt-quietbox2:tt2]   trunk 7/10
13:58:32  [tt-quietbox2:tt2]   trunk 8/10
13:58:32  [tt-quietbox2:tt2]   trunk 9/10
13:58:34  [tt-quietbox2:tt2]   diffusion 0/200
13:58:35  [tt-quietbox2:tt2]   diffusion 1/200
13:58:35  [tt-quietbox2:tt2]   diffusion 2/200
13:58:35  [tt-quietbox2:tt2]   diffusion 3/200
13:58:35  [tt-quietbox2:tt2]   diffusion 4/200
13:58:35  [tt-quietbox2:tt2]   diffusion 5/200
13:58:35  [tt-quietbox2:tt2]   diffusion 6/200
13:58:35  [tt-quietbox2:tt2]   diffusion 7/200
13:58:35  [tt-quietbox2:tt2]   diffusion 8/200
13:58:35  [tt-quietbox2:tt2]   diffusion 9/200
13:58:35  [tt-quietbox2:tt2]   diffusion 10/200
13:58:35  [tt-quietbox2:tt2]   diffusion 11/200
13:58:36  [tt-quietbox2:tt2]   diffusion 12/200
13:58:36  [tt-quietbox2:tt2]   diffusion 13/200
13:58:36  [tt-quietbox2:tt2]   diffusion 14/200
13:58:36  [tt-quietbox2:tt2]   diffusion 15/200
13:58:36  [tt-quietbox2:tt2]   diffusion 16/200
13:58:36  [tt-quietbox2:tt2]   diffusion 17/200
13:58:36  [tt-quietbox2:tt2]   diffusion 18/200
13:58:36  [tt-quietbox2:tt2]   diffusion 19/200
13:58:36  [tt-quietbox2:tt2]   diffusion 20/200
13:58:36  [tt-quietbox2:tt2]   diffusion 21/200
13:58:36  [tt-quietbox2:tt2]   diffusion 22/200
13:58:36  [tt-quietbox2:tt2]   diffusion 23/200
13:58:36  [tt-quietbox2:tt2]   diffusion 24/200
13:58:37  [tt-quietbox2:tt2]   diffusion 25/200
13:58:37  [tt-quietbox2:tt2]   diffusion 26/200
13:58:37  [tt-quietbox2:tt2]   diffusion 27/200
13:58:37  [tt-quietbox2:tt2]   diffusion 28/200
13:58:37  [tt-quietbox2:tt2]   diffusion 29/200
13:58:37  [tt-quietbox2:tt2]   diffusion 30/200
13:58:37  [tt-quietbox2:tt2]   diffusion 31/200
13:58:37  [tt-quietbox2:tt2]   diffusion 32/200
13:58:37  [tt-quietbox2:tt2]   diffusion 33/200
13:58:37  [tt-quietbox2:tt2]   diffusion 34/200
13:58:37  [tt-quietbox2:tt2]   diffusion 35/200
13:58:37  [tt-quietbox2:tt2]   diffusion 36/200
13:58:38  [tt-quietbox2:tt2]   diffusion 37/200
13:58:38  [tt-quietbox2:tt2]   diffusion 38/200
13:58:38  [tt-quietbox2:tt2]   diffusion 39/200
13:58:38  [tt-quietbox2:tt2]   diffusion 40/200
13:58:38  [tt-quietbox2:tt2]   diffusion 41/200
13:58:38  [tt-quietbox2:tt2]   diffusion 42/200
13:58:38  [tt-quietbox2:tt2]   diffusion 43/200
13:58:38  [tt-quietbox2:tt2]   diffusion 44/200
13:58:38  [tt-quietbox2:tt2]   diffusion 45/200
13:58:38  [tt-quietbox2:tt2]   diffusion 46/200
13:58:38  [tt-quietbox2:tt2]   diffusion 47/200
13:58:38  [tt-quietbox2:tt2]   diffusion 48/200
13:58:38  [tt-quietbox2:tt2]   diffusion 49/200
13:58:39  [tt-quietbox2:tt2]   diffusion 50/200
13:58:39  [tt-quietbox2:tt2]   diffusion 51/200
13:58:39  [tt-quietbox2:tt2]   diffusion 52/200
13:58:39  [tt-quietbox2:tt2]   diffusion 53/200
13:58:39  [tt-quietbox2:tt2]   diffusion 54/200
13:58:39  [tt-quietbox2:tt2]   diffusion 55/200
13:58:39  [tt-quietbox2:tt2]   diffusion 56/200
13:58:39  [tt-quietbox2:tt2]   diffusion 57/200
13:58:39  [tt-quietbox2:tt2]   diffusion 58/200
13:58:39  [tt-quietbox2:tt2]   diffusion 59/200
13:58:39  [tt-quietbox2:tt2]   diffusion 60/200
13:58:39  [tt-quietbox2:tt2]   diffusion 61/200
13:58:39  [tt-quietbox2:tt2]   diffusion 62/200
13:58:40  [tt-quietbox2:tt2]   diffusion 63/200
13:58:40  [tt-quietbox2:tt2]   diffusion 64/200
13:58:40  [tt-quietbox2:tt2]   diffusion 65/200
13:58:40  [tt-quietbox2:tt2]   diffusion 66/200
13:58:40  [tt-quietbox2:tt2]   diffusion 67/200
13:58:40  [tt-quietbox2:tt2]   diffusion 68/200
13:58:40  [tt-quietbox2:tt2]   diffusion 69/200
13:58:40  [tt-quietbox2:tt2]   diffusion 70/200
13:58:40  [tt-quietbox2:tt2]   diffusion 71/200
13:58:40  [tt-quietbox2:tt2]   diffusion 72/200
13:58:40  [tt-quietbox2:tt2]   diffusion 73/200
13:58:40  [tt-quietbox2:tt2]   diffusion 74/200
13:58:40  [tt-quietbox2:tt2]   diffusion 75/200
13:58:41  [tt-quietbox2:tt2]   diffusion 76/200
13:58:41  [tt-quietbox2:tt2]   diffusion 77/200
13:58:41  [tt-quietbox2:tt2]   diffusion 78/200
13:58:41  [tt-quietbox2:tt2]   diffusion 79/200
13:58:41  [tt-quietbox2:tt2]   diffusion 80/200
13:58:41  [tt-quietbox2:tt2]   diffusion 81/200
13:58:41  [tt-quietbox2:tt2]   diffusion 82/200
13:58:41  [tt-quietbox2:tt2]   diffusion 83/200
13:58:41  [tt-quietbox2:tt2]   diffusion 84/200
13:58:41  [tt-quietbox2:tt2]   diffusion 85/200
13:58:41  [tt-quietbox2:tt2]   diffusion 86/200
13:58:41  [tt-quietbox2:tt2]   diffusion 87/200
13:58:41  [tt-quietbox2:tt2]   diffusion 88/200
13:58:41  [tt-quietbox2:tt2]   diffusion 89/200
13:58:41  [tt-quietbox2:tt2]   diffusion 90/200
13:58:41  [tt-quietbox2:tt2]   diffusion 91/200
13:58:42  [tt-quietbox2:tt2]   diffusion 92/200
