MSA: --msa_dir /home/ttuser/scratch/rel0121/parity_work2/msa/protenix-v2__prot__msa-server_200step_5sample_10cycle_bf16 is the first source; any chain it does not already hold is sent to the online MSA server (https://api.colabfold.com). Use --msa_cache_only to fail on a cache miss instead of searching.
MSA ready for 1 target(s) in 0.0 s, before any chip was leased
14:03:24  [tt-quietbox2:tt3] loading model…
14:03:34  [tt-quietbox2:tt3] prot
14:03:34  [tt-quietbox2:tt3]   prep
14:03:35  [tt-quietbox2:tt3]   trunk 0/10
14:03:38  [tt-quietbox2:tt3]   trunk 1/10
14:03:38  [tt-quietbox2:tt3]   trunk 2/10
14:03:38  [tt-quietbox2:tt3]   trunk 3/10
14:03:39  [tt-quietbox2:tt3]   trunk 4/10
14:03:39  [tt-quietbox2:tt3]   trunk 5/10
14:03:39  [tt-quietbox2:tt3]   trunk 6/10
14:03:40  [tt-quietbox2:tt3]   trunk 7/10
14:03:40  [tt-quietbox2:tt3]   trunk 8/10
14:03:40  [tt-quietbox2:tt3]   trunk 9/10
14:03:42  [tt-quietbox2:tt3]   diffusion 0/200
14:03:42  [tt-quietbox2:tt3]   diffusion 1/200
14:03:42  [tt-quietbox2:tt3]   diffusion 2/200
14:03:42  [tt-quietbox2:tt3]   diffusion 3/200
14:03:42  [tt-quietbox2:tt3]   diffusion 4/200
14:03:42  [tt-quietbox2:tt3]   diffusion 5/200
14:03:42  [tt-quietbox2:tt3]   diffusion 6/200
14:03:42  [tt-quietbox2:tt3]   diffusion 7/200
14:03:42  [tt-quietbox2:tt3]   diffusion 8/200
14:03:42  [tt-quietbox2:tt3]   diffusion 9/200
14:03:43  [tt-quietbox2:tt3]   diffusion 10/200
14:03:43  [tt-quietbox2:tt3]   diffusion 11/200
14:03:43  [tt-quietbox2:tt3]   diffusion 12/200
14:03:43  [tt-quietbox2:tt3]   diffusion 13/200
14:03:43  [tt-quietbox2:tt3]   diffusion 14/200
14:03:43  [tt-quietbox2:tt3]   diffusion 15/200
14:03:43  [tt-quietbox2:tt3]   diffusion 16/200
14:03:43  [tt-quietbox2:tt3]   diffusion 17/200
14:03:43  [tt-quietbox2:tt3]   diffusion 18/200
14:03:43  [tt-quietbox2:tt3]   diffusion 19/200
14:03:43  [tt-quietbox2:tt3]   diffusion 20/200
14:03:43  [tt-quietbox2:tt3]   diffusion 21/200
14:03:43  [tt-quietbox2:tt3]   diffusion 22/200
14:03:43  [tt-quietbox2:tt3]   diffusion 23/200
14:03:43  [tt-quietbox2:tt3]   diffusion 24/200
14:03:43  [tt-quietbox2:tt3]   diffusion 25/200
14:03:44  [tt-quietbox2:tt3]   diffusion 26/200
14:03:44  [tt-quietbox2:tt3]   diffusion 27/200
14:03:44  [tt-quietbox2:tt3]   diffusion 28/200
14:03:44  [tt-quietbox2:tt3]   diffusion 29/200
14:03:44  [tt-quietbox2:tt3]   diffusion 30/200
14:03:44  [tt-quietbox2:tt3]   diffusion 31/200
14:03:44  [tt-quietbox2:tt3]   diffusion 32/200
14:03:44  [tt-quietbox2:tt3]   diffusion 33/200
14:03:44  [tt-quietbox2:tt3]   diffusion 34/200
14:03:44  [tt-quietbox2:tt3]   diffusion 35/200
14:03:44  [tt-quietbox2:tt3]   diffusion 36/200
14:03:44  [tt-quietbox2:tt3]   diffusion 37/200
14:03:44  [tt-quietbox2:tt3]   diffusion 38/200
14:03:44  [tt-quietbox2:tt3]   diffusion 39/200
14:03:44  [tt-quietbox2:tt3]   diffusion 40/200
14:03:44  [tt-quietbox2:tt3]   diffusion 41/200
14:03:45  [tt-quietbox2:tt3]   diffusion 42/200
14:03:45  [tt-quietbox2:tt3]   diffusion 43/200
14:03:45  [tt-quietbox2:tt3]   diffusion 44/200
14:03:45  [tt-quietbox2:tt3]   diffusion 45/200
14:03:45  [tt-quietbox2:tt3]   diffusion 46/200
14:03:45  [tt-quietbox2:tt3]   diffusion 47/200
14:03:45  [tt-quietbox2:tt3]   diffusion 48/200
14:03:45  [tt-quietbox2:tt3]   diffusion 49/200
14:03:45  [tt-quietbox2:tt3]   diffusion 50/200
14:03:45  [tt-quietbox2:tt3]   diffusion 51/200
14:03:45  [tt-quietbox2:tt3]   diffusion 52/200
14:03:45  [tt-quietbox2:tt3]   diffusion 53/200
14:03:45  [tt-quietbox2:tt3]   diffusion 54/200
14:03:45  [tt-quietbox2:tt3]   diffusion 55/200
14:03:45  [tt-quietbox2:tt3]   diffusion 56/200
14:03:45  [tt-quietbox2:tt3]   diffusion 57/200
14:03:46  [tt-quietbox2:tt3]   diffusion 58/200
14:03:46  [tt-quietbox2:tt3]   diffusion 59/200
14:03:46  [tt-quietbox2:tt3]   diffusion 60/200
14:03:46  [tt-quietbox2:tt3]   diffusion 61/200
14:03:46  [tt-quietbox2:tt3]   diffusion 62/200
14:03:46  [tt-quietbox2:tt3]   diffusion 63/200
14:03:46  [tt-quietbox2:tt3]   diffusion 64/200
14:03:46  [tt-quietbox2:tt3]   diffusion 65/200
14:03:46  [tt-quietbox2:tt3]   diffusion 66/200
14:03:46  [tt-quietbox2:tt3]   diffusion 67/200
14:03:46  [tt-quietbox2:tt3]   diffusion 68/200
14:03:46  [tt-quietbox2:tt3]   diffusion 69/200
14:03:46  [tt-quietbox2:tt3]   diffusion 70/200
14:03:46  [tt-quietbox2:tt3]   diffusion 71/200
14:03:46  [tt-quietbox2:tt3]   diffusion 72/200
14:03:46  [tt-quietbox2:tt3]   diffusion 73/200
14:03:47  [tt-quietbox2:tt3]   diffusion 74/200
14:03:47  [tt-quietbox2:tt3]   diffusion 75/200
14:03:47  [tt-quietbox2:tt3]   diffusion 76/200
14:03:47  [tt-quietbox2:tt3]   diffusion 77/200
14:03:47  [tt-quietbox2:tt3]   diffusion 78/200
14:03:47  [tt-quietbox2:tt3]   diffusion 79/200
14:03:47  [tt-quietbox2:tt3]   diffusion 80/200
14:03:47  [tt-quietbox2:tt3]   diffusion 81/200
14:03:47  [tt-quietbox2:tt3]   diffusion 82/200
14:03:47  [tt-quietbox2:tt3]   diffusion 83/200
14:03:47  [tt-quietbox2:tt3]   diffusion 84/200
14:03:47  [tt-quietbox2:tt3]   diffusion 85/200
14:03:47  [tt-quietbox2:tt3]   diffusion 86/200
14:03:47  [tt-quietbox2:tt3]   diffusion 87/200
14:03:47  [tt-quietbox2:tt3]   diffusion 88/200
14:03:47  [tt-quietbox2:tt3]   diffusion 89/200
14:03:48  [tt-quietbox2:tt3]   diffusion 90/200
14:03:48  [tt-quietbox2:tt3]   diffusion 91/200
14:03:48  [tt-quietbox2:tt3]   diffusion 92/200
14:03:48  [tt-quietbox2:tt3]   diffusion 93/200
14:03:48  [tt-quietbox2:tt3]   diffusion 94/200
14:03:48  [tt-quietbox2:tt3]   diffusion 95/200
14:03:48  [tt-quietbox2:tt3]   diffusion 96/200
14:03:48  [tt-quietbox2:tt3]   diffusion 97/200
14:03:48  [tt-quietbox2:tt3]   diffusion 98/200
14:03:48  [tt-quietbox2:tt3]   diffusion 99/200
14:03:48  [tt-quietbox2:tt3]   diffusion 100/200
14:03:48  [tt-quietbox2:tt3]   diffusion 101/200
14:03:48  [tt-quietbox2:tt3]   diffusion 102/200
14:03:48  [tt-quietbox2:tt3]   diffusion 103/200
14:03:48  [tt-quietbox2:tt3]   diffusion 104/200
14:03:48  [tt-quietbox2:tt3]   diffusion 105/200
14:03:49  [tt-quietbox2:tt3]   diffusion 106/200
14:03:49  [tt-quietbox2:tt3]   diffusion 107/200
14:03:49  [tt-quietbox2:tt3]   diffusion 108/200
14:03:49  [tt-quietbox2:tt3]   diffusion 109/200
14:03:49  [tt-quietbox2:tt3]   diffusion 110/200
14:03:49  [tt-quietbox2:tt3]   diffusion 111/200
14:03:49  [tt-quietbox2:tt3]   diffusion 112/200
14:03:49  [tt-quietbox2:tt3]   diffusion 113/200
14:03:49  [tt-quietbox2:tt3]   diffusion 114/200
14:03:49  [tt-quietbox2:tt3]   diffusion 115/200
14:03:49  [tt-quietbox2:tt3]   diffusion 116/200
14:03:49  [tt-quietbox2:tt3]   diffusion 117/200
14:03:49  [tt-quietbox2:tt3]   diffusion 118/200
14:03:49  [tt-quietbox2:tt3]   diffusion 119/200
14:03:49  [tt-quietbox2:tt3]   diffusion 120/200
14:03:49  [tt-quietbox2:tt3]   diffusion 121/200
14:03:50  [tt-quietbox2:tt3]   diffusion 122/200
14:03:50  [tt-quietbox2:tt3]   diffusion 123/200
14:03:50  [tt-quietbox2:tt3]   diffusion 124/200
14:03:50  [tt-quietbox2:tt3]   diffusion 125/200
14:03:50  [tt-quietbox2:tt3]   diffusion 126/200
14:03:50  [tt-quietbox2:tt3]   diffusion 127/200
14:03:50  [tt-quietbox2:tt3]   diffusion 128/200
14:03:50  [tt-quietbox2:tt3]   diffusion 129/200
14:03:50  [tt-quietbox2:tt3]   diffusion 130/200
14:03:50  [tt-quietbox2:tt3]   diffusion 131/200
14:03:50  [tt-quietbox2:tt3]   diffusion 132/200
14:03:50  [tt-quietbox2:tt3]   diffusion 133/200
14:03:50  [tt-quietbox2:tt3]   diffusion 134/200
14:03:50  [tt-quietbox2:tt3]   diffusion 135/200
14:03:50  [tt-quietbox2:tt3]   diffusion 136/200
14:03:50  [tt-quietbox2:tt3]   diffusion 137/200
14:03:50  [tt-quietbox2:tt3]   diffusion 138/200
14:03:51  [tt-quietbox2:tt3]   diffusion 139/200
14:03:51  [tt-quietbox2:tt3]   diffusion 140/200
14:03:51  [tt-quietbox2:tt3]   diffusion 141/200
14:03:51  [tt-quietbox2:tt3]   diffusion 142/200
14:03:51  [tt-quietbox2:tt3]   diffusion 143/200
14:03:51  [tt-quietbox2:tt3]   diffusion 144/200
14:03:51  [tt-quietbox2:tt3]   diffusion 145/200
14:03:51  [tt-quietbox2:tt3]   diffusion 146/200
14:03:51  [tt-quietbox2:tt3]   diffusion 147/200
14:03:51  [tt-quietbox2:tt3]   diffusion 148/200
14:03:51  [tt-quietbox2:tt3]   diffusion 149/200
14:03:51  [tt-quietbox2:tt3]   diffusion 150/200
14:03:51  [tt-quietbox2:tt3]   diffusion 151/200
14:03:51  [tt-quietbox2:tt3]   diffusion 152/200
14:03:51  [tt-quietbox2:tt3]   diffusion 153/200
14:03:51  [tt-quietbox2:tt3]   diffusion 154/200
14:03:52  [tt-quietbox2:tt3]   diffusion 155/200
14:03:52  [tt-quietbox2:tt3]   diffusion 156/200
14:03:52  [tt-quietbox2:tt3]   diffusion 157/200
14:03:52  [tt-quietbox2:tt3]   diffusion 158/200
14:03:52  [tt-quietbox2:tt3]   diffusion 159/200
14:03:52  [tt-quietbox2:tt3]   diffusion 160/200
14:03:52  [tt-quietbox2:tt3]   diffusion 161/200
14:03:52  [tt-quietbox2:tt3]   diffusion 162/200
14:03:52  [tt-quietbox2:tt3]   diffusion 163/200
14:03:52  [tt-quietbox2:tt3]   diffusion 164/200
14:03:52  [tt-quietbox2:tt3]   diffusion 165/200
14:03:52  [tt-quietbox2:tt3]   diffusion 166/200
14:03:52  [tt-quietbox2:tt3]   diffusion 167/200
14:03:52  [tt-quietbox2:tt3]   diffusion 168/200
14:03:52  [tt-quietbox2:tt3]   diffusion 169/200
14:03:52  [tt-quietbox2:tt3]   diffusion 170/200
14:03:53  [tt-quietbox2:tt3]   diffusion 171/200
14:03:53  [tt-quietbox2:tt3]   diffusion 172/200
14:03:53  [tt-quietbox2:tt3]   diffusion 173/200
14:03:53  [tt-quietbox2:tt3]   diffusion 174/200
14:03:53  [tt-quietbox2:tt3]   diffusion 175/200
14:03:53  [tt-quietbox2:tt3]   diffusion 176/200
14:03:53  [tt-quietbox2:tt3]   diffusion 177/200
14:03:53  [tt-quietbox2:tt3]   diffusion 178/200
14:03:53  [tt-quietbox2:tt3]   diffusion 179/200
14:03:53  [tt-quietbox2:tt3]   diffusion 180/200
14:03:53  [tt-quietbox2:tt3]   diffusion 181/200
14:03:53  [tt-quietbox2:tt3]   diffusion 182/200
14:03:53  [tt-quietbox2:tt3]   diffusion 183/200
14:03:53  [tt-quietbox2:tt3]   diffusion 184/200
14:03:53  [tt-quietbox2:tt3]   diffusion 185/200
14:03:53  [tt-quietbox2:tt3]   diffusion 186/200
14:03:54  [tt-quietbox2:tt3]   diffusion 187/200
14:03:54  [tt-quietbox2:tt3]   diffusion 188/200
14:03:54  [tt-quietbox2:tt3]   diffusion 189/200
14:03:54  [tt-quietbox2:tt3]   diffusion 190/200
14:03:54  [tt-quietbox2:tt3]   diffusion 191/200
14:03:54  [tt-quietbox2:tt3]   diffusion 192/200
14:03:54  [tt-quietbox2:tt3]   diffusion 193/200
14:03:54  [tt-quietbox2:tt3]   diffusion 194/200
14:03:54  [tt-quietbox2:tt3]   diffusion 195/200
14:03:54  [tt-quietbox2:tt3]   diffusion 196/200
14:03:54  [tt-quietbox2:tt3]   diffusion 197/200
14:03:54  [tt-quietbox2:tt3]   diffusion 198/200
14:03:54  [tt-quietbox2:tt3]   diffusion 199/200
14:03:54  [tt-quietbox2:tt3]   confidence
14:03:57  [tt-quietbox2:tt3]   saving
14:03:57  [tt-quietbox2:tt3] ✓ prot — 22.3s

Done: 1 ok, 0 failed — /home/ttuser/scratch/rel0121/parity_work2/protenix-prot-msa/seed0/protenix_results_prot/results.json
