[release-gate] granted card(s) [2]

======================================================================
[size-ladder] checking for card p300c: opendde at rungs 256,512,640,768
[size-ladder] predict folds: 6 steps, 1 sample, seed 0, single-sequence; nesso1: tt-bio affinity, bf16 trunk, 5 recycles, 256-token crop
======================================================================

##############################################################################
RELEASE GATE — size-ladder (rungs 256,512,640,768, 6 steps / 1 sample, seed 0, single-sequence, card p300c)
##############################################################################
model              256aa    512aa    640aa    768aa  k256->512  k512->768     wall  result
opendde            24.6s    79.0s   133.9s   199.3s       1.68       2.28    1004s  FAIL (opendde/256 SPLIT_SWIGLU: dark (resolved True, served 0, declined 0) with no exemption reason in the baseline; opendde/256 SPLIT_SWIGLU_SMALL_GRID: dark (resolved True, served 0, declined 0) with no exemption reason in the baseline; opendde/256 PAIR_FFN_L1_FC1: dark (resolved True, served 0, declined 0) with no exemption reason in the baseline; opendde/256 PAIR_FFN_L1_LN: dark (resolved True, served 0, declined 0) with no exemption reason in the baseline; opendde/256 PAIR_FFN_L1_SLICE: dark (resolved True, served 0, declined 0) with no exemption reason in the baseline; opendde/256 PAIR_FFN_FUSED_RESIDUAL: dark (resolved True, served 0, declined 0) with no exemption reason in the baseline; opendde/256 PAIR_FFN_FILL_ASSEMBLY: dark (resolved True, served 0, declined 0) with no exemption reason in the baseline; opendde/256 TRIMUL_IN_PROJ_DUAL_NOC: dark (resolved True, served 0, declined 6456) with no exemption reason in the baseline; opendde/256 FP32_SOFTMAX_BIAS_HOIST: dark (resolved True, served 0, declined 0) with no exemption reason in the baseline; opendde/256 PAIR_PROJ_MINIMAL_MATMUL: dark (resolved True, served 0, declined 3328) with no exemption reason in the baseline; opendde/256 TRIMUL_TAIL_F1: dark (resolved True, served 0, declined 1216) with no exemption reason in the baseline; opendde/256 REBLOCK_PERMUTE: dark (resolved True, served 0, declined 6456) with no exemption reason in the baseline; opendde/256 REBLOCK_PERMUTE_BACK: dark (resolved True, served 0, declined 0) with no exemption reason in the baseline; opendde/256 B2_BIAS_SLICE_HOIST: dark (resolved True, served 0, declined 0) with no exemption reason in the baseline; opendde/256 B2_ADALN_S_MEMO: dark (resolved True, served 0, declined 0) with no exemption reason in the baseline; opendde/256 TRIMUL_IN_PROJ_DUAL_NOC: frac 0.000 -> 0.001 (started firing); opendde/256 REBLOCK_PERMUTE: frac 0.000 -> 0.002 (started firing); opendde/256 REBLOCK_PERMUTE_BACK: frac 0.000 -> 1.000 (started firing); opendde/256 REBLOCK_PERMUTE_GATED: frac 1.000 -> 0.000 (went dark); opendde/512 SPLIT_SWIGLU: dark (resolved True, served 0, declined 0) with no exemption reason in the baseline; opendde/512 SPLIT_SWIGLU_SMALL_GRID: dark (resolved True, served 0, declined 0) with no exemption reason in the baseline; opendde/512 PAIR_FFN_L1_FC1: dark (resolved True, served 0, declined 0) with no exemption reason in the baseline; opendde/512 PAIR_FFN_L1_LN: dark (resolved True, served 0, declined 0) with no exemption reason in the baseline; opendde/512 PAIR_FFN_L1_SLICE: dark (resolved True, served 0, declined 0) with no exemption reason in the baseline; opendde/512 PAIR_FFN_FUSED_RESIDUAL: dark (resolved True, served 0, declined 0) with no exemption reason in the baseline; opendde/512 PAIR_FFN_FILL_ASSEMBLY: dark (resolved True, served 0, declined 0) with no exemption reason in the baseline; opendde/512 FP32_SOFTMAX_BIAS_HOIST: dark (resolved True, served 0, declined 0) with no exemption reason in the baseline; opendde/512 PAIR_PROJ_MINIMAL_MATMUL: dark (resolved True, served 0, declined 3336) with no exemption reason in the baseline; opendde/512 TRIMUL_TAIL_F1: dark (resolved True, served 0, declined 1216) with no exemption reason in the baseline; opendde/512 REBLOCK_PERMUTE: dark (resolved True, served 0, declined 24) with no exemption reason in the baseline; opendde/512 B2_BIAS_SLICE_HOIST: dark (resolved True, served 0, declined 0) with no exemption reason in the baseline; opendde/512 B2_ADALN_S_MEMO: dark (resolved True, served 0, declined 0) with no exemption reason in the baseline; opendde/512 TRIMUL_IN_PROJ_DUAL_NOC: decline clause ['padded_activation'] -> []; opendde/512 QKV_MM_CONFIG: decline clause ['block_divisibility:(12,12,30939)', 'block_divisibility:(12,36,30939)', 'no_mm_block:(2,6)'] -> ['no_mm_block:(2,6)']; opendde/512 REBLOCK_PERMUTE: frac 0.000 -> 1.000 (started firing); opendde/640 SPLIT_SWIGLU: dark (resolved True, served 0, declined 0) with no exemption reason in the baseline; opendde/640 SPLIT_SWIGLU_SMALL_GRID: dark (resolved True, served 0, declined 0) with no exemption reason in the baseline; opendde/640 PAIR_FFN_L1_FC1: dark (resolved True, served 0, declined 0) with no exemption reason in the baseline; opendde/640 PAIR_FFN_L1_LN: dark (resolved True, served 0, declined 0) with no exemption reason in the baseline; opendde/640 PAIR_FFN_L1_SLICE: dark (resolved True, served 0, declined 0) with no exemption reason in the baseline; opendde/640 PAIR_FFN_FUSED_RESIDUAL: dark (resolved True, served 0, declined 0) with no exemption reason in the baseline; opendde/640 PAIR_FFN_FILL_ASSEMBLY: dark (resolved True, served 0, declined 0) with no exemption reason in the baseline; opendde/640 FP32_SOFTMAX_BIAS_HOIST: dark (resolved True, served 0, declined 0) with no exemption reason in the baseline; opendde/640 PAIR_PROJ_MINIMAL_MATMUL: dark (resolved True, served 0, declined 3336) with no exemption reason in the baseline; opendde/640 TRIMUL_TAIL_F1: dark (resolved True, served 0, declined 1216) with no exemption reason in the baseline; opendde/640 REBLOCK_PERMUTE: dark (resolved True, served 0, declined 48) with no exemption reason in the baseline; opendde/640 B2_BIAS_SLICE_HOIST: dark (resolved True, served 0, declined 0) with no exemption reason in the baseline; opendde/640 B2_ADALN_S_MEMO: dark (resolved True, served 0, declined 0) with no exemption reason in the baseline; opendde/640 SDPA_Q_CHUNK_FITS: dark (resolved True, served 0, declined 1) with no exemption reason in the baseline; opendde/640 TRIMUL_IN_PROJ_DUAL_NOC: decline clause ['padded_activation'] -> []; opendde/640 QKV_MM_CONFIG: decline clause ['block_divisibility:(12,12,48283)', 'block_divisibility:(12,36,48283)', 'no_mm_block:(2,6)'] -> ['no_mm_block:(2,6)']; opendde/640 REBLOCK_PERMUTE: frac 0.000 -> 1.000 (started firing); opendde/640 TRIATT_PERSISTENT_MASK: decline clause ['fill_preconditions'] -> ['fill_preconditions', 'l1_budget']; opendde/640 SDPA_Q_CHUNK_FITS: overflow-set size 1 -> 2; opendde/768 SPLIT_SWIGLU: dark (resolved True, served 0, declined 0) with no exemption reason in the baseline; opendde/768 SPLIT_SWIGLU_SMALL_GRID: dark (resolved True, served 0, declined 0) with no exemption reason in the baseline; opendde/768 PAIR_FFN_L1_FC1: dark (resolved True, served 0, declined 0) with no exemption reason in the baseline; opendde/768 PAIR_FFN_L1_LN: dark (resolved True, served 0, declined 0) with no exemption reason in the baseline; opendde/768 PAIR_FFN_L1_SLICE: dark (resolved True, served 0, declined 0) with no exemption reason in the baseline; opendde/768 PAIR_FFN_FUSED_RESIDUAL: dark (resolved True, served 0, declined 0) with no exemption reason in the baseline; opendde/768 PAIR_FFN_FILL_ASSEMBLY: dark (resolved True, served 0, declined 0) with no exemption reason in the baseline; opendde/768 FP32_SOFTMAX_BIAS_HOIST: dark (resolved True, served 0, declined 0) with no exemption reason in the baseline; opendde/768 PAIR_PROJ_MINIMAL_MATMUL: dark (resolved True, served 0, declined 3329) with no exemption reason in the baseline; opendde/768 TRIMUL_TAIL_F1: dark (resolved True, served 0, declined 1216) with no exemption reason in the baseline; opendde/768 REBLOCK_PERMUTE: dark (resolved True, served 0, declined 96) with no exemption reason in the baseline; opendde/768 B2_BIAS_SLICE_HOIST: dark (resolved True, served 0, declined 0) with no exemption reason in the baseline; opendde/768 B2_ADALN_S_MEMO: dark (resolved True, served 0, declined 0) with no exemption reason in the baseline; opendde/768 SDPA_Q_CHUNK_FITS: dark (resolved True, served 0, declined 1) with no exemption reason in the baseline; opendde/768 TRIMUL_IN_PROJ_DUAL_NOC: decline clause ['padded_activation'] -> []; opendde/768 REBLOCK_PERMUTE: frac 0.000 -> 1.000 (started firing); opendde/768 SDPA_Q_CHUNK_FITS: overflow-set size 1 -> 2; opendde 256->512: exponent 0.29 -> 1.68 outside ±0.50)
    FAIL opendde/256 SPLIT_SWIGLU: dark (resolved True, served 0, declined 0) with no exemption reason in the baseline
    FAIL opendde/256 SPLIT_SWIGLU_SMALL_GRID: dark (resolved True, served 0, declined 0) with no exemption reason in the baseline
    FAIL opendde/256 PAIR_FFN_L1_FC1: dark (resolved True, served 0, declined 0) with no exemption reason in the baseline
    FAIL opendde/256 PAIR_FFN_L1_LN: dark (resolved True, served 0, declined 0) with no exemption reason in the baseline
    FAIL opendde/256 PAIR_FFN_L1_SLICE: dark (resolved True, served 0, declined 0) with no exemption reason in the baseline
    FAIL opendde/256 PAIR_FFN_FUSED_RESIDUAL: dark (resolved True, served 0, declined 0) with no exemption reason in the baseline
    FAIL opendde/256 PAIR_FFN_FILL_ASSEMBLY: dark (resolved True, served 0, declined 0) with no exemption reason in the baseline
    FAIL opendde/256 TRIMUL_IN_PROJ_DUAL_NOC: dark (resolved True, served 0, declined 6456) with no exemption reason in the baseline
    FAIL opendde/256 FP32_SOFTMAX_BIAS_HOIST: dark (resolved True, served 0, declined 0) with no exemption reason in the baseline
    FAIL opendde/256 PAIR_PROJ_MINIMAL_MATMUL: dark (resolved True, served 0, declined 3328) with no exemption reason in the baseline
    FAIL opendde/256 TRIMUL_TAIL_F1: dark (resolved True, served 0, declined 1216) with no exemption reason in the baseline
    FAIL opendde/256 REBLOCK_PERMUTE: dark (resolved True, served 0, declined 6456) with no exemption reason in the baseline
    FAIL opendde/256 REBLOCK_PERMUTE_BACK: dark (resolved True, served 0, declined 0) with no exemption reason in the baseline
    FAIL opendde/256 B2_BIAS_SLICE_HOIST: dark (resolved True, served 0, declined 0) with no exemption reason in the baseline
    FAIL opendde/256 B2_ADALN_S_MEMO: dark (resolved True, served 0, declined 0) with no exemption reason in the baseline
    FAIL opendde/256 TRIMUL_IN_PROJ_DUAL_NOC: frac 0.000 -> 0.001 (started firing)
    FAIL opendde/256 REBLOCK_PERMUTE: frac 0.000 -> 0.002 (started firing)
    FAIL opendde/256 REBLOCK_PERMUTE_BACK: frac 0.000 -> 1.000 (started firing)
    FAIL opendde/256 REBLOCK_PERMUTE_GATED: frac 1.000 -> 0.000 (went dark)
    FAIL opendde/512 SPLIT_SWIGLU: dark (resolved True, served 0, declined 0) with no exemption reason in the baseline
    FAIL opendde/512 SPLIT_SWIGLU_SMALL_GRID: dark (resolved True, served 0, declined 0) with no exemption reason in the baseline
    FAIL opendde/512 PAIR_FFN_L1_FC1: dark (resolved True, served 0, declined 0) with no exemption reason in the baseline
    FAIL opendde/512 PAIR_FFN_L1_LN: dark (resolved True, served 0, declined 0) with no exemption reason in the baseline
    FAIL opendde/512 PAIR_FFN_L1_SLICE: dark (resolved True, served 0, declined 0) with no exemption reason in the baseline
    FAIL opendde/512 PAIR_FFN_FUSED_RESIDUAL: dark (resolved True, served 0, declined 0) with no exemption reason in the baseline
    FAIL opendde/512 PAIR_FFN_FILL_ASSEMBLY: dark (resolved True, served 0, declined 0) with no exemption reason in the baseline
    FAIL opendde/512 FP32_SOFTMAX_BIAS_HOIST: dark (resolved True, served 0, declined 0) with no exemption reason in the baseline
    FAIL opendde/512 PAIR_PROJ_MINIMAL_MATMUL: dark (resolved True, served 0, declined 3336) with no exemption reason in the baseline
    FAIL opendde/512 TRIMUL_TAIL_F1: dark (resolved True, served 0, declined 1216) with no exemption reason in the baseline
    FAIL opendde/512 REBLOCK_PERMUTE: dark (resolved True, served 0, declined 24) with no exemption reason in the baseline
    FAIL opendde/512 B2_BIAS_SLICE_HOIST: dark (resolved True, served 0, declined 0) with no exemption reason in the baseline
    FAIL opendde/512 B2_ADALN_S_MEMO: dark (resolved True, served 0, declined 0) with no exemption reason in the baseline
    FAIL opendde/512 TRIMUL_IN_PROJ_DUAL_NOC: decline clause ['padded_activation'] -> []
    FAIL opendde/512 QKV_MM_CONFIG: decline clause ['block_divisibility:(12,12,30939)', 'block_divisibility:(12,36,30939)', 'no_mm_block:(2,6)'] -> ['no_mm_block:(2,6)']
    FAIL opendde/512 REBLOCK_PERMUTE: frac 0.000 -> 1.000 (started firing)
    FAIL opendde/640 SPLIT_SWIGLU: dark (resolved True, served 0, declined 0) with no exemption reason in the baseline
    FAIL opendde/640 SPLIT_SWIGLU_SMALL_GRID: dark (resolved True, served 0, declined 0) with no exemption reason in the baseline
    FAIL opendde/640 PAIR_FFN_L1_FC1: dark (resolved True, served 0, declined 0) with no exemption reason in the baseline
    FAIL opendde/640 PAIR_FFN_L1_LN: dark (resolved True, served 0, declined 0) with no exemption reason in the baseline
    FAIL opendde/640 PAIR_FFN_L1_SLICE: dark (resolved True, served 0, declined 0) with no exemption reason in the baseline
    FAIL opendde/640 PAIR_FFN_FUSED_RESIDUAL: dark (resolved True, served 0, declined 0) with no exemption reason in the baseline
    FAIL opendde/640 PAIR_FFN_FILL_ASSEMBLY: dark (resolved True, served 0, declined 0) with no exemption reason in the baseline
    FAIL opendde/640 FP32_SOFTMAX_BIAS_HOIST: dark (resolved True, served 0, declined 0) with no exemption reason in the baseline
    FAIL opendde/640 PAIR_PROJ_MINIMAL_MATMUL: dark (resolved True, served 0, declined 3336) with no exemption reason in the baseline
    FAIL opendde/640 TRIMUL_TAIL_F1: dark (resolved True, served 0, declined 1216) with no exemption reason in the baseline
    FAIL opendde/640 REBLOCK_PERMUTE: dark (resolved True, served 0, declined 48) with no exemption reason in the baseline
    FAIL opendde/640 B2_BIAS_SLICE_HOIST: dark (resolved True, served 0, declined 0) with no exemption reason in the baseline
    FAIL opendde/640 B2_ADALN_S_MEMO: dark (resolved True, served 0, declined 0) with no exemption reason in the baseline
    FAIL opendde/640 SDPA_Q_CHUNK_FITS: dark (resolved True, served 0, declined 1) with no exemption reason in the baseline
    FAIL opendde/640 TRIMUL_IN_PROJ_DUAL_NOC: decline clause ['padded_activation'] -> []
    FAIL opendde/640 QKV_MM_CONFIG: decline clause ['block_divisibility:(12,12,48283)', 'block_divisibility:(12,36,48283)', 'no_mm_block:(2,6)'] -> ['no_mm_block:(2,6)']
    FAIL opendde/640 REBLOCK_PERMUTE: frac 0.000 -> 1.000 (started firing)
    FAIL opendde/640 TRIATT_PERSISTENT_MASK: decline clause ['fill_preconditions'] -> ['fill_preconditions', 'l1_budget']
    FAIL opendde/640 SDPA_Q_CHUNK_FITS: overflow-set size 1 -> 2
    FAIL opendde/768 SPLIT_SWIGLU: dark (resolved True, served 0, declined 0) with no exemption reason in the baseline
    FAIL opendde/768 SPLIT_SWIGLU_SMALL_GRID: dark (resolved True, served 0, declined 0) with no exemption reason in the baseline
    FAIL opendde/768 PAIR_FFN_L1_FC1: dark (resolved True, served 0, declined 0) with no exemption reason in the baseline
    FAIL opendde/768 PAIR_FFN_L1_LN: dark (resolved True, served 0, declined 0) with no exemption reason in the baseline
    FAIL opendde/768 PAIR_FFN_L1_SLICE: dark (resolved True, served 0, declined 0) with no exemption reason in the baseline
    FAIL opendde/768 PAIR_FFN_FUSED_RESIDUAL: dark (resolved True, served 0, declined 0) with no exemption reason in the baseline
    FAIL opendde/768 PAIR_FFN_FILL_ASSEMBLY: dark (resolved True, served 0, declined 0) with no exemption reason in the baseline
    FAIL opendde/768 FP32_SOFTMAX_BIAS_HOIST: dark (resolved True, served 0, declined 0) with no exemption reason in the baseline
    FAIL opendde/768 PAIR_PROJ_MINIMAL_MATMUL: dark (resolved True, served 0, declined 3329) with no exemption reason in the baseline
    FAIL opendde/768 TRIMUL_TAIL_F1: dark (resolved True, served 0, declined 1216) with no exemption reason in the baseline
    FAIL opendde/768 REBLOCK_PERMUTE: dark (resolved True, served 0, declined 96) with no exemption reason in the baseline
    FAIL opendde/768 B2_BIAS_SLICE_HOIST: dark (resolved True, served 0, declined 0) with no exemption reason in the baseline
    FAIL opendde/768 B2_ADALN_S_MEMO: dark (resolved True, served 0, declined 0) with no exemption reason in the baseline
    FAIL opendde/768 SDPA_Q_CHUNK_FITS: dark (resolved True, served 0, declined 1) with no exemption reason in the baseline
    FAIL opendde/768 TRIMUL_IN_PROJ_DUAL_NOC: decline clause ['padded_activation'] -> []
    FAIL opendde/768 REBLOCK_PERMUTE: frac 0.000 -> 1.000 (started firing)
    FAIL opendde/768 SDPA_Q_CHUNK_FITS: overflow-set size 1 -> 2
    FAIL opendde 256->512: exponent 0.29 -> 1.68 outside ±0.50
##############################################################################
GATE FAIL — size-ladder drift vs the recorded baseline (see above); if this change is intentional, re-record with --size-ladder-record
