2026-09-19T00:43:45Z  375 1071428 /home/ttuser/tt-bio-dev/env/bin/python3 -c from multiprocessing.spawn import spawn_main; spawn_main(tracker_fd=6, pipe_handle=8) --multiprocessing-fork
2026-09-19T00:43:47Z  941 1071428 /home/ttuser/tt-bio-dev/env/bin/python3 -c from multiprocessing.spawn import spawn_main; spawn_main(tracker_fd=6, pipe_handle=8) --multiprocessing-fork
2026-09-19T00:43:47Z  192 1071860 git log --all --oneline -Smemoris --name-only
2026-09-19T00:43:49Z 1170 1071428 /home/ttuser/tt-bio-dev/env/bin/python3 -c from multiprocessing.spawn import spawn_main; spawn_main(tracker_fd=6, pipe_handle=8) --multiprocessing-fork
2026-09-19T00:43:49Z 99.5 1071860 git log --all --oneline -Smemoris --name-only
2026-09-19T00:43:51Z 1215 1071428 /home/ttuser/tt-bio-dev/env/bin/python3 -c from multiprocessing.spawn import spawn_main; spawn_main(tracker_fd=6, pipe_handle=8) --multiprocessing-fork
2026-09-19T00:43:51Z 99.5 1071860 git log --all --oneline -Smemoris --name-only
2026-09-19T00:43:53Z 1262 1071428 /home/ttuser/tt-bio-dev/env/bin/python3 -c from multiprocessing.spawn import spawn_main; spawn_main(tracker_fd=6, pipe_handle=8) --multiprocessing-fork
2026-09-19T00:43:53Z 99.6 1071860 git log --all --oneline -Smemoris --name-only
2026-09-19T00:43:56Z 1422 1071428 /home/ttuser/tt-bio-dev/env/bin/python3 -c from multiprocessing.spawn import spawn_main; spawn_main(tracker_fd=6, pipe_handle=8) --multiprocessing-fork
2026-09-19T00:43:56Z  100 1071860 git log --all --oneline -Smemoris --name-only
2026-09-19T00:43:58Z 1301 1071428 /home/ttuser/tt-bio-dev/env/bin/python3 -c from multiprocessing.spawn import spawn_main; spawn_main(tracker_fd=6, pipe_handle=8) --multiprocessing-fork
2026-09-19T00:43:58Z  100 1071860 git log --all --oneline -Smemoris --name-only
2026-09-19T00:44:00Z 1187 1071428 /home/ttuser/tt-bio-dev/env/bin/python3 -c from multiprocessing.spawn import spawn_main; spawn_main(tracker_fd=6, pipe_handle=8) --multiprocessing-fork
2026-09-19T00:44:00Z  100 1071860 git log --all --oneline -Smemoris --name-only
2026-09-19T00:44:02Z 1197 1071428 /home/ttuser/tt-bio-dev/env/bin/python3 -c from multiprocessing.spawn import spawn_main; spawn_main(tracker_fd=6, pipe_handle=8) --multiprocessing-fork
2026-09-19T00:44:02Z 99.8 1071860 git log --all --oneline -Smemoris --name-only
2026-09-19T00:44:04Z 1262 1071428 /home/ttuser/tt-bio-dev/env/bin/python3 -c from multiprocessing.spawn import spawn_main; spawn_main(tracker_fd=6, pipe_handle=8) --multiprocessing-fork
2026-09-19T00:44:04Z  100 1071860 git log --all --oneline -Smemoris --name-only
2026-09-19T00:44:06Z 1300 1071428 /home/ttuser/tt-bio-dev/env/bin/python3 -c from multiprocessing.spawn import spawn_main; spawn_main(tracker_fd=6, pipe_handle=8) --multiprocessing-fork
2026-09-19T00:44:06Z  100 1071860 git log --all --oneline -Smemoris --name-only
2026-09-19T00:44:08Z 1218 1071428 /home/ttuser/tt-bio-dev/env/bin/python3 -c from multiprocessing.spawn import spawn_main; spawn_main(tracker_fd=6, pipe_handle=8) --multiprocessing-fork
2026-09-19T00:44:10Z 1222 1071428 /home/ttuser/tt-bio-dev/env/bin/python3 -c from multiprocessing.spawn import spawn_main; spawn_main(tracker_fd=6, pipe_handle=8) --multiprocessing-fork
2026-09-19T00:44:12Z 1158 1071428 /home/ttuser/tt-bio-dev/env/bin/python3 -c from multiprocessing.spawn import spawn_main; spawn_main(tracker_fd=6, pipe_handle=8) --multiprocessing-fork
2026-09-19T00:44:14Z 1129 1071428 /home/ttuser/tt-bio-dev/env/bin/python3 -c from multiprocessing.spawn import spawn_main; spawn_main(tracker_fd=6, pipe_handle=8) --multiprocessing-fork
2026-09-19T00:44:16Z 1089 1071428 /home/ttuser/tt-bio-dev/env/bin/python3 -c from multiprocessing.spawn import spawn_main; spawn_main(tracker_fd=6, pipe_handle=8) --multiprocessing-fork
2026-09-19T00:44:18Z 1058 1071428 /home/ttuser/tt-bio-dev/env/bin/python3 -c from multiprocessing.spawn import spawn_main; spawn_main(tracker_fd=6, pipe_handle=8) --multiprocessing-fork
2026-09-19T00:44:20Z 1018 1071428 /home/ttuser/tt-bio-dev/env/bin/python3 -c from multiprocessing.spawn import spawn_main; spawn_main(tracker_fd=6, pipe_handle=8) --multiprocessing-fork
2026-09-19T00:44:30Z  501 1073281 /home/ttuser/tt-bio-dev/env/bin/python3 -c from multiprocessing.spawn import spawn_main; spawn_main(tracker_fd=6, pipe_handle=8) --multiprocessing-fork
2026-09-19T00:44:32Z  302 1073281 /home/ttuser/tt-bio-dev/env/bin/python3 -c from multiprocessing.spawn import spawn_main; spawn_main(tracker_fd=6, pipe_handle=8) --multiprocessing-fork
2026-09-19T00:44:34Z  295 1073281 /home/ttuser/tt-bio-dev/env/bin/python3 -c from multiprocessing.spawn import spawn_main; spawn_main(tracker_fd=6, pipe_handle=8) --multiprocessing-fork
2026-09-19T00:44:36Z  579 1073281 /home/ttuser/tt-bio-dev/env/bin/python3 -c from multiprocessing.spawn import spawn_main; spawn_main(tracker_fd=6, pipe_handle=8) --multiprocessing-fork
2026-09-19T00:44:38Z  639 1073281 /home/ttuser/tt-bio-dev/env/bin/python3 -c from multiprocessing.spawn import spawn_main; spawn_main(tracker_fd=6, pipe_handle=8) --multiprocessing-fork
2026-09-19T00:44:40Z  615 1073281 /home/ttuser/tt-bio-dev/env/bin/python3 -c from multiprocessing.spawn import spawn_main; spawn_main(tracker_fd=6, pipe_handle=8) --multiprocessing-fork
2026-09-19T00:44:42Z  701 1073281 /home/ttuser/tt-bio-dev/env/bin/python3 -c from multiprocessing.spawn import spawn_main; spawn_main(tracker_fd=6, pipe_handle=8) --multiprocessing-fork
2026-09-19T00:44:44Z  670 1073281 /home/ttuser/tt-bio-dev/env/bin/python3 -c from multiprocessing.spawn import spawn_main; spawn_main(tracker_fd=6, pipe_handle=8) --multiprocessing-fork
2026-09-19T00:44:46Z  610 1073281 /home/ttuser/tt-bio-dev/env/bin/python3 -c from multiprocessing.spawn import spawn_main; spawn_main(tracker_fd=6, pipe_handle=8) --multiprocessing-fork
2026-09-19T00:44:48Z  562 1073281 /home/ttuser/tt-bio-dev/env/bin/python3 -c from multiprocessing.spawn import spawn_main; spawn_main(tracker_fd=6, pipe_handle=8) --multiprocessing-fork
2026-09-19T00:44:51Z  550 1073281 /home/ttuser/tt-bio-dev/env/bin/python3 -c from multiprocessing.spawn import spawn_main; spawn_main(tracker_fd=6, pipe_handle=8) --multiprocessing-fork
2026-09-19T00:44:53Z  566 1073281 /home/ttuser/tt-bio-dev/env/bin/python3 -c from multiprocessing.spawn import spawn_main; spawn_main(tracker_fd=6, pipe_handle=8) --multiprocessing-fork
2026-09-19T00:44:55Z  612 1073281 /home/ttuser/tt-bio-dev/env/bin/python3 -c from multiprocessing.spawn import spawn_main; spawn_main(tracker_fd=6, pipe_handle=8) --multiprocessing-fork
2026-09-19T00:44:57Z  578 1073281 /home/ttuser/tt-bio-dev/env/bin/python3 -c from multiprocessing.spawn import spawn_main; spawn_main(tracker_fd=6, pipe_handle=8) --multiprocessing-fork
2026-09-19T00:44:57Z  172 1074293 /home/ttuser/tt-bio-dev/env/bin/python3 -u perf/ptx_crop/dealloc_census.py --sizes 256,384,512 --out perf/ptx_crop/out/dealloc_qb1c1.json
2026-09-19T00:44:59Z  547 1073281 /home/ttuser/tt-bio-dev/env/bin/python3 -c from multiprocessing.spawn import spawn_main; spawn_main(tracker_fd=6, pipe_handle=8) --multiprocessing-fork
2026-09-19T00:44:59Z  138 1074293 /home/ttuser/tt-bio-dev/env/bin/python3 -u perf/ptx_crop/dealloc_census.py --sizes 256,384,512 --out perf/ptx_crop/out/dealloc_qb1c1.json
2026-09-19T00:45:01Z  520 1073281 /home/ttuser/tt-bio-dev/env/bin/python3 -c from multiprocessing.spawn import spawn_main; spawn_main(tracker_fd=6, pipe_handle=8) --multiprocessing-fork
2026-09-19T00:45:01Z  193 1074293 /home/ttuser/tt-bio-dev/env/bin/python3 -u perf/ptx_crop/dealloc_census.py --sizes 256,384,512 --out perf/ptx_crop/out/dealloc_qb1c1.json
2026-09-19T00:45:03Z  496 1073281 /home/ttuser/tt-bio-dev/env/bin/python3 -c from multiprocessing.spawn import spawn_main; spawn_main(tracker_fd=6, pipe_handle=8) --multiprocessing-fork
2026-09-19T00:45:03Z  180 1074293 /home/ttuser/tt-bio-dev/env/bin/python3 -u perf/ptx_crop/dealloc_census.py --sizes 256,384,512 --out perf/ptx_crop/out/dealloc_qb1c1.json
2026-09-19T00:45:05Z  517 1073281 /home/ttuser/tt-bio-dev/env/bin/python3 -c from multiprocessing.spawn import spawn_main; spawn_main(tracker_fd=6, pipe_handle=8) --multiprocessing-fork
2026-09-19T00:45:05Z  144 1074293 /home/ttuser/tt-bio-dev/env/bin/python3 -u perf/ptx_crop/dealloc_census.py --sizes 256,384,512 --out perf/ptx_crop/out/dealloc_qb1c1.json
2026-09-19T00:45:07Z  569 1073281 /home/ttuser/tt-bio-dev/env/bin/python3 -c from multiprocessing.spawn import spawn_main; spawn_main(tracker_fd=6, pipe_handle=8) --multiprocessing-fork
2026-09-19T00:45:09Z  691 1073281 /home/ttuser/tt-bio-dev/env/bin/python3 -c from multiprocessing.spawn import spawn_main; spawn_main(tracker_fd=6, pipe_handle=8) --multiprocessing-fork
2026-09-19T00:45:09Z 96.5 1077275 /home/ttuser/tt-bio-dev/env/bin/python3 -m pytest tests/test_size_ladder_gate.py tests/test_size_ladder_rung_localisation.py -x -q
2026-09-19T00:45:11Z  671 1073281 /home/ttuser/tt-bio-dev/env/bin/python3 -c from multiprocessing.spawn import spawn_main; spawn_main(tracker_fd=6, pipe_handle=8) --multiprocessing-fork
2026-09-19T00:45:13Z  645 1073281 /home/ttuser/tt-bio-dev/env/bin/python3 -c from multiprocessing.spawn import spawn_main; spawn_main(tracker_fd=6, pipe_handle=8) --multiprocessing-fork
2026-09-19T00:45:15Z  622 1073281 /home/ttuser/tt-bio-dev/env/bin/python3 -c from multiprocessing.spawn import spawn_main; spawn_main(tracker_fd=6, pipe_handle=8) --multiprocessing-fork
2026-09-19T00:45:17Z  601 1073281 /home/ttuser/tt-bio-dev/env/bin/python3 -c from multiprocessing.spawn import spawn_main; spawn_main(tracker_fd=6, pipe_handle=8) --multiprocessing-fork
2026-09-19T00:45:19Z  604 1073281 /home/ttuser/tt-bio-dev/env/bin/python3 -c from multiprocessing.spawn import spawn_main; spawn_main(tracker_fd=6, pipe_handle=8) --multiprocessing-fork
2026-09-19T00:45:21Z  598 1073281 /home/ttuser/tt-bio-dev/env/bin/python3 -c from multiprocessing.spawn import spawn_main; spawn_main(tracker_fd=6, pipe_handle=8) --multiprocessing-fork
2026-09-19T00:45:27Z  449 1078028 /home/ttuser/tt-bio-dev/env/bin/python3 -c from multiprocessing.spawn import spawn_main; spawn_main(tracker_fd=6, pipe_handle=8) --multiprocessing-fork
2026-09-19T00:45:27Z  416 1078111 /home/ttuser/protenix_ref_venv/bin/python perf/ptxft/losscheck.py
2026-09-19T00:45:29Z  350 1078028 /home/ttuser/tt-bio-dev/env/bin/python3 -c from multiprocessing.spawn import spawn_main; spawn_main(tracker_fd=6, pipe_handle=8) --multiprocessing-fork
2026-09-19T00:45:31Z  250 1078028 /home/ttuser/tt-bio-dev/env/bin/python3 -c from multiprocessing.spawn import spawn_main; spawn_main(tracker_fd=6, pipe_handle=8) --multiprocessing-fork
2026-09-19T00:45:31Z  248 1078493 /home/ttuser/tt-bio-dev/env/bin/python3 -u perf/ptx_crop/dealloc_census.py --sizes 256,384,512 --out perf/ptx_crop/out/dealloc_qb1c1.json
2026-09-19T00:45:33Z  476 1078028 /home/ttuser/tt-bio-dev/env/bin/python3 -c from multiprocessing.spawn import spawn_main; spawn_main(tracker_fd=6, pipe_handle=8) --multiprocessing-fork
2026-09-19T00:45:33Z  179 1078493 /home/ttuser/tt-bio-dev/env/bin/python3 -u perf/ptx_crop/dealloc_census.py --sizes 256,384,512 --out perf/ptx_crop/out/dealloc_qb1c1.json
2026-09-19T00:45:35Z  836 1078028 /home/ttuser/tt-bio-dev/env/bin/python3 -c from multiprocessing.spawn import spawn_main; spawn_main(tracker_fd=6, pipe_handle=8) --multiprocessing-fork
2026-09-19T00:45:35Z  152 1078493 /home/ttuser/tt-bio-dev/env/bin/python3 -u perf/ptx_crop/dealloc_census.py --sizes 256,384,512 --out perf/ptx_crop/out/dealloc_qb1c1.json
2026-09-19T00:45:37Z 1118 1078028 /home/ttuser/tt-bio-dev/env/bin/python3 -c from multiprocessing.spawn import spawn_main; spawn_main(tracker_fd=6, pipe_handle=8) --multiprocessing-fork
2026-09-19T00:45:37Z  146 1078493 /home/ttuser/tt-bio-dev/env/bin/python3 -u perf/ptx_crop/dealloc_census.py --sizes 256,384,512 --out perf/ptx_crop/out/dealloc_qb1c1.json
2026-09-19T00:45:37Z  124 1078927 /home/ttuser/tt-bio-dev/env/bin/python3 -m pytest tests/test_size_ladder_gate.py tests/test_size_ladder_rung_localisation.py -q
2026-09-19T00:45:39Z 1171 1078028 /home/ttuser/tt-bio-dev/env/bin/python3 -c from multiprocessing.spawn import spawn_main; spawn_main(tracker_fd=6, pipe_handle=8) --multiprocessing-fork
2026-09-19T00:45:39Z  165 1078927 /home/ttuser/tt-bio-dev/env/bin/python3 -m pytest tests/test_size_ladder_gate.py tests/test_size_ladder_rung_localisation.py -q
2026-09-19T00:45:39Z  117 1078493 /home/ttuser/tt-bio-dev/env/bin/python3 -u perf/ptx_crop/dealloc_census.py --sizes 256,384,512 --out perf/ptx_crop/out/dealloc_qb1c1.json
2026-09-19T00:45:42Z 1299 1078028 /home/ttuser/tt-bio-dev/env/bin/python3 -c from multiprocessing.spawn import spawn_main; spawn_main(tracker_fd=6, pipe_handle=8) --multiprocessing-fork
2026-09-19T00:45:42Z  108 1078493 [python3] <defunct>
2026-09-19T00:45:44Z 1297 1078028 /home/ttuser/tt-bio-dev/env/bin/python3 -c from multiprocessing.spawn import spawn_main; spawn_main(tracker_fd=6, pipe_handle=8) --multiprocessing-fork
2026-09-19T00:45:46Z 1259 1078028 /home/ttuser/tt-bio-dev/env/bin/python3 -c from multiprocessing.spawn import spawn_main; spawn_main(tracker_fd=6, pipe_handle=8) --multiprocessing-fork
2026-09-19T00:45:48Z 1222 1078028 /home/ttuser/tt-bio-dev/env/bin/python3 -c from multiprocessing.spawn import spawn_main; spawn_main(tracker_fd=6, pipe_handle=8) --multiprocessing-fork
2026-09-19T00:45:50Z 1129 1078028 /home/ttuser/tt-bio-dev/env/bin/python3 -c from multiprocessing.spawn import spawn_main; spawn_main(tracker_fd=6, pipe_handle=8) --multiprocessing-fork
2026-09-19T00:45:50Z  404 1079257 /home/ttuser/tt-bio-dev/env/bin/python3 -m pytest tests/test_size_ladder_gate.py tests/test_size_ladder_rung_localisation.py -q
2026-09-19T00:45:52Z 1049 1078028 /home/ttuser/tt-bio-dev/env/bin/python3 -c from multiprocessing.spawn import spawn_main; spawn_main(tracker_fd=6, pipe_handle=8) --multiprocessing-fork
2026-09-19T00:45:52Z  298 1079257 /home/ttuser/tt-bio-dev/env/bin/python3 -m pytest tests/test_size_ladder_gate.py tests/test_size_ladder_rung_localisation.py -q
2026-09-19T00:45:54Z  997 1078028 /home/ttuser/tt-bio-dev/env/bin/python3 -c from multiprocessing.spawn import spawn_main; spawn_main(tracker_fd=6, pipe_handle=8) --multiprocessing-fork
2026-09-19T00:45:56Z  985 1078028 /home/ttuser/tt-bio-dev/env/bin/python3 -c from multiprocessing.spawn import spawn_main; spawn_main(tracker_fd=6, pipe_handle=8) --multiprocessing-fork
2026-09-19T00:45:58Z 1006 1078028 /home/ttuser/tt-bio-dev/env/bin/python3 -c from multiprocessing.spawn import spawn_main; spawn_main(tracker_fd=6, pipe_handle=8) --multiprocessing-fork
2026-09-19T00:46:00Z 1000 1078028 /home/ttuser/tt-bio-dev/env/bin/python3 -c from multiprocessing.spawn import spawn_main; spawn_main(tracker_fd=6, pipe_handle=8) --multiprocessing-fork
2026-09-19T00:46:02Z  950 1078028 /home/ttuser/tt-bio-dev/env/bin/python3 -c from multiprocessing.spawn import spawn_main; spawn_main(tracker_fd=6, pipe_handle=8) --multiprocessing-fork
2026-09-19T00:46:04Z  906 1078028 /home/ttuser/tt-bio-dev/env/bin/python3 -c from multiprocessing.spawn import spawn_main; spawn_main(tracker_fd=6, pipe_handle=8) --multiprocessing-fork
2026-09-19T00:46:06Z  865 1078028 /home/ttuser/tt-bio-dev/env/bin/python3 -c from multiprocessing.spawn import spawn_main; spawn_main(tracker_fd=6, pipe_handle=8) --multiprocessing-fork
2026-09-19T00:46:08Z  840 1078028 /home/ttuser/tt-bio-dev/env/bin/python3 -c from multiprocessing.spawn import spawn_main; spawn_main(tracker_fd=6, pipe_handle=8) --multiprocessing-fork
2026-09-19T00:46:10Z  847 1078028 /home/ttuser/tt-bio-dev/env/bin/python3 -c from multiprocessing.spawn import spawn_main; spawn_main(tracker_fd=6, pipe_handle=8) --multiprocessing-fork
2026-09-19T00:46:12Z  834 1078028 /home/ttuser/tt-bio-dev/env/bin/python3 -c from multiprocessing.spawn import spawn_main; spawn_main(tracker_fd=6, pipe_handle=8) --multiprocessing-fork
2026-09-19T00:46:14Z  803 1078028 /home/ttuser/tt-bio-dev/env/bin/python3 -c from multiprocessing.spawn import spawn_main; spawn_main(tracker_fd=6, pipe_handle=8) --multiprocessing-fork
2026-09-19T00:46:16Z  775 1078028 /home/ttuser/tt-bio-dev/env/bin/python3 -c from multiprocessing.spawn import spawn_main; spawn_main(tracker_fd=6, pipe_handle=8) --multiprocessing-fork
2026-09-19T00:46:18Z  749 1078028 /home/ttuser/tt-bio-dev/env/bin/python3 -c from multiprocessing.spawn import spawn_main; spawn_main(tracker_fd=6, pipe_handle=8) --multiprocessing-fork
2026-09-19T00:46:20Z  733 1078028 /home/ttuser/tt-bio-dev/env/bin/python3 -c from multiprocessing.spawn import spawn_main; spawn_main(tracker_fd=6, pipe_handle=8) --multiprocessing-fork
2026-09-19T00:46:22Z  759 1078028 /home/ttuser/tt-bio-dev/env/bin/python3 -c from multiprocessing.spawn import spawn_main; spawn_main(tracker_fd=6, pipe_handle=8) --multiprocessing-fork
2026-09-19T00:46:24Z  742 1078028 /home/ttuser/tt-bio-dev/env/bin/python3 -c from multiprocessing.spawn import spawn_main; spawn_main(tracker_fd=6, pipe_handle=8) --multiprocessing-fork
2026-09-19T00:46:28Z 70.5 1084379 /usr/lib/git-core/git reset --hard --no-recurse-submodules
2026-09-19T00:46:30Z  429 1084420 /home/ttuser/tt-bio-dev/env/bin/python3 -c from multiprocessing.spawn import spawn_main; spawn_main(tracker_fd=6, pipe_handle=8) --multiprocessing-fork
2026-09-19T00:46:32Z  284 1084420 /home/ttuser/tt-bio-dev/env/bin/python3 -c from multiprocessing.spawn import spawn_main; spawn_main(tracker_fd=6, pipe_handle=8) --multiprocessing-fork
2026-09-19T00:46:34Z  231 1084420 /home/ttuser/tt-bio-dev/env/bin/python3 -c from multiprocessing.spawn import spawn_main; spawn_main(tracker_fd=6, pipe_handle=8) --multiprocessing-fork
2026-09-19T00:46:37Z  538 1084420 /home/ttuser/tt-bio-dev/env/bin/python3 -c from multiprocessing.spawn import spawn_main; spawn_main(tracker_fd=6, pipe_handle=8) --multiprocessing-fork
2026-09-19T00:46:39Z  605 1084420 /home/ttuser/tt-bio-dev/env/bin/python3 -c from multiprocessing.spawn import spawn_main; spawn_main(tracker_fd=6, pipe_handle=8) --multiprocessing-fork
2026-09-19T00:46:41Z  667 1084420 /home/ttuser/tt-bio-dev/env/bin/python3 -c from multiprocessing.spawn import spawn_main; spawn_main(tracker_fd=6, pipe_handle=8) --multiprocessing-fork
2026-09-19T00:46:43Z  714 1084420 /home/ttuser/tt-bio-dev/env/bin/python3 -c from multiprocessing.spawn import spawn_main; spawn_main(tracker_fd=6, pipe_handle=8) --multiprocessing-fork
2026-09-19T00:46:45Z  716 1084420 /home/ttuser/tt-bio-dev/env/bin/python3 -c from multiprocessing.spawn import spawn_main; spawn_main(tracker_fd=6, pipe_handle=8) --multiprocessing-fork
2026-09-19T00:46:47Z  648 1084420 /home/ttuser/tt-bio-dev/env/bin/python3 -c from multiprocessing.spawn import spawn_main; spawn_main(tracker_fd=6, pipe_handle=8) --multiprocessing-fork
2026-09-19T00:46:49Z  593 1084420 /home/ttuser/tt-bio-dev/env/bin/python3 -c from multiprocessing.spawn import spawn_main; spawn_main(tracker_fd=6, pipe_handle=8) --multiprocessing-fork
2026-09-19T00:46:51Z  572 1084420 /home/ttuser/tt-bio-dev/env/bin/python3 -c from multiprocessing.spawn import spawn_main; spawn_main(tracker_fd=6, pipe_handle=8) --multiprocessing-fork
2026-09-19T00:46:53Z  595 1084420 /home/ttuser/tt-bio-dev/env/bin/python3 -c from multiprocessing.spawn import spawn_main; spawn_main(tracker_fd=6, pipe_handle=8) --multiprocessing-fork
2026-09-19T00:46:55Z  627 1084420 /home/ttuser/tt-bio-dev/env/bin/python3 -c from multiprocessing.spawn import spawn_main; spawn_main(tracker_fd=6, pipe_handle=8) --multiprocessing-fork
2026-09-19T00:46:57Z  616 1084420 /home/ttuser/tt-bio-dev/env/bin/python3 -c from multiprocessing.spawn import spawn_main; spawn_main(tracker_fd=6, pipe_handle=8) --multiprocessing-fork
2026-09-19T00:46:59Z  582 1084420 /home/ttuser/tt-bio-dev/env/bin/python3 -c from multiprocessing.spawn import spawn_main; spawn_main(tracker_fd=6, pipe_handle=8) --multiprocessing-fork
2026-09-19T00:47:01Z  552 1084420 /home/ttuser/tt-bio-dev/env/bin/python3 -c from multiprocessing.spawn import spawn_main; spawn_main(tracker_fd=6, pipe_handle=8) --multiprocessing-fork
2026-09-19T00:47:03Z  525 1084420 /home/ttuser/tt-bio-dev/env/bin/python3 -c from multiprocessing.spawn import spawn_main; spawn_main(tracker_fd=6, pipe_handle=8) --multiprocessing-fork
2026-09-19T00:47:05Z  536 1084420 /home/ttuser/tt-bio-dev/env/bin/python3 -c from multiprocessing.spawn import spawn_main; spawn_main(tracker_fd=6, pipe_handle=8) --multiprocessing-fork
2026-09-19T00:47:07Z  582 1084420 /home/ttuser/tt-bio-dev/env/bin/python3 -c from multiprocessing.spawn import spawn_main; spawn_main(tracker_fd=6, pipe_handle=8) --multiprocessing-fork
2026-09-19T00:47:09Z  585 1084420 /home/ttuser/tt-bio-dev/env/bin/python3 -c from multiprocessing.spawn import spawn_main; spawn_main(tracker_fd=6, pipe_handle=8) --multiprocessing-fork
2026-09-19T00:47:11Z  562 1084420 /home/ttuser/tt-bio-dev/env/bin/python3 -c from multiprocessing.spawn import spawn_main; spawn_main(tracker_fd=6, pipe_handle=8) --multiprocessing-fork
2026-09-19T00:47:13Z  541 1084420 /home/ttuser/tt-bio-dev/env/bin/python3 -c from multiprocessing.spawn import spawn_main; spawn_main(tracker_fd=6, pipe_handle=8) --multiprocessing-fork
2026-09-19T00:47:15Z  522 1084420 /home/ttuser/tt-bio-dev/env/bin/python3 -c from multiprocessing.spawn import spawn_main; spawn_main(tracker_fd=6, pipe_handle=8) --multiprocessing-fork
2026-09-19T00:47:17Z  508 1084420 /home/ttuser/tt-bio-dev/env/bin/python3 -c from multiprocessing.spawn import spawn_main; spawn_main(tracker_fd=6, pipe_handle=8) --multiprocessing-fork
2026-09-19T00:47:19Z  529 1084420 /home/ttuser/tt-bio-dev/env/bin/python3 -c from multiprocessing.spawn import spawn_main; spawn_main(tracker_fd=6, pipe_handle=8) --multiprocessing-fork
2026-09-19T00:47:21Z  511 1084420 /home/ttuser/tt-bio-dev/env/bin/python3 -c from multiprocessing.spawn import spawn_main; spawn_main(tracker_fd=6, pipe_handle=8) --multiprocessing-fork
2026-09-19T00:47:27Z  439 1090025 /home/ttuser/tt-bio-dev/env/bin/python3 -c from multiprocessing.spawn import spawn_main; spawn_main(tracker_fd=6, pipe_handle=8) --multiprocessing-fork
2026-09-19T00:47:29Z  232 1090025 /home/ttuser/tt-bio-dev/env/bin/python3 -c from multiprocessing.spawn import spawn_main; spawn_main(tracker_fd=6, pipe_handle=8) --multiprocessing-fork
2026-09-19T00:47:31Z  201 1090025 /home/ttuser/tt-bio-dev/env/bin/python3 -c from multiprocessing.spawn import spawn_main; spawn_main(tracker_fd=6, pipe_handle=8) --multiprocessing-fork
2026-09-19T00:47:33Z  534 1090025 /home/ttuser/tt-bio-dev/env/bin/python3 -c from multiprocessing.spawn import spawn_main; spawn_main(tracker_fd=6, pipe_handle=8) --multiprocessing-fork
2026-09-19T00:47:36Z  588 1090025 /home/ttuser/tt-bio-dev/env/bin/python3 -c from multiprocessing.spawn import spawn_main; spawn_main(tracker_fd=6, pipe_handle=8) --multiprocessing-fork
2026-09-19T00:47:38Z  653 1090025 /home/ttuser/tt-bio-dev/env/bin/python3 -c from multiprocessing.spawn import spawn_main; spawn_main(tracker_fd=6, pipe_handle=8) --multiprocessing-fork
2026-09-19T00:47:40Z  697 1090025 /home/ttuser/tt-bio-dev/env/bin/python3 -c from multiprocessing.spawn import spawn_main; spawn_main(tracker_fd=6, pipe_handle=8) --multiprocessing-fork
2026-09-19T00:47:42Z  701 1090025 /home/ttuser/tt-bio-dev/env/bin/python3 -c from multiprocessing.spawn import spawn_main; spawn_main(tracker_fd=6, pipe_handle=8) --multiprocessing-fork
2026-09-19T00:47:44Z  638 1090025 /home/ttuser/tt-bio-dev/env/bin/python3 -c from multiprocessing.spawn import spawn_main; spawn_main(tracker_fd=6, pipe_handle=8) --multiprocessing-fork
2026-09-19T00:47:46Z  587 1090025 /home/ttuser/tt-bio-dev/env/bin/python3 -c from multiprocessing.spawn import spawn_main; spawn_main(tracker_fd=6, pipe_handle=8) --multiprocessing-fork
2026-09-19T00:47:48Z  566 1090025 /home/ttuser/tt-bio-dev/env/bin/python3 -c from multiprocessing.spawn import spawn_main; spawn_main(tracker_fd=6, pipe_handle=8) --multiprocessing-fork
2026-09-19T00:47:50Z  574 1090025 /home/ttuser/tt-bio-dev/env/bin/python3 -c from multiprocessing.spawn import spawn_main; spawn_main(tracker_fd=6, pipe_handle=8) --multiprocessing-fork
2026-09-19T00:47:52Z  620 1090025 /home/ttuser/tt-bio-dev/env/bin/python3 -c from multiprocessing.spawn import spawn_main; spawn_main(tracker_fd=6, pipe_handle=8) --multiprocessing-fork
2026-09-19T00:47:54Z  587 1090025 /home/ttuser/tt-bio-dev/env/bin/python3 -c from multiprocessing.spawn import spawn_main; spawn_main(tracker_fd=6, pipe_handle=8) --multiprocessing-fork
2026-09-19T00:47:56Z  556 1090025 /home/ttuser/tt-bio-dev/env/bin/python3 -c from multiprocessing.spawn import spawn_main; spawn_main(tracker_fd=6, pipe_handle=8) --multiprocessing-fork
2026-09-19T00:47:58Z  528 1090025 /home/ttuser/tt-bio-dev/env/bin/python3 -c from multiprocessing.spawn import spawn_main; spawn_main(tracker_fd=6, pipe_handle=8) --multiprocessing-fork
2026-09-19T00:48:00Z  504 1090025 /home/ttuser/tt-bio-dev/env/bin/python3 -c from multiprocessing.spawn import spawn_main; spawn_main(tracker_fd=6, pipe_handle=8) --multiprocessing-fork
2026-09-19T00:48:02Z  526 1090025 /home/ttuser/tt-bio-dev/env/bin/python3 -c from multiprocessing.spawn import spawn_main; spawn_main(tracker_fd=6, pipe_handle=8) --multiprocessing-fork
2026-09-19T00:48:04Z  546 1090025 /home/ttuser/tt-bio-dev/env/bin/python3 -c from multiprocessing.spawn import spawn_main; spawn_main(tracker_fd=6, pipe_handle=8) --multiprocessing-fork
2026-09-19T00:48:06Z  525 1090025 /home/ttuser/tt-bio-dev/env/bin/python3 -c from multiprocessing.spawn import spawn_main; spawn_main(tracker_fd=6, pipe_handle=8) --multiprocessing-fork
2026-09-19T00:48:08Z  505 1090025 /home/ttuser/tt-bio-dev/env/bin/python3 -c from multiprocessing.spawn import spawn_main; spawn_main(tracker_fd=6, pipe_handle=8) --multiprocessing-fork
2026-09-19T00:48:10Z  487 1090025 /home/ttuser/tt-bio-dev/env/bin/python3 -c from multiprocessing.spawn import spawn_main; spawn_main(tracker_fd=6, pipe_handle=8) --multiprocessing-fork
2026-09-19T00:48:12Z  471 1090025 /home/ttuser/tt-bio-dev/env/bin/python3 -c from multiprocessing.spawn import spawn_main; spawn_main(tracker_fd=6, pipe_handle=8) --multiprocessing-fork
2026-09-19T00:48:14Z  482 1090025 /home/ttuser/tt-bio-dev/env/bin/python3 -c from multiprocessing.spawn import spawn_main; spawn_main(tracker_fd=6, pipe_handle=8) --multiprocessing-fork
2026-09-19T00:48:16Z  479 1090025 /home/ttuser/tt-bio-dev/env/bin/python3 -c from multiprocessing.spawn import spawn_main; spawn_main(tracker_fd=6, pipe_handle=8) --multiprocessing-fork
2026-09-19T00:48:22Z  481 1091551 /home/ttuser/tt-bio-dev/env/bin/python3 -c from multiprocessing.spawn import spawn_main; spawn_main(tracker_fd=6, pipe_handle=8) --multiprocessing-fork
2026-09-19T00:48:24Z  368 1091551 /home/ttuser/tt-bio-dev/env/bin/python3 -c from multiprocessing.spawn import spawn_main; spawn_main(tracker_fd=6, pipe_handle=8) --multiprocessing-fork
2026-09-19T00:48:24Z 71.0 1091735 /home/ttuser/tt-bio-dev/env/bin/python3 -c from multiprocessing.spawn import spawn_main; spawn_main(tracker_fd=6, pipe_handle=8) --multiprocessing-fork
2026-09-19T00:48:26Z  217 1091551 /home/ttuser/tt-bio-dev/env/bin/python3 -c from multiprocessing.spawn import spawn_main; spawn_main(tracker_fd=6, pipe_handle=8) --multiprocessing-fork
2026-09-19T00:48:28Z  454 1091551 /home/ttuser/tt-bio-dev/env/bin/python3 -c from multiprocessing.spawn import spawn_main; spawn_main(tracker_fd=6, pipe_handle=8) --multiprocessing-fork
2026-09-19T00:48:30Z  579 1091551 /home/ttuser/tt-bio-dev/env/bin/python3 -c from multiprocessing.spawn import spawn_main; spawn_main(tracker_fd=6, pipe_handle=8) --multiprocessing-fork
2026-09-19T00:48:32Z  685 1091551 /home/ttuser/tt-bio-dev/env/bin/python3 -c from multiprocessing.spawn import spawn_main; spawn_main(tracker_fd=6, pipe_handle=8) --multiprocessing-fork
2026-09-19T00:48:35Z  687 1091551 /home/ttuser/tt-bio-dev/env/bin/python3 -c from multiprocessing.spawn import spawn_main; spawn_main(tracker_fd=6, pipe_handle=8) --multiprocessing-fork
2026-09-19T00:48:37Z  762 1091551 /home/ttuser/tt-bio-dev/env/bin/python3 -c from multiprocessing.spawn import spawn_main; spawn_main(tracker_fd=6, pipe_handle=8) --multiprocessing-fork
2026-09-19T00:48:39Z  689 1091551 /home/ttuser/tt-bio-dev/env/bin/python3 -c from multiprocessing.spawn import spawn_main; spawn_main(tracker_fd=6, pipe_handle=8) --multiprocessing-fork
2026-09-19T00:48:41Z  630 1091551 /home/ttuser/tt-bio-dev/env/bin/python3 -c from multiprocessing.spawn import spawn_main; spawn_main(tracker_fd=6, pipe_handle=8) --multiprocessing-fork
2026-09-19T00:48:43Z  582 1091551 /home/ttuser/tt-bio-dev/env/bin/python3 -c from multiprocessing.spawn import spawn_main; spawn_main(tracker_fd=6, pipe_handle=8) --multiprocessing-fork
2026-09-19T00:48:45Z  843 1092416 /home/ttuser/protenix_ref_venv/bin/python perf/ptx/objective_check.py
2026-09-19T00:48:45Z  654 1091551 /home/ttuser/tt-bio-dev/env/bin/python3 -c from multiprocessing.spawn import spawn_main; spawn_main(tracker_fd=6, pipe_handle=8) --multiprocessing-fork
2026-09-19T00:48:47Z  655 1091551 /home/ttuser/tt-bio-dev/env/bin/python3 -c from multiprocessing.spawn import spawn_main; spawn_main(tracker_fd=6, pipe_handle=8) --multiprocessing-fork
2026-09-19T00:48:49Z  667 1091551 /home/ttuser/tt-bio-dev/env/bin/python3 -c from multiprocessing.spawn import spawn_main; spawn_main(tracker_fd=6, pipe_handle=8) --multiprocessing-fork
2026-09-19T00:48:51Z  630 1091551 /home/ttuser/tt-bio-dev/env/bin/python3 -c from multiprocessing.spawn import spawn_main; spawn_main(tracker_fd=6, pipe_handle=8) --multiprocessing-fork
2026-09-19T00:48:53Z  597 1091551 /home/ttuser/tt-bio-dev/env/bin/python3 -c from multiprocessing.spawn import spawn_main; spawn_main(tracker_fd=6, pipe_handle=8) --multiprocessing-fork
2026-09-19T00:48:55Z  567 1091551 /home/ttuser/tt-bio-dev/env/bin/python3 -c from multiprocessing.spawn import spawn_main; spawn_main(tracker_fd=6, pipe_handle=8) --multiprocessing-fork
2026-09-19T00:48:57Z  542 1091551 /home/ttuser/tt-bio-dev/env/bin/python3 -c from multiprocessing.spawn import spawn_main; spawn_main(tracker_fd=6, pipe_handle=8) --multiprocessing-fork
2026-09-19T00:48:59Z  564 1091551 /home/ttuser/tt-bio-dev/env/bin/python3 -c from multiprocessing.spawn import spawn_main; spawn_main(tracker_fd=6, pipe_handle=8) --multiprocessing-fork
2026-09-19T00:49:01Z  572 1091551 /home/ttuser/tt-bio-dev/env/bin/python3 -c from multiprocessing.spawn import spawn_main; spawn_main(tracker_fd=6, pipe_handle=8) --multiprocessing-fork
2026-09-19T00:49:03Z  550 1091551 /home/ttuser/tt-bio-dev/env/bin/python3 -c from multiprocessing.spawn import spawn_main; spawn_main(tracker_fd=6, pipe_handle=8) --multiprocessing-fork
2026-09-19T00:49:05Z  529 1091551 /home/ttuser/tt-bio-dev/env/bin/python3 -c from multiprocessing.spawn import spawn_main; spawn_main(tracker_fd=6, pipe_handle=8) --multiprocessing-fork
2026-09-19T00:49:07Z  510 1091551 /home/ttuser/tt-bio-dev/env/bin/python3 -c from multiprocessing.spawn import spawn_main; spawn_main(tracker_fd=6, pipe_handle=8) --multiprocessing-fork
2026-09-19T00:49:09Z  494 1091551 /home/ttuser/tt-bio-dev/env/bin/python3 -c from multiprocessing.spawn import spawn_main; spawn_main(tracker_fd=6, pipe_handle=8) --multiprocessing-fork
2026-09-19T00:49:11Z  543 1091551 /home/ttuser/tt-bio-dev/env/bin/python3 -c from multiprocessing.spawn import spawn_main; spawn_main(tracker_fd=6, pipe_handle=8) --multiprocessing-fork
2026-09-19T00:49:13Z  537 1091551 /home/ttuser/tt-bio-dev/env/bin/python3 -c from multiprocessing.spawn import spawn_main; spawn_main(tracker_fd=6, pipe_handle=8) --multiprocessing-fork
2026-09-19T00:49:19Z  748 1093596 /home/ttuser/tt-bio-dev/env/bin/python3 -c from multiprocessing.spawn import spawn_main; spawn_main(tracker_fd=6, pipe_handle=8) --multiprocessing-fork
2026-09-19T00:49:21Z  277 1093596 /home/ttuser/tt-bio-dev/env/bin/python3 -c from multiprocessing.spawn import spawn_main; spawn_main(tracker_fd=6, pipe_handle=8) --multiprocessing-fork
2026-09-19T00:49:23Z  218 1093596 /home/ttuser/tt-bio-dev/env/bin/python3 -c from multiprocessing.spawn import spawn_main; spawn_main(tracker_fd=6, pipe_handle=8) --multiprocessing-fork
2026-09-19T00:49:25Z  521 1093596 /home/ttuser/tt-bio-dev/env/bin/python3 -c from multiprocessing.spawn import spawn_main; spawn_main(tracker_fd=6, pipe_handle=8) --multiprocessing-fork
2026-09-19T00:49:27Z  618 1093596 /home/ttuser/tt-bio-dev/env/bin/python3 -c from multiprocessing.spawn import spawn_main; spawn_main(tracker_fd=6, pipe_handle=8) --multiprocessing-fork
2026-09-19T00:49:30Z  686 1093596 /home/ttuser/tt-bio-dev/env/bin/python3 -c from multiprocessing.spawn import spawn_main; spawn_main(tracker_fd=6, pipe_handle=8) --multiprocessing-fork
2026-09-19T00:49:32Z  696 1093596 /home/ttuser/tt-bio-dev/env/bin/python3 -c from multiprocessing.spawn import spawn_main; spawn_main(tracker_fd=6, pipe_handle=8) --multiprocessing-fork
2026-09-19T00:49:34Z  740 1093596 /home/ttuser/tt-bio-dev/env/bin/python3 -c from multiprocessing.spawn import spawn_main; spawn_main(tracker_fd=6, pipe_handle=8) --multiprocessing-fork
2026-09-19T00:49:36Z  669 1093596 /home/ttuser/tt-bio-dev/env/bin/python3 -c from multiprocessing.spawn import spawn_main; spawn_main(tracker_fd=6, pipe_handle=8) --multiprocessing-fork
2026-09-19T00:49:36Z  359 1094466 /home/ttuser/protenix_ref_venv/bin/python perf/ptx/objective_check.py
2026-09-19T00:49:38Z  817 1094466 /home/ttuser/protenix_ref_venv/bin/python perf/ptx/objective_check.py
2026-09-19T00:49:38Z  612 1093596 /home/ttuser/tt-bio-dev/env/bin/python3 -c from multiprocessing.spawn import spawn_main; spawn_main(tracker_fd=6, pipe_handle=8) --multiprocessing-fork
2026-09-19T00:49:40Z  566 1093596 /home/ttuser/tt-bio-dev/env/bin/python3 -c from multiprocessing.spawn import spawn_main; spawn_main(tracker_fd=6, pipe_handle=8) --multiprocessing-fork
2026-09-19T00:49:42Z  598 1093596 /home/ttuser/tt-bio-dev/env/bin/python3 -c from multiprocessing.spawn import spawn_main; spawn_main(tracker_fd=6, pipe_handle=8) --multiprocessing-fork
2026-09-19T00:49:44Z  612 1093596 /home/ttuser/tt-bio-dev/env/bin/python3 -c from multiprocessing.spawn import spawn_main; spawn_main(tracker_fd=6, pipe_handle=8) --multiprocessing-fork
2026-09-19T00:49:46Z  607 1093596 /home/ttuser/tt-bio-dev/env/bin/python3 -c from multiprocessing.spawn import spawn_main; spawn_main(tracker_fd=6, pipe_handle=8) --multiprocessing-fork
2026-09-19T00:49:48Z  573 1093596 /home/ttuser/tt-bio-dev/env/bin/python3 -c from multiprocessing.spawn import spawn_main; spawn_main(tracker_fd=6, pipe_handle=8) --multiprocessing-fork
2026-09-19T00:49:50Z  949 1094819 /home/ttuser/protenix_ref_venv/bin/python perf/ptx/objective_check.py --seed 1 --n 64 --samples 2
2026-09-19T00:49:50Z  543 1093596 /home/ttuser/tt-bio-dev/env/bin/python3 -c from multiprocessing.spawn import spawn_main; spawn_main(tracker_fd=6, pipe_handle=8) --multiprocessing-fork
2026-09-19T00:49:52Z 1284 1094960 /home/ttuser/protenix_ref_venv/bin/python perf/ptx/objective_check.py --seed 23 --n 64 --samples 2
2026-09-19T00:49:52Z  517 1093596 /home/ttuser/tt-bio-dev/env/bin/python3 -c from multiprocessing.spawn import spawn_main; spawn_main(tracker_fd=6, pipe_handle=8) --multiprocessing-fork
2026-09-19T00:49:54Z  525 1093596 /home/ttuser/tt-bio-dev/env/bin/python3 -c from multiprocessing.spawn import spawn_main; spawn_main(tracker_fd=6, pipe_handle=8) --multiprocessing-fork
2026-09-19T00:49:56Z  545 1093596 /home/ttuser/tt-bio-dev/env/bin/python3 -c from multiprocessing.spawn import spawn_main; spawn_main(tracker_fd=6, pipe_handle=8) --multiprocessing-fork
2026-09-19T00:49:58Z  531 1093596 /home/ttuser/tt-bio-dev/env/bin/python3 -c from multiprocessing.spawn import spawn_main; spawn_main(tracker_fd=6, pipe_handle=8) --multiprocessing-fork
2026-09-19T00:50:00Z  511 1093596 /home/ttuser/tt-bio-dev/env/bin/python3 -c from multiprocessing.spawn import spawn_main; spawn_main(tracker_fd=6, pipe_handle=8) --multiprocessing-fork
2026-09-19T00:50:00Z  460 1095332 python3 perf/trix_gatedbank/firing.py perf/trix_gatedbank/firing_512_qb1c0.json 512
2026-09-19T00:50:02Z  492 1093596 /home/ttuser/tt-bio-dev/env/bin/python3 -c from multiprocessing.spawn import spawn_main; spawn_main(tracker_fd=6, pipe_handle=8) --multiprocessing-fork
2026-09-19T00:50:02Z  333 1095332 python3 perf/trix_gatedbank/firing.py perf/trix_gatedbank/firing_512_qb1c0.json 512
2026-09-19T00:50:04Z  475 1093596 /home/ttuser/tt-bio-dev/env/bin/python3 -c from multiprocessing.spawn import spawn_main; spawn_main(tracker_fd=6, pipe_handle=8) --multiprocessing-fork
2026-09-19T00:50:04Z  240 1095332 python3 perf/trix_gatedbank/firing.py perf/trix_gatedbank/firing_512_qb1c0.json 512
2026-09-19T00:50:06Z  500 1093596 /home/ttuser/tt-bio-dev/env/bin/python3 -c from multiprocessing.spawn import spawn_main; spawn_main(tracker_fd=6, pipe_handle=8) --multiprocessing-fork
2026-09-19T00:50:06Z  219 1095332 python3 perf/trix_gatedbank/firing.py perf/trix_gatedbank/firing_512_qb1c0.json 512
2026-09-19T00:50:08Z  547 1093596 /home/ttuser/tt-bio-dev/env/bin/python3 -c from multiprocessing.spawn import spawn_main; spawn_main(tracker_fd=6, pipe_handle=8) --multiprocessing-fork
2026-09-19T00:50:08Z  360 1095332 python3 perf/trix_gatedbank/firing.py perf/trix_gatedbank/firing_512_qb1c0.json 512
2026-09-19T00:50:10Z  557 1093596 /home/ttuser/tt-bio-dev/env/bin/python3 -c from multiprocessing.spawn import spawn_main; spawn_main(tracker_fd=6, pipe_handle=8) --multiprocessing-fork
2026-09-19T00:50:10Z  399 1095332 python3 perf/trix_gatedbank/firing.py perf/trix_gatedbank/firing_512_qb1c0.json 512
2026-09-19T00:50:12Z  386 1095332 python3 perf/trix_gatedbank/firing.py perf/trix_gatedbank/firing_512_qb1c0.json 512
2026-09-19T00:50:14Z  366 1095332 python3 perf/trix_gatedbank/firing.py perf/trix_gatedbank/firing_512_qb1c0.json 512
2026-09-19T00:50:16Z  329 1095332 python3 perf/trix_gatedbank/firing.py perf/trix_gatedbank/firing_512_qb1c0.json 512
2026-09-19T00:50:18Z  297 1095332 python3 perf/trix_gatedbank/firing.py perf/trix_gatedbank/firing_512_qb1c0.json 512
2026-09-19T00:50:20Z  271 1095332 python3 perf/trix_gatedbank/firing.py perf/trix_gatedbank/firing_512_qb1c0.json 512
2026-09-19T00:50:20Z 54.0 1096371 /opt/tenstorrent/sfpi/compiler/bin/../libexec/gcc/riscv-tt-elf/15.1.0/cc1plus -quiet -I . -I .. -I /home/ttuser/.local/lib/python3.10/site-packages/ttnn/ -I /home/ttuser/.local/lib/python3.10/site-packages/ttnn/ttnn -I /home/ttuser/.local/lib/python3.10/site-packages/ttnn/ttnn/cpp -I /home/ttuser/.local/lib/python3.10/site-packages/ttnn/tt_metal -I /home/ttuser/.local/lib/python3.10/site-packages/ttnn/tt_metal/hw/inc -I /home/ttuser/.local/lib/python3.10/site-packages/ttnn/tt_metal/third_party/tt_llk/common -I /home/ttuser/.local/lib/python3.10/site-packages/ttnn/tt_metal/hostdevcommon/api -I /home/ttuser/.local/lib/python3.10/site-packages/ttnn/tt_metal/api/ -I /home/ttuser/.local/lib/python3.10/site-packages/ttnn/tt_metal/hw/ckernels/blackhole/metal/common -I /home/ttuser/.local/lib/python3.10/site-packages/ttnn/tt_metal/hw/ckernels/blackhole/metal/llk_io -I /home/ttuser/.local/lib/python3.10/site-packages/ttnn/tt_metal/hw/inc/internal/tt-1xx -I /home/ttuser/.local/lib/python3.10/site-packages/ttnn/tt_metal/hw/inc/internal/tt-1xx/blackhole -I /home/ttuser/.local/lib/python3.10/site-packages/ttnn/tt_metal/hw/inc/internal/tt-1xx/blackhole/blackhole_defines -I /home/ttuser/.local/lib/python3.10/site-packages/ttnn/tt_metal/hw/inc/internal/tt-1xx/blackhole/noc -I /home/ttuser/.local/lib/python3.10/site-packages/ttnn/tt_metal/third_party/tt_llk/tt_llk_blackhole/common/inc -I /home/ttuser/.local/lib/python3.10/site-packages/ttnn/tt_metal/third_party/tt_llk/tt_llk_blackhole/llk_lib -I /home/ttuser/.local/lib/python3.10/site-packages/ttnn/tt_metal/hw/firmware/src/tt-1xx -I /home/ttuser/.coworker/wt/trix-gatedbank/tt_bio/kernels/triatt -imultilib bh-ilp32 -iprefix /opt/tenstorrent/sfpi/compiler/bin/../lib/gcc/riscv-tt-elf/15.1.0/ -isysroot /opt/tenstorrent/sfpi/compiler/bin/../riscv-tt-elf -MMD /home/ttuser/.cache/tt-metal-cache-tt-bio/ttnn-0.67.4/tt-metal-cache6745986192171285359/kernels/dm_in1_sender_out/8090832924046188555/ncrisc/ncrisck.18328997430795932286.d -MF /home/ttuser/.cache/tt-metal-cache-tt-bio/ttnn-0.67.4/tt-metal-cache6745986192171285359/kernels/dm_in1_sender_out/8090832924046188555/ncrisc/ncrisck.18328997430795932286.d -MQ /home/ttuser/.cache/tt-metal-cache-tt-bio/ttnn-0.67.4/tt-metal-cache6745986192171285359/kernels/dm_in1_sender_out/8090832924046188555/ncrisc/ncrisck.18328997430795932286.o -D IS_NOT_POW2_NUM_L1_BANKS=1 -D LOG_BASE_2_OF_NUM_DRAM_BANKS=3 -D NUM_DRAM_BANKS=8 -D NUM_L1_BANKS=110 -D PCIE_NOC_X=19 -D PCIE_NOC_Y=24 -D TENSIX_FIRMWARE -D LOCAL_MEM_EN=0 -D PROCESSOR_INDEX=1 -D COMPILE_FOR_NCRISC -D ARCH_BLACKHOLE -D DISPATCH_MESSAGE_ADDR=4290184248 -D KERNEL_BUILD -D HEAD_MAJOR_IN0_MT=16 -D NOC_INDEX=1 -D NOC_MODE=0 -D KERNEL_COMPILE_TIME_ARGS=8192,8195,4,4,4,10,4,4,1,187,1,2048,2048,2048,3,4,5,1,1,1,4,2,2048,2,2048 /home/ttuser/.local/lib/python3.10/site-packages/ttnn/tt_metal/hw/firmware/src/tt-1xx/ncrisck.cc -quiet -dumpdir /home/ttuser/.cache/tt-metal-cache-tt-bio/ttnn-0.67.4/tt-metal-cache6745986192171285359/kernels/dm_in1_sender_out/8090832924046188555/ncrisc/ -dumpbase ncrisck.18328997430795932286.cc -dumpbase-ext .cc -mcpu=tt-bh -mtune=rvtt-b1 -march=rv32im_zmmul_zaamo_zba_zbb -mabi=ilp32 -misa-spec=2.2 -march=rv32im_zmmul_zaamo_zba_zbb -g -O2 -Wall -Werror -Wno-unknown-pragmas -Wno-deprecated-declarations -Wno-error=multistatement-macros -Wno-error=parentheses -Wno-error=unused-but-set-variable -Wno-unused-variable -Wno-unused-function -std=c++17 -flto=auto -ffast-math -fno-exceptions -fno-use-cxa-atexit -fno-tree-loop-distribute-patterns -o /tmp/ccffwo40.s
2026-09-19T00:50:20Z 53.0 1096370 /opt/tenstorrent/sfpi/compiler/bin/../libexec/gcc/riscv-tt-elf/15.1.0/cc1plus -quiet -I . -I .. -I /home/ttuser/.local/lib/python3.10/site-packages/ttnn/ -I /home/ttuser/.local/lib/python3.10/site-packages/ttnn/ttnn -I /home/ttuser/.local/lib/python3.10/site-packages/ttnn/ttnn/cpp -I /home/ttuser/.local/lib/python3.10/site-packages/ttnn/tt_metal -I /home/ttuser/.local/lib/python3.10/site-packages/ttnn/tt_metal/hw/inc -I /home/ttuser/.local/lib/python3.10/site-packages/ttnn/tt_metal/third_party/tt_llk/common -I /home/ttuser/.local/lib/python3.10/site-packages/ttnn/tt_metal/hostdevcommon/api -I /home/ttuser/.local/lib/python3.10/site-packages/ttnn/tt_metal/api/ -I /home/ttuser/.local/lib/python3.10/site-packages/ttnn/tt_metal/hw/ckernels/blackhole/metal/common -I /home/ttuser/.local/lib/python3.10/site-packages/ttnn/tt_metal/hw/ckernels/blackhole/metal/llk_io -I /home/ttuser/.local/lib/python3.10/site-packages/ttnn/tt_metal/hw/inc/internal/tt-1xx -I /home/ttuser/.local/lib/python3.10/site-packages/ttnn/tt_metal/hw/inc/internal/tt-1xx/blackhole -I /home/ttuser/.local/lib/python3.10/site-packages/ttnn/tt_metal/hw/inc/internal/tt-1xx/blackhole/blackhole_defines -I /home/ttuser/.local/lib/python3.10/site-packages/ttnn/tt_metal/hw/inc/internal/tt-1xx/blackhole/noc -I /home/ttuser/.local/lib/python3.10/site-packages/ttnn/tt_metal/third_party/tt_llk/tt_llk_blackhole/common/inc -I /home/ttuser/.local/lib/python3.10/site-packages/ttnn/tt_metal/third_party/tt_llk/tt_llk_blackhole/llk_lib -I /home/ttuser/.local/lib/python3.10/site-packages/ttnn/tt_metal/hw/firmware/src/tt-1xx -I /home/ttuser/.coworker/wt/trix-gatedbank/tt_bio/kernels/triatt -imultilib bh-ilp32 -iprefix /opt/tenstorrent/sfpi/compiler/bin/../lib/gcc/riscv-tt-elf/15.1.0/ -isysroot /opt/tenstorrent/sfpi/compiler/bin/../riscv-tt-elf -MMD /home/ttuser/.cache/tt-metal-cache-tt-bio/ttnn-0.67.4/tt-metal-cache6745986192171285359/kernels/dm_in0_sender/15891156185247380352/brisc/brisck.18328997430795932286.d -MF /home/ttuser/.cache/tt-metal-cache-tt-bio/ttnn-0.67.4/tt-metal-cache6745986192171285359/kernels/dm_in0_sender/15891156185247380352/brisc/brisck.18328997430795932286.d -MQ /home/ttuser/.cache/tt-metal-cache-tt-bio/ttnn-0.67.4/tt-metal-cache6745986192171285359/kernels/dm_in0_sender/15891156185247380352/brisc/brisck.18328997430795932286.o -D IS_NOT_POW2_NUM_L1_BANKS=1 -D LOG_BASE_2_OF_NUM_DRAM_BANKS=3 -D NUM_DRAM_BANKS=8 -D NUM_L1_BANKS=110 -D PCIE_NOC_X=19 -D PCIE_NOC_Y=24 -D TENSIX_FIRMWARE -D LOCAL_MEM_EN=0 -D PROCESSOR_INDEX=0 -D COMPILE_FOR_BRISC -D ARCH_BLACKHOLE -D DISPATCH_MESSAGE_ADDR=4290184248 -D KERNEL_BUILD -D HEAD_MAJOR_IN0_MT=16 -D NOC_INDEX=0 -D NOC_MODE=0 -D KERNEL_COMPILE_TIME_ARGS=8192,8195,4,4,4,10,4,4,1,187,1,2048,2048,2048,0,1,2,0,0,1,4,2048,2,2048,2,2048 /home/ttuser/.local/lib/python3.10/site-packages/ttnn/tt_metal/hw/firmware/src/tt-1xx/brisck.cc -quiet -dumpdir /home/ttuser/.cache/tt-metal-cache-tt-bio/ttnn-0.67.4/tt-metal-cache6745986192171285359/kernels/dm_in0_sender/15891156185247380352/brisc/ -dumpbase brisck.18328997430795932286.cc -dumpbase-ext .cc -mcpu=tt-bh -mtune=rvtt-b1 -march=rv32im_zmmul_zaamo_zba_zbb -mabi=ilp32 -misa-spec=2.2 -march=rv32im_zmmul_zaamo_zba_zbb -g -O2 -Wall -Werror -Wno-unknown-pragmas -Wno-deprecated-declarations -Wno-error=multistatement-macros -Wno-error=parentheses -Wno-error=unused-but-set-variable -Wno-unused-variable -Wno-unused-function -std=c++17 -flto=auto -ffast-math -fno-exceptions -fno-use-cxa-atexit -fno-tree-loop-distribute-patterns -o /tmp/cckgq29q.s
2026-09-19T00:50:20Z 53.0 1096372 /opt/tenstorrent/sfpi/compiler/bin/../libexec/gcc/riscv-tt-elf/15.1.0/cc1plus -quiet -I . -I .. -I /home/ttuser/.local/lib/python3.10/site-packages/ttnn/ -I /home/ttuser/.local/lib/python3.10/site-packages/ttnn/ttnn -I /home/ttuser/.local/lib/python3.10/site-packages/ttnn/ttnn/cpp -I /home/ttuser/.local/lib/python3.10/site-packages/ttnn/tt_metal -I /home/ttuser/.local/lib/python3.10/site-packages/ttnn/tt_metal/hw/inc -I /home/ttuser/.local/lib/python3.10/site-packages/ttnn/tt_metal/third_party/tt_llk/common -I /home/ttuser/.local/lib/python3.10/site-packages/ttnn/tt_metal/hostdevcommon/api -I /home/ttuser/.local/lib/python3.10/site-packages/ttnn/tt_metal/api/ -I /home/ttuser/.local/lib/python3.10/site-packages/ttnn/tt_metal/hw/ckernels/blackhole/metal/common -I /home/ttuser/.local/lib/python3.10/site-packages/ttnn/tt_metal/hw/ckernels/blackhole/metal/llk_io -I /home/ttuser/.local/lib/python3.10/site-packages/ttnn/tt_metal/hw/inc/internal/tt-1xx -I /home/ttuser/.local/lib/python3.10/site-packages/ttnn/tt_metal/hw/inc/internal/tt-1xx/blackhole -I /home/ttuser/.local/lib/python3.10/site-packages/ttnn/tt_metal/hw/inc/internal/tt-1xx/blackhole/blackhole_defines -I /home/ttuser/.local/lib/python3.10/site-packages/ttnn/tt_metal/hw/inc/internal/tt-1xx/blackhole/noc -I /home/ttuser/.local/lib/python3.10/site-packages/ttnn/tt_metal/third_party/tt_llk/tt_llk_blackhole/common/inc -I /home/ttuser/.local/lib/python3.10/site-packages/ttnn/tt_metal/third_party/tt_llk/tt_llk_blackhole/llk_lib -I /home/ttuser/.local/lib/python3.10/site-packages/ttnn/tt_metal/hw/firmware/src/tt-1xx -I /home/ttuser/.coworker/wt/trix-gatedbank/tt_bio/kernels/triatt -imultilib bh-ilp32 -iprefix /opt/tenstorrent/sfpi/compiler/bin/../lib/gcc/riscv-tt-elf/15.1.0/ -isysroot /opt/tenstorrent/sfpi/compiler/bin/../riscv-tt-elf -MMD /home/ttuser/.cache/tt-metal-cache-tt-bio/ttnn-0.67.4/tt-metal-cache6745986192171285359/kernels/dm_in1_sender_out/16962989717349971438/ncrisc/ncrisck.18328997430795932286.d -MF /home/ttuser/.cache/tt-metal-cache-tt-bio/ttnn-0.67.4/tt-metal-cache6745986192171285359/kernels/dm_in1_sender_out/16962989717349971438/ncrisc/ncrisck.18328997430795932286.d -MQ /home/ttuser/.cache/tt-metal-cache-tt-bio/ttnn-0.67.4/tt-metal-cache6745986192171285359/kernels/dm_in1_sender_out/16962989717349971438/ncrisc/ncrisck.18328997430795932286.o -D IS_NOT_POW2_NUM_L1_BANKS=1 -D LOG_BASE_2_OF_NUM_DRAM_BANKS=3 -D NUM_DRAM_BANKS=8 -D NUM_L1_BANKS=110 -D PCIE_NOC_X=19 -D PCIE_NOC_Y=24 -D TENSIX_FIRMWARE -D LOCAL_MEM_EN=0 -D PROCESSOR_INDEX=1 -D COMPILE_FOR_NCRISC -D ARCH_BLACKHOLE -D DISPATCH_MESSAGE_ADDR=4290184248 -D KERNEL_BUILD -D HEAD_MAJOR_IN0_MT=16 -D NOC_INDEX=1 -D NOC_MODE=0 -D KERNEL_COMPILE_TIME_ARGS=8192,8195,4,4,4,10,4,4,1,187,1,2048,2048,2048,3,4,5,1,0,1,4,2,2048,2,2048 /home/ttuser/.local/lib/python3.10/site-packages/ttnn/tt_metal/hw/firmware/src/tt-1xx/ncrisck.cc -quiet -dumpdir /home/ttuser/.cache/tt-metal-cache-tt-bio/ttnn-0.67.4/tt-metal-cache6745986192171285359/kernels/dm_in1_sender_out/16962989717349971438/ncrisc/ -dumpbase ncrisck.18328997430795932286.cc -dumpbase-ext .cc -mcpu=tt-bh -mtune=rvtt-b1 -march=rv32im_zmmul_zaamo_zba_zbb -mabi=ilp32 -misa-spec=2.2 -march=rv32im_zmmul_zaamo_zba_zbb -g -O2 -Wall -Werror -Wno-unknown-pragmas -Wno-deprecated-declarations -Wno-error=multistatement-macros -Wno-error=parentheses -Wno-error=unused-but-set-variable -Wno-unused-variable -Wno-unused-function -std=c++17 -flto=auto -ffast-math -fno-exceptions -fno-use-cxa-atexit -fno-tree-loop-distribute-patterns -o /tmp/ccaCG4mQ.s
2026-09-19T00:50:20Z 53.0 1096373 /opt/tenstorrent/sfpi/compiler/bin/../libexec/gcc/riscv-tt-elf/15.1.0/cc1plus -quiet -I . -I .. -I /home/ttuser/.local/lib/python3.10/site-packages/ttnn/ -I /home/ttuser/.local/lib/python3.10/site-packages/ttnn/ttnn -I /home/ttuser/.local/lib/python3.10/site-packages/ttnn/ttnn/cpp -I /home/ttuser/.local/lib/python3.10/site-packages/ttnn/tt_metal -I /home/ttuser/.local/lib/python3.10/site-packages/ttnn/tt_metal/hw/inc -I /home/ttuser/.local/lib/python3.10/site-packages/ttnn/tt_metal/third_party/tt_llk/common -I /home/ttuser/.local/lib/python3.10/site-packages/ttnn/tt_metal/hostdevcommon/api -I /home/ttuser/.local/lib/python3.10/site-packages/ttnn/tt_metal/api/ -I /home/ttuser/.local/lib/python3.10/site-packages/ttnn/tt_metal/hw/ckernels/blackhole/metal/common -I /home/ttuser/.local/lib/python3.10/site-packages/ttnn/tt_metal/hw/ckernels/blackhole/metal/llk_io -I /home/ttuser/.local/lib/python3.10/site-packages/ttnn/tt_metal/hw/inc/internal/tt-1xx -I /home/ttuser/.local/lib/python3.10/site-packages/ttnn/tt_metal/hw/inc/internal/tt-1xx/blackhole -I /home/ttuser/.local/lib/python3.10/site-packages/ttnn/tt_metal/hw/inc/internal/tt-1xx/blackhole/blackhole_defines -I /home/ttuser/.local/lib/python3.10/site-packages/ttnn/tt_metal/hw/inc/internal/tt-1xx/blackhole/noc -I /home/ttuser/.local/lib/python3.10/site-packages/ttnn/tt_metal/third_party/tt_llk/tt_llk_blackhole/common/inc -I /home/ttuser/.local/lib/python3.10/site-packages/ttnn/tt_metal/third_party/tt_llk/tt_llk_blackhole/llk_lib -I /home/ttuser/.local/lib/python3.10/site-packages/ttnn/tt_metal/hw/firmware/src/tt-1xx -I /home/ttuser/.coworker/wt/trix-gatedbank/tt_bio/kernels/triatt -imultilib bh-ilp32 -iprefix /opt/tenstorrent/sfpi/compiler/bin/../lib/gcc/riscv-tt-elf/15.1.0/ -isysroot /opt/tenstorrent/sfpi/compiler/bin/../riscv-tt-elf -MMD /home/ttuser/.cache/tt-metal-cache-tt-bio/ttnn-0.67.4/tt-metal-cache6745986192171285359/kernels/dm_in0_sender/6317926037866531599/brisc/brisck.18328997430795932286.d -MF /home/ttuser/.cache/tt-metal-cache-tt-bio/ttnn-0.67.4/tt-metal-cache6745986192171285359/kernels/dm_in0_sender/6317926037866531599/brisc/brisck.18328997430795932286.d -MQ /home/ttuser/.cache/tt-metal-cache-tt-bio/ttnn-0.67.4/tt-metal-cache6745986192171285359/kernels/dm_in0_sender/6317926037866531599/brisc/brisck.18328997430795932286.o -D IS_NOT_POW2_NUM_L1_BANKS=1 -D LOG_BASE_2_OF_NUM_DRAM_BANKS=3 -D NUM_DRAM_BANKS=8 -D NUM_L1_BANKS=110 -D PCIE_NOC_X=19 -D PCIE_NOC_Y=24 -D TENSIX_FIRMWARE -D LOCAL_MEM_EN=0 -D PROCESSOR_INDEX=0 -D COMPILE_FOR_BRISC -D ARCH_BLACKHOLE -D DISPATCH_MESSAGE_ADDR=4290184248 -D KERNEL_BUILD -D HEAD_MAJOR_IN0_MT=16 -D NOC_INDEX=0 -D NOC_MODE=0 -D KERNEL_COMPILE_TIME_ARGS=8192,8195,4,4,4,10,4,4,1,187,1,2048,2048,2048,0,1,2,0,1,1,4,2048,2,2048,2,2048 /home/ttuser/.local/lib/python3.10/site-packages/ttnn/tt_metal/hw/firmware/src/tt-1xx/brisck.cc -quiet -dumpdir /home/ttuser/.cache/tt-metal-cache-tt-bio/ttnn-0.67.4/tt-metal-cache6745986192171285359/kernels/dm_in0_sender/6317926037866531599/brisc/ -dumpbase brisck.18328997430795932286.cc -dumpbase-ext .cc -mcpu=tt-bh -mtune=rvtt-b1 -march=rv32im_zmmul_zaamo_zba_zbb -mabi=ilp32 -misa-spec=2.2 -march=rv32im_zmmul_zaamo_zba_zbb -g -O2 -Wall -Werror -Wno-unknown-pragmas -Wno-deprecated-declarations -Wno-error=multistatement-macros -Wno-error=parentheses -Wno-error=unused-but-set-variable -Wno-unused-variable -Wno-unused-function -std=c++17 -flto=auto -ffast-math -fno-exceptions -fno-use-cxa-atexit -fno-tree-loop-distribute-patterns -o /tmp/ccF8QKpo.s
2026-09-19T00:50:23Z  306 1095332 python3 perf/trix_gatedbank/firing.py perf/trix_gatedbank/firing_512_qb1c0.json 512
2026-09-19T00:50:25Z  299 1095332 python3 perf/trix_gatedbank/firing.py perf/trix_gatedbank/firing_512_qb1c0.json 512
2026-09-19T00:50:25Z 97.5 1096497 /home/ttuser/tt-bio-dev/env/bin/python3 policy.py --dir out --n 100000
2026-09-19T00:50:25Z 81.3 1096484 /home/ttuser/tt-bio-dev/env/bin/python3 policy.py --dir out --n 100000
2026-09-19T00:50:27Z  285 1095332 python3 perf/trix_gatedbank/firing.py perf/trix_gatedbank/firing_512_qb1c0.json 512
2026-09-19T00:50:29Z  272 1095332 python3 perf/trix_gatedbank/firing.py perf/trix_gatedbank/firing_512_qb1c0.json 512
2026-09-19T00:50:31Z  279 1095332 python3 perf/trix_gatedbank/firing.py perf/trix_gatedbank/firing_512_qb1c0.json 512
2026-09-19T00:50:33Z  287 1095332 python3 perf/trix_gatedbank/firing.py perf/trix_gatedbank/firing_512_qb1c0.json 512
2026-09-19T00:50:35Z  314 1095332 python3 perf/trix_gatedbank/firing.py perf/trix_gatedbank/firing_512_qb1c0.json 512
2026-09-19T00:50:37Z  341 1095332 python3 perf/trix_gatedbank/firing.py perf/trix_gatedbank/firing_512_qb1c0.json 512
2026-09-19T00:50:39Z  365 1095332 python3 perf/trix_gatedbank/firing.py perf/trix_gatedbank/firing_512_qb1c0.json 512
2026-09-19T00:50:41Z  355 1095332 python3 perf/trix_gatedbank/firing.py perf/trix_gatedbank/firing_512_qb1c0.json 512
2026-09-19T00:51:09Z  162 1098492 /home/ttuser/tt-bio-dev/env/bin/python3 policy.py --dir out --n 40000
2026-09-19T00:51:11Z  121 1098492 /home/ttuser/tt-bio-dev/env/bin/python3 policy.py --dir out --n 40000
2026-09-19T00:51:30Z  248 1098781 python3 /tmp/probe_shapes.py
2026-09-19T00:51:32Z  130 1098781 python3 /tmp/probe_shapes.py
2026-09-19T00:51:34Z 89.3 1098781 python3 /tmp/probe_shapes.py
2026-09-19T00:51:36Z 68.2 1098781 python3 /tmp/probe_shapes.py
2026-09-19T00:51:38Z 55.6 1098781 python3 /tmp/probe_shapes.py
2026-09-19T00:52:06Z  120 1100229 /home/ttuser/tt-bio-dev/env/bin/python3 policy.py --dir out --n 40000 --block
2026-09-19T00:53:05Z  429 1101402 python3 perf/ptx/objective_train.py --steps 20 --every 5 --card 2
2026-09-19T00:53:07Z  426 1101535 /home/ttuser/tt-bio-dev/env/bin/python3 -m pytest tests/test_size_ladder_gate.py tests/test_size_ladder_rung_localisation.py -q
2026-09-19T00:53:07Z  180 1101402 python3 perf/ptx/objective_train.py --steps 20 --every 5 --card 2
2026-09-19T00:53:09Z  295 1101535 /home/ttuser/tt-bio-dev/env/bin/python3 -m pytest tests/test_size_ladder_gate.py tests/test_size_ladder_rung_localisation.py -q
2026-09-19T00:53:09Z  119 1101402 python3 perf/ptx/objective_train.py --steps 20 --every 5 --card 2
2026-09-19T00:53:11Z 88.7 1101402 python3 perf/ptx/objective_train.py --steps 20 --every 5 --card 2
2026-09-19T00:53:13Z 92.7 1101402 python3 perf/ptx/objective_train.py --steps 20 --every 5 --card 2
2026-09-19T00:53:34Z  249 1102596 /home/ttuser/tt-bio-dev/env/bin/python3 -m pytest tests/test_size_ladder_gate.py -q
2026-09-19T00:53:36Z  259 1102596 /home/ttuser/tt-bio-dev/env/bin/python3 -m pytest tests/test_size_ladder_gate.py -q
2026-09-19T00:53:46Z  436 1102916 /home/ttuser/tt-bio-dev/env/bin/python3 -m pytest tests/test_size_ladder_gate.py -q
2026-09-19T00:53:48Z  312 1102916 /home/ttuser/tt-bio-dev/env/bin/python3 -m pytest tests/test_size_ladder_gate.py -q
2026-09-19T00:53:54Z  242 1103183 /home/ttuser/tt-bio-dev/env/bin/python3 -m pytest tests/test_size_ladder_rung_localisation.py tests/test_capacity_gate.py tests/test_rf3_accuracy_cell_guards.py -q
2026-09-19T00:53:56Z  389 1103307 python3 perf/ptx/objective_train.py --steps 600 --every 100 --card 2 --out /tmp/objtrain_all.json
2026-09-19T00:53:56Z  254 1103183 /home/ttuser/tt-bio-dev/env/bin/python3 -m pytest tests/test_size_ladder_rung_localisation.py tests/test_capacity_gate.py tests/test_rf3_accuracy_cell_guards.py -q
2026-09-19T00:53:58Z  428 1103307 python3 perf/ptx/objective_train.py --steps 600 --every 100 --card 2 --out /tmp/objtrain_all.json
2026-09-19T00:53:58Z  203 1103183 /home/ttuser/tt-bio-dev/env/bin/python3 -m pytest tests/test_size_ladder_rung_localisation.py tests/test_capacity_gate.py tests/test_rf3_accuracy_cell_guards.py -q
2026-09-19T00:54:00Z  643 1103307 python3 perf/ptx/objective_train.py --steps 600 --every 100 --card 2 --out /tmp/objtrain_all.json
2026-09-19T00:54:00Z  395 1103471 /home/ttuser/tt-bio-dev/env/bin/python3 -m pytest -q -p no:randomly --tb=no -rf tests/test_capacity_gate.py tests/test_sdpa_ragged_pad_defaults.py tests/test_triatt_sdpa_hifi_defaults.py
2026-09-19T00:54:00Z  157 1103183 /home/ttuser/tt-bio-dev/env/bin/python3 -m pytest tests/test_size_ladder_rung_localisation.py tests/test_capacity_gate.py tests/test_rf3_accuracy_cell_guards.py -q
2026-09-19T00:54:02Z  728 1103307 python3 perf/ptx/objective_train.py --steps 600 --every 100 --card 2 --out /tmp/objtrain_all.json
2026-09-19T00:54:02Z  293 1103471 /home/ttuser/tt-bio-dev/env/bin/python3 -m pytest -q -p no:randomly --tb=no -rf tests/test_capacity_gate.py tests/test_sdpa_ragged_pad_defaults.py tests/test_triatt_sdpa_hifi_defaults.py
2026-09-19T00:54:02Z  125 1103183 /home/ttuser/tt-bio-dev/env/bin/python3 -m pytest tests/test_size_ladder_rung_localisation.py tests/test_capacity_gate.py tests/test_rf3_accuracy_cell_guards.py -q
2026-09-19T00:54:04Z  810 1103307 python3 perf/ptx/objective_train.py --steps 600 --every 100 --card 2 --out /tmp/objtrain_all.json
2026-09-19T00:54:04Z  216 1103471 /home/ttuser/tt-bio-dev/env/bin/python3 -m pytest -q -p no:randomly --tb=no -rf tests/test_capacity_gate.py tests/test_sdpa_ragged_pad_defaults.py tests/test_triatt_sdpa_hifi_defaults.py
2026-09-19T00:54:04Z  104 1103183 /home/ttuser/tt-bio-dev/env/bin/python3 -m pytest tests/test_size_ladder_rung_localisation.py tests/test_capacity_gate.py tests/test_rf3_accuracy_cell_guards.py -q
2026-09-19T00:54:06Z  855 1103307 python3 perf/ptx/objective_train.py --steps 600 --every 100 --card 2 --out /tmp/objtrain_all.json
2026-09-19T00:54:06Z  157 1103471 /home/ttuser/tt-bio-dev/env/bin/python3 -m pytest -q -p no:randomly --tb=no -rf tests/test_capacity_gate.py tests/test_sdpa_ragged_pad_defaults.py tests/test_triatt_sdpa_hifi_defaults.py
2026-09-19T00:54:06Z 89.9 1103183 /home/ttuser/tt-bio-dev/env/bin/python3 -m pytest tests/test_size_ladder_rung_localisation.py tests/test_capacity_gate.py tests/test_rf3_accuracy_cell_guards.py -q
2026-09-19T00:54:08Z  878 1103307 python3 perf/ptx/objective_train.py --steps 600 --every 100 --card 2 --out /tmp/objtrain_all.json
2026-09-19T00:54:08Z  123 1103471 /home/ttuser/tt-bio-dev/env/bin/python3 -m pytest -q -p no:randomly --tb=no -rf tests/test_capacity_gate.py tests/test_sdpa_ragged_pad_defaults.py tests/test_triatt_sdpa_hifi_defaults.py
2026-09-19T00:54:08Z 78.6 1103183 /home/ttuser/tt-bio-dev/env/bin/python3 -m pytest tests/test_size_ladder_rung_localisation.py tests/test_capacity_gate.py tests/test_rf3_accuracy_cell_guards.py -q
2026-09-19T00:54:10Z  100 1103471 /home/ttuser/tt-bio-dev/env/bin/python3 -m pytest -q -p no:randomly --tb=no -rf tests/test_capacity_gate.py tests/test_sdpa_ragged_pad_defaults.py tests/test_triatt_sdpa_hifi_defaults.py
2026-09-19T00:54:10Z 69.9 1103183 /home/ttuser/tt-bio-dev/env/bin/python3 -m pytest tests/test_size_ladder_rung_localisation.py tests/test_capacity_gate.py tests/test_rf3_accuracy_cell_guards.py -q
2026-09-19T00:54:12Z 89.5 1103471 /home/ttuser/tt-bio-dev/env/bin/python3 -m pytest -q -p no:randomly --tb=no -rf tests/test_capacity_gate.py tests/test_sdpa_ragged_pad_defaults.py tests/test_triatt_sdpa_hifi_defaults.py
2026-09-19T00:54:12Z 63.0 1103183 /home/ttuser/tt-bio-dev/env/bin/python3 -m pytest tests/test_size_ladder_rung_localisation.py tests/test_capacity_gate.py tests/test_rf3_accuracy_cell_guards.py -q
2026-09-19T00:54:14Z 78.2 1103471 /home/ttuser/tt-bio-dev/env/bin/python3 -m pytest -q -p no:randomly --tb=no -rf tests/test_capacity_gate.py tests/test_sdpa_ragged_pad_defaults.py tests/test_triatt_sdpa_hifi_defaults.py
2026-09-19T00:54:14Z 57.2 1103183 /home/ttuser/tt-bio-dev/env/bin/python3 -m pytest tests/test_size_ladder_rung_localisation.py tests/test_capacity_gate.py tests/test_rf3_accuracy_cell_guards.py -q
2026-09-19T00:54:16Z 74.1 1103471 /home/ttuser/tt-bio-dev/env/bin/python3 -m pytest -q -p no:randomly --tb=no -rf tests/test_capacity_gate.py tests/test_sdpa_ragged_pad_defaults.py tests/test_triatt_sdpa_hifi_defaults.py
2026-09-19T00:54:16Z 52.5 1103183 /home/ttuser/tt-bio-dev/env/bin/python3 -m pytest tests/test_size_ladder_rung_localisation.py tests/test_capacity_gate.py tests/test_rf3_accuracy_cell_guards.py -q
2026-09-19T00:54:18Z  524 1103904 python3 perf/ptx/objective_train.py --steps 600 --every 200 --card 2 --terms distogram --out /tmp/objtrain_dg.json
2026-09-19T00:54:20Z 1194 1103904 python3 perf/ptx/objective_train.py --steps 600 --every 200 --card 2 --terms distogram --out /tmp/objtrain_dg.json
2026-09-19T00:54:22Z 1357 1103904 python3 perf/ptx/objective_train.py --steps 600 --every 200 --card 2 --terms distogram --out /tmp/objtrain_dg.json
2026-09-19T00:54:26Z 65.0 1104494 /usr/lib/git-core/git reset --hard --no-recurse-submodules
2026-09-19T00:54:34Z  243 1104860 python3 perf/ptx/objective_train.py --steps 3000 --stage finetune --out /tmp/objtrain_all3k.json --every 1000 --card 2
2026-09-19T00:54:37Z  525 1104860 python3 perf/ptx/objective_train.py --steps 3000 --stage finetune --out /tmp/objtrain_all3k.json --every 1000 --card 2
2026-09-19T00:54:39Z  693 1104860 python3 perf/ptx/objective_train.py --steps 3000 --stage finetune --out /tmp/objtrain_all3k.json --every 1000 --card 2
2026-09-19T00:54:41Z  769 1104860 python3 perf/ptx/objective_train.py --steps 3000 --stage finetune --out /tmp/objtrain_all3k.json --every 1000 --card 2
2026-09-19T00:54:43Z  810 1104860 python3 perf/ptx/objective_train.py --steps 3000 --stage finetune --out /tmp/objtrain_all3k.json --every 1000 --card 2
2026-09-19T00:54:45Z  838 1104860 python3 perf/ptx/objective_train.py --steps 3000 --stage finetune --out /tmp/objtrain_all3k.json --every 1000 --card 2
2026-09-19T00:54:45Z  267 1105451 python3 perf/trix_gatedbank/op_ab.py /tmp/gb_parity_probe.json 1:2,2:2,4:2 4 1
2026-09-19T00:54:47Z  862 1104860 python3 perf/ptx/objective_train.py --steps 3000 --stage finetune --out /tmp/objtrain_all3k.json --every 1000 --card 2
2026-09-19T00:54:47Z  241 1105451 python3 perf/trix_gatedbank/op_ab.py /tmp/gb_parity_probe.json 1:2,2:2,4:2 4 1
2026-09-19T00:54:49Z  874 1104860 python3 perf/ptx/objective_train.py --steps 3000 --stage finetune --out /tmp/objtrain_all3k.json --every 1000 --card 2
2026-09-19T00:54:49Z  196 1105451 python3 perf/trix_gatedbank/op_ab.py /tmp/gb_parity_probe.json 1:2,2:2,4:2 4 1
2026-09-19T00:54:49Z 62.0 1105692 /opt/tenstorrent/sfpi/compiler/bin/../libexec/gcc/riscv-tt-elf/15.1.0/cc1plus -quiet -I . -I .. -I /home/ttuser/.local/lib/python3.10/site-packages/ttnn/ -I /home/ttuser/.local/lib/python3.10/site-packages/ttnn/ttnn -I /home/ttuser/.local/lib/python3.10/site-packages/ttnn/ttnn/cpp -I /home/ttuser/.local/lib/python3.10/site-packages/ttnn/tt_metal -I /home/ttuser/.local/lib/python3.10/site-packages/ttnn/tt_metal/hw/inc -I /home/ttuser/.local/lib/python3.10/site-packages/ttnn/tt_metal/third_party/tt_llk/common -I /home/ttuser/.local/lib/python3.10/site-packages/ttnn/tt_metal/hostdevcommon/api -I /home/ttuser/.local/lib/python3.10/site-packages/ttnn/tt_metal/api/ -I /opt/tenstorrent/sfpi/include -I /home/ttuser/.local/lib/python3.10/site-packages/ttnn/tt_metal/hw/ckernels/blackhole/metal/common -I /home/ttuser/.local/lib/python3.10/site-packages/ttnn/tt_metal/hw/ckernels/blackhole/metal/llk_io -I /home/ttuser/.local/lib/python3.10/site-packages/ttnn/tt_metal/hw/inc/internal/tt-1xx -I /home/ttuser/.local/lib/python3.10/site-packages/ttnn/tt_metal/hw/inc/internal/tt-1xx/blackhole -I /home/ttuser/.local/lib/python3.10/site-packages/ttnn/tt_metal/hw/inc/internal/tt-1xx/blackhole/blackhole_defines -I /home/ttuser/.local/lib/python3.10/site-packages/ttnn/tt_metal/hw/inc/internal/tt-1xx/blackhole/noc -I /home/ttuser/.local/lib/python3.10/site-packages/ttnn/tt_metal/third_party/tt_llk/tt_llk_blackhole/common/inc -I /home/ttuser/.local/lib/python3.10/site-packages/ttnn/tt_metal/third_party/tt_llk/tt_llk_blackhole/llk_lib -I /home/ttuser/.local/lib/python3.10/site-packages/ttnn/tt_metal/hw/ckernels/blackhole/metal/llk_api -I /home/ttuser/.local/lib/python3.10/site-packages/ttnn/tt_metal/hw/ckernels/blackhole/metal/llk_api/llk_sfpu -I /home/ttuser/.local/lib/python3.10/site-packages/ttnn/tt_metal/hw/firmware/src/tt-1xx -I /home/ttuser/.local/lib/python3.10/site-packages/ttnn/ttnn/cpp/ttnn/operations/eltwise/unary/device/kernels/compute -imultilib bh-ilp32 -iprefix /opt/tenstorrent/sfpi/compiler/bin/../lib/gcc/riscv-tt-elf/15.1.0/ -isysroot /opt/tenstorrent/sfpi/compiler/bin/../riscv-tt-elf -MMD /home/ttuser/.cache/tt-metal-cache-tt-bio/ttnn-0.67.4/tt-metal-cache6745986192171285359/kernels/eltwise_sfpu/2095274128937209943/trisc1/trisck.9502965732592950555.d -MF /home/ttuser/.cache/tt-metal-cache-tt-bio/ttnn-0.67.4/tt-metal-cache6745986192171285359/kernels/eltwise_sfpu/2095274128937209943/trisc1/trisck.9502965732592950555.d -MQ /home/ttuser/.cache/tt-metal-cache-tt-bio/ttnn-0.67.4/tt-metal-cache6745986192171285359/kernels/eltwise_sfpu/2095274128937209943/trisc1/trisck.9502965732592950555.o -D IS_NOT_POW2_NUM_L1_BANKS=1 -D LOG_BASE_2_OF_NUM_DRAM_BANKS=3 -D NUM_DRAM_BANKS=8 -D NUM_L1_BANKS=110 -D PCIE_NOC_X=19 -D PCIE_NOC_Y=24 -D TENSIX_FIRMWARE -D LOCAL_MEM_EN=0 -D PROCESSOR_INDEX=3 -D UCK_CHLKC_MATH -D COMPILE_FOR_TRISC=1 -D ARCH_BLACKHOLE -D DISPATCH_MESSAGE_ADDR=4290184248 -D KERNEL_BUILD -D KERNEL_COMPILE_TIME_ARGS=297,1 /home/ttuser/.local/lib/python3.10/site-packages/ttnn/tt_metal/hw/firmware/src/tt-1xx/trisck.cc -quiet -dumpdir /home/ttuser/.cache/tt-metal-cache-tt-bio/ttnn-0.67.4/tt-metal-cache6745986192171285359/kernels/eltwise_sfpu/2095274128937209943/trisc1/ -dumpbase trisck.9502965732592950555.cc -dumpbase-ext .cc -mcpu=tt-bh-tensix -mtune=rvtt-b1 -march=rv32im_zmmul_zaamo_zba_zbb_xtttensixbh -mabi=ilp32 -misa-spec=2.2 -march=rv32im_zmmul_zaamo_zba_zbb_xtttensixbh -g -O3 -Wall -Werror -Wno-unknown-pragmas -Wno-deprecated-declarations -Wno-error=multistatement-macros -Wno-error=parentheses -Wno-error=unused-but-set-variable -Wno-unused-variable -Wno-unused-function -std=c++17 -flto=auto -ffast-math -fno-exceptions -fno-use-cxa-atexit -o /tmp/cc5x26mF.s
2026-09-19T00:54:49Z 62.0 1105695 /opt/tenstorrent/sfpi/compiler/bin/../libexec/gcc/riscv-tt-elf/15.1.0/cc1plus -quiet -I . -I .. -I /home/ttuser/.local/lib/python3.10/site-packages/ttnn/ -I /home/ttuser/.local/lib/python3.10/site-packages/ttnn/ttnn -I /home/ttuser/.local/lib/python3.10/site-packages/ttnn/ttnn/cpp -I /home/ttuser/.local/lib/python3.10/site-packages/ttnn/tt_metal -I /home/ttuser/.local/lib/python3.10/site-packages/ttnn/tt_metal/hw/inc -I /home/ttuser/.local/lib/python3.10/site-packages/ttnn/tt_metal/third_party/tt_llk/common -I /home/ttuser/.local/lib/python3.10/site-packages/ttnn/tt_metal/hostdevcommon/api -I /home/ttuser/.local/lib/python3.10/site-packages/ttnn/tt_metal/api/ -I /opt/tenstorrent/sfpi/include -I /home/ttuser/.local/lib/python3.10/site-packages/ttnn/tt_metal/hw/ckernels/blackhole/metal/common -I /home/ttuser/.local/lib/python3.10/site-packages/ttnn/tt_metal/hw/ckernels/blackhole/metal/llk_io -I /home/ttuser/.local/lib/python3.10/site-packages/ttnn/tt_metal/hw/inc/internal/tt-1xx -I /home/ttuser/.local/lib/python3.10/site-packages/ttnn/tt_metal/hw/inc/internal/tt-1xx/blackhole -I /home/ttuser/.local/lib/python3.10/site-packages/ttnn/tt_metal/hw/inc/internal/tt-1xx/blackhole/blackhole_defines -I /home/ttuser/.local/lib/python3.10/site-packages/ttnn/tt_metal/hw/inc/internal/tt-1xx/blackhole/noc -I /home/ttuser/.local/lib/python3.10/site-packages/ttnn/tt_metal/third_party/tt_llk/tt_llk_blackhole/common/inc -I /home/ttuser/.local/lib/python3.10/site-packages/ttnn/tt_metal/third_party/tt_llk/tt_llk_blackhole/llk_lib -I /home/ttuser/.local/lib/python3.10/site-packages/ttnn/tt_metal/hw/ckernels/blackhole/metal/llk_api -I /home/ttuser/.local/lib/python3.10/site-packages/ttnn/tt_metal/hw/ckernels/blackhole/metal/llk_api/llk_sfpu -I /home/ttuser/.local/lib/python3.10/site-packages/ttnn/tt_metal/hw/firmware/src/tt-1xx -I /home/ttuser/.local/lib/python3.10/site-packages/ttnn/ttnn/cpp/ttnn/operations/eltwise/unary/device/kernels/compute -imultilib bh-ilp32 -iprefix /opt/tenstorrent/sfpi/compiler/bin/../lib/gcc/riscv-tt-elf/15.1.0/ -isysroot /opt/tenstorrent/sfpi/compiler/bin/../riscv-tt-elf -MMD /home/ttuser/.cache/tt-metal-cache-tt-bio/ttnn-0.67.4/tt-metal-cache6745986192171285359/kernels/eltwise_sfpu/16373532737181126232/trisc1/trisck.9502965732592950555.d -MF /home/ttuser/.cache/tt-metal-cache-tt-bio/ttnn-0.67.4/tt-metal-cache6745986192171285359/kernels/eltwise_sfpu/16373532737181126232/trisc1/trisck.9502965732592950555.d -MQ /home/ttuser/.cache/tt-metal-cache-tt-bio/ttnn-0.67.4/tt-metal-cache6745986192171285359/kernels/eltwise_sfpu/16373532737181126232/trisc1/trisck.9502965732592950555.o -D IS_NOT_POW2_NUM_L1_BANKS=1 -D LOG_BASE_2_OF_NUM_DRAM_BANKS=3 -D NUM_DRAM_BANKS=8 -D NUM_L1_BANKS=110 -D PCIE_NOC_X=19 -D PCIE_NOC_Y=24 -D TENSIX_FIRMWARE -D LOCAL_MEM_EN=0 -D PROCESSOR_INDEX=3 -D UCK_CHLKC_MATH -D COMPILE_FOR_TRISC=1 -D ARCH_BLACKHOLE -D DISPATCH_MESSAGE_ADDR=4290184248 -D KERNEL_BUILD -D KERNEL_COMPILE_TIME_ARGS=298,1 /home/ttuser/.local/lib/python3.10/site-packages/ttnn/tt_metal/hw/firmware/src/tt-1xx/trisck.cc -quiet -dumpdir /home/ttuser/.cache/tt-metal-cache-tt-bio/ttnn-0.67.4/tt-metal-cache6745986192171285359/kernels/eltwise_sfpu/16373532737181126232/trisc1/ -dumpbase trisck.9502965732592950555.cc -dumpbase-ext .cc -mcpu=tt-bh-tensix -mtune=rvtt-b1 -march=rv32im_zmmul_zaamo_zba_zbb_xtttensixbh -mabi=ilp32 -misa-spec=2.2 -march=rv32im_zmmul_zaamo_zba_zbb_xtttensixbh -g -O3 -Wall -Werror -Wno-unknown-pragmas -Wno-deprecated-declarations -Wno-error=multistatement-macros -Wno-error=parentheses -Wno-error=unused-but-set-variable -Wno-unused-variable -Wno-unused-function -std=c++17 -flto=auto -ffast-math -fno-exceptions -fno-use-cxa-atexit -o /tmp/cc2d3nf3.s
2026-09-19T00:54:51Z  889 1104860 python3 perf/ptx/objective_train.py --steps 3000 --stage finetune --out /tmp/objtrain_all3k.json --every 1000 --card 2
2026-09-19T00:54:51Z  163 1105451 python3 perf/trix_gatedbank/op_ab.py /tmp/gb_parity_probe.json 1:2,2:2,4:2 4 1
2026-09-19T00:54:53Z  900 1104860 python3 perf/ptx/objective_train.py --steps 3000 --stage finetune --out /tmp/objtrain_all3k.json --every 1000 --card 2
2026-09-19T00:54:53Z  160 1105451 python3 perf/trix_gatedbank/op_ab.py /tmp/gb_parity_probe.json 1:2,2:2,4:2 4 1
2026-09-19T00:54:55Z  915 1104860 python3 perf/ptx/objective_train.py --steps 3000 --stage finetune --out /tmp/objtrain_all3k.json --every 1000 --card 2
2026-09-19T00:54:57Z  924 1104860 python3 perf/ptx/objective_train.py --steps 3000 --stage finetune --out /tmp/objtrain_all3k.json --every 1000 --card 2
2026-09-19T00:54:59Z  933 1104860 python3 perf/ptx/objective_train.py --steps 3000 --stage finetune --out /tmp/objtrain_all3k.json --every 1000 --card 2
2026-09-19T00:55:01Z  944 1104860 python3 perf/ptx/objective_train.py --steps 3000 --stage finetune --out /tmp/objtrain_all3k.json --every 1000 --card 2
2026-09-19T00:55:03Z  953 1104860 python3 perf/ptx/objective_train.py --steps 3000 --stage finetune --out /tmp/objtrain_all3k.json --every 1000 --card 2
2026-09-19T00:55:05Z  960 1104860 python3 perf/ptx/objective_train.py --steps 3000 --stage finetune --out /tmp/objtrain_all3k.json --every 1000 --card 2
2026-09-19T00:55:07Z  967 1104860 python3 perf/ptx/objective_train.py --steps 3000 --stage finetune --out /tmp/objtrain_all3k.json --every 1000 --card 2
2026-09-19T00:55:09Z  972 1104860 python3 perf/ptx/objective_train.py --steps 3000 --stage finetune --out /tmp/objtrain_all3k.json --every 1000 --card 2
2026-09-19T00:55:11Z  974 1104860 python3 perf/ptx/objective_train.py --steps 3000 --stage finetune --out /tmp/objtrain_all3k.json --every 1000 --card 2
2026-09-19T00:55:13Z  979 1104860 python3 perf/ptx/objective_train.py --steps 3000 --stage finetune --out /tmp/objtrain_all3k.json --every 1000 --card 2
2026-09-19T00:55:15Z  982 1104860 python3 perf/ptx/objective_train.py --steps 3000 --stage finetune --out /tmp/objtrain_all3k.json --every 1000 --card 2
2026-09-19T00:55:17Z  983 1104860 python3 perf/ptx/objective_train.py --steps 3000 --stage finetune --out /tmp/objtrain_all3k.json --every 1000 --card 2
2026-09-19T00:55:19Z  982 1104860 python3 perf/ptx/objective_train.py --steps 3000 --stage finetune --out /tmp/objtrain_all3k.json --every 1000 --card 2
2026-09-19T00:55:21Z  983 1104860 python3 perf/ptx/objective_train.py --steps 3000 --stage finetune --out /tmp/objtrain_all3k.json --every 1000 --card 2
2026-09-19T00:55:23Z  984 1104860 python3 perf/ptx/objective_train.py --steps 3000 --stage finetune --out /tmp/objtrain_all3k.json --every 1000 --card 2
2026-09-19T00:55:25Z  985 1104860 python3 perf/ptx/objective_train.py --steps 3000 --stage finetune --out /tmp/objtrain_all3k.json --every 1000 --card 2
2026-09-19T00:55:27Z  969 1104860 python3 perf/ptx/objective_train.py --steps 3000 --stage finetune --out /tmp/objtrain_all3k.json --every 1000 --card 2
2026-09-19T00:55:29Z  970 1104860 python3 perf/ptx/objective_train.py --steps 3000 --stage finetune --out /tmp/objtrain_all3k.json --every 1000 --card 2
2026-09-19T00:55:31Z  225 1107188 python3 perf/ptx/objective_train.py --steps 3000 --stage pretrain --out /tmp/objtrain_pre3k.json --every 1000 --card 2
2026-09-19T00:55:33Z  410 1107188 python3 perf/ptx/objective_train.py --steps 3000 --stage pretrain --out /tmp/objtrain_pre3k.json --every 1000 --card 2
2026-09-19T00:55:35Z  576 1107188 python3 perf/ptx/objective_train.py --steps 3000 --stage pretrain --out /tmp/objtrain_pre3k.json --every 1000 --card 2
2026-09-19T00:55:38Z  675 1107188 python3 perf/ptx/objective_train.py --steps 3000 --stage pretrain --out /tmp/objtrain_pre3k.json --every 1000 --card 2
2026-09-19T00:55:40Z  732 1107188 python3 perf/ptx/objective_train.py --steps 3000 --stage pretrain --out /tmp/objtrain_pre3k.json --every 1000 --card 2
2026-09-19T00:55:42Z  765 1107188 python3 perf/ptx/objective_train.py --steps 3000 --stage pretrain --out /tmp/objtrain_pre3k.json --every 1000 --card 2
2026-09-19T00:55:44Z  798 1107188 python3 perf/ptx/objective_train.py --steps 3000 --stage pretrain --out /tmp/objtrain_pre3k.json --every 1000 --card 2
2026-09-19T00:55:46Z  803 1107188 python3 perf/ptx/objective_train.py --steps 3000 --stage pretrain --out /tmp/objtrain_pre3k.json --every 1000 --card 2
2026-09-19T00:55:48Z  806 1107188 python3 perf/ptx/objective_train.py --steps 3000 --stage pretrain --out /tmp/objtrain_pre3k.json --every 1000 --card 2
2026-09-19T00:55:50Z  812 1107188 python3 perf/ptx/objective_train.py --steps 3000 --stage pretrain --out /tmp/objtrain_pre3k.json --every 1000 --card 2
2026-09-19T00:55:52Z  825 1107188 python3 perf/ptx/objective_train.py --steps 3000 --stage pretrain --out /tmp/objtrain_pre3k.json --every 1000 --card 2
2026-09-19T00:55:54Z  841 1107188 python3 perf/ptx/objective_train.py --steps 3000 --stage pretrain --out /tmp/objtrain_pre3k.json --every 1000 --card 2
2026-09-19T00:55:56Z  847 1107188 python3 perf/ptx/objective_train.py --steps 3000 --stage pretrain --out /tmp/objtrain_pre3k.json --every 1000 --card 2
2026-09-19T00:55:58Z  858 1107188 python3 perf/ptx/objective_train.py --steps 3000 --stage pretrain --out /tmp/objtrain_pre3k.json --every 1000 --card 2
2026-09-19T00:56:00Z  863 1107188 python3 perf/ptx/objective_train.py --steps 3000 --stage pretrain --out /tmp/objtrain_pre3k.json --every 1000 --card 2
2026-09-19T00:56:02Z  864 1107188 python3 perf/ptx/objective_train.py --steps 3000 --stage pretrain --out /tmp/objtrain_pre3k.json --every 1000 --card 2
2026-09-19T00:56:04Z  869 1107188 python3 perf/ptx/objective_train.py --steps 3000 --stage pretrain --out /tmp/objtrain_pre3k.json --every 1000 --card 2
2026-09-19T00:56:06Z  875 1107188 python3 perf/ptx/objective_train.py --steps 3000 --stage pretrain --out /tmp/objtrain_pre3k.json --every 1000 --card 2
2026-09-19T00:56:08Z  878 1107188 python3 perf/ptx/objective_train.py --steps 3000 --stage pretrain --out /tmp/objtrain_pre3k.json --every 1000 --card 2
2026-09-19T00:56:10Z  880 1107188 python3 perf/ptx/objective_train.py --steps 3000 --stage pretrain --out /tmp/objtrain_pre3k.json --every 1000 --card 2
2026-09-19T00:56:12Z  887 1107188 python3 perf/ptx/objective_train.py --steps 3000 --stage pretrain --out /tmp/objtrain_pre3k.json --every 1000 --card 2
2026-09-19T00:56:14Z  891 1107188 python3 perf/ptx/objective_train.py --steps 3000 --stage pretrain --out /tmp/objtrain_pre3k.json --every 1000 --card 2
2026-09-19T00:56:16Z  891 1107188 python3 perf/ptx/objective_train.py --steps 3000 --stage pretrain --out /tmp/objtrain_pre3k.json --every 1000 --card 2
2026-09-19T00:56:18Z  894 1107188 python3 perf/ptx/objective_train.py --steps 3000 --stage pretrain --out /tmp/objtrain_pre3k.json --every 1000 --card 2
2026-09-19T00:56:18Z 52.0 1113238 /home/ttuser/.local/pipx/venvs/tt-smi/bin/python /home/ttuser/.local/bin/tt-smi -s
2026-09-19T00:56:20Z  888 1107188 python3 perf/ptx/objective_train.py --steps 3000 --stage pretrain --out /tmp/objtrain_pre3k.json --every 1000 --card 2
2026-09-19T00:56:32Z  229 1113544 python3 perf/trix_gatedbank/op_ab.py perf/trix_gatedbank/op_ab_512_qb1c0.json 1:1:2,1:1:2,2:1:2,4:1:2,1:2:2,1:4:2,1:8:2,2:2:2,4:1:1 40 9
2026-09-19T00:56:34Z  252 1113544 python3 perf/trix_gatedbank/op_ab.py perf/trix_gatedbank/op_ab_512_qb1c0.json 1:1:2,1:1:2,2:1:2,4:1:2,1:2:2,1:4:2,1:8:2,2:2:2,4:1:1 40 9
2026-09-19T00:56:36Z  222 1113544 python3 perf/trix_gatedbank/op_ab.py perf/trix_gatedbank/op_ab_512_qb1c0.json 1:1:2,1:1:2,2:1:2,4:1:2,1:2:2,1:4:2,1:8:2,2:2:2,4:1:1 40 9
2026-09-19T00:56:38Z  193 1113544 python3 perf/trix_gatedbank/op_ab.py perf/trix_gatedbank/op_ab_512_qb1c0.json 1:1:2,1:1:2,2:1:2,4:1:2,1:2:2,1:4:2,1:8:2,2:2:2,4:1:1 40 9
2026-09-19T00:56:41Z  180 1113544 python3 perf/trix_gatedbank/op_ab.py perf/trix_gatedbank/op_ab_512_qb1c0.json 1:1:2,1:1:2,2:1:2,4:1:2,1:2:2,1:4:2,1:8:2,2:2:2,4:1:1 40 9
2026-09-19T00:56:43Z  178 1113544 python3 perf/trix_gatedbank/op_ab.py perf/trix_gatedbank/op_ab_512_qb1c0.json 1:1:2,1:1:2,2:1:2,4:1:2,1:2:2,1:4:2,1:8:2,2:2:2,4:1:1 40 9
2026-09-19T00:56:45Z  375 1114100 /home/ttuser/tt-bio-dev/env/bin/python3 scripts/abb3_port/step_gate.py --micro 8 --accumulate 8 --steps 1 --warmup 1
2026-09-19T00:56:45Z  177 1113544 python3 perf/trix_gatedbank/op_ab.py perf/trix_gatedbank/op_ab_512_qb1c0.json 1:1:2,1:1:2,2:1:2,4:1:2,1:2:2,1:4:2,1:8:2,2:2:2,4:1:1 40 9
2026-09-19T00:56:47Z  311 1114100 /home/ttuser/tt-bio-dev/env/bin/python3 scripts/abb3_port/step_gate.py --micro 8 --accumulate 8 --steps 1 --warmup 1
2026-09-19T00:56:49Z  294 1114100 /home/ttuser/tt-bio-dev/env/bin/python3 scripts/abb3_port/step_gate.py --micro 8 --accumulate 8 --steps 1 --warmup 1
2026-09-19T00:56:51Z  318 1114100 /home/ttuser/tt-bio-dev/env/bin/python3 scripts/abb3_port/step_gate.py --micro 8 --accumulate 8 --steps 1 --warmup 1
2026-09-19T00:56:53Z  329 1114100 /home/ttuser/tt-bio-dev/env/bin/python3 scripts/abb3_port/step_gate.py --micro 8 --accumulate 8 --steps 1 --warmup 1
2026-09-19T00:56:55Z  319 1114100 /home/ttuser/tt-bio-dev/env/bin/python3 scripts/abb3_port/step_gate.py --micro 8 --accumulate 8 --steps 1 --warmup 1
2026-09-19T00:56:57Z  299 1114100 /home/ttuser/tt-bio-dev/env/bin/python3 scripts/abb3_port/step_gate.py --micro 8 --accumulate 8 --steps 1 --warmup 1
2026-09-19T00:56:59Z  282 1114100 /home/ttuser/tt-bio-dev/env/bin/python3 scripts/abb3_port/step_gate.py --micro 8 --accumulate 8 --steps 1 --warmup 1
2026-09-19T00:57:01Z  320 1114100 /home/ttuser/tt-bio-dev/env/bin/python3 scripts/abb3_port/step_gate.py --micro 8 --accumulate 8 --steps 1 --warmup 1
2026-09-19T00:57:03Z  330 1114100 /home/ttuser/tt-bio-dev/env/bin/python3 scripts/abb3_port/step_gate.py --micro 8 --accumulate 8 --steps 1 --warmup 1
2026-09-19T00:57:05Z  311 1114100 /home/ttuser/tt-bio-dev/env/bin/python3 scripts/abb3_port/step_gate.py --micro 8 --accumulate 8 --steps 1 --warmup 1
2026-09-19T00:57:07Z  431 1114635 /home/ttuser/tt-bio-dev/env/bin/python3 scripts/abb3_port/step_gate.py --steps 5
2026-09-19T00:57:09Z  397 1114635 /home/ttuser/tt-bio-dev/env/bin/python3 scripts/abb3_port/step_gate.py --steps 5
2026-09-19T00:57:11Z  505 1114812 python3 perf/ptx/objective_train.py --steps 600 --terms distogram --every 100000 --card 2
2026-09-19T00:57:11Z  383 1114635 /home/ttuser/tt-bio-dev/env/bin/python3 scripts/abb3_port/step_gate.py --steps 5
2026-09-19T00:57:13Z 1036 1114812 python3 perf/ptx/objective_train.py --steps 600 --terms distogram --every 100000 --card 2
2026-09-19T00:57:13Z  387 1114635 /home/ttuser/tt-bio-dev/env/bin/python3 scripts/abb3_port/step_gate.py --steps 5
2026-09-19T00:57:15Z 1214 1114812 python3 perf/ptx/objective_train.py --steps 600 --terms distogram --every 100000 --card 2
2026-09-19T00:57:15Z  392 1114635 /home/ttuser/tt-bio-dev/env/bin/python3 scripts/abb3_port/step_gate.py --steps 5
2026-09-19T00:57:17Z  377 1114635 /home/ttuser/tt-bio-dev/env/bin/python3 scripts/abb3_port/step_gate.py --steps 5
2026-09-19T00:57:17Z  368 1115096 python3 perf/ptx/objective_train.py --steps 600 --every 100000 --card 2
