benchlock: c12-compose-fold acquired after 2s, loadavg 1.80 1.88 1.34
2026-09-17 20:39:50.250 | DEBUG    | ttnn:<module>:77 - Initial ttnn.CONFIG:
Config{cache_path=/home/ttuser/.cache/ttnn,model_cache_path=/home/ttuser/.cache/ttnn/models,tmp_dir=/tmp/ttnn,enable_model_cache=false,enable_fast_runtime_mode=true,throw_exception_on_fallback=false,enable_logging=false,enable_graph_report=false,enable_detailed_buffer_report=false,enable_detailed_tensor_report=false,enable_comparison_mode=false,comparison_mode_should_raise_exception=false,comparison_mode_pcc=0.9999,root_report_path=generated/ttnn/reports,report_name=std::nullopt,std::nullopt}
  rep-1  base   pos0 fold  74.623s  clk 1350-1350 (n=35649)  load  1.83-> 4.59  hoist_norms=0    silu=0     sha=47b41b3048019cd6 plddt=0.864082  [COLD, discarded]
  rep-1  both   pos1 fold  15.570s  clk 1350-1350 (n=7503)  load  4.59-> 4.42  hoist_norms=200  silu=3760  sha=4a1d995cf7fb8fbb plddt=0.846441  [COLD, discarded]
  rep-1  hoist  pos2 fold  14.852s  clk 1350-1350 (n=7154)  load  4.42-> 4.03  hoist_norms=200  silu=0     sha=bea76f6f8a86c6c8 plddt=0.864325  [COLD, discarded]
  rep-1  silu   pos3 fold  14.542s  clk 1350-1350 (n=7055)  load  4.03-> 3.58  hoist_norms=0    silu=3760  sha=b6d76f5e326929ca plddt=0.847425  [COLD, discarded]
  rep-1  base   pos4 fold  14.674s  clk 1350-1350 (n=7115)  load  3.58-> 3.33  hoist_norms=0    silu=0     sha=47b41b3048019cd6 plddt=0.864082  [COLD, discarded]
  rep0   base   pos0 fold  14.738s  clk 1350-1350 (n=7149)  load  3.33-> 3.11  hoist_norms=0    silu=0     sha=47b41b3048019cd6 plddt=0.864082
  rep0   silu   pos1 fold  15.064s  clk 1350-1350 (n=7196)  load  3.11-> 3.50  hoist_norms=0    silu=3760  sha=b6d76f5e326929ca plddt=0.847425
  rep0   hoist  pos2 fold  15.762s  clk 1350-1350 (n=7482)  load  3.50-> 4.71  hoist_norms=200  silu=0     sha=bea76f6f8a86c6c8 plddt=0.864325
  rep0   both   pos3 fold  14.825s  clk 1350-1350 (n=7125)  load  4.71-> 4.55  hoist_norms=200  silu=3760  sha=4a1d995cf7fb8fbb plddt=0.846441
  rep0   base   pos4 fold  14.814s  clk 1350-1350 (n=7096)  load  4.55-> 4.50  hoist_norms=0    silu=0     sha=47b41b3048019cd6 plddt=0.864082
  rep1   base   pos0 fold  14.863s  clk 1350-1350 (n=7173)  load  4.50-> 4.04  hoist_norms=0    silu=0     sha=47b41b3048019cd6 plddt=0.864082
  rep1   both   pos1 fold  14.111s  clk 1350-1350 (n=6828)  load  4.04-> 3.65  hoist_norms=200  silu=3760  sha=4a1d995cf7fb8fbb plddt=0.846441
  rep1   hoist  pos2 fold  14.393s  clk 1350-1350 (n=6975)  load  3.65-> 3.29  hoist_norms=200  silu=0     sha=bea76f6f8a86c6c8 plddt=0.864325
  rep1   silu   pos3 fold  14.418s  clk 1350-1350 (n=6991)  load  3.29-> 3.00  hoist_norms=0    silu=3760  sha=b6d76f5e326929ca plddt=0.847425
  rep1   base   pos4 fold  15.628s  clk 1350-1350 (n=7463)  load  3.00-> 2.78  hoist_norms=0    silu=0     sha=47b41b3048019cd6 plddt=0.864082
  rep2   base   pos0 fold  15.852s  clk 1350-1350 (n=7517)  load  2.78-> 3.97  hoist_norms=0    silu=0     sha=47b41b3048019cd6 plddt=0.864082
  rep2   silu   pos1 fold  15.145s  clk 1350-1350 (n=7192)  load  3.97-> 3.68  hoist_norms=0    silu=3760  sha=b6d76f5e326929ca plddt=0.847425
  rep2   hoist  pos2 fold  14.470s  clk 1350-1350 (n=6976)  load  3.68-> 3.31  hoist_norms=200  silu=0     sha=bea76f6f8a86c6c8 plddt=0.864325
  rep2   both   pos3 fold  14.209s  clk 1350-1350 (n=6889)  load  3.31-> 3.02  hoist_norms=200  silu=3760  sha=4a1d995cf7fb8fbb plddt=0.846441
  rep2   base   pos4 fold  15.088s  clk 1350-1350 (n=7282)  load  3.02-> 2.79  hoist_norms=0    silu=0     sha=47b41b3048019cd6 plddt=0.864082
  rep3   base   pos0 fold  14.672s  clk 1350-1350 (n=7114)  load  2.79-> 2.61  hoist_norms=0    silu=0     sha=47b41b3048019cd6 plddt=0.864082
  rep3   both   pos1 fold  14.176s  clk 1350-1350 (n=6871)  load  2.61-> 2.48  hoist_norms=200  silu=3760  sha=4a1d995cf7fb8fbb plddt=0.846441
  rep3   hoist  pos2 fold  14.405s  clk 1350-1350 (n=6984)  load  2.48-> 2.93  hoist_norms=200  silu=0     sha=bea76f6f8a86c6c8 plddt=0.864325
  rep3   silu   pos3 fold  14.436s  clk 1350-1350 (n=7003)  load  2.93-> 2.73  hoist_norms=0    silu=3760  sha=b6d76f5e326929ca plddt=0.847425
  rep3   base   pos4 fold  16.072s  clk 1350-1350 (n=7683)  load  2.73-> 3.85  hoist_norms=0    silu=0     sha=47b41b3048019cd6 plddt=0.864082
  rep4   base   pos0 fold  15.218s  clk 1350-1350 (n=7245)  load  3.85-> 5.74  hoist_norms=0    silu=0     sha=47b41b3048019cd6 plddt=0.864082
  rep4   silu   pos1 fold  15.252s  clk 1350-1350 (n=7329)  load  5.74-> 4.91  hoist_norms=0    silu=3760  sha=b6d76f5e326929ca plddt=0.847425
  rep4   hoist  pos2 fold  14.615s  clk 1350-1350 (n=6961)  load  4.91-> 4.91  hoist_norms=200  silu=0     sha=bea76f6f8a86c6c8 plddt=0.864325
  rep4   both   pos3 fold  14.167s  clk 1350-1350 (n=6863)  load  4.91-> 4.26  hoist_norms=200  silu=3760  sha=4a1d995cf7fb8fbb plddt=0.846441
  rep4   base   pos4 fold  15.112s  clk 1350-1350 (n=7285)  load  4.26-> 3.76  hoist_norms=0    silu=0     sha=47b41b3048019cd6 plddt=0.864082
  rep5   base   pos0 fold  14.567s  clk 1350-1350 (n=7059)  load  3.76-> 3.93  hoist_norms=0    silu=0     sha=47b41b3048019cd6 plddt=0.864082
  rep5   both   pos1 fold  14.136s  clk 1350-1350 (n=6853)  load  3.93-> 3.58  hoist_norms=200  silu=3760  sha=4a1d995cf7fb8fbb plddt=0.846441
  rep5   hoist  pos2 fold  14.391s  clk 1350-1350 (n=6976)  load  3.58-> 3.33  hoist_norms=200  silu=0     sha=bea76f6f8a86c6c8 plddt=0.864325
  rep5   silu   pos3 fold  14.452s  clk 1350-1350 (n=7011)  load  3.33-> 3.60  hoist_norms=0    silu=3760  sha=b6d76f5e326929ca plddt=0.847425
  rep5   base   pos4 fold  15.045s  clk 1350-1350 (n=7252)  load  3.60-> 3.32  hoist_norms=0    silu=0     sha=47b41b3048019cd6 plddt=0.864082
  rep6   base   pos0 fold  14.923s  clk 1350-1350 (n=7153)  load  3.32-> 3.02  hoist_norms=0    silu=0     sha=47b41b3048019cd6 plddt=0.864082
  rep6   silu   pos1 fold  14.885s  clk 1350-1350 (n=7159)  load  3.02-> 4.31  hoist_norms=0    silu=3760  sha=b6d76f5e326929ca plddt=0.847425
  rep6   hoist  pos2 fold  15.298s  clk 1350-1350 (n=7196)  load  4.31-> 3.79  hoist_norms=200  silu=0     sha=bea76f6f8a86c6c8 plddt=0.864325
  rep6   both   pos3 fold  14.112s  clk 1350-1350 (n=6842)  load  3.79-> 3.40  hoist_norms=200  silu=3760  sha=4a1d995cf7fb8fbb plddt=0.846441
  rep6   base   pos4 fold  14.717s  clk 1350-1350 (n=7116)  load  3.40-> 3.09  hoist_norms=0    silu=0     sha=47b41b3048019cd6 plddt=0.864082
  rep7   base   pos0 fold  15.247s  clk 1350-1350 (n=7348)  load  3.09-> 3.41  hoist_norms=0    silu=0     sha=47b41b3048019cd6 plddt=0.864082
  rep7   both   pos1 fold  14.199s  clk 1350-1350 (n=6886)  load  3.41-> 3.09  hoist_norms=200  silu=3760  sha=4a1d995cf7fb8fbb plddt=0.846441
  rep7   hoist  pos2 fold  14.465s  clk 1350-1350 (n=7014)  load  3.09-> 2.85  hoist_norms=200  silu=0     sha=bea76f6f8a86c6c8 plddt=0.864325
  rep7   silu   pos3 fold  14.382s  clk 1350-1350 (n=6974)  load  2.85-> 2.66  hoist_norms=0    silu=3760  sha=b6d76f5e326929ca plddt=0.847425
  rep7   base   pos4 fold  14.684s  clk 1350-1350 (n=7121)  load  2.66-> 2.51  hoist_norms=0    silu=0     sha=47b41b3048019cd6 plddt=0.864082
  rep8   base   pos0 fold  14.919s  clk 1350-1350 (n=7236)  load  2.51-> 2.40  hoist_norms=0    silu=0     sha=47b41b3048019cd6 plddt=0.864082
  rep8   silu   pos1 fold  15.530s  clk 1350-1350 (n=7407)  load  2.40-> 3.52  hoist_norms=0    silu=3760  sha=b6d76f5e326929ca plddt=0.847425
  rep8   hoist  pos2 fold  14.998s  clk 1350-1350 (n=7181)  load  3.52-> 3.19  hoist_norms=200  silu=0     sha=bea76f6f8a86c6c8 plddt=0.864325
  rep8   both   pos3 fold  14.641s  clk 1350-1350 (n=7035)  load  3.19-> 3.94  hoist_norms=200  silu=3760  sha=4a1d995cf7fb8fbb plddt=0.846441
  rep8   base   pos4 fold  15.427s  clk 1350-1350 (n=7274)  load  3.94-> 3.58  hoist_norms=0    silu=0     sha=47b41b3048019cd6 plddt=0.864082
  rep9   base   pos0 fold  14.654s  clk 1350-1350 (n=7105)  load  3.58-> 3.23  hoist_norms=0    silu=0     sha=47b41b3048019cd6 plddt=0.864082
  rep9   both   pos1 fold  14.108s  clk 1350-1350 (n=6838)  load  3.23-> 2.95  hoist_norms=200  silu=3760  sha=4a1d995cf7fb8fbb plddt=0.846441
  rep9   hoist  pos2 fold  14.876s  clk 1350-1350 (n=7169)  load  2.95-> 2.74  hoist_norms=200  silu=0     sha=bea76f6f8a86c6c8 plddt=0.864325
  rep9   silu   pos3 fold  14.336s  clk 1350-1350 (n=6941)  load  2.74-> 3.19  hoist_norms=0    silu=3760  sha=b6d76f5e326929ca plddt=0.847425
  rep9   base   pos4 fold  14.655s  clk 1350-1350 (n=7106)  load  3.19-> 3.49  hoist_norms=0    silu=0     sha=47b41b3048019cd6 plddt=0.864082
  rep10  base   pos0 fold  14.706s  clk 1350-1350 (n=7133)  load  3.49-> 3.72  hoist_norms=0    silu=0     sha=47b41b3048019cd6 plddt=0.864082
  rep10  silu   pos1 fold  14.398s  clk 1350-1350 (n=6977)  load  3.72-> 3.90  hoist_norms=0    silu=3760  sha=b6d76f5e326929ca plddt=0.847425
  rep10  hoist  pos2 fold  14.412s  clk 1350-1350 (n=6986)  load  3.90-> 3.55  hoist_norms=200  silu=0     sha=bea76f6f8a86c6c8 plddt=0.864325
  rep10  both   pos3 fold  14.927s  clk 1350-1350 (n=7177)  load  3.55-> 5.13  hoist_norms=200  silu=3760  sha=4a1d995cf7fb8fbb plddt=0.846441
  rep10  base   pos4 fold  15.887s  clk 1350-1350 (n=7476)  load  5.13-> 4.43  hoist_norms=0    silu=0     sha=47b41b3048019cd6 plddt=0.864082
  rep11  base   pos0 fold  15.161s  clk 1350-1350 (n=7187)  load  4.43-> 6.11  hoist_norms=0    silu=0     sha=47b41b3048019cd6 plddt=0.864082
  rep11  both   pos1 fold  14.949s  clk 1350-1350 (n=7071)  load  6.11-> 6.63  hoist_norms=200  silu=3760  sha=4a1d995cf7fb8fbb plddt=0.846441
  rep11  hoist  pos2 fold  15.324s  clk 1350-1350 (n=7168)  load  6.63-> 8.38  hoist_norms=200  silu=0     sha=bea76f6f8a86c6c8 plddt=0.864325
  rep11  silu   pos3 fold  14.732s  clk 1350-1350 (n=7062)  load  8.38-> 7.65  hoist_norms=0    silu=3760  sha=b6d76f5e326929ca plddt=0.847425
  rep11  base   pos4 fold  15.308s  clk 1350-1350 (n=7252)  load  7.65-> 7.42  hoist_norms=0    silu=0     sha=47b41b3048019cd6 plddt=0.864082
  rep12  base   pos0 fold  15.301s  clk 1350-1350 (n=7164)  load  7.42-> 8.52  hoist_norms=0    silu=0     sha=47b41b3048019cd6 plddt=0.864082
  rep12  silu   pos1 fold  15.476s  clk 1350-1350 (n=7219)  load  8.52-> 8.21  hoist_norms=0    silu=3760  sha=b6d76f5e326929ca plddt=0.847425
  rep12  hoist  pos2 fold  14.727s  clk 1350-1350 (n=7079)  load  8.21-> 8.97  hoist_norms=200  silu=0     sha=bea76f6f8a86c6c8 plddt=0.864325
  rep12  both   pos3 fold  14.180s  clk 1350-1350 (n=6721)  load  8.97-> 8.53  hoist_norms=200  silu=3760  sha=4a1d995cf7fb8fbb plddt=0.846441
  rep12  base   pos4 fold  15.583s  clk 1350-1350 (n=7324)  load  8.53-> 8.10  hoist_norms=0    silu=0     sha=47b41b3048019cd6 plddt=0.864082
  rep13  base   pos0 fold  15.464s  clk 1350-1350 (n=7294)  load  8.10-> 9.74  hoist_norms=0    silu=0     sha=47b41b3048019cd6 plddt=0.864082
  rep13  both   pos1 fold  14.806s  clk 1350-1350 (n=6977)  load  9.74-> 9.70  hoist_norms=200  silu=3760  sha=4a1d995cf7fb8fbb plddt=0.846441
  rep13  hoist  pos2 fold  14.710s  clk 1350-1350 (n=7071)  load  9.70-> 9.10  hoist_norms=200  silu=0     sha=bea76f6f8a86c6c8 plddt=0.864325
  rep13  silu   pos3 fold  14.575s  clk 1350-1350 (n=6904)  load  9.10-> 9.05  hoist_norms=0    silu=3760  sha=b6d76f5e326929ca plddt=0.847425
  rep13  base   pos4 fold  15.074s  clk 1350-1350 (n=7234)  load  9.05-> 8.59  hoist_norms=0    silu=0     sha=47b41b3048019cd6 plddt=0.864082
  rep14  base   pos0 fold  14.853s  clk 1350-1350 (n=7031)  load  8.59-> 8.24  hoist_norms=0    silu=0     sha=47b41b3048019cd6 plddt=0.864082
  rep14  silu   pos1 fold  14.812s  clk 1350-1350 (n=7109)  load  8.24-> 8.52  hoist_norms=0    silu=3760  sha=b6d76f5e326929ca plddt=0.847425
  rep14  hoist  pos2 fold  14.742s  clk 1350-1350 (n=6946)  load  8.52-> 8.25  hoist_norms=200  silu=0     sha=bea76f6f8a86c6c8 plddt=0.864325
  rep14  both   pos3 fold  14.674s  clk 1350-1350 (n=7082)  load  8.25-> 6.87  hoist_norms=200  silu=3760  sha=4a1d995cf7fb8fbb plddt=0.846441
  rep14  base   pos4 fold  15.823s  clk 1350-1350 (n=7389)  load  6.87-> 6.99  hoist_norms=0    silu=0     sha=47b41b3048019cd6 plddt=0.864082
  rep15  base   pos0 fold  14.764s  clk 1350-1350 (n=7045)  load  6.99-> 5.89  hoist_norms=0    silu=0     sha=47b41b3048019cd6 plddt=0.864082
  rep15  both   pos1 fold  14.742s  clk 1350-1350 (n=7040)  load  5.89-> 7.41  hoist_norms=200  silu=3760  sha=4a1d995cf7fb8fbb plddt=0.846441
  rep15  hoist  pos2 fold  15.019s  clk 1350-1350 (n=7114)  load  7.41-> 7.32  hoist_norms=200  silu=0     sha=bea76f6f8a86c6c8 plddt=0.864325
  rep15  silu   pos3 fold  14.413s  clk 1350-1350 (n=6949)  load  7.32-> 6.14  hoist_norms=0    silu=3760  sha=b6d76f5e326929ca plddt=0.847425
  rep15  base   pos4 fold  15.485s  clk 1350-1350 (n=7369)  load  6.14-> 5.22  hoist_norms=0    silu=0     sha=47b41b3048019cd6 plddt=0.864082
  rep16  base   pos0 fold  15.717s  clk 1350-1350 (n=7432)  load  5.22-> 4.44  hoist_norms=0    silu=0     sha=47b41b3048019cd6 plddt=0.864082
  rep16  silu   pos1 fold  14.762s  clk 1350-1350 (n=7088)  load  4.44-> 4.06  hoist_norms=0    silu=3760  sha=b6d76f5e326929ca plddt=0.847425
  rep16  hoist  pos2 fold  15.230s  clk 1350-1350 (n=7261)  load  4.06-> 4.88  hoist_norms=200  silu=0     sha=bea76f6f8a86c6c8 plddt=0.864325
  rep16  both   pos3 fold  15.169s  clk 1350-1350 (n=7086)  load  4.88-> 6.46  hoist_norms=200  silu=3760  sha=4a1d995cf7fb8fbb plddt=0.846441
  rep16  base   pos4 fold  15.091s  clk 1350-1350 (n=7229)  load  6.46-> 7.37  hoist_norms=0    silu=0     sha=47b41b3048019cd6 plddt=0.864082
  rep17  base   pos0 fold  14.816s  clk 1350-1350 (n=7184)  load  7.37-> 6.18  hoist_norms=0    silu=0     sha=47b41b3048019cd6 plddt=0.864082
  rep17  both   pos1 fold  15.257s  clk 1350-1350 (n=7242)  load  6.18-> 7.10  hoist_norms=200  silu=3760  sha=4a1d995cf7fb8fbb plddt=0.846441
  rep17  hoist  pos2 fold  15.482s  clk 1350-1350 (n=7325)  load  7.10-> 7.66  hoist_norms=200  silu=0     sha=bea76f6f8a86c6c8 plddt=0.864325
  rep17  silu   pos3 fold  14.449s  clk 1350-1350 (n=6946)  load  7.66-> 6.88  hoist_norms=0    silu=3760  sha=b6d76f5e326929ca plddt=0.847425
  rep17  base   pos4 fold  14.736s  clk 1350-1350 (n=7148)  load  6.88-> 5.88  hoist_norms=0    silu=0     sha=47b41b3048019cd6 plddt=0.864082
  rep18  base   pos0 fold  15.512s  clk 1350-1350 (n=7382)  load  5.88-> 6.20  hoist_norms=0    silu=0     sha=47b41b3048019cd6 plddt=0.864082
  rep18  silu   pos1 fold  15.707s  clk 1350-1350 (n=7352)  load  6.20-> 8.17  hoist_norms=0    silu=3760  sha=b6d76f5e326929ca plddt=0.847425
  rep18  hoist  pos2 fold  14.761s  clk 1350-1350 (n=7084)  load  8.17-> 7.30  hoist_norms=200  silu=0     sha=bea76f6f8a86c6c8 plddt=0.864325
  rep18  both   pos3 fold  15.392s  clk 1350-1350 (n=7180)  load  7.30-> 8.54  hoist_norms=200  silu=3760  sha=4a1d995cf7fb8fbb plddt=0.846441
  rep18  base   pos4 fold  15.150s  clk 1350-1350 (n=7258)  load  8.54-> 8.08  hoist_norms=0    silu=0     sha=47b41b3048019cd6 plddt=0.864082
  rep19  base   pos0 fold  16.211s  clk 1350-1350 (n=7556)  load  8.08-> 8.10  hoist_norms=0    silu=0     sha=47b41b3048019cd6 plddt=0.864082
  rep19  both   pos1 fold  14.293s  clk 1350-1350 (n=6915)  load  8.10-> 6.83  hoist_norms=200  silu=3760  sha=4a1d995cf7fb8fbb plddt=0.846441
  rep19  hoist  pos2 fold  14.536s  clk 1350-1350 (n=7047)  load  6.83-> 5.76  hoist_norms=200  silu=0     sha=bea76f6f8a86c6c8 plddt=0.864325
  rep19  silu   pos3 fold  15.057s  clk 1350-1350 (n=7152)  load  5.76-> 6.13  hoist_norms=0    silu=3760  sha=b6d76f5e326929ca plddt=0.847425
  rep19  base   pos4 fold  15.942s  clk 1350-1350 (n=7459)  load  6.13-> 9.05  hoist_norms=0    silu=0     sha=47b41b3048019cd6 plddt=0.864082
  rep20  base   pos0 fold  14.864s  clk 1350-1350 (n=7182)  load  9.05-> 7.49  hoist_norms=0    silu=0     sha=47b41b3048019cd6 plddt=0.864082
  rep20  silu   pos1 fold  14.652s  clk 1350-1350 (n=7105)  load  7.49-> 6.27  hoist_norms=0    silu=3760  sha=b6d76f5e326929ca plddt=0.847425
  rep20  hoist  pos2 fold  15.056s  clk 1350-1350 (n=7213)  load  6.27-> 5.25  hoist_norms=200  silu=0     sha=bea76f6f8a86c6c8 plddt=0.864325
  rep20  both   pos3 fold  15.251s  clk 1350-1350 (n=7122)  load  5.25-> 6.99  hoist_norms=200  silu=3760  sha=4a1d995cf7fb8fbb plddt=0.846441
  rep20  base   pos4 fold  14.940s  clk 1350-1350 (n=7229)  load  6.99-> 5.89  hoist_norms=0    silu=0     sha=47b41b3048019cd6 plddt=0.864082
  rep21  base   pos0 fold  14.808s  clk 1350-1350 (n=7182)  load  5.89-> 5.02  hoist_norms=0    silu=0     sha=47b41b3048019cd6 plddt=0.864082
  rep21  both   pos1 fold  14.923s  clk 1350-1350 (n=7131)  load  5.02-> 5.46  hoist_norms=200  silu=3760  sha=4a1d995cf7fb8fbb plddt=0.846441
  rep21  hoist  pos2 fold  15.612s  clk 1350-1350 (n=7291)  load  5.46-> 7.07  hoist_norms=200  silu=0     sha=bea76f6f8a86c6c8 plddt=0.864325
  rep21  silu   pos3 fold  14.537s  clk 1350-1350 (n=7034)  load  7.07-> 5.95  hoist_norms=0    silu=3760  sha=b6d76f5e326929ca plddt=0.847425
  rep21  base   pos4 fold  14.721s  clk 1350-1350 (n=7137)  load  5.95-> 5.07  hoist_norms=0    silu=0     sha=47b41b3048019cd6 plddt=0.864082
  rep22  base   pos0 fold  15.256s  clk 1350-1350 (n=7296)  load  5.07-> 6.06  hoist_norms=0    silu=0     sha=47b41b3048019cd6 plddt=0.864082
  rep22  silu   pos1 fold  15.553s  clk 1350-1350 (n=7299)  load  6.06-> 6.58  hoist_norms=0    silu=3760  sha=b6d76f5e326929ca plddt=0.847425
  rep22  hoist  pos2 fold  14.511s  clk 1350-1350 (n=7019)  load  6.58-> 5.57  hoist_norms=200  silu=0     sha=bea76f6f8a86c6c8 plddt=0.864325
  rep22  both   pos3 fold  14.243s  clk 1350-1350 (n=6908)  load  5.57-> 5.26  hoist_norms=200  silu=3760  sha=4a1d995cf7fb8fbb plddt=0.846441
  rep22  base   pos4 fold  15.225s  clk 1350-1350 (n=7286)  load  5.26-> 4.54  hoist_norms=0    silu=0     sha=47b41b3048019cd6 plddt=0.864082
  rep23  base   pos0 fold  15.633s  clk 1350-1350 (n=7341)  load  4.54-> 6.36  hoist_norms=0    silu=0     sha=47b41b3048019cd6 plddt=0.864082
  rep23  both   pos1 fold  14.217s  clk 1350-1350 (n=6892)  load  6.36-> 5.47  hoist_norms=200  silu=3760  sha=4a1d995cf7fb8fbb plddt=0.846441
  rep23  hoist  pos2 fold  14.493s  clk 1350-1350 (n=7027)  load  5.47-> 4.93  hoist_norms=200  silu=0     sha=bea76f6f8a86c6c8 plddt=0.864325
  rep23  silu   pos3 fold  14.952s  clk 1350-1350 (n=7166)  load  4.70-> 4.28  hoist_norms=0    silu=3760  sha=b6d76f5e326929ca plddt=0.847425
  rep23  base   pos4 fold  15.738s  clk 1350-1350 (n=7349)  load  4.28-> 5.86  hoist_norms=0    silu=0     sha=47b41b3048019cd6 plddt=0.864082
  rep24  base   pos0 fold  14.908s  clk 1350-1350 (n=7218)  load  5.86-> 5.00  hoist_norms=0    silu=0     sha=47b41b3048019cd6 plddt=0.864082
  rep24  silu   pos1 fold  14.450s  clk 1350-1350 (n=7009)  load  5.00-> 4.41  hoist_norms=0    silu=3760  sha=b6d76f5e326929ca plddt=0.847425
  rep24  hoist  pos2 fold  14.709s  clk 1350-1350 (n=7131)  load  4.41-> 4.60  hoist_norms=200  silu=0     sha=bea76f6f8a86c6c8 plddt=0.864325
  rep24  both   pos3 fold  14.215s  clk 1350-1350 (n=6891)  load  4.60-> 4.02  hoist_norms=200  silu=3760  sha=4a1d995cf7fb8fbb plddt=0.846441
  rep24  base   pos4 fold  15.200s  clk 1350-1350 (n=7282)  load  4.02-> 4.75  hoist_norms=0    silu=0     sha=47b41b3048019cd6 plddt=0.864082
  rep25  base   pos0 fold  15.858s  clk 1350-1350 (n=7476)  load  4.75-> 5.65  hoist_norms=0    silu=0     sha=47b41b3048019cd6 plddt=0.864082
  rep25  both   pos1 fold  14.261s  clk 1350-1350 (n=6916)  load  5.65-> 5.16  hoist_norms=200  silu=3760  sha=4a1d995cf7fb8fbb plddt=0.846441
  rep25  hoist  pos2 fold  14.604s  clk 1350-1350 (n=7083)  load  5.16-> 4.46  hoist_norms=200  silu=0     sha=bea76f6f8a86c6c8 plddt=0.864325
  rep25  silu   pos3 fold  14.470s  clk 1350-1350 (n=6993)  load  4.46-> 3.92  hoist_norms=0    silu=3760  sha=b6d76f5e326929ca plddt=0.847425
  rep25  base   pos4 fold  14.741s  clk 1350-1350 (n=7147)  load  3.92-> 3.49  hoist_norms=0    silu=0     sha=47b41b3048019cd6 plddt=0.864082
  rep26  base   pos0 fold  14.971s  clk 1350-1350 (n=7161)  load  3.49-> 3.16  hoist_norms=0    silu=0     sha=47b41b3048019cd6 plddt=0.864082
  rep26  silu   pos1 fold  15.157s  clk 1350-1350 (n=7173)  load  3.16-> 6.29  hoist_norms=0    silu=3760  sha=b6d76f5e326929ca plddt=0.847425
  rep26  hoist  pos2 fold  14.513s  clk 1350-1350 (n=7035)  load  6.29-> 5.34  hoist_norms=200  silu=0     sha=bea76f6f8a86c6c8 plddt=0.864325
  rep26  both   pos3 fold  14.148s  clk 1350-1350 (n=6863)  load  5.34-> 5.16  hoist_norms=200  silu=3760  sha=4a1d995cf7fb8fbb plddt=0.846441
  rep26  base   pos4 fold  14.758s  clk 1350-1350 (n=7155)  load  5.16-> 4.38  hoist_norms=0    silu=0     sha=47b41b3048019cd6 plddt=0.864082
  rep27  base   pos0 fold  14.680s  clk 1350-1350 (n=7116)  load  4.38-> 3.85  hoist_norms=0    silu=0     sha=47b41b3048019cd6 plddt=0.864082
  rep27  both   pos1 fold  14.289s  clk 1350-1350 (n=6932)  load  3.85-> 3.44  hoist_norms=200  silu=3760  sha=4a1d995cf7fb8fbb plddt=0.846441
  rep27  hoist  pos2 fold  14.483s  clk 1350-1350 (n=7024)  load  3.44-> 3.64  hoist_norms=200  silu=0     sha=bea76f6f8a86c6c8 plddt=0.864325
  rep27  silu   pos3 fold  14.933s  clk 1350-1350 (n=7139)  load  3.64-> 3.50  hoist_norms=0    silu=3760  sha=b6d76f5e326929ca plddt=0.847425
  rep27  base   pos4 fold  15.856s  clk 1350-1350 (n=7466)  load  3.50-> 5.93  hoist_norms=0    silu=0     sha=47b41b3048019cd6 plddt=0.864082
  rep28  base   pos0 fold  14.688s  clk 1350-1350 (n=7120)  load  5.93-> 5.62  hoist_norms=0    silu=0     sha=47b41b3048019cd6 plddt=0.864082
  rep28  silu   pos1 fold  14.443s  clk 1350-1350 (n=7002)  load  5.62-> 5.97  hoist_norms=0    silu=3760  sha=b6d76f5e326929ca plddt=0.847425
  rep28  hoist  pos2 fold  14.521s  clk 1350-1350 (n=7042)  load  5.97-> 5.36  hoist_norms=200  silu=0     sha=bea76f6f8a86c6c8 plddt=0.864325
  rep28  both   pos3 fold  14.523s  clk 1350-1350 (n=7043)  load  5.36-> 5.09  hoist_norms=200  silu=3760  sha=4a1d995cf7fb8fbb plddt=0.846441
  rep28  base   pos4 fold  14.842s  clk 1350-1350 (n=7198)  load  5.09-> 4.41  hoist_norms=0    silu=0     sha=47b41b3048019cd6 plddt=0.864082
  rep29  base   pos0 fold  14.833s  clk 1350-1350 (n=7194)  load  4.41-> 3.95  hoist_norms=0    silu=0     sha=47b41b3048019cd6 plddt=0.864082
  rep29  both   pos1 fold  14.839s  clk 1350-1350 (n=7086)  load  3.95-> 3.52  hoist_norms=200  silu=3760  sha=4a1d995cf7fb8fbb plddt=0.846441
  rep29  hoist  pos2 fold  15.418s  clk 1350-1350 (n=7270)  load  3.52-> 5.49  hoist_norms=200  silu=0     sha=bea76f6f8a86c6c8 plddt=0.864325
  rep29  silu   pos3 fold  14.561s  clk 1350-1350 (n=7059)  load  5.49-> 4.71  hoist_norms=0    silu=3760  sha=b6d76f5e326929ca plddt=0.847425
  rep29  base   pos4 fold  14.765s  clk 1350-1350 (n=7159)  load  4.71-> 4.19  hoist_norms=0    silu=0     sha=47b41b3048019cd6 plddt=0.864082
  rep30  base   pos0 fold  14.787s  clk 1350-1350 (n=7175)  load  4.19-> 3.78  hoist_norms=0    silu=0     sha=47b41b3048019cd6 plddt=0.864082
  rep30  silu   pos1 fold  14.585s  clk 1350-1350 (n=7074)  load  3.78-> 3.95  hoist_norms=0    silu=3760  sha=b6d76f5e326929ca plddt=0.847425
  rep30  hoist  pos2 fold  14.498s  clk 1350-1350 (n=7032)  load  3.95-> 3.52  hoist_norms=200  silu=0     sha=bea76f6f8a86c6c8 plddt=0.864325
  rep30  both   pos3 fold  14.223s  clk 1350-1350 (n=6896)  load  3.52-> 3.18  hoist_norms=200  silu=3760  sha=4a1d995cf7fb8fbb plddt=0.846441
  rep30  base   pos4 fold  14.790s  clk 1350-1350 (n=7172)  load  3.18-> 2.92  hoist_norms=0    silu=0     sha=47b41b3048019cd6 plddt=0.864082
  rep31  base   pos0 fold  14.657s  clk 1350-1350 (n=7113)  load  2.92-> 2.71  hoist_norms=0    silu=0     sha=47b41b3048019cd6 plddt=0.864082
  rep31  both   pos1 fold  14.626s  clk 1350-1350 (n=7053)  load  2.71-> 3.76  hoist_norms=200  silu=3760  sha=4a1d995cf7fb8fbb plddt=0.846441
  rep31  hoist  pos2 fold  14.999s  clk 1350-1350 (n=7138)  load  3.76-> 4.72  hoist_norms=200  silu=0     sha=bea76f6f8a86c6c8 plddt=0.864325
  rep31  silu   pos3 fold  14.869s  clk 1350-1350 (n=7059)  load  4.72-> 5.73  hoist_norms=0    silu=3760  sha=b6d76f5e326929ca plddt=0.847425
Terminated
benchlock: c12-compose-fold released, rc=143, loadavg 3.16 3.04 3.54
run.sh: benchlock+fold exit 143
