1789735706 n0=[/dev/tenstorrent/0:  242178m] n2=[] n3=[]
1789735708 n0=[/dev/tenstorrent/0:  242178m] n2=[] n3=[]
1789735710 n0=[/dev/tenstorrent/0:  242178m] n2=[] n3=[]
1789735712 n0=[/dev/tenstorrent/0:  242178m] n2=[] n3=[]
1789735714 n0=[/dev/tenstorrent/0:  242178m] n2=[] n3=[]
1789735716 n0=[/dev/tenstorrent/0:  242178m] n2=[] n3=[]
1789735718 n0=[/dev/tenstorrent/0:  242178m] n2=[] n3=[]
1789735720 n0=[/dev/tenstorrent/0:  242178m] n2=[] n3=[]
1789735722 n0=[/dev/tenstorrent/0:  242178m] n2=[] n3=[]
1789735724 n0=[/dev/tenstorrent/0:  242178m] n2=[] n3=[]
1789735726 n0=[/dev/tenstorrent/0:  242178m] n2=[] n3=[]
1789735728 n0=[/dev/tenstorrent/0:  242178m] n2=[] n3=[]
1789735730 n0=[/dev/tenstorrent/0:  242178m] n2=[] n3=[]
1789735732 n0=[/dev/tenstorrent/0:  242178m] n2=[] n3=[]
1789735734 n0=[/dev/tenstorrent/0:  242178m] n2=[] n3=[]
1789735736 n0=[/dev/tenstorrent/0:  242178m] n2=[] n3=[]
1789735738 n0=[/dev/tenstorrent/0:  242178m] n2=[] n3=[]
1789735740 n0=[] n2=[] n3=[/dev/tenstorrent/3:  269452m]
1789735742 n0=[] n2=[] n3=[/dev/tenstorrent/3:  269452m]
1789735744 n0=[] n2=[] n3=[/dev/tenstorrent/3:  269452m]
1789735746 n0=[/dev/tenstorrent/0:  269591m] n2=[] n3=[/dev/tenstorrent/3:  269452m]
1789735749 n0=[/dev/tenstorrent/0:  269591m] n2=[] n3=[/dev/tenstorrent/3:  269452m]
1789735751 n0=[/dev/tenstorrent/0:  269591m] n2=[] n3=[/dev/tenstorrent/3:  269452m]
1789735753 n0=[/dev/tenstorrent/0:  269591m] n2=[] n3=[/dev/tenstorrent/3:  269452m]
1789735755 n0=[/dev/tenstorrent/0:  269591m] n2=[] n3=[/dev/tenstorrent/3:  269452m]
1789735757 n0=[/dev/tenstorrent/0:  269591m] n2=[] n3=[/dev/tenstorrent/3:  269452m]
1789735759 n0=[/dev/tenstorrent/0:  269591m] n2=[] n3=[/dev/tenstorrent/3:  269452m]
1789735761 n0=[/dev/tenstorrent/0:  269591m] n2=[] n3=[/dev/tenstorrent/3:  269452m]
1789735763 n0=[/dev/tenstorrent/0:  269591m] n2=[] n3=[/dev/tenstorrent/3:  269452m]
1789735765 n0=[/dev/tenstorrent/0:  269591m] n2=[] n3=[/dev/tenstorrent/3:  269452m]
1789735767 n0=[/dev/tenstorrent/0:  269591m] n2=[] n3=[/dev/tenstorrent/3:  269452m]
1789735769 n0=[/dev/tenstorrent/0:  269591m] n2=[] n3=[/dev/tenstorrent/3:  269452m]
1789735771 n0=[] n2=[] n3=[/dev/tenstorrent/3:  269452m]
1789735773 n0=[] n2=[] n3=[/dev/tenstorrent/3:  269452m]
1789735775 n0=[] n2=[] n3=[/dev/tenstorrent/3:  269452m]
1789735777 n0=[] n2=[] n3=[/dev/tenstorrent/3:  269452m]
1789735779 n0=[/dev/tenstorrent/0:  272203m] n2=[] n3=[/dev/tenstorrent/3:  269452m]
1789735781 n0=[/dev/tenstorrent/0:  272203m] n2=[] n3=[/dev/tenstorrent/3:  269452m]
1789735783 n0=[/dev/tenstorrent/0:  272203m] n2=[] n3=[/dev/tenstorrent/3:  269452m]
1789735785 n0=[/dev/tenstorrent/0:  272203m] n2=[] n3=[/dev/tenstorrent/3:  269452m]
1789735787 n0=[/dev/tenstorrent/0:  272203m] n2=[] n3=[/dev/tenstorrent/3:  269452m]
1789735789 n0=[/dev/tenstorrent/0:  272203m] n2=[] n3=[/dev/tenstorrent/3:  269452m]
1789735792 n0=[] n2=[] n3=[/dev/tenstorrent/3:  269452m]
1789735794 n0=[] n2=[] n3=[/dev/tenstorrent/3:  269452m]
1789735796 n0=[] n2=[] n3=[]
1789735798 n0=[] n2=[] n3=[]
1789735800 n0=[/dev/tenstorrent/0:  272894m] n2=[] n3=[]
1789735802 n0=[/dev/tenstorrent/0:  272894m] n2=[] n3=[]
1789735804 n0=[/dev/tenstorrent/0:  272894m] n2=[] n3=[]
1789735806 n0=[/dev/tenstorrent/0:  272894m] n2=[] n3=[]
1789735808 n0=[/dev/tenstorrent/0:  272894m] n2=[] n3=[]
1789735810 n0=[/dev/tenstorrent/0:  272894m] n2=[] n3=[]
1789735812 n0=[/dev/tenstorrent/0:  272894m] n2=[] n3=[]
1789735814 n0=[] n2=[] n3=[]
1789735816 n0=[] n2=[] n3=[]
1789735818 n0=[] n2=[] n3=[]
1789735820 n0=[/dev/tenstorrent/0:  273315m] n2=[] n3=[]
1789735822 n0=[/dev/tenstorrent/0:  273315m] n2=[] n3=[]
1789735824 n0=[/dev/tenstorrent/0:  273315m] n2=[] n3=[]
1789735826 n0=[/dev/tenstorrent/0:  273315m] n2=[] n3=[]
1789735828 n0=[/dev/tenstorrent/0:  273315m] n2=[] n3=[]
1789735830 n0=[/dev/tenstorrent/0:  273315m] n2=[] n3=[]
1789735832 n0=[/dev/tenstorrent/0:  273315m] n2=[] n3=[]
1789735834 n0=[] n2=[] n3=[]
1789735836 n0=[] n2=[] n3=[]
1789735838 n0=[] n2=[] n3=[]
1789735840 n0=[/dev/tenstorrent/0:  275002m] n2=[] n3=[]
1789735842 n0=[/dev/tenstorrent/0:  275002m] n2=[] n3=[]
1789735844 n0=[/dev/tenstorrent/0:  275002m] n2=[] n3=[]
1789735846 n0=[/dev/tenstorrent/0:  275002m] n2=[] n3=[]
1789735848 n0=[/dev/tenstorrent/0:  275002m] n2=[] n3=[]
1789735851 n0=[/dev/tenstorrent/0:  275002m] n2=[] n3=[]
1789735853 n0=[/dev/tenstorrent/0:  275002m] n2=[] n3=[]
1789735855 n0=[/dev/tenstorrent/0:  275002m] n2=[] n3=[]
1789735857 n0=[/dev/tenstorrent/0:  275002m] n2=[] n3=[]
1789735859 n0=[/dev/tenstorrent/0:  275002m] n2=[] n3=[]
1789735861 n0=[/dev/tenstorrent/0:  275002m] n2=[] n3=[]
1789735863 n0=[/dev/tenstorrent/0:  275002m] n2=[] n3=[]
1789735865 n0=[/dev/tenstorrent/0:  275002m] n2=[] n3=[]
1789735867 n0=[/dev/tenstorrent/0:  275002m] n2=[] n3=[]
1789735869 n0=[/dev/tenstorrent/0:  275002m] n2=[] n3=[]
1789735871 n0=[/dev/tenstorrent/0:  275002m] n2=[] n3=[]
1789735873 n0=[/dev/tenstorrent/0:  275002m] n2=[] n3=[]
1789735875 n0=[/dev/tenstorrent/0:  275002m] n2=[] n3=[]
1789735877 n0=[/dev/tenstorrent/0:  275002m] n2=[] n3=[]
1789735879 n0=[/dev/tenstorrent/0:  275002m] n2=[] n3=[]
1789735881 n0=[/dev/tenstorrent/0:  275002m] n2=[] n3=[]
1789735883 n0=[/dev/tenstorrent/0:  275002m] n2=[] n3=[]
1789735885 n0=[] n2=[] n3=[]
1789735887 n0=[] n2=[] n3=[]
1789735889 n0=[] n2=[] n3=[]
1789735891 n0=[/dev/tenstorrent/0:  280706m] n2=[] n3=[]
1789735893 n0=[/dev/tenstorrent/0:  280706m] n2=[] n3=[]
1789735895 n0=[/dev/tenstorrent/0:  280706m] n2=[] n3=[]
1789735897 n0=[/dev/tenstorrent/0:  280706m] n2=[] n3=[]
1789735899 n0=[/dev/tenstorrent/0:  280706m] n2=[] n3=[]
1789735901 n0=[/dev/tenstorrent/0:  280706m] n2=[] n3=[]
1789735903 n0=[/dev/tenstorrent/0:  280706m] n2=[] n3=[]
1789735905 n0=[/dev/tenstorrent/0:  280706m] n2=[] n3=[]
1789735907 n0=[/dev/tenstorrent/0:  280706m] n2=[] n3=[]
1789735909 n0=[/dev/tenstorrent/0:  280706m] n2=[] n3=[]
1789735912 n0=[] n2=[] n3=[]
1789735914 n0=[] n2=[] n3=[]
1789735916 n0=[] n2=[] n3=[]
1789735918 n0=[/dev/tenstorrent/0:  282352m] n2=[] n3=[]
1789735920 n0=[/dev/tenstorrent/0:  282352m] n2=[] n3=[]
1789735922 n0=[/dev/tenstorrent/0:  282352m] n2=[] n3=[]
1789735924 n0=[/dev/tenstorrent/0:  282352m] n2=[] n3=[]
1789735926 n0=[/dev/tenstorrent/0:  282352m] n2=[] n3=[]
1789735928 n0=[/dev/tenstorrent/0:  282352m] n2=[] n3=[]
1789735930 n0=[/dev/tenstorrent/0:  282352m] n2=[] n3=[]
1789735932 n0=[/dev/tenstorrent/0:  282352m] n2=[] n3=[]
1789735934 n0=[/dev/tenstorrent/0:  282352m] n2=[] n3=[]
1789735936 n0=[/dev/tenstorrent/0:  282352m] n2=[] n3=[]
1789735938 n0=[/dev/tenstorrent/0:  282352m] n2=[] n3=[]
1789735940 n0=[/dev/tenstorrent/0:  282352m] n2=[] n3=[]
1789735942 n0=[/dev/tenstorrent/0:  282352m] n2=[] n3=[]
1789735944 n0=[/dev/tenstorrent/0:  282352m] n2=[] n3=[]
1789735946 n0=[/dev/tenstorrent/0:  282352m] n2=[] n3=[]
1789735948 n0=[/dev/tenstorrent/0:  282352m] n2=[] n3=[]
1789735950 n0=[/dev/tenstorrent/0:  282352m] n2=[] n3=[]
1789735952 n0=[/dev/tenstorrent/0:  282352m] n2=[] n3=[]
1789735954 n0=[/dev/tenstorrent/0:  282352m] n2=[] n3=[]
1789735956 n0=[/dev/tenstorrent/0:  282352m] n2=[] n3=[]
1789735958 n0=[/dev/tenstorrent/0:  282352m] n2=[] n3=[]
1789735960 n0=[/dev/tenstorrent/0:  282352m] n2=[] n3=[]
1789735962 n0=[/dev/tenstorrent/0:  282352m] n2=[] n3=[]
1789735964 n0=[/dev/tenstorrent/0:  282352m] n2=[] n3=[]
1789735966 n0=[/dev/tenstorrent/0:  282352m] n2=[] n3=[]
1789735969 n0=[/dev/tenstorrent/0:  282352m] n2=[] n3=[]
1789735971 n0=[/dev/tenstorrent/0:  282352m] n2=[] n3=[]
1789735973 n0=[/dev/tenstorrent/0:  282352m] n2=[] n3=[]
1789735975 n0=[/dev/tenstorrent/0:  282352m] n2=[] n3=[]
1789735977 n0=[] n2=[] n3=[]
1789735979 n0=[] n2=[] n3=[]
1789735981 n0=[/dev/tenstorrent/0:  289834m] n2=[] n3=[]
1789735983 n0=[/dev/tenstorrent/0:  289834m] n2=[] n3=[]
1789735985 n0=[/dev/tenstorrent/0:  289834m] n2=[] n3=[]
1789735987 n0=[/dev/tenstorrent/0:  289834m] n2=[] n3=[]
1789735989 n0=[/dev/tenstorrent/0:  289834m] n2=[] n3=[]
1789735991 n0=[/dev/tenstorrent/0:  289834m] n2=[] n3=[]
1789735993 n0=[/dev/tenstorrent/0:  289834m] n2=[] n3=[]
1789735995 n0=[/dev/tenstorrent/0:  289834m] n2=[] n3=[]
1789735997 n0=[/dev/tenstorrent/0:  289834m] n2=[] n3=[]
1789735999 n0=[/dev/tenstorrent/0:  289834m] n2=[] n3=[]
1789736001 n0=[/dev/tenstorrent/0:  289834m] n2=[] n3=[]
1789736003 n0=[/dev/tenstorrent/0:  289834m] n2=[] n3=[]
1789736005 n0=[/dev/tenstorrent/0:  289834m] n2=[] n3=[]
1789736007 n0=[/dev/tenstorrent/0:  289834m] n2=[] n3=[]
1789736009 n0=[/dev/tenstorrent/0:  289834m] n2=[] n3=[]
1789736011 n0=[] n2=[] n3=[]
1789736013 n0=[] n2=[] n3=[]
1789736015 n0=[] n2=[] n3=[]
1789736017 n0=[/dev/tenstorrent/0:  291631m] n2=[] n3=[]
1789736019 n0=[/dev/tenstorrent/0:  291631m] n2=[] n3=[]
1789736021 n0=[/dev/tenstorrent/0:  291631m] n2=[] n3=[]
1789736024 n0=[/dev/tenstorrent/0:  291631m] n2=[] n3=[]
1789736026 n0=[/dev/tenstorrent/0:  291631m] n2=[] n3=[]
1789736028 n0=[/dev/tenstorrent/0:  291631m] n2=[] n3=[]
1789736030 n0=[/dev/tenstorrent/0:  291631m] n2=[] n3=[]
1789736032 n0=[/dev/tenstorrent/0:  291631m] n2=[] n3=[]
1789736034 n0=[/dev/tenstorrent/0:  291631m] n2=[] n3=[]
1789736036 n0=[/dev/tenstorrent/0:  291631m] n2=[] n3=[]
1789736038 n0=[/dev/tenstorrent/0:  291631m] n2=[] n3=[]
1789736040 n0=[/dev/tenstorrent/0:  291631m] n2=[] n3=[]
1789736042 n0=[/dev/tenstorrent/0:  291631m] n2=[] n3=[]
1789736044 n0=[/dev/tenstorrent/0:  291631m] n2=[] n3=[]
1789736046 n0=[/dev/tenstorrent/0:  291631m] n2=[] n3=[]
1789736048 n0=[/dev/tenstorrent/0:  291631m] n2=[] n3=[]
1789736050 n0=[/dev/tenstorrent/0:  291631m] n2=[] n3=[]
1789736052 n0=[/dev/tenstorrent/0:  291631m] n2=[] n3=[]
1789736054 n0=[/dev/tenstorrent/0:  291631m] n2=[] n3=[]
1789736056 n0=[/dev/tenstorrent/0:  291631m] n2=[] n3=[]
1789736058 n0=[/dev/tenstorrent/0:  291631m] n2=[] n3=[]
1789736060 n0=[/dev/tenstorrent/0:  291631m] n2=[] n3=[]
1789736062 n0=[/dev/tenstorrent/0:  291631m] n2=[] n3=[]
1789736064 n0=[/dev/tenstorrent/0:  291631m] n2=[] n3=[]
1789736066 n0=[/dev/tenstorrent/0:  291631m] n2=[] n3=[]
1789736068 n0=[/dev/tenstorrent/0:  291631m] n2=[] n3=[]
1789736070 n0=[/dev/tenstorrent/0:  291631m] n2=[] n3=[]
1789736072 n0=[/dev/tenstorrent/0:  291631m] n2=[] n3=[]
1789736074 n0=[/dev/tenstorrent/0:  291631m] n2=[] n3=[]
1789736076 n0=[/dev/tenstorrent/0:  291631m] n2=[] n3=[]
1789736078 n0=[/dev/tenstorrent/0:  291631m] n2=[] n3=[]
1789736080 n0=[/dev/tenstorrent/0:  291631m] n2=[] n3=[]
1789736083 n0=[/dev/tenstorrent/0:  291631m] n2=[] n3=[]
1789736085 n0=[/dev/tenstorrent/0:  291631m] n2=[] n3=[]
1789736087 n0=[] n2=[] n3=[]
1789736089 n0=[] n2=[] n3=[]
1789736091 n0=[/dev/tenstorrent/0:  299124m] n2=[] n3=[]
1789736093 n0=[/dev/tenstorrent/0:  299124m] n2=[] n3=[]
1789736095 n0=[/dev/tenstorrent/0:  299124m] n2=[] n3=[]
1789736097 n0=[/dev/tenstorrent/0:  299124m] n2=[] n3=[]
1789736099 n0=[/dev/tenstorrent/0:  299124m] n2=[] n3=[]
1789736101 n0=[/dev/tenstorrent/0:  299124m] n2=[] n3=[]
1789736103 n0=[/dev/tenstorrent/0:  299124m] n2=[] n3=[]
1789736105 n0=[/dev/tenstorrent/0:  299124m] n2=[] n3=[]
1789736107 n0=[/dev/tenstorrent/0:  299124m] n2=[] n3=[]
1789736109 n0=[/dev/tenstorrent/0:  299124m] n2=[] n3=[]
1789736111 n0=[/dev/tenstorrent/0:  299124m] n2=[] n3=[]
1789736113 n0=[/dev/tenstorrent/0:  299124m] n2=[] n3=[]
1789736115 n0=[/dev/tenstorrent/0:  299124m] n2=[] n3=[]
1789736117 n0=[/dev/tenstorrent/0:  299124m] n2=[] n3=[]
1789736119 n0=[/dev/tenstorrent/0:  299124m] n2=[] n3=[]
1789736121 n0=[/dev/tenstorrent/0:  299124m] n2=[] n3=[]
1789736123 n0=[/dev/tenstorrent/0:  299124m] n2=[] n3=[/dev/tenstorrent/3:  299792m 299820]
1789736125 n0=[/dev/tenstorrent/0:  299124m] n2=[] n3=[/dev/tenstorrent/3:  299792m 299820]
1789736127 n0=[/dev/tenstorrent/0:  299124m] n2=[] n3=[/dev/tenstorrent/3:  299792m 299820]
1789736129 n0=[/dev/tenstorrent/0:  299124m] n2=[] n3=[/dev/tenstorrent/3:  299792m 299820]
1789736131 n0=[/dev/tenstorrent/0:  299124m] n2=[] n3=[/dev/tenstorrent/3:  299792m 299820]
