2026-10-02 01:03:57.875 | DEBUG    | ttnn:<module>:77 - Initial ttnn.CONFIG:
Config{cache_path=/home/moritz/.cache/ttnn,model_cache_path=/home/moritz/.cache/ttnn/models,tmp_dir=/tmp/ttnn,enable_model_cache=false,enable_fast_runtime_mode=true,throw_exception_on_fallback=false,enable_logging=false,enable_graph_report=false,enable_detailed_buffer_report=false,enable_detailed_tensor_report=false,enable_comparison_mode=false,comparison_mode_should_raise_exception=false,comparison_mode_pcc=0.9999,root_report_path=generated/ttnn/reports,report_name=std::nullopt,std::nullopt}
{
 "host": "pc",
 "card": "0",
 "target": "hHSA",
 "target_residues": 578,
 "target_chains": 1,
 "target_fold": "all-alpha, three homologous domains",
 "binder": 240,
 "tokens": 832,
 "rounds_requested": 3,
 "footprint_probe": false,
 "timing_valid": true,
 "trajectories_arg": "1",
 "design_tokens": 864,
 "auto_before_open": {
  "count": 1,
  "why": "at 864 tokens one trajectory is priced at up to 35.1 GB against the 27.7 GB the card has for them, so a second one does not fit and it runs one",
  "tokens_asked": 864
 },
 "auto_would_choose": [
  1,
  "at 864 tokens one trajectory is priced at up to 35.1 GB against the 27.7 GB the card has for them, so a second one does not fit and it runs one"
 ],
 "max_trajectories": 2,
 "validation": "device",
 "seed": 100,
 "commit": "8dbaa61b13ba2c1737804ad18c03adc55cef963c",
 "dirty": false,
 "compile_cache": "/home/moritz/.coworker/wt/rel012-verify-bh/perf/rel012_bh/out/modes/xlacache_tagtree011",
 "pci": "0000:01:00.0",
 "sysfs": "/sys/class/tenstorrent/tenstorrent!0/tt_aiclk",
 "nproc": 12,
 "loadavg_start": [
  2.6337890625,
  4.00390625,
  3.81103515625
 ],
 "mem_start": {
  "vmhwm": 547909632,
  "vmrss": 539127808,
  "mem_available": 25267105792
 },
 "started_utc": "2026-10-01T23:03:58Z"
}
/home/moritz/.coworker/wt/rel012-verify-bh/tagtree011/tt_bio/main.py:62: RuntimeWarning: os.fork() was called. os.fork() is incompatible with multithreaded code, and JAX is multithreaded, so this will likely lead to a deadlock.
  pid = _os.fork()
[tt_bio.bindcraft2] stops at whichever comes first: 2 accepted designs, or 2 trajectories spent. Interleaved arms already running can carry the accepted count past 2, so it is a floor, not a quota.
[tt_bio.bindcraft2] a trajectory is also ended mid-design by the per-stage gates, which the campaign's own `filters` line does not list: screen pLDDT >= 0.6 (min_plddt_screen), refine pLDDT >= 0.6 (min_plddt_refine), anneal i_pTM >= 0.5 (min_iptm_anneal), anneal pLDDT >= 0.65 (min_plddt_anneal), harden i_pTM >= 0.5 (min_iptm_harden), harden pLDDT >= 0.65 (min_plddt_harden), mutate i_pTM >= 0.5 (min_iptm_mutate), mutate pLDDT >= 0.6 (min_plddt_mutate), final i_pTM >= 0.7 (min_iptm_final), final monomer pLDDT >= 0.7 (min_monomer_plddt_final), final pLDDT >= 0.7 (min_plddt_final). A trajectory that misses one is charged against the budget and counted under `terminated`, and the rejection names the metric (i_pTM/monomer pLDDT/pLDDT), not the setting.
BindCraft 2 v1.0.1
campaign hHSA_240
binder length 240
target hHSA (target) | 578 residues | hotspots 199,214,218,222
losses binder_contacts=1.0 binder_helicity=-0.3 binder_pae=0.4 compactness=0.5 interface_contacts=1.0 interface_pae=0.1 iptm_loss=0.05 plddt_loss=0.1
filters Backbone_Clashes <= 0, Binder_RMSD <= 3.5, Interface_Residues >= 7, Unbound_Binder_pLDDT >= 0.7, i_pAE <= 0.35, i_pTM >= 0.7, pTM >= 0.55
results /home/moritz/.coworker/wt/rel012-verify-bh/perf/rel012_bh/out/modes/g864_tag | 3_Ranked/!_Ranked.csv rewritten as each design is accepted | summary.csv written when the campaign ends

=== trajectory 1 | hHSA_240_denovo_l240_b1174067c76edfa2 | accepted 0/2 ===
2026-10-02 01:04:18.933 | critical |          Always | TT_THROW: Statically allocated circular buffers on core range [(x=0,y=0) - (x=12,y=9)] grow to 3822080 B which is beyond max L1 size of 1572864 B (assert.hpp:104)
2026-10-02 01:04:18.950 | critical |          Always | TT_THROW: Statically allocated circular buffers on core range [(x=0,y=0) - (x=12,y=9)] grow to 3711488 B which is beyond max L1 size of 1572864 B (assert.hpp:104)
{
 "host": "pc",
 "card": "0",
 "target": "hHSA",
 "target_residues": 578,
 "target_chains": 1,
 "target_fold": "all-alpha, three homologous domains",
 "binder": 240,
 "tokens": 832,
 "rounds_requested": 3,
 "footprint_probe": false,
 "timing_valid": true,
 "trajectories_arg": "1",
 "design_tokens": 864,
 "auto_before_open": {
  "count": 1,
  "why": "at 864 tokens one trajectory is priced at up to 35.1 GB against the 27.7 GB the card has for them, so a second one does not fit and it runs one",
  "tokens_asked": 864
 },
 "auto_would_choose": [
  1,
  "at 864 tokens one trajectory is priced at up to 35.1 GB against the 27.7 GB the card has for them, so a second one does not fit and it runs one"
 ],
 "max_trajectories": 2,
 "validation": "device",
 "seed": 100,
 "commit": "8dbaa61b13ba2c1737804ad18c03adc55cef963c",
 "dirty": false,
 "compile_cache": "/home/moritz/.coworker/wt/rel012-verify-bh/perf/rel012_bh/out/modes/xlacache_tagtree011",
 "pci": "0000:01:00.0",
 "sysfs": "/sys/class/tenstorrent/tenstorrent!0/tt_aiclk",
 "nproc": 12,
 "loadavg_start": [
  2.6337890625,
  4.00390625,
  3.81103515625
 ],
 "mem_start": {
  "vmhwm": 547909632,
  "vmrss": 539127808,
  "mem_available": 25267105792
 },
 "started_utc": "2026-10-01T23:03:58Z",
 "fast": {
  "MM_LAYOUT": true,
  "TAPED_MOVE": true,
  "WIDEN_ADD": true,
  "QKV_GRAD_JOIN": true,
  "FUSED": true,
  "_TRIATT_FUSED_HIFI": true,
  "rne_kernel": true,
  "TAPED_KERNELS_DEFAULT": "tri_att_sdpa_hifi,rne_add",
  "SOFTMAX_BW_FP32": false
 },
 "auto_card_open": {
  "count": 1,
  "why": "at 864 tokens one trajectory is priced at up to 35.1 GB against the 30.9 GB the card has for them, so a second one does not fit and it runs one",
  "tokens_asked": 864
 },
 "wall_seconds": 352.38,
 "trajectories_returned": null,
 "error": "StopAfterRounds(3 rounds collected)",
 "traceback": null,
 "dram_total_bytes": 34225520128,
 "complex_residues": 834,
 "evoformer_axis": 864,
 "axis_seen": [
  864
 ],
 "axis_matches_arithmetic": false,
 "auto_priced_axis_short_by": 0,
 "device_free_min": 30988789760,
 "rounds_done": 4,
 "rounds_per_slot": {
  "": 4
 },
 "levers": {
  "genq_compact": false,
  "grad_fanin_l1": false,
  "widen_add": false,
  "taped_channel_move": false,
  "mm_layout": false,
  "triatt_bw": false,
  "triatt_hifi": false,
  "rne_kernel": false
 },
 "lever_stats": {
  "mm_layout": {
   "declined: has a program config": 456876,
   "declined: has a core grid": 864,
   "served": 2520,
   "declined: not batched": 7344
  },
  "taped_channel_move": [
   2268,
   5328,
   1620,
   0
  ],
  "widen_add": {
   "served: first": 2646,
   "served: later": 6444
  },
  "rne_add": [
   4158,
   36
  ],
  "qkv_grad_join": {
   "served": 1836
  },
  "triatt_bw": {
   "served": 0,
   "declined": 324,
   "bw_calls": 324
  },
  "triatt_fused_hifi": {
   "served": 972,
   "declined": 0,
   "too_short": 0,
   "taped": 0,
   "padded": 0
  },
  "taped_kernels": {
   "rne_add": [
    4158,
    0
   ],
   "tri_att_sdpa_hifi": [
    972,
    0
   ]
  }
 },
 "triatt_reach": {
  "bw_calls": 324,
  "served": 0,
  "declined": 324
 },
 "aiclk_run": {
  "n": 334,
  "aiclk_min": 1343,
  "aiclk_med": 1350,
  "aiclk_max": 1350,
  "load1": 2.7
 },
 "node_probe_samples": 0,
 "mem_end": {
  "vmhwm": 20040028160,
  "vmrss": 6815969280,
  "mem_available": 18337009664
 },
 "loadavg_end": [
  2.62060546875,
  3.00634765625,
  3.43115234375
 ],
 "finished_utc": "2026-10-01T23:09:50Z"
}
