=== 2026-10-01T22:47:34Z START t768_auto2 tree=38e5a87fa binder=150 
=== rc=1 2026-10-01T22:48:44Z END t768_auto2
=== 2026-10-01T22:48:44Z START t832_auto2 tree=e548f285b binder=210 
=== rc=1 2026-10-01T22:49:36Z END t832_auto2
=== 2026-10-01T22:49:36Z START t768_lean tree=e548f285b binder=150 --memory lean
=== rc=0 2026-10-01T22:51:57Z END t768_lean
=== 2026-10-01T22:51:57Z START t768_offload tree=d6023785c binder=150 --memory offload
=== rc=137 2026-10-01T22:52:24Z END t768_offload
=== 2026-10-01T22:52:24Z START g768_tag tree=8dbaa61b1 binder=150 
=== rc=1 2026-10-01T22:53:35Z END g768_tag
=== 2026-10-01T22:53:35Z START t832_lean tree=ec124cd3e binder=210 --memory lean
=== rc=0 2026-10-01T22:56:30Z END t832_lean
=== 2026-10-01T22:56:30Z START t832_offload tree=14d801f51 binder=210 --memory offload
=== rc=137 2026-10-01T22:57:39Z END t832_offload
=== 2026-10-01T22:57:39Z START g832_tag tree=8dbaa61b1 binder=210 
=== rc=0 2026-10-01T23:03:25Z END g832_tag
=== 2026-10-01T23:03:25Z START t864_offload tree=a559cfec1 binder=240 --memory offload
=== rc=137 2026-10-01T23:03:54Z END t864_offload
=== 2026-10-01T23:03:54Z START g864_tag tree=8dbaa61b1 binder=240 
=== rc=0 2026-10-01T23:09:52Z END g864_tag
=== MODES DONE 2026-10-01T23:09:52Z
