2026-10-02 00:49:37.872 | DEBUG    | ttnn:<module>:77 - Initial ttnn.CONFIG:
Config{cache_path=/home/moritz/.cache/ttnn,model_cache_path=/home/moritz/.cache/ttnn/models,tmp_dir=/tmp/ttnn,enable_model_cache=false,enable_fast_runtime_mode=true,throw_exception_on_fallback=false,enable_logging=false,enable_graph_report=false,enable_detailed_buffer_report=false,enable_detailed_tensor_report=false,enable_comparison_mode=false,comparison_mode_should_raise_exception=false,comparison_mode_pcc=0.9999,root_report_path=generated/ttnn/reports,report_name=std::nullopt,std::nullopt}
{
 "host": "pc",
 "card": "0",
 "target": "hHSA",
 "target_residues": 578,
 "target_chains": 1,
 "target_fold": "all-alpha, three homologous domains",
 "binder": 150,
 "tokens": 736,
 "rounds_requested": 3,
 "footprint_probe": false,
 "timing_valid": true,
 "trajectories_arg": "1",
 "design_tokens": 768,
 "auto_before_open": {
  "count": 1,
  "why": "at 768 tokens one trajectory is priced at up to 27.7 GB against the 28.2 GB the card has for them, so a second one does not fit and it runs one",
  "tokens_asked": 768
 },
 "auto_would_choose": [
  1,
  "at 768 tokens one trajectory is priced at up to 27.7 GB against the 28.2 GB the card has for them, so a second one does not fit and it runs one"
 ],
 "max_trajectories": 2,
 "validation": "device",
 "seed": 100,
 "commit": "e548f285b8ad3afd9da12272ca6016fb832a43c3",
 "dirty": true,
 "compile_cache": "/home/moritz/.coworker/wt/rel012-verify-bh/perf/rel012_bh/out/modes/xlacache_rel012-verify-bh",
 "pci": "0000:01:00.0",
 "sysfs": "/sys/class/tenstorrent/tenstorrent!0/tt_aiclk",
 "nproc": 12,
 "loadavg_start": [
  2.90625,
  3.421875,
  2.70947265625
 ],
 "mem_start": {
  "vmhwm": 552640512,
  "vmrss": 542810112,
  "mem_available": 24261513216
 },
 "started_utc": "2026-10-01T22:49:38Z"
}
/home/moritz/.coworker/wt/rel012-verify-bh/tt_bio/main.py:62: RuntimeWarning: os.fork() was called. os.fork() is incompatible with multithreaded code, and JAX is multithreaded, so this will likely lead to a deadlock.
  pid = _os.fork()
[tt_bio.bindcraft2] stops at whichever comes first: 2 accepted designs, or 2 trajectories spent. Interleaved arms already running can carry the accepted count past 2, so it is a floor, not a quota.
[tt_bio.bindcraft2] a trajectory is also ended mid-design by the per-stage gates, which the campaign's own `filters` line does not list: screen pLDDT >= 0.6 (min_plddt_screen), refine pLDDT >= 0.6 (min_plddt_refine), anneal i_pTM >= 0.5 (min_iptm_anneal), anneal pLDDT >= 0.65 (min_plddt_anneal), harden i_pTM >= 0.5 (min_iptm_harden), harden pLDDT >= 0.65 (min_plddt_harden), mutate i_pTM >= 0.5 (min_iptm_mutate), mutate pLDDT >= 0.6 (min_plddt_mutate), final i_pTM >= 0.7 (min_iptm_final), final monomer pLDDT >= 0.7 (min_monomer_plddt_final), final pLDDT >= 0.7 (min_plddt_final). A trajectory that misses one is charged against the budget and counted under `terminated`, and the rejection names the metric (i_pTM/monomer pLDDT/pLDDT), not the setting.
BindCraft 2 v1.0.1
campaign hHSA_150
binder length 150
target hHSA (target) | 578 residues | hotspots 199,214,218,222
losses binder_contacts=1.0 binder_helicity=-0.3 binder_pae=0.4 compactness=0.5 interface_contacts=1.0 interface_pae=0.1 iptm_loss=0.05 plddt_loss=0.1
filters Backbone_Clashes <= 0, Binder_RMSD <= 3.5, Interface_Residues >= 7, Unbound_Binder_pLDDT >= 0.7, i_pAE <= 0.35, i_pTM >= 0.7, pTM >= 0.55
results /home/moritz/.coworker/wt/rel012-verify-bh/perf/rel012_bh/out/modes/t768_lean | 3_Ranked/!_Ranked.csv rewritten as each design is accepted | summary.csv written when the campaign ends

=== trajectory 1 | hHSA_150_denovo_l150_b0173dc7e2558d74 | accepted 0/2 ===
[tt_bio.bindcraft2] 768 tokens runs in the 'lean' memory mode (as requested): each gradient round runs every Evoformer block's forward once more. See docs/bindcraft2.md, 'Large complexes'.
2026-10-02 00:49:47.750 | critical |          Always | TT_THROW: Statically allocated circular buffers on core range [(x=0,y=0) - (x=12,y=9)] grow to 2198016 B which is beyond max L1 size of 1572864 B (assert.hpp:104)
{
 "host": "pc",
 "card": "0",
 "target": "hHSA",
 "target_residues": 578,
 "target_chains": 1,
 "target_fold": "all-alpha, three homologous domains",
 "binder": 150,
 "tokens": 736,
 "rounds_requested": 3,
 "footprint_probe": false,
 "timing_valid": true,
 "trajectories_arg": "1",
 "design_tokens": 768,
 "auto_before_open": {
  "count": 1,
  "why": "at 768 tokens one trajectory is priced at up to 27.7 GB against the 28.2 GB the card has for them, so a second one does not fit and it runs one",
  "tokens_asked": 768
 },
 "auto_would_choose": [
  1,
  "at 768 tokens one trajectory is priced at up to 27.7 GB against the 28.2 GB the card has for them, so a second one does not fit and it runs one"
 ],
 "max_trajectories": 2,
 "validation": "device",
 "seed": 100,
 "commit": "e548f285b8ad3afd9da12272ca6016fb832a43c3",
 "dirty": true,
 "compile_cache": "/home/moritz/.coworker/wt/rel012-verify-bh/perf/rel012_bh/out/modes/xlacache_rel012-verify-bh",
 "pci": "0000:01:00.0",
 "sysfs": "/sys/class/tenstorrent/tenstorrent!0/tt_aiclk",
 "nproc": 12,
 "loadavg_start": [
  2.90625,
  3.421875,
  2.70947265625
 ],
 "mem_start": {
  "vmhwm": 552640512,
  "vmrss": 542810112,
  "mem_available": 24261513216
 },
 "started_utc": "2026-10-01T22:49:38Z",
 "fast": {
  "MM_LAYOUT": true,
  "TAPED_MOVE": true,
  "WIDEN_ADD": true,
  "QKV_GRAD_JOIN": true,
  "FUSED": true,
  "QKV_PACKED": true,
  "EXP_21F": true,
  "FANIN_CAST_FUSED": true,
  "PAIR_TRANSPOSE_FUSED": true,
  "GATED_GRAD_PACKED": true,
  "GATED_BW_FUSED": true,
  "GATE_BW_FUSED": true,
  "LEAD_SUM_FUSED": true,
  "PAIR_MM_FUSED": true,
  "NOGRAD_IS_INFERENCE": true,
  "_TRIATT_FUSED_HIFI": true,
  "rne_kernel": true,
  "tri_att_g_in_matmul": true,
  "rows_in_k": true,
  "TAPED_KERNELS_DEFAULT": "tri_att_sdpa_hifi,rne_add,reblock_permute_gated,pair_transpose,triatt_qkv_heads",
  "SOFTMAX_BW_FP32": false
 },
 "memory_requested": "lean",
 "memory_used": {
  "768": "lean"
 },
 "auto_card_open": {
  "count": 1,
  "why": "at 768 tokens one trajectory is priced at up to 27.7 GB against the 30.9 GB the card has for them, so a second one does not fit and it runs one",
  "tokens_asked": 768
 },
 "wall_seconds": 137.71,
 "trajectories_returned": null,
 "accepted": null,
 "error": "StopAfterRounds(3 rounds collected)",
 "traceback": null,
 "dram_total_bytes": 34225520128,
 "complex_residues": 738,
 "evoformer_axis": 768,
 "axis_seen": [
  768
 ],
 "axis_matches_arithmetic": false,
 "auto_priced_axis_short_by": 0,
 "device_free_min": 31464428032,
 "rounds_done": 4,
 "rounds_per_slot": {
  "": 4
 },
 "levers": {
  "genq_compact": false,
  "grad_fanin_l1": false,
  "widen_add": false,
  "taped_channel_move": false,
  "mm_layout": false,
  "triatt_bw": false,
  "triatt_hifi": false,
  "rne_kernel": false
 },
 "lever_stats": {
  "mm_layout": {
   "declined: has a program config": 4608,
   "declined: has a core grid": 1152,
   "served": 1800,
   "declined: not batched": 3792
  },
  "taped_channel_move": [
   324,
   5940,
   1296,
   0
  ],
  "widen_add": {
   "served: first": 1566,
   "served: later": 768,
   "served: round": 1224
  },
  "rne_add": [
   5544,
   36
  ],
  "qkv_grad_join": {
   "served": 900
  },
  "triatt_bw": {
   "served": 324,
   "declined": 0,
   "packed": 0,
   "bw_calls": 324
  },
  "triatt_fused_hifi": {
   "served": 1296,
   "declined": 0,
   "too_short": 0,
   "taped": 0,
   "padded": 0
  },
  "taped_kernels": {
   "reblock_permute_gated": [
    2592,
    0
   ],
   "rne_add": [
    5544,
    0
   ],
   "triatt_qkv_heads": [
    1248,
    48
   ],
   "tri_att_sdpa_hifi": [
    1296,
    0
   ],
   "pair_transpose": [
    1296,
    0
   ]
  }
 },
 "triatt_reach": {
  "bw_calls": 324,
  "served": 324,
  "declined": 0
 },
 "aiclk_run": {
  "n": 128,
  "aiclk_min": 800,
  "aiclk_med": 1350,
  "aiclk_max": 1350,
  "load1": 3.2
 },
 "node_probe_samples": 0,
 "mem_end": {
  "vmhwm": 16714776576,
  "vmrss": 6125596672,
  "mem_available": 19157069824
 },
 "loadavg_end": [
  3.05859375,
  3.345703125,
  2.78125
 ],
 "finished_utc": "2026-10-01T22:51:55Z"
}
