CAPACITY GATE -- 1536 tokens -- p300c / blackhole on tt-quietbox2:3
  DRAM 8 banks x 4278190016 B = 31.875 GiB   L1 110 banks x 1461760 B   grid (x=11,y=10)
  CAPACITY ONLY: allocates and completes. It does not and cannot check correctness -- that is scripts/full_parity_gate.py.

  model          verdict      tok   pad   rows    peak DRAM     wall  by/mech
  ---------------------------------------------------------------------------

  Coverage reductions applied by this run:
    - diffusion_samples=1. Samples are independent and add no peak, so this costs no coverage.
    - The MSA is a committed alignment rather than a fresh search. Device memory does not care how the alignment was found; this costs no coverage.
    - Target-first: 1536 runs FIRST and a pass ends the cell. Only a failure pays for a downward bisect. Costs no coverage.
    - The fixture is polymer-only, so the LIGAND-TOKEN path is uncovered: no cell here sets ligand_tokens, and a model whose production input carries ligands is tested at 1536 polymer tokens only.

  0 pass, 0 fail, 0 inconclusive, 0 skipped, 0 no-weights, 0 unmeasured of 0 cells
  -> opendde-abag   FAIL       3.3s size_guard 
  -> openfold3      PASS       428.4s  
  -> protenix-v1    PASS       281.7s  
  -> protenix-v2    PASS       769.6s  
  -> rf3            PASS       377.2s  
  -> saprot-35m     PASS       3.6s  
  -> saprot-650m    PASS       6.9s  

CAPACITY GATE -- 1536 tokens -- p300c / blackhole on tt-quietbox2:3
  DRAM 8 banks x 4278190016 B = 31.875 GiB   L1 110 banks x 1461760 B   grid (x=11,y=10)
  CAPACITY ONLY: allocates and completes. It does not and cannot check correctness -- that is scripts/full_parity_gate.py.

  model          verdict      tok   pad   rows    peak DRAM     wall  by/mech
  ---------------------------------------------------------------------------
  opendde-abag   FAIL        1536  1536   8832            -      3.3  screen/size_guard  ceiling~1024
  openfold3      PASS        1536  1536   8832    9.86G/31%    428.4  residency/-
  protenix-v1    PASS        1536  1536   8832    3.28G/10%    281.7  residency/-
  protenix-v2    PASS        1536  1536   8832    4.95G/16%    769.6  residency/-
  rf3            PASS        1536  1536   8832    8.56G/27%    377.2  residency/-
  saprot-35m     PASS        1536  1536      0     0.08G/0%      3.6  residency/-
  saprot-650m    PASS        1536  1536      0     1.26G/4%      6.9  residency/-

  Coverage reductions applied by this run:
    - diffusion_samples=1. Samples are independent and add no peak, so this costs no coverage.
    - The MSA is a committed alignment rather than a fresh search. Device memory does not care how the alignment was found; this costs no coverage.
    - Target-first: 1536 runs FIRST and a pass ends the cell. Only a failure pays for a downward bisect. Costs no coverage.
    - The fixture is polymer-only, so the LIGAND-TOKEN path is uncovered: no cell here sets ligand_tokens, and a model whose production input carries ligands is tested at 1536 polymer tokens only.

  6 pass, 1 fail, 0 inconclusive, 0 skipped, 0 no-weights, 0 unmeasured of 7 cells

report: /home/ttuser/scratch/rel0121/tree/perf/capacity/work/report.json
