2026-10-02 01:36:06.797 | DEBUG    | ttnn:<module>:77 - Initial ttnn.CONFIG:
Config{cache_path=/home/moritz/.cache/ttnn,model_cache_path=/home/moritz/.cache/ttnn/models,tmp_dir=/tmp/ttnn,enable_model_cache=false,enable_fast_runtime_mode=true,throw_exception_on_fallback=false,enable_logging=false,enable_graph_report=false,enable_detailed_buffer_report=false,enable_detailed_tensor_report=false,enable_comparison_mode=false,comparison_mode_should_raise_exception=false,comparison_mode_pcc=0.9999,root_report_path=generated/ttnn/reports,report_name=std::nullopt,std::nullopt}
{
 "host": "pc",
 "card": "0",
 "target": "hHSA",
 "target_residues": 578,
 "target_chains": 1,
 "target_fold": "all-alpha, three homologous domains",
 "binder": 180,
 "tokens": 768,
 "rounds_requested": 2,
 "footprint_probe": false,
 "timing_valid": true,
 "trajectories_arg": "1",
 "design_tokens": 800,
 "auto_before_open": {
  "count": 1,
  "why": "at 800 tokens one trajectory is priced at up to 30.1 GB against the 28.0 GB the card has for them, so a second one does not fit and it runs one",
  "tokens_asked": 800
 },
 "auto_would_choose": [
  1,
  "at 800 tokens one trajectory is priced at up to 30.1 GB against the 28.0 GB the card has for them, so a second one does not fit and it runs one"
 ],
 "max_trajectories": 2,
 "validation": "device",
 "seed": 100,
 "commit": "78d1cee27eec4789f105a2a0baf2fe201c4ecd59",
 "dirty": true,
 "compile_cache": "/home/moritz/.coworker/wt/rel012-verify-bh/perf/rel012_bh/out/band/xlacache",
 "pci": "0000:01:00.0",
 "sysfs": "/sys/class/tenstorrent/tenstorrent!0/tt_aiclk",
 "nproc": 12,
 "loadavg_start": [
  3.16796875,
  4.7666015625,
  4.46484375
 ],
 "mem_start": {
  "vmhwm": 552464384,
  "vmrss": 543682560,
  "mem_available": 25811144704
 },
 "started_utc": "2026-10-01T23:36:06Z"
}
/home/moritz/.coworker/wt/rel012-verify-bh/tt_bio/main.py:62: RuntimeWarning: os.fork() was called. os.fork() is incompatible with multithreaded code, and JAX is multithreaded, so this will likely lead to a deadlock.
  pid = _os.fork()
[tt_bio.bindcraft2] stops at whichever comes first: 2 accepted designs, or 2 trajectories spent. Interleaved arms already running can carry the accepted count past 2, so it is a floor, not a quota.
[tt_bio.bindcraft2] a trajectory is also ended mid-design by the per-stage gates, which the campaign's own `filters` line does not list: screen pLDDT >= 0.6 (min_plddt_screen), refine pLDDT >= 0.6 (min_plddt_refine), anneal i_pTM >= 0.5 (min_iptm_anneal), anneal pLDDT >= 0.65 (min_plddt_anneal), harden i_pTM >= 0.5 (min_iptm_harden), harden pLDDT >= 0.65 (min_plddt_harden), mutate i_pTM >= 0.5 (min_iptm_mutate), mutate pLDDT >= 0.6 (min_plddt_mutate), final i_pTM >= 0.7 (min_iptm_final), final monomer pLDDT >= 0.7 (min_monomer_plddt_final), final pLDDT >= 0.7 (min_plddt_final). A trajectory that misses one is charged against the budget and counted under `terminated`, and the rejection names the metric (i_pTM/monomer pLDDT/pLDDT), not the setting.
BindCraft 2 v1.0.1
campaign hHSA_180
binder length 180
target hHSA (target) | 578 residues | hotspots 199,214,218,222
losses binder_contacts=1.0 binder_helicity=-0.3 binder_pae=0.4 compactness=0.5 interface_contacts=1.0 interface_pae=0.1 iptm_loss=0.05 plddt_loss=0.1
filters Backbone_Clashes <= 0, Binder_RMSD <= 3.5, Interface_Residues >= 7, Unbound_Binder_pLDDT >= 0.7, i_pAE <= 0.35, i_pTM >= 0.7, pTM >= 0.55
results /home/moritz/.coworker/wt/rel012-verify-bh/perf/rel012_bh/out/band/a800 | 3_Ranked/!_Ranked.csv rewritten as each design is accepted | summary.csv written when the campaign ends

=== trajectory 1 | hHSA_180_denovo_l180_5def154711f31d2e | accepted 0/2 ===
[tt_bio.bindcraft2] 800 tokens runs in the 'lean' memory mode (chosen because the fast mode fits this card only to 736 tokens): each gradient round runs every Evoformer block's forward once more. See docs/bindcraft2.md, 'Large complexes'.
2026-10-02 01:36:20.946 | critical |          Always | TT_THROW: Statically allocated circular buffers on core range [(x=0,y=0) - (x=12,y=9)] grow to 2155008 B which is beyond max L1 size of 1572864 B (assert.hpp:104)
{
 "host": "pc",
 "card": "0",
 "target": "hHSA",
 "target_residues": 578,
 "target_chains": 1,
 "target_fold": "all-alpha, three homologous domains",
 "binder": 180,
 "tokens": 768,
 "rounds_requested": 2,
 "footprint_probe": false,
 "timing_valid": true,
 "trajectories_arg": "1",
 "design_tokens": 800,
 "auto_before_open": {
  "count": 1,
  "why": "at 800 tokens one trajectory is priced at up to 30.1 GB against the 28.0 GB the card has for them, so a second one does not fit and it runs one",
  "tokens_asked": 800
 },
 "auto_would_choose": [
  1,
  "at 800 tokens one trajectory is priced at up to 30.1 GB against the 28.0 GB the card has for them, so a second one does not fit and it runs one"
 ],
 "max_trajectories": 2,
 "validation": "device",
 "seed": 100,
 "commit": "78d1cee27eec4789f105a2a0baf2fe201c4ecd59",
 "dirty": true,
 "compile_cache": "/home/moritz/.coworker/wt/rel012-verify-bh/perf/rel012_bh/out/band/xlacache",
 "pci": "0000:01:00.0",
 "sysfs": "/sys/class/tenstorrent/tenstorrent!0/tt_aiclk",
 "nproc": 12,
 "loadavg_start": [
  3.16796875,
  4.7666015625,
  4.46484375
 ],
 "mem_start": {
  "vmhwm": 552464384,
  "vmrss": 543682560,
  "mem_available": 25811144704
 },
 "started_utc": "2026-10-01T23:36:06Z",
 "fast": {
  "MM_LAYOUT": true,
  "TAPED_MOVE": true,
  "WIDEN_ADD": true,
  "QKV_GRAD_JOIN": true,
  "FUSED": true,
  "QKV_PACKED": true,
  "EXP_21F": true,
  "FANIN_CAST_FUSED": true,
  "PAIR_TRANSPOSE_FUSED": true,
  "GATED_GRAD_PACKED": true,
  "GATED_BW_FUSED": true,
  "GATE_BW_FUSED": true,
  "LEAD_SUM_FUSED": true,
  "PAIR_MM_FUSED": true,
  "NOGRAD_IS_INFERENCE": true,
  "_TRIATT_FUSED_HIFI": true,
  "rne_kernel": true,
  "tri_att_g_in_matmul": true,
  "rows_in_k": true,
  "TAPED_KERNELS_DEFAULT": "tri_att_sdpa_hifi,rne_add,reblock_permute_gated,pair_transpose,triatt_qkv_heads",
  "SOFTMAX_BW_FP32": false
 },
 "memory_requested": "auto",
 "memory_used": {
  "800": "lean"
 },
 "auto_card_open": {
  "count": 1,
  "why": "at 800 tokens one trajectory is priced at up to 30.1 GB against the 30.9 GB the card has for them, so a second one does not fit and it runs one",
  "tokens_asked": 800
 },
 "wall_seconds": 132.47,
 "trajectories_returned": null,
 "accepted": null,
 "error": "StopAfterRounds(2 rounds collected)",
 "traceback": null,
 "dram_total_bytes": 34225520128,
 "complex_residues": 770,
 "evoformer_axis": 800,
 "axis_seen": [
  800
 ],
 "axis_matches_arithmetic": false,
 "auto_priced_axis_short_by": 0,
 "device_free_min": 31284017152,
 "rounds_done": 3,
 "rounds_per_slot": {
  "": 3
 },
 "levers": {
  "genq_compact": false,
  "grad_fanin_l1": false,
  "widen_add": false,
  "taped_channel_move": false,
  "mm_layout": false,
  "triatt_bw": false,
  "triatt_hifi": false,
  "rne_kernel": false
 },
 "lever_stats": {
  "mm_layout": {
   "declined: has a program config": 3072,
   "declined: has a core grid": 768,
   "served": 1200,
   "declined: not batched": 2624
  },
  "taped_channel_move": [
   216,
   4440,
   864,
   0
  ],
  "widen_add": {
   "served: first": 1044,
   "served: later": 512,
   "served: round": 816
  },
  "rne_add": [
   3696,
   24
  ],
  "qkv_grad_join": {
   "served": 600
  },
  "triatt_bw": {
   "served": 216,
   "declined": 0,
   "packed": 0,
   "bw_calls": 216
  },
  "triatt_fused_hifi": {
   "served": 864,
   "declined": 0,
   "too_short": 0,
   "taped": 0,
   "padded": 0
  },
  "taped_kernels": {
   "reblock_permute_gated": [
    1728,
    0
   ],
   "rne_add": [
    3696,
    0
   ],
   "triatt_qkv_heads": [
    832,
    32
   ],
   "tri_att_sdpa_hifi": [
    864,
    0
   ],
   "pair_transpose": [
    864,
    0
   ]
  }
 },
 "triatt_reach": {
  "bw_calls": 216,
  "served": 216,
  "declined": 0
 },
 "aiclk_run": {
  "n": 113,
  "aiclk_min": 800,
  "aiclk_med": 1350,
  "aiclk_max": 1350,
  "load1": 3.4
 },
 "node_probe_samples": 0,
 "mem_end": {
  "vmhwm": 17788678144,
  "vmrss": 6644203520,
  "mem_available": 19009126400
 },
 "loadavg_end": [
  2.75830078125,
  4.14892578125,
  4.28369140625
 ],
 "finished_utc": "2026-10-01T23:38:19Z"
}
