{"t": 0.03, "step": "start", "region": 268435456, "arch": "wormhole_b0"}
{"t": 0.03, "step": "leased"}
2026-09-24 00:23:19.848 | info     |             UMD | Creating TopologyDiscovery for architecture: wormhole_b0 (topology_discovery.cpp:69)
2026-09-24 00:23:19.919 | info     |             UMD | Established firmware bundle version: 19.6.0 (topology_discovery.cpp:471)
2026-09-24 00:23:19.919 | info     |             UMD | Firmware bundle version 19.6.0 on the system is newer than the latest fully tested version 19.5.0 for wormhole_b0 architecture. Newest features may not be supported. (topology_discovery.cpp:503)
2026-09-24 00:23:19.920 | warning  |             UMD | Board 0x100035100000000 has 1 chips, but expected 32 chips for board type ubb. (cluster_descriptor.cpp:1229)
2026-09-24 00:23:19.923 | info     |          Device | Opening user mode device driver (tt_cluster.cpp:224)
2026-09-24 00:23:19.945 | info     |             UMD | Creating TopologyDiscovery for architecture: wormhole_b0 (topology_discovery.cpp:69)
2026-09-24 00:23:19.979 | info     |             UMD | Established firmware bundle version: 19.6.0 (topology_discovery.cpp:471)
2026-09-24 00:23:19.979 | info     |             UMD | Firmware bundle version 19.6.0 on the system is newer than the latest fully tested version 19.5.0 for wormhole_b0 architecture. Newest features may not be supported. (topology_discovery.cpp:503)
2026-09-24 00:23:19.981 | warning  |             UMD | Board 0x100035100000000 has 1 chips, but expected 32 chips for board type ubb. (cluster_descriptor.cpp:1229)
2026-09-24 00:23:20.008 | info     |             UMD | Creating TopologyDiscovery for architecture: wormhole_b0 (topology_discovery.cpp:69)
2026-09-24 00:23:20.043 | info     |             UMD | Established firmware bundle version: 19.6.0 (topology_discovery.cpp:471)
2026-09-24 00:23:20.043 | info     |             UMD | Firmware bundle version 19.6.0 on the system is newer than the latest fully tested version 19.5.0 for wormhole_b0 architecture. Newest features may not be supported. (topology_discovery.cpp:503)
2026-09-24 00:23:20.052 | warning  |             UMD | Board 0x100035100000000 has 1 chips, but expected 32 chips for board type ubb. (cluster_descriptor.cpp:1229)
2026-09-24 00:23:20.055 | info     |             UMD | Harvesting masks for chip 0 tensix: 0x0 dram: 0x0 eth: 0x0 pcie: 0x0 l2cpu: 0x0 (cluster.cpp:325)
2026-09-24 00:23:20.078 | info     |             UMD | Initializing iommu for sysmem (size: 0x40000000). (silicon_sysmem_manager.cpp:275)
2026-09-24 00:23:20.079 | info     |             UMD | Allocating sysmem without hugepages (size: 0x40000000). (silicon_sysmem_manager.cpp:281)
2026-09-24 00:23:20.602 | info     |             UMD | Opening local chip ids/PCIe ids: {0}/[14] and remote chip ids {} (cluster.cpp:180)
2026-09-24 00:23:20.602 | info     |             UMD | IOMMU: enabled (cluster.cpp:155)
2026-09-24 00:23:20.602 | info     |             UMD | KMD version: 2.9.0 (cluster.cpp:158)
2026-09-24 00:23:20.603 | info     |             UMD | Starting devices in cluster (cluster.cpp:951)
2026-09-24 00:23:20.688 | info     |             UMD | Mapped sysmem without hugepages to IOVA 0xffffffff40000000; NOC address 0x800000000 (silicon_sysmem_manager.cpp:329)
2026-09-24 00:23:20.779 | info     |     Distributed | Using auto discovery to generate mesh graph. (metal_env.cpp:330)
2026-09-24 00:23:20.779 | info     |     Distributed | Constructing control plane using auto-discovery (no mesh graph descriptor). (metal_env.cpp:392)
2026-09-24 00:23:20.805 | info     |             UMD | Creating TopologyDiscovery for architecture: wormhole_b0 (topology_discovery.cpp:69)
2026-09-24 00:23:20.838 | info     |             UMD | Established firmware bundle version: 19.6.0 (topology_discovery.cpp:471)
2026-09-24 00:23:20.838 | info     |             UMD | Firmware bundle version 19.6.0 on the system is newer than the latest fully tested version 19.5.0 for wormhole_b0 architecture. Newest features may not be supported. (topology_discovery.cpp:503)
2026-09-24 00:23:20.839 | warning  |             UMD | Board 0x100035100000000 has 1 chips, but expected 32 chips for board type ubb. (cluster_descriptor.cpp:1229)
2026-09-24 00:23:20.841 | info     |          Fabric | TopologyMapper: Logical Multi-Mesh Adjacency Map: (topology_mapper.cpp:1474)
2026-09-24 00:23:20.841 | info     |          Fabric | 
=== Logical Mesh-Level Graph Adjacency Map ===
Total nodes: 1
Degree histogram: {0:1}
 (topology_solver.tpp:91)
2026-09-24 00:23:20.841 | info     |          Fabric | 
=== Logical Mesh 0 Internal Graph Adjacency Map ===
Total nodes: 1
Degree histogram: {0:1}
 (topology_solver.tpp:91)
2026-09-24 00:23:20.841 | info     |          Fabric | TopologyMapper: Physical Multi-Mesh Adjacency Map: (topology_mapper.cpp:1485)
2026-09-24 00:23:20.841 | info     |          Fabric | 
=== Physical Mesh-Level Graph Adjacency Map ===
Total nodes: 1
Degree histogram: {0:1}
 (topology_solver.tpp:91)
2026-09-24 00:23:20.841 | info     |          Fabric | 
=== Physical Mesh 0 Internal Graph Adjacency Map ===
Total nodes: 1
Degree histogram: {0:1}
 (topology_solver.tpp:91)
2026-09-24 00:23:20.841 | info     |          Fabric | Starting multi-mesh mapping: 1 logical mesh(es) to 1 physical mesh(es) (topology_mapper_utils.cpp:1117)
2026-09-24 00:23:20.841 | info     |          Fabric | Multi-mesh mapping attempt 1/2: Trying inter-mesh mapping (topology_mapper_utils.cpp:1158)
2026-09-24 00:23:20.841 | info     |          Fabric | Attempt 1: Inter-mesh mapping succeeded, found 1 mesh pair(s) (topology_mapper_utils.cpp:1187)
2026-09-24 00:23:20.841 | info     |          Fabric | Multi-mesh mapping succeeded after 1 attempt(s): 1 mesh pair(s) mapped (topology_mapper_utils.cpp:1326)
2026-09-24 00:23:20.847 | warning  |       Inspector | Failed to start Inspector RPC server: ::bind(sockfd, &addr.generic, addrlen): Address already in use; toString() = 127.0.0.1:50051 (data.cpp:65)
2026-09-24 00:23:20.855 | info     |    BuildKernels | Using pre-compiled firmware from: /home/agent/env/lib/python3.10/site-packages/ttnn/tt_metal/pre-compiled/17780141658864180974/ (build_env_manager.cpp:259)
2026-09-24 00:23:20.912 | info     |           Metal | Enabling program cache on MeshDevice 1 (mesh_device.cpp:967)
{"t": 1.13, "step": "opened", "dram": {"num_banks": 12, "total_bytes_per_bank": 805306336, "total_bytes_allocated_per_bank": 0, "total_bytes_free_per_bank": 805306336, "largest_contiguous_bytes_free_per_bank": 805306336}, "trace": {"num_banks": 12, "total_bytes_per_bank": 268435456, "total_bytes_allocated_per_bank": 0, "total_bytes_free_per_bank": 268435456, "largest_contiguous_bytes_free_per_bank": 268435456}}
{"t": 1.13, "step": "from_torch"}
{"t": 1.14, "step": "add_enqueued"}
{"t": 1.15, "step": "synchronized"}
{"t": 1.15, "step": "captured", "trace": {"num_banks": 12, "total_bytes_per_bank": 268435456, "total_bytes_allocated_per_bank": 1024, "total_bytes_free_per_bank": 268434432, "largest_contiguous_bytes_free_per_bank": 268434432}}
{"t": 1.15, "step": "replayed"}
2026-09-24 00:23:20.936 | info     |          Device | Closing user mode device drivers (tt_cluster.cpp:478)
2026-09-24 00:23:20.936 | info     |             UMD | Closing devices in cluster (cluster.cpp:962)
{"t": 1.4, "step": "closed"}
