1790421502 800 8.34
1790421502 800 8.34
1790421502 800 8.34
1790421503 800 8.34
1790421503 800 8.34
1790421503 800 8.34
1790421504 800 8.79
1790421504 800 8.79
1790421504 800 8.79
1790421504 800 8.79
1790421505 800 8.79
1790421505 800 8.79
1790421505 800 8.79
1790421505 1350 8.79
1790421506 1350 8.79
1790421506 1350 8.79
1790421506 1350 8.79
1790421506 1337 8.79
1790421507 1343 8.79
1790421507 1350 8.79
1790421507 1337 8.79
1790421507 1350 8.79
1790421508 1350 8.79
1790421508 1350 8.79
1790421508 1350 8.79
1790421508 1350 8.79
1790421509 1350 8.33
1790421509 800 8.33
