== arm off NOGRAD_IS_INFERENCE=False
{"fwd_s": 8.452884912490845, "bwd_s": 12.494816303253174} 102
device vs f64 {'rel_l2': 0.19984344434333975, 'cos': 0.9802713796081489}
bf16 {'rel_l2': 0.18456377310272284, 'cos': 0.9829166181102329}
f32 {'rel_l2': 0.0007371109359638781, 'cos': 0.999999730730356}
{"eps": 0.1, "L+": 2.91380833292287, "L-": -1.3877872369616693, "fd_slope": 21.507977849422694, "device_predicted": 24.64176893527873, "f64_predicted": 25.40594573268069, "ratio_fd_over_device": 0.8728260501879189}
{"eps": 0.03, "L+": 1.743536506565368, "L-": 0.2294250360584993, "fd_slope": 25.23519117511448, "device_predicted": 24.64176893527873, "f64_predicted": 25.40594573268069, "ratio_fd_over_device": 1.0240819659251885}
{"eps": 0.01, "L+": 1.2586153718859174, "L-": 0.7328583992745807, "fd_slope": 26.287848630566835, "device_predicted": 24.64176893527873, "f64_predicted": 25.40594573268069, "ratio_fd_over_device": 1.0668003867584146}
{"eps": 0.003, "L+": 1.0720147502758444, "L-": 0.9167460130078631, "fd_slope": 25.878122877996883, "device_predicted": 24.64176893527873, "f64_predicted": 25.40594573268069, "ratio_fd_over_device": 1.0501731002334054}
{"eps": 0.001, "L+": 1.0197345792944414, "L-": 0.9689834234832571, "fd_slope": 25.375577905592195, "device_predicted": 24.64176893527873, "f64_predicted": 25.40594573268069, "ratio_fd_over_device": 1.0297790703354457}
{"device_repeat_max_abs_diff": 0.0, "zero_seed_max_abs": 8.024554265199671e-37, "reach_across_steps": [102, 102, 102, 102], "permuted_device_grad_vs_f64": {"rel_l2": 1.3703016516162512, "cos": 0.013813647643677}}
wrote /home/ttuser/.coworker/wt/bcp-evo/perf/bcx_afgrad/stack_n128_e4_v48_ckpt.json
== arm off device_vs_f64 {'rel_l2': 0.19984344434333975, 'cos': 0.9802713796081489} loss dev 0.8121983687971017 f64 0.9943437102904387 fd 1.0297790703354457
== arm on NOGRAD_IS_INFERENCE=True
{"fwd_s": 0.3715851306915283, "bwd_s": 1.1535894870758057} 102
device vs f64 {'rel_l2': 0.19984344434333975, 'cos': 0.9802713796081489}
bf16 {'rel_l2': 0.18456377310272284, 'cos': 0.9829166181102329}
f32 {'rel_l2': 0.0007371109359638781, 'cos': 0.999999730730356}
{"eps": 0.1, "L+": 2.91380833292287, "L-": -1.3877872369616693, "fd_slope": 21.507977849422694, "device_predicted": 24.64176893527873, "f64_predicted": 25.40594573268069, "ratio_fd_over_device": 0.8728260501879189}
{"eps": 0.03, "L+": 1.743536506565368, "L-": 0.2294250360584993, "fd_slope": 25.23519117511448, "device_predicted": 24.64176893527873, "f64_predicted": 25.40594573268069, "ratio_fd_over_device": 1.0240819659251885}
{"eps": 0.01, "L+": 1.2586153718859174, "L-": 0.7328583992745807, "fd_slope": 26.287848630566835, "device_predicted": 24.64176893527873, "f64_predicted": 25.40594573268069, "ratio_fd_over_device": 1.0668003867584146}
{"eps": 0.003, "L+": 1.0720147502758444, "L-": 0.9167460130078631, "fd_slope": 25.878122877996883, "device_predicted": 24.64176893527873, "f64_predicted": 25.40594573268069, "ratio_fd_over_device": 1.0501731002334054}
{"eps": 0.001, "L+": 1.0197345792944414, "L-": 0.9689834234832571, "fd_slope": 25.375577905592195, "device_predicted": 24.64176893527873, "f64_predicted": 25.40594573268069, "ratio_fd_over_device": 1.0297790703354457}
{"device_repeat_max_abs_diff": 0.0, "zero_seed_max_abs": 8.024554265199671e-37, "reach_across_steps": [102, 102, 102, 102], "permuted_device_grad_vs_f64": {"rel_l2": 1.3703016516162512, "cos": 0.013813647643677}}
wrote /home/ttuser/.coworker/wt/bcp-evo/perf/bcx_afgrad/stack_n128_e4_v48_ckpt.json
== arm on device_vs_f64 {'rel_l2': 0.19984344434333975, 'cos': 0.9802713796081489} loss dev 0.8121983687971017 f64 0.9943437102904387 fd 1.0297790703354457
