[release-gate] granted card(s) [1]
[release-gate] scoring tt_bio from /home/ttuser/.coworker/wt/land-of3t-train/tt_bio (commit 2c5ca7e3f)

======================================================================
[size-ladder] checking for card p300c: boltz2, esmfold2, protenix-v1, protenix-v2, openfold3, openbind, opendde, rf3, nesso1 at rungs 256,512,640,768,896,1024,1088
[size-ladder] predict folds: 6 steps, 1 sample, seed 0, single-sequence
[size-ladder] nesso1: tt-bio affinity, bf16 trunk, 5 recycles, 256-token crop
======================================================================
[card-recovery] resetting card 1 (board pair 1/0) after a wedge-kill
[card-recovery] card 1 reset, no fd holders

##############################################################################
RELEASE GATE — size-ladder (rungs 256,512,640,768,896,1024,1088, 6 steps / 1 sample, seed 0, single-sequence, card p300c)
##############################################################################
model              256aa    512aa    640aa    768aa    896aa   1024aa   1088aa  k256->512  k512->768     wall  result
boltz2              4.3s    10.9s    20.9s    29.3s        -        -        -          -          -   11879s  FAIL (rung 896 rep 0: census fold timed out after 1800s (full log kept at perf/sizegate/failures/boltz2-896-rep0-20260929T102621Z.log))
    FAIL rung 896 rep 0: census fold timed out after 1800s (full log kept at perf/sizegate/failures/boltz2-896-rep0-20260929T102621Z.log)
esmfold2           21.2s    55.4s    87.1s   128.3s   175.3s   223.4s        -       1.39       2.07   11879s  PASS
protenix-v1         4.2s    10.6s    15.9s    23.5s    32.5s    42.8s        -       1.34       1.96   11879s  PASS
protenix-v2        12.5s    39.8s    65.3s    96.4s   134.7s   178.5s        -       1.67       2.18   11879s  PASS
openfold3           5.4s    13.2s    20.9s    32.9s    48.8s    63.3s        -       1.29       2.25   11879s  PASS
openbind            8.5s    14.6s    22.0s    34.5s    47.9s    66.3s        -       0.78       2.12   11879s  FAIL (openbind 256->512: exponent 1.42 -> 0.78 outside ±0.50; openbind per-rung base->run: 256 4.9->8.5 1.73x, 512 13.1->14.6 1.11x, 640 20.8->22.0 1.06x, 768 31.1->34.5 1.11x, 896 45.5->47.9 1.05x, 1024 59.7->66.3 1.11x -- every rung moved; this is a whole-ladder shift, not one rung)
    FAIL openbind 256->512: exponent 1.42 -> 0.78 outside ±0.50
    FAIL openbind per-rung base->run: 256 4.9->8.5 1.73x, 512 13.1->14.6 1.11x, 640 20.8->22.0 1.06x, 768 31.1->34.5 1.11x, 896 45.5->47.9 1.05x, 1024 59.7->66.3 1.11x -- every rung moved; this is a whole-ladder shift, not one rung
opendde            26.2s    78.5s   131.6s   180.5s   255.1s   329.1s        -       1.58       2.05   11879s  PASS
rf3                    -        -        -        -        -        -        -          -          -   11879s  FAIL (rung 256 rep 0: census fold exited 75: tt_bio.device_lease.DeviceInUseError: physical card 1 on tt-quietbox2 is in use by pid:713549 (pid 713549); waited 120s. Refusing to open it concurrently (would collide at the fd level). (full log kept at perf/sizegate/failures/rf3-256-rep0-20260929T125442Z.log))
    FAIL rung 256 rep 0: census fold exited 75: tt_bio.device_lease.DeviceInUseError: physical card 1 on tt-quietbox2 is in use by pid:713549 (pid 713549); waited 120s. Refusing to open it concurrently (would collide at the fd level). (full log kept at perf/sizegate/failures/rf3-256-rep0-20260929T125442Z.log)
nesso1              9.0s     9.5s    10.8s    14.7s    19.6s    19.8s        -       0.08       1.07   11879s  FAIL (nesso1 256->512: exponent 0.63 -> 0.08 outside ±0.50; nesso1 per-rung base->run: 256 4.1->9.0 2.20x, 512 6.3->9.5 1.51x, 640 7.0->10.8 1.54x, 768 9.1->14.7 1.62x, 896 12.9->19.6 1.52x, 1024 20.3->19.8 0.97x -- only 256 aa, 512 aa, 640 aa, 768 aa, 896 aa moved more than 5%; 1024 aa reproduce. Attribute the exponent to those rungs, not to the interval)
    FAIL nesso1 256->512: exponent 0.63 -> 0.08 outside ±0.50
    FAIL nesso1 per-rung base->run: 256 4.1->9.0 2.20x, 512 6.3->9.5 1.51x, 640 7.0->10.8 1.54x, 768 9.1->14.7 1.62x, 896 12.9->19.6 1.52x, 1024 20.3->19.8 0.97x -- only 256 aa, 512 aa, 640 aa, 768 aa, 896 aa moved more than 5%; 1024 aa reproduce. Attribute the exponent to those rungs, not to the interval
##############################################################################
GATE FAIL — size-ladder drift vs the recorded baseline (see above); if this change is intentional, re-record with --size-ladder-record

##############################################################################
NOT A VERDICT — 1 leg(s) exited on the device-contention code 75: lever_census.py.
A co-tenant held the card, so those legs waited out TT_BIO_LEASE_TIMEOUT and measured
nothing. Their rows above are not accuracy results. Grep this log for DeviceInUseError
for the holder, then re-run the arm on an uncontended card.
##############################################################################
