{
  "verdict": "GO",
  "scope": "Instrument calibration only; zero predicted model cycles saved.",
  "other_chip_holder_pids": [
    29351
  ],
  "holder_observations": 15,
  "profiler_header": "ARCH: blackhole, CHIP_FREQ[MHz]: 1350, Max Compute Cores: 120",
  "add_graph": {
    "calls": 40,
    "expected_flops": 2684354560,
    "observed_flops": 2684354560,
    "expected_bytes": 16106127360,
    "observed_bytes": 16106127360,
    "traffic_model_version": 2
  },
  "rounds": [
    {
      "add_minus_matmul_read": 0.7817138871336564,
      "matmul_minus_add_reserve": 0.3664850169161985,
      "pass": true
    },
    {
      "add_minus_matmul_read": 0.7819155768815714,
      "matmul_minus_add_reserve": 0.36798066365991017,
      "pass": true
    },
    {
      "add_minus_matmul_read": 0.7824557726035645,
      "matmul_minus_add_reserve": 0.37075297275727326,
      "pass": true
    }
  ],
  "limits": "GO only to fresh quiet-host measurement. No model timing/roof/fold census. Sum profiling disables C++ report; raw CSV integer markers used directly. Unclassified activity is not issuing."
}
