
======================================================================
[opendde-abag] docking 1ahw_abag.yaml (200 steps, 5 samples)
======================================================================
19:10:01  [tt-quietbox:tt3] loading model…
19:10:07  [tt-quietbox:tt3] 1ahw_abag
19:10:07  [tt-quietbox:tt3]   msa
19:10:07  [tt-quietbox:tt3]   prep
19:10:27  [tt-quietbox:tt3]   trunk 0/10
19:10:59  [tt-quietbox:tt3]   trunk 1/10
19:11:31  [tt-quietbox:tt3]   trunk 2/10
19:12:03  [tt-quietbox:tt3]   trunk 3/10
19:12:35  [tt-quietbox:tt3]   trunk 4/10
19:13:06  [tt-quietbox:tt3]   trunk 5/10
19:13:39  [tt-quietbox:tt3]   trunk 6/10
19:14:11  [tt-quietbox:tt3]   trunk 7/10
19:14:42  [tt-quietbox:tt3]   trunk 8/10
19:15:15  [tt-quietbox:tt3]   trunk 9/10
19:16:06  [tt-quietbox:tt3]   diffusion 0/200
19:16:08  [tt-quietbox:tt3]   diffusion 1/200
19:16:09  [tt-quietbox:tt3]   diffusion 2/200
19:16:09  [tt-quietbox:tt3]   diffusion 3/200
19:16:09  [tt-quietbox:tt3]   diffusion 4/200
19:16:10  [tt-quietbox:tt3]   diffusion 5/200
19:16:10  [tt-quietbox:tt3]   diffusion 6/200
19:16:11  [tt-quietbox:tt3]   diffusion 7/200
19:16:11  [tt-quietbox:tt3]   diffusion 8/200
19:16:12  [tt-quietbox:tt3]   diffusion 9/200
19:16:12  [tt-quietbox:tt3]   diffusion 10/200
19:16:12  [tt-quietbox:tt3]   diffusion 11/200
19:16:13  [tt-quietbox:tt3]   diffusion 12/200
19:16:13  [tt-quietbox:tt3]   diffusion 13/200
19:16:14  [tt-quietbox:tt3]   diffusion 14/200
19:16:14  [tt-quietbox:tt3]   diffusion 15/200
19:16:14  [tt-quietbox:tt3]   diffusion 16/200
19:16:15  [tt-quietbox:tt3]   diffusion 17/200
19:16:15  [tt-quietbox:tt3]   diffusion 18/200
19:16:16  [tt-quietbox:tt3]   diffusion 19/200
19:16:16  [tt-quietbox:tt3]   diffusion 20/200
19:16:17  [tt-quietbox:tt3]   diffusion 21/200
19:16:17  [tt-quietbox:tt3]   diffusion 22/200
19:16:17  [tt-quietbox:tt3]   diffusion 23/200
19:16:18  [tt-quietbox:tt3]   diffusion 24/200
19:16:18  [tt-quietbox:tt3]   diffusion 25/200
19:16:19  [tt-quietbox:tt3]   diffusion 26/200
19:16:19  [tt-quietbox:tt3]   diffusion 27/200
19:16:20  [tt-quietbox:tt3]   diffusion 28/200
19:16:20  [tt-quietbox:tt3]   diffusion 29/200
19:16:20  [tt-quietbox:tt3]   diffusion 30/200
19:16:21  [tt-quietbox:tt3]   diffusion 31/200
19:16:21  [tt-quietbox:tt3]   diffusion 32/200
19:16:22  [tt-quietbox:tt3]   diffusion 33/200
19:16:22  [tt-quietbox:tt3]   diffusion 34/200
19:16:23  [tt-quietbox:tt3]   diffusion 35/200
19:16:23  [tt-quietbox:tt3]   diffusion 36/200
19:16:23  [tt-quietbox:tt3]   diffusion 37/200
19:16:24  [tt-quietbox:tt3]   diffusion 38/200
19:16:24  [tt-quietbox:tt3]   diffusion 39/200
19:16:25  [tt-quietbox:tt3]   diffusion 40/200
19:16:25  [tt-quietbox:tt3]   diffusion 41/200
19:16:26  [tt-quietbox:tt3]   diffusion 42/200
19:16:26  [tt-quietbox:tt3]   diffusion 43/200
19:16:26  [tt-quietbox:tt3]   diffusion 44/200
19:16:27  [tt-quietbox:tt3]   diffusion 45/200
19:16:27  [tt-quietbox:tt3]   diffusion 46/200
19:16:28  [tt-quietbox:tt3]   diffusion 47/200
19:16:28  [tt-quietbox:tt3]   diffusion 48/200
19:16:29  [tt-quietbox:tt3]   diffusion 49/200
19:16:29  [tt-quietbox:tt3]   diffusion 50/200
19:16:29  [tt-quietbox:tt3]   diffusion 51/200
19:16:30  [tt-quietbox:tt3]   diffusion 52/200
19:16:30  [tt-quietbox:tt3]   diffusion 53/200
19:16:31  [tt-quietbox:tt3]   diffusion 54/200
19:16:31  [tt-quietbox:tt3]   diffusion 55/200
19:16:32  [tt-quietbox:tt3]   diffusion 56/200
19:16:32  [tt-quietbox:tt3]   diffusion 57/200
19:16:32  [tt-quietbox:tt3]   diffusion 58/200
19:16:33  [tt-quietbox:tt3]   diffusion 59/200
19:16:33  [tt-quietbox:tt3]   diffusion 60/200
19:16:34  [tt-quietbox:tt3]   diffusion 61/200
19:16:34  [tt-quietbox:tt3]   diffusion 62/200
19:16:35  [tt-quietbox:tt3]   diffusion 63/200
19:16:35  [tt-quietbox:tt3]   diffusion 64/200
19:16:36  [tt-quietbox:tt3]   diffusion 65/200
19:16:36  [tt-quietbox:tt3]   diffusion 66/200
19:16:36  [tt-quietbox:tt3]   diffusion 67/200
19:16:37  [tt-quietbox:tt3]   diffusion 68/200
19:16:37  [tt-quietbox:tt3]   diffusion 69/200
19:16:38  [tt-quietbox:tt3]   diffusion 70/200
19:16:38  [tt-quietbox:tt3]   diffusion 71/200
19:16:39  [tt-quietbox:tt3]   diffusion 72/200
19:16:39  [tt-quietbox:tt3]   diffusion 73/200
19:16:39  [tt-quietbox:tt3]   diffusion 74/200
19:16:40  [tt-quietbox:tt3]   diffusion 75/200
19:16:40  [tt-quietbox:tt3]   diffusion 76/200
19:16:41  [tt-quietbox:tt3]   diffusion 77/200
19:16:41  [tt-quietbox:tt3]   diffusion 78/200
19:16:42  [tt-quietbox:tt3]   diffusion 79/200
19:16:42  [tt-quietbox:tt3]   diffusion 80/200
19:16:42  [tt-quietbox:tt3]   diffusion 81/200
19:16:43  [tt-quietbox:tt3]   diffusion 82/200
19:16:43  [tt-quietbox:tt3]   diffusion 83/200
19:16:44  [tt-quietbox:tt3]   diffusion 84/200
19:16:44  [tt-quietbox:tt3]   diffusion 85/200
19:16:45  [tt-quietbox:tt3]   diffusion 86/200
19:16:45  [tt-quietbox:tt3]   diffusion 87/200
19:16:45  [tt-quietbox:tt3]   diffusion 88/200
19:16:46  [tt-quietbox:tt3]   diffusion 89/200
19:16:46  [tt-quietbox:tt3]   diffusion 90/200
19:16:47  [tt-quietbox:tt3]   diffusion 91/200
19:16:47  [tt-quietbox:tt3]   diffusion 92/200
19:16:48  [tt-quietbox:tt3]   diffusion 93/200
19:16:48  [tt-quietbox:tt3]   diffusion 94/200
19:16:48  [tt-quietbox:tt3]   diffusion 95/200
19:16:49  [tt-quietbox:tt3]   diffusion 96/200
19:16:49  [tt-quietbox:tt3]   diffusion 97/200
19:16:50  [tt-quietbox:tt3]   diffusion 98/200
19:16:50  [tt-quietbox:tt3]   diffusion 99/200
19:16:50  [tt-quietbox:tt3]   diffusion 100/200
19:16:51  [tt-quietbox:tt3]   diffusion 101/200
19:16:52  [tt-quietbox:tt3]   diffusion 102/200
19:16:52  [tt-quietbox:tt3]   diffusion 103/200
19:16:53  [tt-quietbox:tt3]   diffusion 104/200
19:16:53  [tt-quietbox:tt3]   diffusion 105/200
19:16:54  [tt-quietbox:tt3]   diffusion 106/200
19:16:54  [tt-quietbox:tt3]   diffusion 107/200
19:16:54  [tt-quietbox:tt3]   diffusion 108/200
19:16:55  [tt-quietbox:tt3]   diffusion 109/200
19:16:55  [tt-quietbox:tt3]   diffusion 110/200
19:16:56  [tt-quietbox:tt3]   diffusion 111/200
19:16:56  [tt-quietbox:tt3]   diffusion 112/200
19:16:57  [tt-quietbox:tt3]   diffusion 113/200
19:16:57  [tt-quietbox:tt3]   diffusion 114/200
19:16:57  [tt-quietbox:tt3]   diffusion 115/200
19:16:58  [tt-quietbox:tt3]   diffusion 116/200
19:16:58  [tt-quietbox:tt3]   diffusion 117/200
19:16:59  [tt-quietbox:tt3]   diffusion 118/200
19:16:59  [tt-quietbox:tt3]   diffusion 119/200
19:17:00  [tt-quietbox:tt3]   diffusion 120/200
19:17:00  [tt-quietbox:tt3]   diffusion 121/200
19:17:00  [tt-quietbox:tt3]   diffusion 122/200
19:17:01  [tt-quietbox:tt3]   diffusion 123/200
19:17:01  [tt-quietbox:tt3]   diffusion 124/200
19:17:02  [tt-quietbox:tt3]   diffusion 125/200
19:17:02  [tt-quietbox:tt3]   diffusion 126/200
19:17:03  [tt-quietbox:tt3]   diffusion 127/200
19:17:03  [tt-quietbox:tt3]   diffusion 128/200
19:17:03  [tt-quietbox:tt3]   diffusion 129/200
19:17:04  [tt-quietbox:tt3]   diffusion 130/200
19:17:04  [tt-quietbox:tt3]   diffusion 131/200
19:17:05  [tt-quietbox:tt3]   diffusion 132/200
19:17:05  [tt-quietbox:tt3]   diffusion 133/200
19:17:06  [tt-quietbox:tt3]   diffusion 134/200
19:17:06  [tt-quietbox:tt3]   diffusion 135/200
19:17:06  [tt-quietbox:tt3]   diffusion 136/200
19:17:07  [tt-quietbox:tt3]   diffusion 137/200
19:17:07  [tt-quietbox:tt3]   diffusion 138/200
19:17:08  [tt-quietbox:tt3]   diffusion 139/200
19:17:08  [tt-quietbox:tt3]   diffusion 140/200
19:17:09  [tt-quietbox:tt3]   diffusion 141/200
19:17:09  [tt-quietbox:tt3]   diffusion 142/200
19:17:10  [tt-quietbox:tt3]   diffusion 143/200
19:17:10  [tt-quietbox:tt3]   diffusion 144/200
19:17:10  [tt-quietbox:tt3]   diffusion 145/200
19:17:11  [tt-quietbox:tt3]   diffusion 146/200
19:17:11  [tt-quietbox:tt3]   diffusion 147/200
19:17:12  [tt-quietbox:tt3]   diffusion 148/200
19:17:12  [tt-quietbox:tt3]   diffusion 149/200
19:17:13  [tt-quietbox:tt3]   diffusion 150/200
19:17:13  [tt-quietbox:tt3]   diffusion 151/200
19:17:13  [tt-quietbox:tt3]   diffusion 152/200
19:17:14  [tt-quietbox:tt3]   diffusion 153/200
19:17:14  [tt-quietbox:tt3]   diffusion 154/200
19:17:15  [tt-quietbox:tt3]   diffusion 155/200
19:17:15  [tt-quietbox:tt3]   diffusion 156/200
19:17:16  [tt-quietbox:tt3]   diffusion 157/200
19:17:16  [tt-quietbox:tt3]   diffusion 158/200
19:17:16  [tt-quietbox:tt3]   diffusion 159/200
19:17:17  [tt-quietbox:tt3]   diffusion 160/200
19:17:17  [tt-quietbox:tt3]   diffusion 161/200
19:17:18  [tt-quietbox:tt3]   diffusion 162/200
19:17:18  [tt-quietbox:tt3]   diffusion 163/200
19:17:19  [tt-quietbox:tt3]   diffusion 164/200
19:17:19  [tt-quietbox:tt3]   diffusion 165/200
19:17:19  [tt-quietbox:tt3]   diffusion 166/200
19:17:20  [tt-quietbox:tt3]   diffusion 167/200
19:17:20  [tt-quietbox:tt3]   diffusion 168/200
19:17:21  [tt-quietbox:tt3]   diffusion 169/200
19:17:21  [tt-quietbox:tt3]   diffusion 170/200
19:17:22  [tt-quietbox:tt3]   diffusion 171/200
19:17:22  [tt-quietbox:tt3]   diffusion 172/200
19:17:22  [tt-quietbox:tt3]   diffusion 173/200
19:17:23  [tt-quietbox:tt3]   diffusion 174/200
19:17:23  [tt-quietbox:tt3]   diffusion 175/200
19:17:24  [tt-quietbox:tt3]   diffusion 176/200
19:17:24  [tt-quietbox:tt3]   diffusion 177/200
19:17:25  [tt-quietbox:tt3]   diffusion 178/200
19:17:25  [tt-quietbox:tt3]   diffusion 179/200
19:17:25  [tt-quietbox:tt3]   diffusion 180/200
19:17:26  [tt-quietbox:tt3]   diffusion 181/200
19:17:26  [tt-quietbox:tt3]   diffusion 182/200
19:17:27  [tt-quietbox:tt3]   diffusion 183/200
19:17:27  [tt-quietbox:tt3]   diffusion 184/200
19:17:28  [tt-quietbox:tt3]   diffusion 185/200
19:17:28  [tt-quietbox:tt3]   diffusion 186/200
19:17:29  [tt-quietbox:tt3]   diffusion 187/200
19:17:29  [tt-quietbox:tt3]   diffusion 188/200
19:17:30  [tt-quietbox:tt3]   diffusion 189/200
19:17:30  [tt-quietbox:tt3]   diffusion 190/200
19:17:30  [tt-quietbox:tt3]   diffusion 191/200
19:17:31  [tt-quietbox:tt3]   diffusion 192/200
19:17:31  [tt-quietbox:tt3]   diffusion 193/200
19:17:32  [tt-quietbox:tt3]   diffusion 194/200
19:17:32  [tt-quietbox:tt3]   diffusion 195/200
19:17:33  [tt-quietbox:tt3]   diffusion 196/200
19:17:33  [tt-quietbox:tt3]   diffusion 197/200
19:17:33  [tt-quietbox:tt3]   diffusion 198/200
19:17:34  [tt-quietbox:tt3]   diffusion 199/200
19:18:05  [tt-quietbox:tt3]   saving
19:18:05  [tt-quietbox:tt3] ✓ 1ahw_abag — 478.9s

Done: 1 ok, 0 failed — /home/ttuser/.coworker/wt/perfwar-qb1-rebaseline-and-land/arms/L0/opendde_results_1ahw_abag/results.json

##############################################################################
RELEASE GATE — 1ahw_abag.yaml (opendde-abag), 200 steps / 5 samples, seed 0
##############################################################################
model            global DockQ  mean fnat     floor     wall  result
opendde-abag            0.829      0.922     >=0.5     493s  PASS
##############################################################################
GATE PASS — opendde-abag cleared parse + DockQ floor
