
======================================================================
[opendde-abag] docking 1ahw_abag.yaml (200 steps, 5 samples)
======================================================================
20:48:39  [tt-quietbox:tt3] loading model…
20:48:44  [tt-quietbox:tt3] 1ahw_abag
20:48:44  [tt-quietbox:tt3]   msa
20:48:45  [tt-quietbox:tt3]   prep
20:49:04  [tt-quietbox:tt3]   trunk 0/10
20:49:46  [tt-quietbox:tt3]   trunk 1/10
20:50:17  [tt-quietbox:tt3]   trunk 2/10
20:50:49  [tt-quietbox:tt3]   trunk 3/10
20:51:21  [tt-quietbox:tt3]   trunk 4/10
20:51:53  [tt-quietbox:tt3]   trunk 5/10
20:52:24  [tt-quietbox:tt3]   trunk 6/10
20:52:56  [tt-quietbox:tt3]   trunk 7/10
20:53:28  [tt-quietbox:tt3]   trunk 8/10
20:54:00  [tt-quietbox:tt3]   trunk 9/10
20:54:51  [tt-quietbox:tt3]   diffusion 0/200
20:54:53  [tt-quietbox:tt3]   diffusion 1/200
20:54:53  [tt-quietbox:tt3]   diffusion 2/200
20:54:54  [tt-quietbox:tt3]   diffusion 3/200
20:54:54  [tt-quietbox:tt3]   diffusion 4/200
20:54:55  [tt-quietbox:tt3]   diffusion 5/200
20:54:55  [tt-quietbox:tt3]   diffusion 6/200
20:54:55  [tt-quietbox:tt3]   diffusion 7/200
20:54:56  [tt-quietbox:tt3]   diffusion 8/200
20:54:56  [tt-quietbox:tt3]   diffusion 9/200
20:54:56  [tt-quietbox:tt3]   diffusion 10/200
20:54:57  [tt-quietbox:tt3]   diffusion 11/200
20:54:57  [tt-quietbox:tt3]   diffusion 12/200
20:54:58  [tt-quietbox:tt3]   diffusion 13/200
20:54:58  [tt-quietbox:tt3]   diffusion 14/200
20:54:58  [tt-quietbox:tt3]   diffusion 15/200
20:54:59  [tt-quietbox:tt3]   diffusion 16/200
20:54:59  [tt-quietbox:tt3]   diffusion 17/200
20:55:00  [tt-quietbox:tt3]   diffusion 18/200
20:55:00  [tt-quietbox:tt3]   diffusion 19/200
20:55:00  [tt-quietbox:tt3]   diffusion 20/200
20:55:01  [tt-quietbox:tt3]   diffusion 21/200
20:55:01  [tt-quietbox:tt3]   diffusion 22/200
20:55:02  [tt-quietbox:tt3]   diffusion 23/200
20:55:02  [tt-quietbox:tt3]   diffusion 24/200
20:55:02  [tt-quietbox:tt3]   diffusion 25/200
20:55:03  [tt-quietbox:tt3]   diffusion 26/200
20:55:03  [tt-quietbox:tt3]   diffusion 27/200
20:55:04  [tt-quietbox:tt3]   diffusion 28/200
20:55:04  [tt-quietbox:tt3]   diffusion 29/200
20:55:04  [tt-quietbox:tt3]   diffusion 30/200
20:55:05  [tt-quietbox:tt3]   diffusion 31/200
20:55:05  [tt-quietbox:tt3]   diffusion 32/200
20:55:06  [tt-quietbox:tt3]   diffusion 33/200
20:55:06  [tt-quietbox:tt3]   diffusion 34/200
20:55:06  [tt-quietbox:tt3]   diffusion 35/200
20:55:07  [tt-quietbox:tt3]   diffusion 36/200
20:55:07  [tt-quietbox:tt3]   diffusion 37/200
20:55:08  [tt-quietbox:tt3]   diffusion 38/200
20:55:08  [tt-quietbox:tt3]   diffusion 39/200
20:55:09  [tt-quietbox:tt3]   diffusion 40/200
20:55:09  [tt-quietbox:tt3]   diffusion 41/200
20:55:10  [tt-quietbox:tt3]   diffusion 42/200
20:55:10  [tt-quietbox:tt3]   diffusion 43/200
20:55:11  [tt-quietbox:tt3]   diffusion 44/200
20:55:11  [tt-quietbox:tt3]   diffusion 45/200
20:55:11  [tt-quietbox:tt3]   diffusion 46/200
20:55:12  [tt-quietbox:tt3]   diffusion 47/200
20:55:12  [tt-quietbox:tt3]   diffusion 48/200
20:55:12  [tt-quietbox:tt3]   diffusion 49/200
20:55:13  [tt-quietbox:tt3]   diffusion 50/200
20:55:13  [tt-quietbox:tt3]   diffusion 51/200
20:55:14  [tt-quietbox:tt3]   diffusion 52/200
20:55:14  [tt-quietbox:tt3]   diffusion 53/200
20:55:14  [tt-quietbox:tt3]   diffusion 54/200
20:55:15  [tt-quietbox:tt3]   diffusion 55/200
20:55:15  [tt-quietbox:tt3]   diffusion 56/200
20:55:16  [tt-quietbox:tt3]   diffusion 57/200
20:55:16  [tt-quietbox:tt3]   diffusion 58/200
20:55:16  [tt-quietbox:tt3]   diffusion 59/200
20:55:17  [tt-quietbox:tt3]   diffusion 60/200
20:55:17  [tt-quietbox:tt3]   diffusion 61/200
20:55:18  [tt-quietbox:tt3]   diffusion 62/200
20:55:18  [tt-quietbox:tt3]   diffusion 63/200
20:55:18  [tt-quietbox:tt3]   diffusion 64/200
20:55:19  [tt-quietbox:tt3]   diffusion 65/200
20:55:19  [tt-quietbox:tt3]   diffusion 66/200
20:55:20  [tt-quietbox:tt3]   diffusion 67/200
20:55:20  [tt-quietbox:tt3]   diffusion 68/200
20:55:21  [tt-quietbox:tt3]   diffusion 69/200
20:55:21  [tt-quietbox:tt3]   diffusion 70/200
20:55:21  [tt-quietbox:tt3]   diffusion 71/200
20:55:22  [tt-quietbox:tt3]   diffusion 72/200
20:55:22  [tt-quietbox:tt3]   diffusion 73/200
20:55:23  [tt-quietbox:tt3]   diffusion 74/200
20:55:23  [tt-quietbox:tt3]   diffusion 75/200
20:55:23  [tt-quietbox:tt3]   diffusion 76/200
20:55:24  [tt-quietbox:tt3]   diffusion 77/200
20:55:24  [tt-quietbox:tt3]   diffusion 78/200
20:55:24  [tt-quietbox:tt3]   diffusion 79/200
20:55:25  [tt-quietbox:tt3]   diffusion 80/200
20:55:25  [tt-quietbox:tt3]   diffusion 81/200
20:55:26  [tt-quietbox:tt3]   diffusion 82/200
20:55:26  [tt-quietbox:tt3]   diffusion 83/200
20:55:26  [tt-quietbox:tt3]   diffusion 84/200
20:55:27  [tt-quietbox:tt3]   diffusion 85/200
20:55:27  [tt-quietbox:tt3]   diffusion 86/200
20:55:28  [tt-quietbox:tt3]   diffusion 87/200
20:55:28  [tt-quietbox:tt3]   diffusion 88/200
20:55:28  [tt-quietbox:tt3]   diffusion 89/200
20:55:29  [tt-quietbox:tt3]   diffusion 90/200
20:55:29  [tt-quietbox:tt3]   diffusion 91/200
20:55:30  [tt-quietbox:tt3]   diffusion 92/200
20:55:30  [tt-quietbox:tt3]   diffusion 93/200
20:55:30  [tt-quietbox:tt3]   diffusion 94/200
20:55:31  [tt-quietbox:tt3]   diffusion 95/200
20:55:31  [tt-quietbox:tt3]   diffusion 96/200
20:55:31  [tt-quietbox:tt3]   diffusion 97/200
20:55:32  [tt-quietbox:tt3]   diffusion 98/200
20:55:32  [tt-quietbox:tt3]   diffusion 99/200
20:55:33  [tt-quietbox:tt3]   diffusion 100/200
20:55:33  [tt-quietbox:tt3]   diffusion 101/200
20:55:33  [tt-quietbox:tt3]   diffusion 102/200
20:55:34  [tt-quietbox:tt3]   diffusion 103/200
20:55:34  [tt-quietbox:tt3]   diffusion 104/200
20:55:35  [tt-quietbox:tt3]   diffusion 105/200
20:55:35  [tt-quietbox:tt3]   diffusion 106/200
20:55:36  [tt-quietbox:tt3]   diffusion 107/200
20:55:36  [tt-quietbox:tt3]   diffusion 108/200
20:55:36  [tt-quietbox:tt3]   diffusion 109/200
20:55:37  [tt-quietbox:tt3]   diffusion 110/200
20:55:37  [tt-quietbox:tt3]   diffusion 111/200
20:55:37  [tt-quietbox:tt3]   diffusion 112/200
20:55:38  [tt-quietbox:tt3]   diffusion 113/200
20:55:38  [tt-quietbox:tt3]   diffusion 114/200
20:55:39  [tt-quietbox:tt3]   diffusion 115/200
20:55:39  [tt-quietbox:tt3]   diffusion 116/200
20:55:39  [tt-quietbox:tt3]   diffusion 117/200
20:55:40  [tt-quietbox:tt3]   diffusion 118/200
20:55:40  [tt-quietbox:tt3]   diffusion 119/200
20:55:40  [tt-quietbox:tt3]   diffusion 120/200
20:55:41  [tt-quietbox:tt3]   diffusion 121/200
20:55:41  [tt-quietbox:tt3]   diffusion 122/200
20:55:42  [tt-quietbox:tt3]   diffusion 123/200
20:55:42  [tt-quietbox:tt3]   diffusion 124/200
20:55:42  [tt-quietbox:tt3]   diffusion 125/200
20:55:43  [tt-quietbox:tt3]   diffusion 126/200
20:55:43  [tt-quietbox:tt3]   diffusion 127/200
20:55:44  [tt-quietbox:tt3]   diffusion 128/200
20:55:44  [tt-quietbox:tt3]   diffusion 129/200
20:55:44  [tt-quietbox:tt3]   diffusion 130/200
20:55:45  [tt-quietbox:tt3]   diffusion 131/200
20:55:45  [tt-quietbox:tt3]   diffusion 132/200
20:55:46  [tt-quietbox:tt3]   diffusion 133/200
20:55:46  [tt-quietbox:tt3]   diffusion 134/200
20:55:46  [tt-quietbox:tt3]   diffusion 135/200
20:55:47  [tt-quietbox:tt3]   diffusion 136/200
20:55:47  [tt-quietbox:tt3]   diffusion 137/200
20:55:47  [tt-quietbox:tt3]   diffusion 138/200
20:55:48  [tt-quietbox:tt3]   diffusion 139/200
20:55:48  [tt-quietbox:tt3]   diffusion 140/200
20:55:49  [tt-quietbox:tt3]   diffusion 141/200
20:55:49  [tt-quietbox:tt3]   diffusion 142/200
20:55:49  [tt-quietbox:tt3]   diffusion 143/200
20:55:50  [tt-quietbox:tt3]   diffusion 144/200
20:55:50  [tt-quietbox:tt3]   diffusion 145/200
20:55:51  [tt-quietbox:tt3]   diffusion 146/200
20:55:51  [tt-quietbox:tt3]   diffusion 147/200
20:55:51  [tt-quietbox:tt3]   diffusion 148/200
20:55:52  [tt-quietbox:tt3]   diffusion 149/200
20:55:52  [tt-quietbox:tt3]   diffusion 150/200
20:55:52  [tt-quietbox:tt3]   diffusion 151/200
20:55:53  [tt-quietbox:tt3]   diffusion 152/200
20:55:53  [tt-quietbox:tt3]   diffusion 153/200
20:55:54  [tt-quietbox:tt3]   diffusion 154/200
20:55:54  [tt-quietbox:tt3]   diffusion 155/200
20:55:54  [tt-quietbox:tt3]   diffusion 156/200
20:55:55  [tt-quietbox:tt3]   diffusion 157/200
20:55:55  [tt-quietbox:tt3]   diffusion 158/200
20:55:56  [tt-quietbox:tt3]   diffusion 159/200
20:55:56  [tt-quietbox:tt3]   diffusion 160/200
20:55:56  [tt-quietbox:tt3]   diffusion 161/200
20:55:57  [tt-quietbox:tt3]   diffusion 162/200
20:55:57  [tt-quietbox:tt3]   diffusion 163/200
20:55:57  [tt-quietbox:tt3]   diffusion 164/200
20:55:58  [tt-quietbox:tt3]   diffusion 165/200
20:55:58  [tt-quietbox:tt3]   diffusion 166/200
20:55:59  [tt-quietbox:tt3]   diffusion 167/200
20:55:59  [tt-quietbox:tt3]   diffusion 168/200
20:55:59  [tt-quietbox:tt3]   diffusion 169/200
20:56:00  [tt-quietbox:tt3]   diffusion 170/200
20:56:00  [tt-quietbox:tt3]   diffusion 171/200
20:56:01  [tt-quietbox:tt3]   diffusion 172/200
20:56:01  [tt-quietbox:tt3]   diffusion 173/200
20:56:01  [tt-quietbox:tt3]   diffusion 174/200
20:56:02  [tt-quietbox:tt3]   diffusion 175/200
20:56:02  [tt-quietbox:tt3]   diffusion 176/200
20:56:03  [tt-quietbox:tt3]   diffusion 177/200
20:56:03  [tt-quietbox:tt3]   diffusion 178/200
20:56:03  [tt-quietbox:tt3]   diffusion 179/200
20:56:04  [tt-quietbox:tt3]   diffusion 180/200
20:56:04  [tt-quietbox:tt3]   diffusion 181/200
20:56:04  [tt-quietbox:tt3]   diffusion 182/200
20:56:05  [tt-quietbox:tt3]   diffusion 183/200
20:56:05  [tt-quietbox:tt3]   diffusion 184/200
20:56:06  [tt-quietbox:tt3]   diffusion 185/200
20:56:06  [tt-quietbox:tt3]   diffusion 186/200
20:56:06  [tt-quietbox:tt3]   diffusion 187/200
20:56:07  [tt-quietbox:tt3]   diffusion 188/200
20:56:07  [tt-quietbox:tt3]   diffusion 189/200
20:56:07  [tt-quietbox:tt3]   diffusion 190/200
20:56:08  [tt-quietbox:tt3]   diffusion 191/200
20:56:08  [tt-quietbox:tt3]   diffusion 192/200
20:56:09  [tt-quietbox:tt3]   diffusion 193/200
20:56:09  [tt-quietbox:tt3]   diffusion 194/200
20:56:09  [tt-quietbox:tt3]   diffusion 195/200
20:56:10  [tt-quietbox:tt3]   diffusion 196/200
20:56:10  [tt-quietbox:tt3]   diffusion 197/200
20:56:10  [tt-quietbox:tt3]   diffusion 198/200
20:56:11  [tt-quietbox:tt3]   diffusion 199/200
20:56:42  [tt-quietbox:tt3]   saving
20:56:42  [tt-quietbox:tt3] ✓ 1ahw_abag — 477.6s

Done: 1 ok, 0 failed — /home/ttuser/.coworker/wt/perfwar-qb1-rebaseline-and-land/arms/L4/opendde_results_1ahw_abag/results.json

##############################################################################
RELEASE GATE — 1ahw_abag.yaml (opendde-abag), 200 steps / 5 samples, seed 0
##############################################################################
model            global DockQ  mean fnat     floor     wall  result
opendde-abag            0.829      0.922     >=0.5     492s  PASS
##############################################################################
GATE PASS — opendde-abag cleared parse + DockQ floor
