[Thread debugging using libthread_db enabled]
Using host libthread_db library "/lib/x86_64-linux-gnu/libthread_db.so.1".
[New Thread 0x7fffc4fff6c0 (LWP 731518)]
[New Thread 0x7fffc47fe6c0 (LWP 731519)]
[New Thread 0x7fffc3ffd6c0 (LWP 731520)]
[New Thread 0x7fffc37fc6c0 (LWP 731521)]
[New Thread 0x7fffc2ffb6c0 (LWP 731522)]
[New Thread 0x7fffc27fa6c0 (LWP 731523)]
[New Thread 0x7fffc1ff96c0 (LWP 731524)]
[New Thread 0x7fffc17f86c0 (LWP 731525)]
[New Thread 0x7fffc0ff76c0 (LWP 731526)]
[New Thread 0x7fffc07f66c0 (LWP 731527)]
[New Thread 0x7fffbfff56c0 (LWP 731528)]
[New Thread 0x7fffbf7f46c0 (LWP 731529)]
[New Thread 0x7fffbeff36c0 (LWP 731530)]
[New Thread 0x7fffbe7f26c0 (LWP 731531)]
[New Thread 0x7fffbdff16c0 (LWP 731532)]
[New Thread 0x7fff97dff6c0 (LWP 731533)]
[New Thread 0x7fff975fe6c0 (LWP 731534)]
[New Thread 0x7fff96dfd6c0 (LWP 731535)]
[New Thread 0x7fff965fc6c0 (LWP 731536)]
[New Thread 0x7fff95dfb6c0 (LWP 731537)]
[New Thread 0x7fff955fa6c0 (LWP 731538)]
[New Thread 0x7fff94df96c0 (LWP 731539)]
[New Thread 0x7fff945f86c0 (LWP 731540)]
[New Thread 0x7fff93df76c0 (LWP 731541)]
[New Thread 0x7fff935f66c0 (LWP 731542)]
[New Thread 0x7fff92df56c0 (LWP 731543)]
[New Thread 0x7fff925f46c0 (LWP 731544)]
[New Thread 0x7fff91df36c0 (LWP 731545)]
[New Thread 0x7fff915f26c0 (LWP 731546)]
[New Thread 0x7fff90df16c0 (LWP 731547)]
[New Thread 0x7fff8d0ed6c0 (LWP 731548)]
[New Thread 0x7fff87fff6c0 (LWP 731549)]
[New Thread 0x7fff8c8ec6c0 (LWP 731550)]
[New Thread 0x7fff877fe6c0 (LWP 731551)]
[New Thread 0x7fff86ffd6c0 (LWP 731552)]
[New Thread 0x7fff867fc6c0 (LWP 731553)]
[New Thread 0x7fff85ffb6c0 (LWP 731554)]
[New Thread 0x7fff857fa6c0 (LWP 731555)]
[New Thread 0x7fff84ff96c0 (LWP 731556)]
[New Thread 0x7fff67fff6c0 (LWP 731557)]
[New Thread 0x7fff677fe6c0 (LWP 731558)]
[New Thread 0x7fff66ffd6c0 (LWP 731559)]
[New Thread 0x7fff667fc6c0 (LWP 731560)]
[New Thread 0x7fff65ffb6c0 (LWP 731561)]
[New Thread 0x7fff657fa6c0 (LWP 731562)]
[New Thread 0x7fff64ff96c0 (LWP 731563)]
[New Thread 0x7fff47fff6c0 (LWP 731564)]
[New Thread 0x7fff477fe6c0 (LWP 731565)]
[New Thread 0x7fff46ffd6c0 (LWP 731566)]
[New Thread 0x7fff467fc6c0 (LWP 731567)]
[New Thread 0x7fff45ffb6c0 (LWP 731568)]
[New Thread 0x7fff457fa6c0 (LWP 731569)]
[New Thread 0x7fff44ff96c0 (LWP 731570)]
[New Thread 0x7fff23fff6c0 (LWP 731571)]
[New Thread 0x7fff1b5ff6c0 (LWP 731572)]
[New Thread 0x7fff237fe6c0 (LWP 731573)]
[New Thread 0x7fff22ffd6c0 (LWP 731574)]
[New Thread 0x7fff227fc6c0 (LWP 731575)]
[New Thread 0x7fff21ffb6c0 (LWP 731576)]
[New Thread 0x7fff217fa6c0 (LWP 731577)]
[New Thread 0x7fff20ff96c0 (LWP 731578)]
[New Thread 0x7fff1bfff6c0 (LWP 731579)]
[New Thread 0x7fff1adfe6c0 (LWP 731580)]
[Thread 0x7fff1adfe6c0 (LWP 731580) exited]
[New Thread 0x7fff1adfe6c0 (LWP 731581)]
[New Thread 0x7fff647f86c0 (LWP 731582)]
[New Thread 0x7fff447f86c0 (LWP 731583)]
[New Thread 0x7fff207f86c0 (LWP 731584)]
[New Thread 0x7fff1a5fd6c0 (LWP 731585)]
[New Thread 0x7fff1a1fc6c0 (LWP 731586)]
[New Thread 0x7fff19dfb6c0 (LWP 731587)]
[New Thread 0x7fff199fa6c0 (LWP 731588)]
[New Thread 0x7fff195f96c0 (LWP 731589)]
[New Thread 0x7fff191f86c0 (LWP 731590)]
[New Thread 0x7fff18df76c0 (LWP 731591)]
[New Thread 0x7fff189f66c0 (LWP 731592)]
[New Thread 0x7fff185f56c0 (LWP 731593)]
[New Thread 0x7ffec3fff6c0 (LWP 731594)]
[New Thread 0x7ffebb9ff6c0 (LWP 731595)]
[New Thread 0x7ffec3bfe6c0 (LWP 731596)]
[New Thread 0x7ffec37fd6c0 (LWP 731597)]
[New Thread 0x7ffeb8bff6c0 (LWP 731598)]
[New Thread 0x7ffe8d82a6c0 (LWP 731599)]
[New Thread 0x7ffe801bc6c0 (LWP 731600)]
[New Thread 0x7ffe7f5ab6c0 (LWP 731601)]
[New Thread 0x7ffe7edaa6c0 (LWP 731602)]
[New Thread 0x7ffe7e1996c0 (LWP 731603)]
2026-10-01 00:13:44.169 | DEBUG    | ttnn:<module>:77 - Initial ttnn.CONFIG:
Config{cache_path=/home/ttuser/.cache/ttnn,model_cache_path=/home/ttuser/.cache/ttnn/models,tmp_dir=/tmp/ttnn,enable_model_cache=false,enable_fast_runtime_mode=true,throw_exception_on_fallback=false,enable_logging=false,enable_graph_report=false,enable_detailed_buffer_report=false,enable_detailed_tensor_report=false,enable_comparison_mode=false,comparison_mode_should_raise_exception=false,comparison_mode_pcc=0.9999,root_report_path=generated/ttnn/reports,report_name=std::nullopt,std::nullopt}
[Detaching after vfork from child process 731604]
{
 "host": "tt-quietbox2",
 "card": "0",
 "tt_bio_file": "/home/ttuser/.coworker/wt/bcp-roofline/tt_bio/__init__.py",
 "interleave": false,
 "trajectories": 1,
 "extra_msa_on_device": true,
 "template_on_device": true,
 "levers_expected": {
  "genq_compact": false,
  "grad_fanin_l1": false,
  "taped_channel_move": true,
  "mm_layout": true,
  "widen_add": true,
  "triatt_bw": true,
  "triatt_hifi": true,
  "rne_kernel": true
 },
 "pci": "0000:01:00.0",
 "sysfs": "/sys/class/tenstorrent/tenstorrent!0/tt_aiclk",
 "commit": "2b1b67a97b465322c96d5ef2b8fbaee6e32b0fdf",
 "seed": 100,
 "binder": 146,
 "rounds_requested": 2,
 "length_bucket_size": 32,
 "started_utc": "2026-10-01T00:13:44Z",
 "loadavg_start": [
  0.716796875,
  1.15283203125,
  1.97265625
 ],
 "nproc": 16,
 "project": "/home/ttuser/.coworker/wt/bcp-roofline/perf/bcp_roofline/out/prof_gdb"
}
[New Thread 0x7ffe2c5ff6c0 (LWP 731605)]
[New Thread 0x7ffe2bdfe6c0 (LWP 731606)]
[New Thread 0x7ffe2b5fd6c0 (LWP 731607)]
[New Thread 0x7ffe2adfc6c0 (LWP 731608)]
[New Thread 0x7ffe2a5fb6c0 (LWP 731609)]
[New Thread 0x7ffe29dfa6c0 (LWP 731610)]
[New Thread 0x7ffe295f96c0 (LWP 731611)]
[New Thread 0x7ffe28df86c0 (LWP 731612)]
[New Thread 0x7ffe285f76c0 (LWP 731613)]
[New Thread 0x7ffe27df66c0 (LWP 731614)]
[New Thread 0x7ffe275f56c0 (LWP 731615)]
[New Thread 0x7ffe26df46c0 (LWP 731616)]
[New Thread 0x7ffe265f36c0 (LWP 731617)]
[New Thread 0x7ffe25df26c0 (LWP 731618)]
[New Thread 0x7ffe255f16c0 (LWP 731619)]
[New Thread 0x7ffe24df06c0 (LWP 731620)]
[New Thread 0x7ff60fbff6c0 (LWP 731621)]
[Detaching after vfork from child process 731622]
[Detaching after vfork from child process 731623]
[Detaching after vfork from child process 731625]
[Detaching after vfork from child process 731627]
[Detaching after vfork from child process 731629]
[Detaching after vfork from child process 731631]
[Detaching after vfork from child process 731633]
[Detaching after vfork from child process 731635]
[Detaching after vfork from child process 731637]
[Detaching after vfork from child process 731639]
[New Thread 0x7ff60ddee6c0 (LWP 731641)]
[Detaching after vfork from child process 731642]
[Detaching after vfork from child process 731644]
[Detaching after vfork from child process 731646]
[Detaching after vfork from child process 731648]
[Detaching after vfork from child process 731650]
[Detaching after vfork from child process 731652]
[Detaching after vfork from child process 731654]
[Detaching after vfork from child process 731656]
[Detaching after vfork from child process 731658]
[New Thread 0x7ff60d1dd6c0 (LWP 731659)]
[New Thread 0x7ff60c9dc6c0 (LWP 731660)]
[New Thread 0x7ff5fffff6c0 (LWP 731661)]
[New Thread 0x7ff5ff7fe6c0 (LWP 731662)]
[New Thread 0x7ff5feffd6c0 (LWP 731663)]
[New Thread 0x7ff5fe7fc6c0 (LWP 731664)]
[New Thread 0x7ff5fdffb6c0 (LWP 731665)]
[New Thread 0x7ff5fd7fa6c0 (LWP 731666)]
[New Thread 0x7ff5fcff96c0 (LWP 731667)]
[New Thread 0x7ff5f7fff6c0 (LWP 731668)]
[New Thread 0x7ff5f77fe6c0 (LWP 731669)]
[New Thread 0x7ff5f6ffd6c0 (LWP 731670)]
[New Thread 0x7ff5f67fc6c0 (LWP 731671)]
[New Thread 0x7ff5f5ffb6c0 (LWP 731672)]
[New Thread 0x7ff5f57fa6c0 (LWP 731673)]
[New Thread 0x7ff5f4ff96c0 (LWP 731674)]
[New Thread 0x7ff5effff6c0 (LWP 731675)]
[New Thread 0x7ff5ef7fe6c0 (LWP 731676)]
[New Thread 0x7ff5eeffd6c0 (LWP 731677)]
[New Thread 0x7ff5ee7fc6c0 (LWP 731678)]
[New Thread 0x7ff5edffb6c0 (LWP 731679)]
[New Thread 0x7ff5ed7fa6c0 (LWP 731680)]
BindCraft 2 (unreleased)
campaign pdl1
binder length 146
target hPDL1 (target) | 115 residues | hotspots 54,56,66,115
losses binder_contacts=1.0 binder_helicity=-0.3 binder_pae=0.4 compactness=0.5 interface_contacts=1.0 interface_pae=0.1 iptm_loss=0.05 plddt_loss=0.1
filters Backbone_Clashes <= 0, Binder_RMSD <= 3.5, Interface_Residues >= 7, Unbound_Binder_pLDDT >= 0.7, i_pAE <= 0.35, i_pTM >= 0.7, pTM >= 0.55
results /home/ttuser/.coworker/wt/bcp-roofline/perf/bcp_roofline/out/prof_gdb | 3_Ranked/!_Ranked.csv rewritten as each design is accepted | summary.csv written when the campaign ends

=== trajectory 1 | pdl1_denovo_l146_b60b37ab688fd0f2 | accepted 0/10 ===
2026-10-01 00:13:48.211 | INFO     | tracy:signpost:44 - bcp_round
[New Thread 0x7ff5ecff96c0 (LWP 731681)]
[New Thread 0x7ff5e7fff6c0 (LWP 731682)]
[New Thread 0x7ff5e67fd6c0 (LWP 731683)]
[New Thread 0x7ff5e5ffc6c0 (LWP 731684)]
[New Thread 0x7ff5e57fb6c0 (LWP 731685)]
[New Thread 0x7ff5e4ffa6c0 (LWP 731686)]
[New Thread 0x7ff544b3c6c0 (LWP 731687)]
[Detaching after vfork from child process 731688]
[Detaching after vfork from child process 731690]
[Detaching after vfork from child process 731692]
[Detaching after vfork from child process 731694]
[Detaching after vfork from child process 731696]
[New Thread 0x7ff4dbeff6c0 (LWP 731698)]
[New Thread 0x7ff4db6fe6c0 (LWP 731699)]
[New Thread 0x7ff4daefd6c0 (LWP 731700)]
[New Thread 0x7ff4da6fc6c0 (LWP 731701)]
[New Thread 0x7ff4d9efb6c0 (LWP 731702)]
[New Thread 0x7ff4d96fa6c0 (LWP 731703)]
2026-10-01 00:13:50.991 | INFO     | tracy:signpost:44 - seam_begin:template:taped
[New Thread 0x7ff4d3fff6c0 (LWP 731704)]
[New Thread 0x7ff4d37fe6c0 (LWP 731705)]
[New Thread 0x7ff4d2ffd6c0 (LWP 731706)]
[New Thread 0x7ff4d27fc6c0 (LWP 731707)]
[New Thread 0x7ff4d1ffb6c0 (LWP 731708)]
[New Thread 0x7ff4d17fa6c0 (LWP 731709)]
[New Thread 0x7ff4d0ff96c0 (LWP 731710)]
[Detaching after vfork from child process 731711]
[Detaching after vfork from child process 731713]
[Detaching after vfork from child process 731715]
[Detaching after vfork from child process 731717]
[Detaching after vfork from child process 731719]
[Detaching after vfork from child process 731721]
[Detaching after vfork from child process 731723]
[Detaching after vfork from child process 731725]
[Detaching after vfork from child process 731727]
[Detaching after vfork from child process 731729]
[Detaching after vfork from child process 731731]
[Detaching after vfork from child process 731733]
[Detaching after vfork from child process 731735]
[Detaching after vfork from child process 731737]
[Detaching after vfork from child process 731739]
[Detaching after vfork from child process 731741]
[Detaching after vfork from child process 731743]
[Detaching after vfork from child process 731745]
[Detaching after vfork from child process 731747]
[Detaching after vfork from child process 731749]
[Detaching after vfork from child process 731751]
[Detaching after vfork from child process 731753]
[Detaching after vfork from child process 731755]
[Detaching after vfork from child process 731757]
[Detaching after vfork from child process 731759]
[Detaching after vfork from child process 731761]
[Detaching after vfork from child process 731763]
[Detaching after vfork from child process 731765]
[Detaching after vfork from child process 731767]
[Detaching after vfork from child process 731769]
[Detaching after vfork from child process 731771]
[Detaching after vfork from child process 731773]
[Detaching after vfork from child process 731775]
[Detaching after vfork from child process 731777]
[Detaching after vfork from child process 731779]
[Detaching after vfork from child process 731781]
[Detaching after vfork from child process 731783]
[Detaching after vfork from child process 731785]
[Detaching after vfork from child process 731787]
[Detaching after vfork from child process 731789]
[Detaching after vfork from child process 731791]
[Detaching after vfork from child process 731793]
[Detaching after vfork from child process 731795]
[Detaching after vfork from child process 731797]
[Detaching after vfork from child process 731799]
[Detaching after vfork from child process 731801]
[Detaching after vfork from child process 731803]
[Detaching after vfork from child process 731805]
[Detaching after vfork from child process 731807]
[Detaching after vfork from child process 731809]
[Detaching after vfork from child process 731811]
[Detaching after vfork from child process 731813]
[Detaching after vfork from child process 731815]
[Detaching after vfork from child process 731817]
[Detaching after vfork from child process 731819]
[Detaching after vfork from child process 731821]
[Detaching after vfork from child process 731823]
[Detaching after vfork from child process 731825]
[Detaching after vfork from child process 731827]
[Detaching after vfork from child process 731829]
[Detaching after vfork from child process 731831]
[Detaching after vfork from child process 731833]
[Detaching after vfork from child process 731835]
[Detaching after vfork from child process 731837]
[Detaching after vfork from child process 731839]
[Detaching after vfork from child process 731841]
[Detaching after vfork from child process 731843]
[Detaching after vfork from child process 731845]
[Detaching after vfork from child process 731847]
[Detaching after vfork from child process 731849]
[Detaching after vfork from child process 731851]
[Detaching after vfork from child process 731853]
[Detaching after vfork from child process 731855]
[Detaching after vfork from child process 731857]
[Detaching after vfork from child process 731859]
[Detaching after vfork from child process 731861]
[Detaching after vfork from child process 731863]
[Detaching after vfork from child process 731865]
[Detaching after vfork from child process 731867]
[Detaching after vfork from child process 731869]
[Detaching after vfork from child process 731871]
[Detaching after vfork from child process 731873]
[Detaching after vfork from child process 731875]
[Detaching after vfork from child process 731877]
[Detaching after vfork from child process 731879]
[Detaching after vfork from child process 731881]
[Detaching after vfork from child process 731883]
[Detaching after vfork from child process 731885]
[Detaching after vfork from child process 731887]
[Detaching after vfork from child process 731889]
[Detaching after vfork from child process 731891]
[Detaching after vfork from child process 731893]
[Detaching after vfork from child process 731895]
[Detaching after vfork from child process 731897]
[Detaching after vfork from child process 731899]
[Detaching after vfork from child process 731901]
[Detaching after vfork from child process 731903]
[Detaching after vfork from child process 731905]
[Detaching after vfork from child process 731907]
[Detaching after vfork from child process 731909]
[Detaching after vfork from child process 731911]
[Detaching after vfork from child process 731913]
[Detaching after vfork from child process 731915]
[Detaching after vfork from child process 731917]
[Detaching after vfork from child process 731919]
[Detaching after vfork from child process 731921]
[Detaching after vfork from child process 731923]
[Detaching after vfork from child process 731925]
[Detaching after vfork from child process 731927]
[Detaching after vfork from child process 731929]
[Detaching after vfork from child process 731931]
[Detaching after vfork from child process 731933]
[Detaching after vfork from child process 731935]
[Detaching after vfork from child process 731937]
[Detaching after vfork from child process 731939]
[Detaching after vfork from child process 731941]
[Detaching after vfork from child process 731943]
[Detaching after vfork from child process 731945]
[Detaching after vfork from child process 731947]
[Detaching after vfork from child process 731949]
[Detaching after vfork from child process 731951]
[Detaching after vfork from child process 731953]
[Detaching after vfork from child process 731955]
[Detaching after vfork from child process 731957]
[Detaching after vfork from child process 731959]
2026-10-01 00:13:51.404 | INFO     | tracy:signpost:44 - seam_end:template:taped
2026-10-01 00:13:51.430 | INFO     | tracy:signpost:44 - seam_begin:extra_msa:taped
[Detaching after vfork from child process 731961]
[Detaching after vfork from child process 731963]
[Detaching after vfork from child process 731965]
[Detaching after vfork from child process 731967]
[Detaching after vfork from child process 731969]
[Detaching after vfork from child process 731971]
[Detaching after vfork from child process 731973]
[Detaching after vfork from child process 731975]
[Detaching after vfork from child process 731977]
[Detaching after vfork from child process 731979]
[Detaching after vfork from child process 731981]
[Detaching after vfork from child process 731983]
[Detaching after vfork from child process 731985]
[Detaching after vfork from child process 731987]
[Detaching after vfork from child process 731989]
[Detaching after vfork from child process 731991]
[Detaching after vfork from child process 731993]
[Detaching after vfork from child process 731995]
[Detaching after vfork from child process 731997]
[Detaching after vfork from child process 731999]
[Detaching after vfork from child process 732001]
[Detaching after vfork from child process 732003]
[Detaching after vfork from child process 732005]
[Detaching after vfork from child process 732007]
[Detaching after vfork from child process 732009]
[Detaching after vfork from child process 732011]
[Detaching after vfork from child process 732013]
[Detaching after vfork from child process 732015]
[Detaching after vfork from child process 732017]
[Detaching after vfork from child process 732019]
[Detaching after vfork from child process 732021]
[Detaching after vfork from child process 732023]
[Detaching after vfork from child process 732025]
[Detaching after vfork from child process 732027]
[Detaching after vfork from child process 732029]
[Detaching after vfork from child process 732031]
[Detaching after vfork from child process 732033]
[Detaching after vfork from child process 732035]
[Detaching after vfork from child process 732037]
[Detaching after vfork from child process 732039]
[Detaching after vfork from child process 732041]
[Detaching after vfork from child process 732043]
[Detaching after vfork from child process 732045]
[Detaching after vfork from child process 732047]
[Detaching after vfork from child process 732049]
[Detaching after vfork from child process 732051]
[Detaching after vfork from child process 732053]
[Detaching after vfork from child process 732055]
[Detaching after vfork from child process 732057]
[Detaching after vfork from child process 732059]
[Detaching after vfork from child process 732061]
[Detaching after vfork from child process 732063]
[Detaching after vfork from child process 732065]
[Detaching after vfork from child process 732067]
[Detaching after vfork from child process 732069]
[Detaching after vfork from child process 732071]
[Detaching after vfork from child process 732073]
[Detaching after vfork from child process 732075]
[Detaching after vfork from child process 732077]
[Detaching after vfork from child process 732079]
[Detaching after vfork from child process 732081]
[Detaching after vfork from child process 732083]
[Detaching after vfork from child process 732085]
[Detaching after vfork from child process 732087]
[Detaching after vfork from child process 732089]
[Detaching after vfork from child process 732091]
[Detaching after vfork from child process 732093]
[Detaching after vfork from child process 732095]
[Detaching after vfork from child process 732097]
[Detaching after vfork from child process 732099]
[Detaching after vfork from child process 732102]
[Detaching after vfork from child process 732104]
[Detaching after vfork from child process 732106]
[Detaching after vfork from child process 732109]
[Detaching after vfork from child process 732114]
[Detaching after vfork from child process 732116]
[Detaching after vfork from child process 732118]
[Detaching after vfork from child process 732120]
[Detaching after vfork from child process 732122]
[Detaching after vfork from child process 732124]
[Detaching after vfork from child process 732126]
[Detaching after vfork from child process 732128]
[Detaching after vfork from child process 732130]
[Detaching after vfork from child process 732132]
[Detaching after vfork from child process 732134]
[Detaching after vfork from child process 732136]
[Detaching after vfork from child process 732138]
[Detaching after vfork from child process 732140]
[Detaching after vfork from child process 732142]
[Detaching after vfork from child process 732144]
[Detaching after vfork from child process 732146]
[Detaching after vfork from child process 732148]
[Detaching after vfork from child process 732150]
[Detaching after vfork from child process 732152]
[Detaching after vfork from child process 732154]
[Detaching after vfork from child process 732156]
[Detaching after vfork from child process 732158]
[Detaching after vfork from child process 732160]
[Detaching after vfork from child process 732162]
[Detaching after vfork from child process 732164]
[Detaching after vfork from child process 732166]
[Detaching after vfork from child process 732168]
2026-10-01 00:13:51.772 | INFO     | tracy:signpost:44 - seam_end:extra_msa:taped
2026-10-01 00:13:51.792 | INFO     | tracy:signpost:44 - seam_begin:evoformer:taped
[New Thread 0x7ff4c125b6c0 (LWP 732170)]
[New Thread 0x7ff4c0a5a6c0 (LWP 732171)]
[New Thread 0x7ff49bc296c0 (LWP 732172)]
[New Thread 0x7ff49b4286c0 (LWP 732173)]
[New Thread 0x7ff49ac276c0 (LWP 732174)]
[New Thread 0x7ff49a4266c0 (LWP 732175)]
[New Thread 0x7ff499c256c0 (LWP 732176)]
[Detaching after vfork from child process 732177]
[Detaching after vfork from child process 732179]
[Detaching after vfork from child process 732181]
[Detaching after vfork from child process 732183]
[Detaching after vfork from child process 732185]
[Detaching after vfork from child process 732187]
[Detaching after vfork from child process 732189]
[Detaching after vfork from child process 732191]
[Detaching after vfork from child process 732193]
[Detaching after vfork from child process 732195]
[Detaching after vfork from child process 732197]
[Detaching after vfork from child process 732199]
[Detaching after vfork from child process 732201]
[Detaching after vfork from child process 732203]
[Detaching after vfork from child process 732205]
[Detaching after vfork from child process 732207]
[Detaching after vfork from child process 732209]
[Detaching after vfork from child process 732211]
[Detaching after vfork from child process 732213]
[Detaching after vfork from child process 732215]
[Detaching after vfork from child process 732217]
[Detaching after vfork from child process 732219]
[Detaching after vfork from child process 732221]
[Detaching after vfork from child process 732223]
[Detaching after vfork from child process 732225]
[Detaching after vfork from child process 732227]
[Detaching after vfork from child process 732229]
[Detaching after vfork from child process 732231]
[Detaching after vfork from child process 732233]
[Detaching after vfork from child process 732235]
[Detaching after vfork from child process 732237]
[Detaching after vfork from child process 732239]
[Detaching after vfork from child process 732241]
[Detaching after vfork from child process 732243]
[Detaching after vfork from child process 732245]
[Detaching after vfork from child process 732247]
[Detaching after vfork from child process 732249]
[Detaching after vfork from child process 732251]
[Detaching after vfork from child process 732253]
[Detaching after vfork from child process 732255]
[Detaching after vfork from child process 732257]
[Detaching after vfork from child process 732259]
[Detaching after vfork from child process 732261]
[Detaching after vfork from child process 732263]
[Detaching after vfork from child process 732265]
[Detaching after vfork from child process 732267]
[Detaching after vfork from child process 732269]
[Detaching after vfork from child process 732271]
[Detaching after vfork from child process 732273]
[Detaching after vfork from child process 732275]
[Detaching after vfork from child process 732277]
[Detaching after vfork from child process 732279]
[Detaching after vfork from child process 732281]
[Detaching after vfork from child process 732283]
[Detaching after vfork from child process 732285]
[Detaching after vfork from child process 732287]
[Detaching after vfork from child process 732289]
[Detaching after vfork from child process 732291]
[Detaching after vfork from child process 732293]
[Detaching after vfork from child process 732295]
[Detaching after vfork from child process 732297]
[Detaching after vfork from child process 732299]
[Detaching after vfork from child process 732301]
[Detaching after vfork from child process 732303]
[Detaching after vfork from child process 732305]
[Detaching after vfork from child process 732307]
[Detaching after vfork from child process 732309]
[Detaching after vfork from child process 732311]
[Detaching after vfork from child process 732313]
[Detaching after vfork from child process 732315]
[Detaching after vfork from child process 732317]
[Detaching after vfork from child process 732319]
[Detaching after vfork from child process 732321]
[Detaching after vfork from child process 732323]
[Detaching after vfork from child process 732325]
[Detaching after vfork from child process 732327]
[Detaching after vfork from child process 732329]
[Detaching after vfork from child process 732331]
[Detaching after vfork from child process 732333]
[Detaching after vfork from child process 732335]
[Detaching after vfork from child process 732337]
[Detaching after vfork from child process 732339]
[Detaching after vfork from child process 732341]
[Detaching after vfork from child process 732343]
[Detaching after vfork from child process 732345]
[Detaching after vfork from child process 732347]
[Detaching after vfork from child process 732349]
[Detaching after vfork from child process 732351]
[Detaching after vfork from child process 732353]
[Detaching after vfork from child process 732355]
[Detaching after vfork from child process 732357]
[Detaching after vfork from child process 732359]
[Detaching after vfork from child process 732361]
[Detaching after vfork from child process 732363]
[Detaching after vfork from child process 732365]
[Detaching after vfork from child process 732367]
[Detaching after vfork from child process 732369]
[Detaching after vfork from child process 732371]
[Detaching after vfork from child process 732373]
[Detaching after vfork from child process 732375]
[Detaching after vfork from child process 732377]
[Detaching after vfork from child process 732379]
[Detaching after vfork from child process 732381]
[Detaching after vfork from child process 732383]
[Detaching after vfork from child process 732385]
[Detaching after vfork from child process 732387]
[Detaching after vfork from child process 732389]
[Detaching after vfork from child process 732391]
[Detaching after vfork from child process 732393]
[Detaching after vfork from child process 732395]
[Detaching after vfork from child process 732397]
[Detaching after vfork from child process 732399]
[Detaching after vfork from child process 732401]
[Detaching after vfork from child process 732403]
[Detaching after vfork from child process 732405]
[Detaching after vfork from child process 732407]
[Detaching after vfork from child process 732409]
[Detaching after vfork from child process 732411]
[Detaching after vfork from child process 732413]
[Detaching after vfork from child process 732415]
[Detaching after vfork from child process 732417]
[Detaching after vfork from child process 732419]
[Detaching after vfork from child process 732421]
[Detaching after vfork from child process 732423]
[Detaching after vfork from child process 732425]
[Detaching after vfork from child process 732427]
[Detaching after vfork from child process 732429]
[Detaching after vfork from child process 732431]
[Detaching after vfork from child process 732433]
[Detaching after vfork from child process 732435]
[Detaching after vfork from child process 732437]
[Detaching after vfork from child process 732439]
[Detaching after vfork from child process 732441]
[Detaching after vfork from child process 732443]
[Detaching after vfork from child process 732445]
[Detaching after vfork from child process 732447]
[Detaching after vfork from child process 732449]
[Detaching after vfork from child process 732451]
[Detaching after vfork from child process 732453]
[Detaching after vfork from child process 732455]
[Detaching after vfork from child process 732457]
[Detaching after vfork from child process 732459]
[Detaching after vfork from child process 732461]
[Detaching after vfork from child process 732463]
[Detaching after vfork from child process 732465]
[Detaching after vfork from child process 732467]
[Detaching after vfork from child process 732469]
[Detaching after vfork from child process 732471]
[Detaching after vfork from child process 732473]
[Detaching after vfork from child process 732475]
[Detaching after vfork from child process 732477]
[Detaching after vfork from child process 732479]
[Detaching after vfork from child process 732481]
[Detaching after vfork from child process 732483]
[Detaching after vfork from child process 732485]
[Detaching after vfork from child process 732487]
[Detaching after vfork from child process 732489]
[Detaching after vfork from child process 732491]
[Detaching after vfork from child process 732493]
[Detaching after vfork from child process 732495]
[Detaching after vfork from child process 732497]
[Detaching after vfork from child process 732499]
[Detaching after vfork from child process 732501]
[Detaching after vfork from child process 732503]
[Detaching after vfork from child process 732505]
[Detaching after vfork from child process 732507]
[Detaching after vfork from child process 732509]
[Detaching after vfork from child process 732511]
[Detaching after vfork from child process 732513]
[Detaching after vfork from child process 732515]
[Detaching after vfork from child process 732517]
[Detaching after vfork from child process 732519]
[Detaching after vfork from child process 732521]
[Detaching after vfork from child process 732523]
[Detaching after vfork from child process 732525]
[Detaching after vfork from child process 732527]
[Detaching after vfork from child process 732529]
[Detaching after vfork from child process 732531]
[Detaching after vfork from child process 732533]
[Detaching after vfork from child process 732535]
[Detaching after vfork from child process 732537]
[Detaching after vfork from child process 732539]
[Detaching after vfork from child process 732541]
[Detaching after vfork from child process 732543]
[Detaching after vfork from child process 732545]
[Detaching after vfork from child process 732547]
[Detaching after vfork from child process 732549]
[Detaching after vfork from child process 732551]
[Detaching after vfork from child process 732553]
[Detaching after vfork from child process 732555]
[Detaching after vfork from child process 732557]
[Detaching after vfork from child process 732559]
[Detaching after vfork from child process 732561]
[Detaching after vfork from child process 732563]
[Detaching after vfork from child process 732565]
[Detaching after vfork from child process 732567]
[Detaching after vfork from child process 732569]
[Detaching after vfork from child process 732571]
[Detaching after vfork from child process 732573]
[Detaching after vfork from child process 732575]
[Detaching after vfork from child process 732577]
[Detaching after vfork from child process 732579]
[Detaching after vfork from child process 732581]
[Detaching after vfork from child process 732583]
[Detaching after vfork from child process 732585]
[Detaching after vfork from child process 732587]
[Detaching after vfork from child process 732589]
[Detaching after vfork from child process 732591]
[Detaching after vfork from child process 732593]
[Detaching after vfork from child process 732595]
[Detaching after vfork from child process 732597]
[Detaching after vfork from child process 732599]
[Detaching after vfork from child process 732601]
[Detaching after vfork from child process 732603]
2026-10-01 00:13:53.220 | INFO     | tracy:signpost:44 - seam_end:evoformer:taped
2026-10-01 00:13:53.444 | INFO     | tracy:signpost:44 - seam_begin:template:taped
[New Thread 0x7ff4ce6e96c0 (LWP 732605)]
[New Thread 0x7ff4cdee86c0 (LWP 732606)]
[New Thread 0x7ff4cd1306c0 (LWP 732607)]
[New Thread 0x7ff4c5c376c0 (LWP 732608)]
[New Thread 0x7ff4c54366c0 (LWP 732609)]
[New Thread 0x7ff4c4c356c0 (LWP 732610)]
[New Thread 0x7ff4c44346c0 (LWP 732611)]
2026-10-01 00:13:53.477 | INFO     | tracy:signpost:44 - seam_end:template:taped
2026-10-01 00:13:53.502 | INFO     | tracy:signpost:44 - seam_begin:extra_msa:taped
[New Thread 0x7ff4994246c0 (LWP 732612)]
[New Thread 0x7ff498c236c0 (LWP 732613)]
[New Thread 0x7ff41d6d36c0 (LWP 732614)]
[New Thread 0x7ff41ced26c0 (LWP 732615)]
[New Thread 0x7ff3f5b116c0 (LWP 732616)]
[New Thread 0x7ff3f53106c0 (LWP 732617)]
[New Thread 0x7ff3f4b0f6c0 (LWP 732618)]
2026-10-01 00:13:53.591 | INFO     | tracy:signpost:44 - seam_end:extra_msa:taped
2026-10-01 00:13:53.601 | INFO     | tracy:signpost:44 - seam_begin:evoformer:taped
2026-10-01 00:13:54.456 | INFO     | tracy:signpost:44 - seam_end:evoformer:taped
2026-10-01 00:13:55.355 | INFO     | tracy:signpost:44 - seam_begin:evoformer:backward
[Detaching after vfork from child process 732619]
[Detaching after vfork from child process 732621]
[Detaching after vfork from child process 732623]
[Detaching after vfork from child process 732625]
[Detaching after vfork from child process 732627]
[Detaching after vfork from child process 732629]
[Detaching after vfork from child process 732631]
[Detaching after vfork from child process 732633]
[Detaching after vfork from child process 732635]
[Detaching after vfork from child process 732637]
[Detaching after vfork from child process 732639]
[Detaching after vfork from child process 732641]
[Detaching after vfork from child process 732643]
[Detaching after vfork from child process 732645]
[Detaching after vfork from child process 732647]
[Detaching after vfork from child process 732649]
[Detaching after vfork from child process 732651]
[Detaching after vfork from child process 732653]
[Detaching after vfork from child process 732655]
[Detaching after vfork from child process 732657]
[Detaching after vfork from child process 732659]
[Detaching after vfork from child process 732661]
[Detaching after vfork from child process 732663]
[Detaching after vfork from child process 732665]
[Detaching after vfork from child process 732667]
[Detaching after vfork from child process 732669]
[Detaching after vfork from child process 732671]
[Detaching after vfork from child process 732673]
[Detaching after vfork from child process 732675]
[Detaching after vfork from child process 732677]
[Detaching after vfork from child process 732679]
[Detaching after vfork from child process 732681]
[Detaching after vfork from child process 732683]
[Detaching after vfork from child process 732685]
[Detaching after vfork from child process 732687]
[Detaching after vfork from child process 732689]
[Detaching after vfork from child process 732691]
[Detaching after vfork from child process 732693]
[Detaching after vfork from child process 732695]
[Detaching after vfork from child process 732697]
[Detaching after vfork from child process 732699]
[Detaching after vfork from child process 732701]
[Detaching after vfork from child process 732703]
[Detaching after vfork from child process 732705]
[Detaching after vfork from child process 732707]
[Detaching after vfork from child process 732709]
[Detaching after vfork from child process 732711]
[Detaching after vfork from child process 732713]
[Detaching after vfork from child process 732715]
[Detaching after vfork from child process 732717]
[Detaching after vfork from child process 732719]
[Detaching after vfork from child process 732721]
[Detaching after vfork from child process 732723]
[Detaching after vfork from child process 732725]
[Detaching after vfork from child process 732727]
[Detaching after vfork from child process 732729]
[Detaching after vfork from child process 732731]
[Detaching after vfork from child process 732733]
[Detaching after vfork from child process 732735]
[Detaching after vfork from child process 732737]
[Detaching after vfork from child process 732739]
[Detaching after vfork from child process 732741]
[Detaching after vfork from child process 732743]
[Detaching after vfork from child process 732745]
[Detaching after vfork from child process 732747]
[Detaching after vfork from child process 732749]
[Detaching after vfork from child process 732751]
[Detaching after vfork from child process 732753]
[Detaching after vfork from child process 732755]
[Detaching after vfork from child process 732757]
[Detaching after vfork from child process 732759]
[Detaching after vfork from child process 732761]
[Detaching after vfork from child process 732763]
[Detaching after vfork from child process 732765]
[Detaching after vfork from child process 732767]
[Detaching after vfork from child process 732769]
[Detaching after vfork from child process 732771]
[Detaching after vfork from child process 732773]
[Detaching after vfork from child process 732775]
[Detaching after vfork from child process 732777]
[Detaching after vfork from child process 732779]
[Detaching after vfork from child process 732781]
[Detaching after vfork from child process 732783]
[Detaching after vfork from child process 732785]
[Detaching after vfork from child process 732787]
[Detaching after vfork from child process 732789]
[Detaching after vfork from child process 732791]
[Detaching after vfork from child process 732793]
[Detaching after vfork from child process 732795]
[Detaching after vfork from child process 732797]
[Detaching after vfork from child process 732799]
[Detaching after vfork from child process 732801]
[Detaching after vfork from child process 732803]
[Detaching after vfork from child process 732805]
[Detaching after vfork from child process 732807]
[Detaching after vfork from child process 732809]
[Detaching after vfork from child process 732811]
[Detaching after vfork from child process 732813]
[Detaching after vfork from child process 732815]
[Detaching after vfork from child process 732817]
[Detaching after vfork from child process 732819]
[Detaching after vfork from child process 732821]
[Detaching after vfork from child process 732823]
[Detaching after vfork from child process 732825]
[Detaching after vfork from child process 732827]
[Detaching after vfork from child process 732829]
[Detaching after vfork from child process 732831]
[Detaching after vfork from child process 732833]
[Detaching after vfork from child process 732835]
[Detaching after vfork from child process 732837]
[Detaching after vfork from child process 732839]
[Detaching after vfork from child process 732841]
[Detaching after vfork from child process 732843]
[Detaching after vfork from child process 732845]
[Detaching after vfork from child process 732847]
[Detaching after vfork from child process 732849]
[Detaching after vfork from child process 732851]
[Detaching after vfork from child process 732853]
[Detaching after vfork from child process 732855]
[Detaching after vfork from child process 732857]
[Detaching after vfork from child process 732859]
[Detaching after vfork from child process 732861]
[Detaching after vfork from child process 732863]
[Detaching after vfork from child process 732865]
[Detaching after vfork from child process 732867]
[Detaching after vfork from child process 732869]
[Detaching after vfork from child process 732871]
[Detaching after vfork from child process 732873]
[Detaching after vfork from child process 732875]
[Detaching after vfork from child process 732877]
[Detaching after vfork from child process 732879]
[Detaching after vfork from child process 732881]
[Detaching after vfork from child process 732883]
[Detaching after vfork from child process 732885]
[Detaching after vfork from child process 732887]
[Detaching after vfork from child process 732889]
[Detaching after vfork from child process 732891]
[Detaching after vfork from child process 732893]
[Detaching after vfork from child process 732895]
[Detaching after vfork from child process 732897]
[Detaching after vfork from child process 732899]
[Detaching after vfork from child process 732901]
[Detaching after vfork from child process 732903]
[Detaching after vfork from child process 732905]
[Detaching after vfork from child process 732907]
[Detaching after vfork from child process 732909]
[Detaching after vfork from child process 732911]
[Detaching after vfork from child process 732913]
[Detaching after vfork from child process 732915]
[Detaching after vfork from child process 732917]
[Detaching after vfork from child process 732919]
[Detaching after vfork from child process 732921]
[Detaching after vfork from child process 732923]
[Detaching after vfork from child process 732925]
[Detaching after vfork from child process 732927]
[Detaching after vfork from child process 732929]
[Detaching after vfork from child process 732931]
[Detaching after vfork from child process 732933]
[Detaching after vfork from child process 732935]
[Detaching after vfork from child process 732937]
[Detaching after vfork from child process 732939]
[Detaching after vfork from child process 732941]
[Detaching after vfork from child process 732943]
[Detaching after vfork from child process 732945]
[Detaching after vfork from child process 732947]
[Detaching after vfork from child process 732949]
[Detaching after vfork from child process 732951]
[Detaching after vfork from child process 732953]
[Detaching after vfork from child process 732955]
[Detaching after vfork from child process 732957]
[Detaching after vfork from child process 732959]
[Detaching after vfork from child process 732961]
[Detaching after vfork from child process 732963]
[Detaching after vfork from child process 732965]
[Detaching after vfork from child process 732967]
[Detaching after vfork from child process 732969]
[Detaching after vfork from child process 732971]
[Detaching after vfork from child process 732973]
[Detaching after vfork from child process 732975]
[Detaching after vfork from child process 732977]
[Detaching after vfork from child process 732979]
[Detaching after vfork from child process 732981]
[Detaching after vfork from child process 732983]
[Detaching after vfork from child process 732985]
[Detaching after vfork from child process 732987]
[Detaching after vfork from child process 732989]
[Detaching after vfork from child process 732991]
[Detaching after vfork from child process 732993]
[Detaching after vfork from child process 732995]
[Detaching after vfork from child process 732997]
[Detaching after vfork from child process 732999]
[Detaching after vfork from child process 733001]
[Detaching after vfork from child process 733003]
[Detaching after vfork from child process 733005]
[Detaching after vfork from child process 733007]
[Detaching after vfork from child process 733009]
[Detaching after vfork from child process 733011]
[Detaching after vfork from child process 733013]
[Detaching after vfork from child process 733015]
[Detaching after vfork from child process 733017]
[Detaching after vfork from child process 733019]
[Detaching after vfork from child process 733021]
[Detaching after vfork from child process 733023]
[Detaching after vfork from child process 733025]
[Detaching after vfork from child process 733027]
[Detaching after vfork from child process 733029]
[Detaching after vfork from child process 733031]
[Detaching after vfork from child process 733033]
[Detaching after vfork from child process 733035]
[Detaching after vfork from child process 733037]
[Detaching after vfork from child process 733039]
[Detaching after vfork from child process 733041]
[Detaching after vfork from child process 733043]
[Detaching after vfork from child process 733045]
[Detaching after vfork from child process 733047]
[Detaching after vfork from child process 733049]
[Detaching after vfork from child process 733051]
[Detaching after vfork from child process 733053]
[Detaching after vfork from child process 733055]
[Detaching after vfork from child process 733057]
[Detaching after vfork from child process 733059]
[Detaching after vfork from child process 733061]
[Detaching after vfork from child process 733063]
[Detaching after vfork from child process 733065]
[Detaching after vfork from child process 733067]
[Detaching after vfork from child process 733069]
[Detaching after vfork from child process 733071]
[Detaching after vfork from child process 733073]
[Detaching after vfork from child process 733075]
[Detaching after vfork from child process 733077]
[Detaching after vfork from child process 733079]
[Detaching after vfork from child process 733081]
[Detaching after vfork from child process 733083]
[Detaching after vfork from child process 733085]
[Detaching after vfork from child process 733087]
[Detaching after vfork from child process 733089]
[Detaching after vfork from child process 733091]
[Detaching after vfork from child process 733093]
[Detaching after vfork from child process 733095]
[Detaching after vfork from child process 733097]
[Detaching after vfork from child process 733099]
[Detaching after vfork from child process 733101]
[Detaching after vfork from child process 733103]
[Detaching after vfork from child process 733105]
[Detaching after vfork from child process 733107]
[Detaching after vfork from child process 733109]
[Detaching after vfork from child process 733111]
[Detaching after vfork from child process 733113]
[Detaching after vfork from child process 733115]
[Detaching after vfork from child process 733117]
[Detaching after vfork from child process 733119]
[Detaching after vfork from child process 733121]
[Detaching after vfork from child process 733123]
[Detaching after vfork from child process 733125]
[Detaching after vfork from child process 733127]
[Detaching after vfork from child process 733129]
[Detaching after vfork from child process 733131]
[Detaching after vfork from child process 733133]
[Detaching after vfork from child process 733135]
[Detaching after vfork from child process 733137]
[Detaching after vfork from child process 733139]
[Detaching after vfork from child process 733141]
[Detaching after vfork from child process 733143]
[Detaching after vfork from child process 733145]
[Detaching after vfork from child process 733147]
[Detaching after vfork from child process 733149]
[Detaching after vfork from child process 733151]
[Detaching after vfork from child process 733153]
[Detaching after vfork from child process 733155]
[Detaching after vfork from child process 733157]
[Detaching after vfork from child process 733159]
[Detaching after vfork from child process 733161]
[Detaching after vfork from child process 733163]
[Detaching after vfork from child process 733165]
[Detaching after vfork from child process 733167]
[Detaching after vfork from child process 733169]
[Detaching after vfork from child process 733171]
[Detaching after vfork from child process 733173]
[Detaching after vfork from child process 733175]
[Detaching after vfork from child process 733177]
[Detaching after vfork from child process 733179]
[Detaching after vfork from child process 733181]
[Detaching after vfork from child process 733183]
[Detaching after vfork from child process 733185]
[Detaching after vfork from child process 733187]
[Detaching after vfork from child process 733189]
[Detaching after vfork from child process 733191]
[Detaching after vfork from child process 733193]
[Detaching after vfork from child process 733195]
[Detaching after vfork from child process 733197]
[Detaching after vfork from child process 733199]
[Detaching after vfork from child process 733201]
[Detaching after vfork from child process 733203]
[Detaching after vfork from child process 733205]
[Detaching after vfork from child process 733207]
[Detaching after vfork from child process 733209]
[Detaching after vfork from child process 733211]
[Detaching after vfork from child process 733213]
[Detaching after vfork from child process 733215]
[Detaching after vfork from child process 733217]
[Detaching after vfork from child process 733219]
[Detaching after vfork from child process 733221]
[Detaching after vfork from child process 733223]
[Detaching after vfork from child process 733225]
[Detaching after vfork from child process 733227]
[Detaching after vfork from child process 733229]
[Detaching after vfork from child process 733231]
[Detaching after vfork from child process 733233]
[Detaching after vfork from child process 733235]
[Detaching after vfork from child process 733237]
[Detaching after vfork from child process 733239]
[Detaching after vfork from child process 733241]
[Detaching after vfork from child process 733243]
[Detaching after vfork from child process 733245]
[Detaching after vfork from child process 733247]
[Detaching after vfork from child process 733249]
[Detaching after vfork from child process 733251]
[Detaching after vfork from child process 733253]
[Detaching after vfork from child process 733255]
[Detaching after vfork from child process 733257]
[Detaching after vfork from child process 733259]
[Detaching after vfork from child process 733261]
[Detaching after vfork from child process 733263]
[Detaching after vfork from child process 733265]
2026-10-01 00:13:59.595 | INFO     | tracy:signpost:44 - seam_end:evoformer:backward
2026-10-01 00:13:59.613 | INFO     | tracy:signpost:44 - seam_begin:extra_msa:backward
[New Thread 0x7ff41fbc16c0 (LWP 733267)]
[New Thread 0x7ff41f3c06c0 (LWP 733268)]
[New Thread 0x7ff41ebbf6c0 (LWP 733269)]
[New Thread 0x7ff41e3be6c0 (LWP 733270)]
[New Thread 0x7ff3f7fff6c0 (LWP 733271)]
[New Thread 0x7ff3f77fe6c0 (LWP 733272)]
[New Thread 0x7ff3f6ffd6c0 (LWP 733273)]
2026-10-01 00:13:59.886 | INFO     | tracy:signpost:44 - seam_end:extra_msa:backward
2026-10-01 00:13:59.904 | INFO     | tracy:signpost:44 - seam_begin:template:backward
[New Thread 0x7ff4c38236c0 (LWP 733274)]
[New Thread 0x7ff4c30226c0 (LWP 733275)]
[New Thread 0x7ff4c28216c0 (LWP 733276)]
[New Thread 0x7ff4c20206c0 (LWP 733277)]
[New Thread 0x7ff3f67fc6c0 (LWP 733278)]
[New Thread 0x7ff3effff6c0 (LWP 733279)]
[New Thread 0x7ff3ef7fe6c0 (LWP 733280)]
[Detaching after vfork from child process 733281]
[Detaching after vfork from child process 733283]
[Detaching after vfork from child process 733285]
[Detaching after vfork from child process 733287]
[Detaching after vfork from child process 733289]
[Detaching after vfork from child process 733291]
[Detaching after vfork from child process 733293]
[Detaching after vfork from child process 733295]
[Detaching after vfork from child process 733297]
[Detaching after vfork from child process 733299]
[Detaching after vfork from child process 733301]
[Detaching after vfork from child process 733303]
[Detaching after vfork from child process 733305]
[Detaching after vfork from child process 733307]
[Detaching after vfork from child process 733309]
[Detaching after vfork from child process 733311]
[Detaching after vfork from child process 733313]
[Detaching after vfork from child process 733315]
[Detaching after vfork from child process 733317]
[Detaching after vfork from child process 733319]
[Detaching after vfork from child process 733321]
[Detaching after vfork from child process 733323]
[Detaching after vfork from child process 733325]
[Detaching after vfork from child process 733327]
[Detaching after vfork from child process 733329]
[Detaching after vfork from child process 733331]
[Detaching after vfork from child process 733333]
[Detaching after vfork from child process 733335]
[Detaching after vfork from child process 733337]
[Detaching after vfork from child process 733339]
[Detaching after vfork from child process 733341]
[Detaching after vfork from child process 733343]
[Detaching after vfork from child process 733345]
[Detaching after vfork from child process 733347]
[Detaching after vfork from child process 733349]
[Detaching after vfork from child process 733351]
[Detaching after vfork from child process 733353]
[Detaching after vfork from child process 733355]
[Detaching after vfork from child process 733357]
[Detaching after vfork from child process 733359]
[Detaching after vfork from child process 733361]
[Detaching after vfork from child process 733363]
[Detaching after vfork from child process 733365]
[Detaching after vfork from child process 733367]
[Detaching after vfork from child process 733369]
[Detaching after vfork from child process 733371]
[Detaching after vfork from child process 733373]
[Detaching after vfork from child process 733375]
[Detaching after vfork from child process 733377]
[Detaching after vfork from child process 733379]
[Detaching after vfork from child process 733381]
[Detaching after vfork from child process 733383]
[Detaching after vfork from child process 733385]
[Detaching after vfork from child process 733387]
[Detaching after vfork from child process 733389]
[Detaching after vfork from child process 733391]
[Detaching after vfork from child process 733393]
[Detaching after vfork from child process 733395]
[Detaching after vfork from child process 733397]
[Detaching after vfork from child process 733399]
[Detaching after vfork from child process 733401]
[Detaching after vfork from child process 733403]
[Detaching after vfork from child process 733405]
[Detaching after vfork from child process 733407]
[Detaching after vfork from child process 733409]
[Detaching after vfork from child process 733411]
[Detaching after vfork from child process 733413]
[Detaching after vfork from child process 733415]
[Detaching after vfork from child process 733417]
[Detaching after vfork from child process 733419]
[Detaching after vfork from child process 733421]
[Detaching after vfork from child process 733423]
[Detaching after vfork from child process 733425]
[Detaching after vfork from child process 733427]
[Detaching after vfork from child process 733429]
[Detaching after vfork from child process 733431]
[Detaching after vfork from child process 733433]
[Detaching after vfork from child process 733435]
[Detaching after vfork from child process 733437]
[Detaching after vfork from child process 733439]
[Detaching after vfork from child process 733441]
[Detaching after vfork from child process 733443]
[Detaching after vfork from child process 733445]
[Detaching after vfork from child process 733447]
[Detaching after vfork from child process 733449]
[Detaching after vfork from child process 733451]
[Detaching after vfork from child process 733453]
[Detaching after vfork from child process 733455]
[Detaching after vfork from child process 733457]
[Detaching after vfork from child process 733459]
[Detaching after vfork from child process 733461]
[Detaching after vfork from child process 733463]
2026-10-01 00:14:00.348 | INFO     | tracy:signpost:44 - seam_end:template:backward
2026-10-01 00:14:01.163 | INFO     | tracy:signpost:44 - bcp_round
2026-10-01 00:14:01.245 | INFO     | tracy:signpost:44 - seam_begin:template:taped
2026-10-01 00:14:02.152 | INFO     | tracy:signpost:44 - seam_end:template:taped
2026-10-01 00:14:02.173 | INFO     | tracy:signpost:44 - seam_begin:extra_msa:taped
2026-10-01 00:14:02.259 | INFO     | tracy:signpost:44 - seam_end:extra_msa:taped
2026-10-01 00:14:02.278 | INFO     | tracy:signpost:44 - seam_begin:evoformer:taped
[New Thread 0x7ff3ecb0f6c0 (LWP 733516)]
[New Thread 0x7ff3d5b116c0 (LWP 733517)]
[New Thread 0x7ff3d53106c0 (LWP 733518)]
[New Thread 0x7ff3d4b0f6c0 (LWP 733519)]
[New Thread 0x7ff3cdb116c0 (LWP 733520)]
[New Thread 0x7ff3cd3106c0 (LWP 733521)]
[New Thread 0x7ff3ccb0f6c0 (LWP 733522)]
2026-10-01 00:14:03.128 | INFO     | tracy:signpost:44 - seam_end:evoformer:taped
2026-10-01 00:14:03.298 | INFO     | tracy:signpost:44 - seam_begin:template:taped
2026-10-01 00:14:03.330 | INFO     | tracy:signpost:44 - seam_end:template:taped
2026-10-01 00:14:03.346 | INFO     | tracy:signpost:44 - seam_begin:extra_msa:taped
2026-10-01 00:14:03.442 | INFO     | tracy:signpost:44 - seam_end:extra_msa:taped
2026-10-01 00:14:03.462 | INFO     | tracy:signpost:44 - seam_begin:evoformer:taped
[New Thread 0x7ff3c7fff6c0 (LWP 733523)]
[New Thread 0x7ff3c77fe6c0 (LWP 733524)]
[New Thread 0x7ff3c6ffd6c0 (LWP 733525)]
[New Thread 0x7ff3c67fc6c0 (LWP 733526)]
[New Thread 0x7ff3c5ffb6c0 (LWP 733527)]
[New Thread 0x7ff3c57fa6c0 (LWP 733528)]
[New Thread 0x7ff3c4ff96c0 (LWP 733529)]
2026-10-01 00:14:04.311 | INFO     | tracy:signpost:44 - seam_end:evoformer:taped
2026-10-01 00:14:05.117 | INFO     | tracy:signpost:44 - seam_begin:evoformer:backward
[New Thread 0x7ff3d7fff6c0 (LWP 733530)]
[New Thread 0x7ff3d77fe6c0 (LWP 733531)]
[New Thread 0x7ff3d6ffd6c0 (LWP 733532)]
[New Thread 0x7ff3d67fc6c0 (LWP 733533)]
[New Thread 0x7ff3cffff6c0 (LWP 733534)]
[New Thread 0x7ff3cf7fe6c0 (LWP 733535)]
[New Thread 0x7ff3ceffd6c0 (LWP 733536)]
2026-10-01 00:14:08.484 | INFO     | tracy:signpost:44 - seam_end:evoformer:backward

Thread 105 "python3" received signal SIGSEGV, Segmentation fault.
[Switching to Thread 0x7ff60ddee6c0 (LWP 731641)]
__memcpy_avx512_unaligned_erms () at ../sysdeps/x86_64/multiarch/memmove-vec-unaligned-erms.S:590
warning: 590	../sysdeps/x86_64/multiarch/memmove-vec-unaligned-erms.S: No such file or directory
#0  __memcpy_avx512_unaligned_erms () at ../sysdeps/x86_64/multiarch/memmove-vec-unaligned-erms.S:590
#1  0x00007ffe8c4ee796 in tt::umd::SysmemManager::read_from_sysmem(unsigned short, void*, unsigned long, unsigned int) () from /home/ttuser/tt-metal-b2z/build_Release/lib/libdevice.so
#2  0x00007ffe85d5dd50 in tt::tt_metal::device_dispatch::read_core_data_from_completion_queue(tt::tt_metal::ReadCoreDataDescriptor const&, int, unsigned short, unsigned char, tt::tt_metal::SystemMemoryManager&, std::atomic<bool>&) () from /home/ttuser/tt-metal-b2z/build_Release/lib/libtt_metal.so
#3  0x00007ffe85ef38a8 in tt::tt_metal::distributed::FDMeshCommandQueue::read_completion_queue() () from /home/ttuser/tt-metal-b2z/build_Release/lib/libtt_metal.so
#4  0x00007ffff6ef5c79 in ?? () from /lib/x86_64-linux-gnu/libstdc++.so.6
#5  0x00007ffff7c9cb84 in start_thread (arg=<optimized out>) at ./nptl/pthread_create.c:447
#6  0x00007ffff7d29ecc in clone3 () at ../sysdeps/unix/sysv/linux/x86_64/clone3.S:78
