2026-10-01 18:07:21.033 | DEBUG    | ttnn:<module>:77 - Initial ttnn.CONFIG:
Config{cache_path=/home/ttuser/.cache/ttnn,model_cache_path=/home/ttuser/.cache/ttnn/models,tmp_dir=/tmp/ttnn,enable_model_cache=false,enable_fast_runtime_mode=true,throw_exception_on_fallback=false,enable_logging=false,enable_graph_report=false,enable_detailed_buffer_report=false,enable_detailed_tensor_report=false,enable_comparison_mode=false,comparison_mode_should_raise_exception=false,comparison_mode_pcc=0.9999,root_report_path=generated/ttnn/reports,report_name=std::nullopt,std::nullopt}
{
 "host": "tt-quietbox2",
 "card": "0",
 "target": "hHSA",
 "target_residues": 578,
 "target_chains": 1,
 "target_fold": "all-alpha, three homologous domains",
 "binder": 150,
 "tokens": 736,
 "rounds_requested": 1,
 "footprint_probe": false,
 "timing_valid": true,
 "trajectories_arg": "1",
 "design_tokens": 768,
 "auto_before_open": {
  "count": 1,
  "why": "at 768 tokens one trajectory is priced at up to 27.7 GB against the 28.2 GB the card has for them, so a second one does not fit and it runs one, after the 0.4 GB other campaigns on this box planned for and do not hold yet",
  "tokens_asked": 768
 },
 "auto_would_choose": [
  1,
  "at 768 tokens one trajectory is priced at up to 27.7 GB against the 28.2 GB the card has for them, so a second one does not fit and it runs one, after the 0.4 GB other campaigns on this box planned for and do not hold yet"
 ],
 "max_trajectories": 2,
 "validation": "device",
 "seed": 100,
 "commit": "563d306b9be5f2a98bdd731f95ae1c6dcc328080",
 "dirty": true,
 "compile_cache": "/home/ttuser/.coworker/wt/bcw-bmm/perf/bcw_bmm/out/xlacache",
 "pci": "0000:01:00.0",
 "sysfs": "/sys/class/tenstorrent/tenstorrent!0/tt_aiclk",
 "nproc": 16,
 "loadavg_start": [
  7.27490234375,
  9.97705078125,
  11.23828125
 ],
 "mem_start": {
  "vmhwm": 557506560,
  "vmrss": 551694336,
  "mem_available": 199854080000
 },
 "started_utc": "2026-10-01T18:07:21Z"
}
/home/ttuser/.coworker/wt/bcw-bmm/tt_bio/main.py:62: RuntimeWarning: os.fork() was called. os.fork() is incompatible with multithreaded code, and JAX is multithreaded, so this will likely lead to a deadlock.
  pid = _os.fork()
[tt_bio.bindcraft2] stops at whichever comes first: 2 accepted designs, or 2 trajectories spent. Interleaved arms already running can carry the accepted count past 2, so it is a floor, not a quota.
[tt_bio.bindcraft2] a trajectory is also ended mid-design by the per-stage gates, which the campaign's own `filters` line does not list: screen pLDDT >= 0.6 (min_plddt_screen), refine pLDDT >= 0.6 (min_plddt_refine), anneal i_pTM >= 0.5 (min_iptm_anneal), anneal pLDDT >= 0.65 (min_plddt_anneal), harden i_pTM >= 0.5 (min_iptm_harden), harden pLDDT >= 0.65 (min_plddt_harden), mutate i_pTM >= 0.5 (min_iptm_mutate), mutate pLDDT >= 0.6 (min_plddt_mutate), final i_pTM >= 0.7 (min_iptm_final), final monomer pLDDT >= 0.7 (min_monomer_plddt_final), final pLDDT >= 0.7 (min_plddt_final). A trajectory that misses one is charged against the budget and counted under `terminated`, and the rejection names the metric (i_pTM/monomer pLDDT/pLDDT), not the setting.
BindCraft 2 (unreleased)
campaign hHSA_150
binder length 150
target hHSA (target) | 578 residues | hotspots 199,214,218,222
losses binder_contacts=1.0 binder_helicity=-0.3 binder_pae=0.4 compactness=0.5 interface_contacts=1.0 interface_pae=0.1 iptm_loss=0.05 plddt_loss=0.1
filters Backbone_Clashes <= 0, Binder_RMSD <= 3.5, Interface_Residues >= 7, Unbound_Binder_pLDDT >= 0.7, i_pAE <= 0.35, i_pTM >= 0.7, pTM >= 0.55
results perf/bcw_bmm/out/repro768 | 3_Ranked/!_Ranked.csv rewritten as each design is accepted | summary.csv written when the campaign ends

=== trajectory 1 | hHSA_150_denovo_l150_b0173dc7e2558d74 | accepted 0/2 ===
2026-10-01 18:07:34.863 | critical |          Always | TT_THROW: Statically allocated circular buffers on core range [(x=0,y=0) - (x=10,y=9)] grow to 2198016 B which is beyond max L1 size of 1572864 B (assert.hpp:104)
2026-10-01 18:08:09.634 | critical |          Always | TT_THROW: Statically allocated circular buffers on core range [(x=0,y=0) - (x=0,y=9)] grow to 1864192 B which is beyond max L1 size of 1572864 B (assert.hpp:104)
jax.pure_callback failed
Traceback (most recent call last):
  File "/home/ttuser/bcx_e2e_venv/lib/python3.12/site-packages/jax/_src/callback.py", line 93, in pure_callback_impl
    return tree_util.tree_map(np.asarray, callback(*args))
                                          ^^^^^^^^^^^^^^^
  File "/home/ttuser/bcx_e2e_venv/lib/python3.12/site-packages/jax/_src/callback.py", line 71, in __call__
    return tree_util.tree_leaves(self.callback_func(*args, **kwargs))
                                 ^^^^^^^^^^^^^^^^^^^^^^^^^^^^^^^^^^^
  File "/home/ttuser/.coworker/wt/bcw-bmm/tt_bio/bindcraft2.py", line 941, in _backward
    trunk.ag.backward([mo, zo], [trunk.seed(gm, mo), trunk.seed(gz, zo)])
  File "/home/ttuser/.coworker/wt/bcw-bmm/tt_bio/autograd.py", line 706, in backward
    _backward(roots, seeds)
  File "/home/ttuser/.coworker/wt/bcw-bmm/tt_bio/autograd.py", line 746, in _backward
    fire()
  File "/home/ttuser/.coworker/wt/bcw-bmm/tt_bio/autograd.py", line 2630, in fire
    _recompute(seeded)
  File "/home/ttuser/.coworker/wt/bcw-bmm/tt_bio/autograd.py", line 2601, in _recompute
    backward(roots, [g for _, g in seeded])
  File "/home/ttuser/.coworker/wt/bcw-bmm/tt_bio/autograd.py", line 706, in backward
    _backward(roots, seeds)
  File "/home/ttuser/.coworker/wt/bcw-bmm/tt_bio/autograd.py", line 735, in _backward
    t.node.fn(_unshard(g))
  File "/home/ttuser/.coworker/wt/bcw-bmm/tt_bio/taped_ttnn.py", line 255, in bw
    db = (ag.bmm(a.value, g, not ta, compute_kernel_config=cfg) if not tb else
          ^^^^^^^^^^^^^^^^^^^^^^^^^^^^^^^^^^^^^^^^^^^^^^^^^^^^^
  File "/home/ttuser/.coworker/wt/bcw-bmm/tt_bio/autograd.py", line 1139, in bmm
    return _matmul(a, b, transpose_a=transpose_a, transpose_b=transpose_b,
           ^^^^^^^^^^^^^^^^^^^^^^^^^^^^^^^^^^^^^^^^^^^^^^^^^^^^^^^^^^^^^^^
  File "/home/ttuser/.coworker/wt/bcw-bmm/tt_bio/autograd.py", line 979, in _matmul
    return ttnn.matmul(a, b, **kw)
           ^^^^^^^^^^^^^^^^^^^^^^^
  File "/home/ttuser/tt-bio-dev/env/lib/python3.12/site-packages/ttnn/decorators.py", line 473, in __call__
    result = self.function(*function_args, **function_kwargs)
             ^^^^^^^^^^^^^^^^^^^^^^^^^^^^^^^^^^^^^^^^^^^^^^^^
RuntimeError: TT_THROW @ /project/tt_metal/impl/program/program.cpp:1043: tt::exception
info:
Statically allocated circular buffers on core range [(x=0,y=0) - (x=0,y=9)] grow to 1864192 B which is beyond max L1 size of 1572864 B
backtrace:
 --- /home/ttuser/tt-bio-dev/env/lib/python3.12/site-packages/ttnn/build/lib/_ttnncpp.so(+0xe943cb) [0x703755c943cb]
 --- tt::tt_metal::detail::ProgramImpl::validate_circular_buffer_region(tt::tt_metal::IDevice const*)
 --- tt::tt_metal::distributed::MeshWorkloadImpl::compile(tt::tt_metal::distributed::MeshDevice*)
 --- tt::tt_metal::distributed::EnqueueMeshWorkload(tt::tt_metal::distributed::MeshCommandQueue&, tt::tt_metal::distributed::MeshWorkload&, bool)
 --- /home/ttuser/tt-bio-dev/env/lib/python3.12/site-packages/ttnn/build/lib/_ttnncpp.so(_ZN4ttnn16device_operation6detail21enqueue_mesh_workloadITkNS0_36DeviceOperationWithMeshDeviceAdapterENS0_26MeshDeviceOperationAdapterINS_4prim21MatmulDeviceOperationEEEEEvRKNT_22operation_attributes_tERKNS7_13tensor_args_tERNS7_21tensor_return_value_tEPN2tt8tt_metal11distributed10MeshDeviceERNSI_12MeshWorkloadEb+0x332) [0x703755dc9d92]
 --- /home/ttuser/tt-bio-dev/env/lib/python3.12/site-packages/ttnn/build/lib/_ttnncpp.so(+0xfcb339) [0x703755dcb339]
 --- /home/ttuser/tt-bio-dev/env/lib/python3.12/site-packages/ttnn/build/lib/_ttnncpp.so(_ZN4ttnn16device_operation6detail30create_and_cache_mesh_workloadITkNS0_22DeviceOperationConceptENS0_26MeshDeviceOperationAdapterINS_4prim21MatmulDeviceOperationEEEEEvRKNT_22operation_attributes_tERKNS7_13tensor_args_tERNS7_21tensor_return_value_tEPN2tt8tt_metal11distributed10MeshDeviceERNSH_13program_cache6detail12ProgramCacheEm+0x1f5) [0x703755dc97f5]
 --- /home/ttuser/tt-bio-dev/env/lib/python3.12/site-packages/ttnn/build/lib/_ttnncpp.so(_ZN4ttnn16device_operation6detail6launchITkNS0_22DeviceOperationConceptENS_4prim21MatmulDeviceOperationEEENT_21tensor_return_value_tERKNS5_22operation_attributes_tERKNS5_13tensor_args_tE+0x583) [0x703755dc2b23]
 --- ttnn::prim::matmul(tt::tt_metal::Tensor const&, tt::tt_metal::Tensor const&, std::optional<tt::tt_metal::Tensor> const&, std::optional<tt::tt_metal::Tensor> const&, ttnn::prim::MatmulParams const&)
 --- /home/ttuser/tt-bio-dev/env/lib/python3.12/site-packages/ttnn/build/lib/_ttnncpp.so(+0xf7c318) [0x703755d7c318]
 --- /home/ttuser/tt-bio-dev/env/lib/python3.12/site-packages/ttnn/build/lib/_ttnncpp.so(_ZN4ttnn10operations6matmul6matmulERKN2tt8tt_metal6TensorES6_bbRKSt8optionalIKNS3_12MemoryConfigEES7_IKNS3_8DataTypeEERKS7_IKSt7variantIJNS1_28MatmulMultiCoreProgramConfigENS1_33MatmulMultiCoreReuseProgramConfigENS1_42MatmulMultiCoreReuseMultiCastProgramConfigENS1_44MatmulMultiCoreReuseMultiCast1DProgramConfigENS1_53MatmulMultiCoreReuseMultiCastDRAMShardedProgramConfigENS1_60MatmulMultiCoreReuseMultiCastBatchedDRAMShardedProgramConfigEEEERKS7_IKSG_IJNSt7__cxx1112basic_stringIcSt11char_traitsIcESaIcEEENS0_5unary19BasicUnaryWithParamIJfEEEEEES7_IKNS_19ComputeKernelConfigEES7_IKNS_5types8CoreGridEERKS7_IKNS3_4TileEES7_IS4_ERKS7_IKNS3_12experimental20GlobalCircularBufferEERKS7_IN4ttsl10StrongTypeIhNS3_14SubDeviceIdTagEEEE+0x3c4) [0x703755d7b7d4]
 --- /home/ttuser/tt-bio-dev/env/lib/python3.12/site-packages/ttnn/_ttnn.cpython-312-x86_64-linux-gnu.so(+0x3fa834) [0x7037569fa834]
 --- /home/ttuser/tt-bio-dev/env/lib/python3.12/site-packages/ttnn/_ttnn.cpython-312-x86_64-linux-gnu.so(+0x3fa419) [0x7037569fa419]
 --- /home/ttuser/tt-bio-dev/env/lib/python3.12/site-packages/ttnn/_ttnn.cpython-312-x86_64-linux-gnu.so(+0x26daa5) [0x70375686daa5]
 --- /home/ttuser/bcx_e2e_venv/bin/python3(_PyObject_Call_Prepend+0x3ab) [0x54aaeb]
 --- /home/ttuser/bcx_e2e_venv/bin/python3() [0x5a3778]
 --- /home/ttuser/bcx_e2e_venv/bin/python3(PyObject_Call+0x6c) [0x54b12c]
 --- /home/ttuser/bcx_e2e_venv/bin/python3(_PyEval_EvalFrameDefault+0x4cbe) [0x5db2ee]
 --- /home/ttuser/bcx_e2e_venv/bin/python3(_PyObject_Call_Prepend+0x18a) [0x54a8ca]
 --- /home/ttuser/bcx_e2e_venv/bin/python3() [0x5a3778]
 --- /home/ttuser/bcx_e2e_venv/bin/python3(PyObject_Call+0x6c) [0x54b12c]
 --- /home/ttuser/bcx_e2e_venv/bin/python3(_PyEval_EvalFrameDefault+0x4cbe) [0x5db2ee]
 --- /home/ttuser/bcx_e2e_venv/bin/python3() [0x54caed]
 --- /home/ttuser/bcx_e2e_venv/bin/python3() [0x6fa365]
 --- /home/ttuser/bcx_e2e_venv/bin/python3() [0x64f780]
 --- /home/ttuser/bcx_e2e_venv/bin/python3(_PyEval_EvalFrameDefault+0x4cbe) [0x5db2ee]
 --- /home/ttuser/bcx_e2e_venv/bin/python3(_PyObject_Call_Prepend+0xc2) [0x54a802]
 --- /home/ttuser/bcx_e2e_venv/bin/python3() [0x5a3778]
 --- /home/ttuser/bcx_e2e_venv/bin/python3(PyObject_Call+0x6c) [0x54b12c]
 --- /home/ttuser/bcx_e2e_venv/bin/python3(_PyEval_EvalFrameDefault+0x4cbe) [0x5db2ee]
 --- /home/ttuser/bcx_e2e_venv/bin/python3(PyObject_Vectorcall+0x35) [0x5499b5]
 --- /home/ttuser/bcx_e2e_venv/lib/python3.12/site-packages/jaxlib/libjax_common.so(+0x3aad4e1) [0x70388f99d4e1]
 --- /home/ttuser/bcx_e2e_venv/lib/python3.12/site-packages/jaxlib/libjax_common.so(+0x3a68dc2) [0x70388f958dc2]
 --- /home/ttuser/bcx_e2e_venv/lib/python3.12/site-packages/jaxlib/libjax_common.so(+0x3a70c68) [0x70388f960c68]
 --- /home/ttuser/bcx_e2e_venv/lib/python3.12/site-packages/jaxlib/libjax_common.so(+0x3a6aae9) [0x70388f95aae9]
 --- /home/ttuser/bcx_e2e_venv/lib/python3.12/site-packages/jaxlib/libjax_common.so(+0x3db6e3c) [0x70388fca6e3c]
 --- /home/ttuser/bcx_e2e_venv/lib/python3.12/site-packages/jaxlib/libjax_common.so(+0x3db7021) [0x70388fca7021]
 --- /home/ttuser/bcx_e2e_venv/lib/python3.12/site-packages/jaxlib/libjax_common.so(+0x8f2c3d3) [0x703894e1c3d3]
 --- /home/ttuser/bcx_e2e_venv/lib/python3.12/site-packages/jaxlib/libjax_common.so(+0x8f2ba3e) [0x703894e1ba3e]
 --- /home/ttuser/bcx_e2e_venv/lib/python3.12/site-packages/jaxlib/libjax_common.so(+0xde1e94b) [0x703899d0e94b]
 --- /home/ttuser/bcx_e2e_venv/lib/python3.12/site-packages/jaxlib/libjax_common.so(+0xde21f1f) [0x703899d11f1f]
 --- /home/ttuser/bcx_e2e_venv/lib/python3.12/site-packages/jaxlib/libjax_common.so(+0xde23a06) [0x703899d13a06]
 --- /home/ttuser/bcx_e2e_venv/lib/python3.12/site-packages/jaxlib/libjax_common.so(+0xde24873) [0x703899d14873]
 --- /home/ttuser/bcx_e2e_venv/lib/python3.12/site-packages/jaxlib/libjax_common.so(+0x80d7d7a) [0x703893fc7d7a]
 --- /home/ttuser/bcx_e2e_venv/lib/python3.12/site-packages/jaxlib/libjax_common.so(+0x95d959c) [0x7038954c959c]
 --- /home/ttuser/bcx_e2e_venv/lib/python3.12/site-packages/jaxlib/libjax_common.so(+0x95d9cf2) [0x7038954c9cf2]
 --- /home/ttuser/bcx_e2e_venv/lib/python3.12/site-packages/jaxlib/libjax_common.so(+0x78ce044) [0x7038937be044]
 --- /home/ttuser/bcx_e2e_venv/lib/python3.12/site-packages/jaxlib/libjax_common.so(+0x78cded1) [0x7038937bded1]
 --- /home/ttuser/bcx_e2e_venv/lib/python3.12/site-packages/jaxlib/libjax_common.so(+0x78bd28f) [0x7038937ad28f]
 --- /lib/x86_64-linux-gnu/libc.so.6(+0x9cb84) [0x70389be9cb84]
 --- /lib/x86_64-linux-gnu/libc.so.6(+0x129ecc) [0x70389bf29ecc]

{
 "host": "tt-quietbox2",
 "card": "0",
 "target": "hHSA",
 "target_residues": 578,
 "target_chains": 1,
 "target_fold": "all-alpha, three homologous domains",
 "binder": 150,
 "tokens": 736,
 "rounds_requested": 1,
 "footprint_probe": false,
 "timing_valid": true,
 "trajectories_arg": "1",
 "design_tokens": 768,
 "auto_before_open": {
  "count": 1,
  "why": "at 768 tokens one trajectory is priced at up to 27.7 GB against the 28.2 GB the card has for them, so a second one does not fit and it runs one, after the 0.4 GB other campaigns on this box planned for and do not hold yet",
  "tokens_asked": 768
 },
 "auto_would_choose": [
  1,
  "at 768 tokens one trajectory is priced at up to 27.7 GB against the 28.2 GB the card has for them, so a second one does not fit and it runs one, after the 0.4 GB other campaigns on this box planned for and do not hold yet"
 ],
 "max_trajectories": 2,
 "validation": "device",
 "seed": 100,
 "commit": "563d306b9be5f2a98bdd731f95ae1c6dcc328080",
 "dirty": true,
 "compile_cache": "/home/ttuser/.coworker/wt/bcw-bmm/perf/bcw_bmm/out/xlacache",
 "pci": "0000:01:00.0",
 "sysfs": "/sys/class/tenstorrent/tenstorrent!0/tt_aiclk",
 "nproc": 16,
 "loadavg_start": [
  7.27490234375,
  9.97705078125,
  11.23828125
 ],
 "mem_start": {
  "vmhwm": 557506560,
  "vmrss": 551694336,
  "mem_available": 199854080000
 },
 "started_utc": "2026-10-01T18:07:21Z",
 "fast": {
  "MM_LAYOUT": true,
  "TAPED_MOVE": true,
  "WIDEN_ADD": true,
  "QKV_GRAD_JOIN": true,
  "FUSED": true,
  "_TRIATT_FUSED_HIFI": true,
  "rne_kernel": true,
  "TAPED_KERNELS_DEFAULT": "tri_att_sdpa_hifi,rne_add",
  "SOFTMAX_BW_FP32": false
 },
 "auto_card_open": {
  "count": 1,
  "why": "at 768 tokens one trajectory is priced at up to 27.7 GB against the 30.9 GB the card has for them, so a second one does not fit and it runs one, after the 0.4 GB other campaigns on this box planned for and do not hold yet",
  "tokens_asked": 768
 },
 "wall_seconds": 48.8,
 "trajectories_returned": null,
 "error": "JaxRuntimeError('INTERNAL: CpuCallback error calling callback: Traceback (most recent call last):\\n  File \"/home/ttuser/bcx_e2e_venv/lib/python3.12/site-packages/jax/_src/callback.py\", line 816, in _wrapped_callback\\n  File \"/home/ttuser/bcx_e2e_venv/lib/python3.12/site-packages/jax/_src/callback.py\", line 226, in _callback\\n  File \"/home/ttuser/bcx_e2e_venv/lib/python3.12/site-packages/jax/_src/callback.py\", line 96, in pure_callback_impl\\n  File \"/home/ttuser/bcx_e2e_venv/lib/python3.12/site-packages/jax/_src/callback.py\", line 71, in __call__\\n  File \"/home/ttuser/.coworker/wt/bcw-bmm/tt_bio/bindcraft2.py\", line 941, in _backward\\n  File \"/home/ttuser/.coworker/wt/bcw-bmm/tt_bio/autograd.py\", line 706, in backward\\n  File \"/home/ttuser/.coworker/wt/bcw-bmm/tt_bio/autograd.py\", line 746, in _backward\\n  File \"/home/ttuser/.coworker/wt/bcw-bmm/tt_bio/autograd.py\", line 2630, in fire\\n  File \"/home/ttuser/.coworker/wt/bcw-bmm/tt_bio/autograd.py\", line 2601, in _recompute\\n  File \"/home/ttuser/.coworker/wt/bcw-bmm/tt_bio/autograd.py\", line 706, in backward\\n  File \"/home/ttuser/.coworker/wt/bcw-bmm/tt_bio/autograd.py\", line 735, in _backward\\n  File \"/home/ttuser/.coworker/wt/bcw-bmm/tt_bio/taped_ttnn.py\", line 255, in bw\\n  File \"/home/ttuser/.coworker/wt/bcw-bmm/tt_bio/autograd.py\", line 1139, in bmm\\n  File \"/home/ttuser/.coworker/wt/bcw-bmm/tt_bio/autograd.py\", line 979, in _matmul\\n  File \"/home/ttuser/tt-bio-dev/env/lib/python3.12/site-packages/ttnn/decorators.py\", line 483, in __call__\\nRuntimeError: TT_THROW @ /project/tt_metal/impl/program/program.cpp:1043: tt::exception\\ninfo:\\nStatically allocated circular buffers on core range [(x=0,y=0) - (x=0,y=9)] grow to 1864192 B which is beyond max L1 size of 1572864 B\\nbacktrace:\\n --- /home/ttuser/tt-bio-dev/env/lib/python3.12/site-packages/ttnn/build/lib/_ttnncpp.so(+0xe943cb) [0x703755c943cb]\\n --- tt::tt_metal::detail::ProgramImpl::validate_circular_buffer_region(tt::tt_metal::IDevice const*)\\n --- tt::tt_metal::distributed::MeshWorkloadImpl::compile(tt::tt_metal::distributed::MeshDevice*)\\n --- tt::tt_metal::distributed::EnqueueMeshWorkload(tt::tt_metal::distributed::MeshCommandQueue&, tt::tt_metal::distributed::MeshWorkload&, bool)\\n --- /home/ttuser/tt-bio-dev/env/lib/python3.12/site-packages/ttnn/build/lib/_ttnncpp.so(_ZN4ttnn16device_operation6detail21enqueue_mesh_workloadITkNS0_36DeviceOperationWithMeshDeviceAdapterENS0_26MeshDeviceOperationAdapterINS_4prim21MatmulDeviceOperationEEEEEvRKNT_22operation_attributes_tERKNS7_13tensor_args_tERNS7_21tensor_return_value_tEPN2tt8tt_metal11distributed10MeshDeviceERNSI_12MeshWorkloadEb+0x332) [0x703755dc9d92]\\n --- /home/ttuser/tt-bio-dev/env/lib/python3.12/site-packages/ttnn/build/lib/_ttnncpp.so(+0xfcb339) [0x703755dcb339]\\n --- /home/ttuser/tt-bio-dev/env/lib/python3.12/site-packages/ttnn/build/lib/_ttnncpp.so(_ZN4ttnn16device_operation6detail30create_and_cache_mesh_workloadITkNS0_22DeviceOperationConceptENS0_26MeshDeviceOperationAdapterINS_4prim21MatmulDeviceOperationEEEEEvRKNT_22operation_attributes_tERKNS7_13tensor_args_tERNS7_21tensor_return_value_tEPN2tt8tt_metal11distributed10MeshDeviceERNSH_13program_cache6detail12ProgramCacheEm+0x1f5) [0x703755dc97f5]\\n --- /home/ttuser/tt-bio-dev/env/lib/python3.12/site-packages/ttnn/build/lib/_ttnncpp.so(_ZN4ttnn16device_operation6detail6launchITkNS0_22DeviceOperationConceptENS_4prim21MatmulDeviceOperationEEENT_21tensor_return_value_tERKNS5_22operation_attributes_tERKNS5_13tensor_args_tE+0x583) [0x703755dc2b23]\\n --- ttnn::prim::matmul(tt::tt_metal::Tensor const&, tt::tt_metal::Tensor const&, std::optional<tt::tt_metal::Tensor> const&, std::optional<tt::tt_metal::Tensor> const&, ttnn::prim::MatmulParams const&)\\n --- /home/ttuser/tt-bio-dev/env/lib/python3.12/site-packages/ttnn/build/lib/_ttnncpp.so(+0xf7c318) [0x703755d7c318]\\n --- /home/ttuser/tt-bio-dev/env/lib/python3.12/site-packages/ttnn/build/lib/_ttnncpp.so(_ZN4ttnn10operations6matmul6matmulERKN2tt8tt_metal6TensorES6_bbRKSt8optionalIKNS3_12MemoryConfigEES7_IKNS3_8DataTypeEERKS7_IKSt7variantIJNS1_28MatmulMultiCoreProgramConfigENS1_33MatmulMultiCoreReuseProgramConfigENS1_42MatmulMultiCoreReuseMultiCastProgramConfigENS1_44MatmulMultiCoreReuseMultiCast1DProgramConfigENS1_53MatmulMultiCoreReuseMultiCastDRAMShardedProgramConfigENS1_60MatmulMultiCoreReuseMultiCastBatchedDRAMShardedProgramConfigEEEERKS7_IKSG_IJNSt7__cxx1112basic_stringIcSt11char_traitsIcESaIcEEENS0_5unary19BasicUnaryWithParamIJfEEEEEES7_IKNS_19ComputeKernelConfigEES7_IKNS_5types8CoreGridEERKS7_IKNS3_4TileEES7_IS4_ERKS7_IKNS3_12experimental20GlobalCircularBufferEERKS7_IN4ttsl10StrongTypeIhNS3_14SubDeviceIdTagEEEE+0x3c4) [0x703755d7b7d4]\\n --- /home/ttuser/tt-bio-dev/env/lib/python3.12/site-packages/ttnn/_ttnn.cpython-312-x86_64-linux-gnu.so(+0x3fa834) [0x7037569fa834]\\n --- /home/ttuser/tt-bio-dev/env/lib/python3.12/site-packages/ttnn/_ttnn.cpython-312-x86_64-linux-gnu.so(+0x3fa419) [0x7037569fa419]\\n --- /home/ttuser/tt-bio-dev/env/lib/python3.12/site-packages/ttnn/_ttnn.cpython-312-x86_64-linux-gnu.so(+0x26daa5) [0x70375686daa5]\\n --- /home/ttuser/bcx_e2e_venv/bin/python3(_PyObject_Call_Prepend+0x3ab) [0x54aaeb]\\n --- /home/ttuser/bcx_e2e_venv/bin/python3() [0x5a3778]\\n --- /home/ttuser/bcx_e2e_venv/bin/python3(PyObject_Call+0x6c) [0x54b12c]\\n --- /home/ttuser/bcx_e2e_venv/bin/python3(_PyEval_EvalFrameDefault+0x4cbe) [0x5db2ee]\\n --- /home/ttuser/bcx_e2e_venv/bin/python3(_PyObject_Call_Prepend+0x18a) [0x54a8ca]\\n --- /home/ttuser/bcx_e2e_venv/bin/python3() [0x5a3778]\\n --- /home/ttuser/bcx_e2e_venv/bin/python3(PyObject_Call+0x6c) [0x54b12c]\\n --- /home/ttuser/bcx_e2e_venv/bin/python3(_PyEval_EvalFrameDefault+0x4cbe) [0x5db2ee]\\n --- /home/ttuser/bcx_e2e_venv/bin/python3() [0x54caed]\\n --- /home/ttuser/bcx_e2e_venv/bin/python3() [0x6fa365]\\n --- /home/ttuser/bcx_e2e_venv/bin/python3() [0x64f780]\\n --- /home/ttuser/bcx_e2e_venv/bin/python3(_PyEval_EvalFrameDefault+0x4cbe) [0x5db2ee]\\n --- /home/ttuser/bcx_e2e_venv/bin/python3(_PyObject_Call_Prepend+0xc2) [0x54a802]\\n --- /home/ttuser/bcx_e2e_venv/bin/python3() [0x5a3778]\\n --- /home/ttuser/bcx_e2e_venv/bin/python3(PyObject_Call+0x6c) [0x54b12c]\\n --- /home/ttuser/bcx_e2e_venv/bin/python3(_PyEval_EvalFrameDefault+0x4cbe) [0x5db2ee]\\n --- /home/ttuser/bcx_e2e_venv/bin/python3(PyObject_Vectorcall+0x35) [0x5499b5]\\n --- /home/ttuser/bcx_e2e_venv/lib/python3.12/site-packages/jaxlib/libjax_common.so(+0x3aad4e1) [0x70388f99d4e1]\\n --- /home/ttuser/bcx_e2e_venv/lib/python3.12/site-packages/jaxlib/libjax_common.so(+0x3a68dc2) [0x70388f958dc2]\\n --- /home/ttuser/bcx_e2e_venv/lib/python3.12/site-packages/jaxlib/libjax_common.so(+0x3a70c68) [0x70388f960c68]\\n --- /home/ttuser/bcx_e2e_venv/lib/python3.12/site-packages/jaxlib/libjax_common.so(+0x3a6aae9) [0x70388f95aae9]\\n --- /home/ttuser/bcx_e2e_venv/lib/python3.12/site-packages/jaxlib/libjax_common.so(+0x3db6e3c) [0x70388fca6e3c]\\n --- /home/ttuser/bcx_e2e_venv/lib/python3.12/site-packages/jaxlib/libjax_common.so(+0x3db7021) [0x70388fca7021]\\n --- /home/ttuser/bcx_e2e_venv/lib/python3.12/site-packages/jaxlib/libjax_common.so(+0x8f2c3d3) [0x703894e1c3d3]\\n --- /home/ttuser/bcx_e2e_venv/lib/python3.12/site-packages/jaxlib/libjax_common.so(+0x8f2ba3e) [0x703894e1ba3e]\\n --- /home/ttuser/bcx_e2e_venv/lib/python3.12/site-packages/jaxlib/libjax_common.so(+0xde1e94b) [0x703899d0e94b]\\n --- /home/ttuser/bcx_e2e_venv/lib/python3.12/site-packages/jaxlib/libjax_common.so(+0xde21f1f) [0x703899d11f1f]\\n --- /home/ttuser/bcx_e2e_venv/lib/python3.12/site-packages/jaxlib/libjax_common.so(+0xde23a06) [0x703899d13a06]\\n --- /home/ttuser/bcx_e2e_venv/lib/python3.12/site-packages/jaxlib/libjax_common.so(+0xde24873) [0x703899d14873]\\n --- /home/ttuser/bcx_e2e_venv/lib/python3.12/site-packages/jaxlib/libjax_common.so(+0x80d7d7a) [0x703893fc7d7a]\\n --- /home/ttuser/bcx_e2e_venv/lib/python3.12/site-packages/jaxlib/libjax_common.so(+0x95d959c) [0x7038954c959c]\\n --- /home/ttuser/bcx_e2e_venv/lib/python3.12/site-packages/jaxlib/libjax_common.so(+0x95d9cf2) [0x7038954c9cf2]\\n --- /home/ttuser/bcx_e2e_venv/lib/python3.12/site-packages/jaxlib/libjax_common.so(+0x78ce044) [0x7038937be044]\\n --- /home/ttuser/bcx_e2e_venv/lib/python3.12/site-packages/jaxlib/libjax_common.so(+0x78cded1) [0x7038937bded1]\\n --- /home/ttuser/bcx_e2e_venv/lib/python3.12/site-packages/jaxlib/libjax_common.so(+0x78bd28f) [0x7038937ad28f]\\n --- /lib/x86_64-linux-gnu/libc.so.6(+0x9cb84) [0x70389be9cb84]\\n --- /lib/x86_64-linux-gnu/libc.so.6(+0x129ecc) [0x70389bf29ecc]\\n')",
 "traceback": "Traceback (most recent call last):\n  File \"/home/ttuser/.coworker/wt/bcw-bmm/perf/bgx_size/rung.py\", line 413, in main\n    trajectories = bindcraft2.run_campaign(\n                   ^^^^^^^^^^^^^^^^^^^^^^^^\n  File \"/home/ttuser/.coworker/wt/bcw-bmm/tt_bio/bindcraft2.py\", line 2290, in run_campaign\n    return _run_campaign(settings, project_folder, trajectories_per_card=trajectories_per_card,\n           ^^^^^^^^^^^^^^^^^^^^^^^^^^^^^^^^^^^^^^^^^^^^^^^^^^^^^^^^^^^^^^^^^^^^^^^^^^^^^^^^^^^^\n  File \"/home/ttuser/.coworker/wt/bcw-bmm/tt_bio/bindcraft2.py\", line 2365, in _run_campaign\n    return campaign.run_campaign(settings, project_folder, **run_campaign_kwargs)\n           ^^^^^^^^^^^^^^^^^^^^^^^^^^^^^^^^^^^^^^^^^^^^^^^^^^^^^^^^^^^^^^^^^^^^^^\n  File \"/home/ttuser/bcx_e2e/bc2/bindcraft/campaign.py\", line 271, in run_campaign\n    return run_campaign_arm(settings, project_folder, alphafold_model, validation_model, mpnn_model, key, max_trajectories, build_validation_model, autotune=settings.get('autotune', True), metadata=metadata)\n           ^^^^^^^^^^^^^^^^^^^^^^^^^^^^^^^^^^^^^^^^^^^^^^^^^^^^^^^^^^^^^^^^^^^^^^^^^^^^^^^^^^^^^^^^^^^^^^^^^^^^^^^^^^^^^^^^^^^^^^^^^^^^^^^^^^^^^^^^^^^^^^^^^^^^^^^^^^^^^^^^^^^^^^^^^^^^^^^^^^^^^^^^^^^^^^^^^^^^\n  File \"/home/ttuser/bcx_e2e/bc2/bindcraft/campaign.py\", line 185, in run_campaign_arm\n    protein_states, predictions, failed_stage = run_trajectory(design_settings, alphafold_model, trajectory_random_key, trajectory_directory=trajectory_directory, targets=trajectory_targets)\n                                                ^^^^^^^^^^^^^^^^^^^^^^^^^^^^^^^^^^^^^^^^^^^^^^^^^^^^^^^^^^^^^^^^^^^^^^^^^^^^^^^^^^^^^^^^^^^^^^^^^^^^^^^^^^^^^^^^^^^^^^^^^^^^^^^^^^^^^^^^^^^^^^\n  File \"/home/ttuser/bcx_e2e/bc2/bindcraft/trajectory.py\", line 303, in run_trajectory\n    protein_states, predictions = run_gradient_design_stage(trajectory.protein_states, design_model, sequence_optimizer=stage.sequence_optimizer, design_schedule=design_schedule, record_sequence_update=recorder, select_best_round=len(design_settings.prepared_states) < 2, select_filtered_round=rotating_stage_filter_round(design_settings, target_schedule, trajectory.protein_states, stage.name), **induced_fit_reference_arguments(trajectory.losses, trajectory.binder_alone_reference, design_model, design_settings))\n                                  ^^^^^^^^^^^^^^^^^^^^^^^^^^^^^^^^^^^^^^^^^^^^^^^^^^^^^^^^^^^^^^^^^^^^^^^^^^^^^^^^^^^^^^^^^^^^^^^^^^^^^^^^^^^^^^^^^^^^^^^^^^^^^^^^^^^^^^^^^^^^^^^^^^^^^^^^^^^^^^^^^^^^^^^^^^^^^^^^^^^^^^^^^^^^^^^^^^^^^^^^^^^^^^^^^^^^^^^^^^^^^^^^^^^^^^^^^^^^^^^^^^^^^^^^^^^^^^^^^^^^^^^^^^^^^^^^^^^^^^^^^^^^^^^^^^^^^^^^^^^^^^^^^^^^^^^^^^^^^^^^^^^^^^^^^^^^^^^^^^^^^^^^^^^^^^^^^^^^^^^^^^^^^^^^^^^^^^^^^^^^^^^^^^^^^^^^^^^^^^^^^^^^^^^^^^^^^^^^^^^^^^^^^^^^^^^^^^^^^^^^^^^^^^^^^^^^^^^^^^^^^^^^^^^^^^^^^^^^^^^^^\n  File \"/home/ttuser/bcx_e2e/bc2/bindcraft/trajectory.py\", line 131, in run_gradient_design_stage\n    predictions, chain_gradients, graph_design_loss = design_model.sequence_gradients(active_protein_states, active_losses, softmax_weight=softmax_weight, one_hot_weight=one_hot_weight, temperature=temperature, logit_scale=logit_scale, reference_predictions=reference_predictions)\n                                                      ^^^^^^^^^^^^^^^^^^^^^^^^^^^^^^^^^^^^^^^^^^^^^^^^^^^^^^^^^^^^^^^^^^^^^^^^^^^^^^^^^^^^^^^^^^^^^^^^^^^^^^^^^^^^^^^^^^^^^^^^^^^^^^^^^^^^^^^^^^^^^^^^^^^^^^^^^^^^^^^^^^^^^^^^^^^^^^^^^^^^^^^^^^^^^^^^^^^^^^^^^^^^^^^^^^^^^^^^^^^^^^^^^^\n  File \"/home/ttuser/.coworker/wt/bcw-bmm/perf/bgx_size/rung.py\", line 332, in sequence_gradients\n    return real_sequence_gradients(self, *a, **kw)\n           ^^^^^^^^^^^^^^^^^^^^^^^^^^^^^^^^^^^^^^^\n  File \"/home/ttuser/.coworker/wt/bcw-bmm/tt_bio/bindcraft2.py\", line 1716, in sequence_gradients\n    return super().sequence_gradients(protein_states, losses, passed,\n           ^^^^^^^^^^^^^^^^^^^^^^^^^^^^^^^^^^^^^^^^^^^^^^^^^^^^^^^^^^\n  File \"/home/ttuser/bcx_e2e/bc2/bindcraft/af2.py\", line 406, in sequence_gradients\n    (design_loss, prediction_arrays), shared_chain_gradients = compiled_sequence_gradients(*gradient_arguments)\n                                                               ^^^^^^^^^^^^^^^^^^^^^^^^^^^^^^^^^^^^^^^^^^^^^^^^\njax.errors.JaxRuntimeError: INTERNAL: CpuCallback error calling callback: Traceback (most recent call last):\n  File \"/home/ttuser/bcx_e2e_venv/lib/python3.12/site-packages/jax/_src/callback.py\", line 816, in _wrapped_callback\n  File \"/home/ttuser/bcx_e2e_venv/lib/python3.12/site-packages/jax/_src/callback.py\", line 226, in _callback\n  File \"/home/ttuser/bcx_e2e_venv/lib/python3.12/site-packages/jax/_src/callback.py\", line 96, in pure_callback_impl\n  File \"/home/ttuser/bcx_e2e_venv/lib/python3.12/site-packages/jax/_src/callback.py\", line 71, in __call__\n  File \"/home/ttuser/.coworker/wt/bcw-bmm/tt_bio/bindcraft2.py\", line 941, in _backward\n  File \"/home/ttuser/.coworker/wt/bcw-bmm/tt_bio/autograd.py\", line 706, in backward\n  File \"/home/ttuser/.coworker/wt/bcw-bmm/tt_bio/autograd.py\", line 746, in _backward\n  File \"/home/ttuser/.coworker/wt/bcw-bmm/tt_bio/autograd.py\", line 2630, in fire\n  File \"/home/ttuser/.coworker/wt/bcw-bmm/tt_bio/autograd.py\", line 2601, in _recompute\n  File \"/home/ttuser/.coworker/wt/bcw-bmm/tt_bio/autograd.py\", line 706, in backward\n  File \"/home/ttuser/.coworker/wt/bcw-bmm/tt_bio/autograd.py\", line 735, in _backward\n  File \"/home/ttuser/.coworker/wt/bcw-bmm/tt_bio/taped_ttnn.py\", line 255, in bw\n  File \"/home/ttuser/.coworker/wt/bcw-bmm/tt_bio/autograd.py\", line 1139, in bmm\n  File \"/home/ttuser/.coworker/wt/bcw-bmm/tt_bio/autograd.py\", line 979, in _matmul\n  File \"/home/ttuser/tt-bio-dev/env/lib/python3.12/site-packages/ttnn/decorators.py\", line 483, in __call__\nRuntimeError: TT_THROW @ /project/tt_metal/impl/program/program.cpp:1043: tt::exception\ninfo:\nStatically allocated circular buffers on core range [(x=0,y=0) - (x=0,y=9)] grow to 1864192 B which is beyond max L1 size of 1572864 B\nbacktrace:\n --- /home/ttuser/tt-bio-dev/env/lib/python3.12/site-packages/ttnn/build/lib/_ttnncpp.so(+0xe943cb) [0x703755c943cb]\n --- tt::tt_metal::detail::ProgramImpl::validate_circular_buffer_region(tt::tt_metal::IDevice const*)\n --- tt::tt_metal::distributed::MeshWorkloadImpl::compile(tt::tt_metal::distributed::MeshDevice*)\n --- tt::tt_metal::distributed::EnqueueMeshWorkload(tt::tt_metal::distributed::MeshCommandQueue&, tt::tt_metal::distributed::MeshWorkload&, bool)\n --- /home/ttuser/tt-bio-dev/env/lib/python3.12/site-packages/ttnn/build/lib/_ttnncpp.so(_ZN4ttnn16device_operation6detail21enqueue_mesh_workloadITkNS0_36DeviceOperationWithMeshDeviceAdapterENS0_26MeshDeviceOperationAdapterINS_4prim21MatmulDeviceOperationEEEEEvRKNT_22operation_attributes_tERKNS7_13tensor_args_tERNS7_21tensor_return_value_tEPN2tt8tt_metal11distributed10MeshDeviceERNSI_12MeshWorkloadEb+0x332) [0x703755dc9d92]\n --- /home/ttuser/tt-bio-dev/env/lib/python3.12/site-packages/ttnn/build/lib/_ttnncpp.so(+0xfcb339) [0x703755dcb339]\n --- /home/ttuser/tt-bio-dev/env/lib/python3.12/site-packages/ttnn/build/lib/_ttnncpp.so(_ZN4ttnn16device_operation6detail30create_and_cache_mesh_workloadITkNS0_22DeviceOperationConceptENS0_26MeshDeviceOperationAdapterINS_4prim21MatmulDeviceOperationEEEEEvRKNT_22operation_attributes_tERKNS7_13tensor_args_tERNS7_21tensor_return_value_tEPN2tt8tt_metal11distributed10MeshDeviceERNSH_13program_cache6detail12ProgramCacheEm+0x1f5) [0x703755dc97f5]\n --- /home/ttuser/tt-bio-dev/env/lib/python3.12/site-packages/ttnn/build/lib/_ttnncpp.so(_ZN4ttnn16device_operation6detail6launchITkNS0_22DeviceOperationConceptENS_4prim21MatmulDeviceOperationEEENT_21tensor_return_value_tERKNS5_22operation_attributes_tERKNS5_13tensor_args_tE+0x583) [0x703755dc2b23]\n --- ttnn::prim::matmul(tt::tt_metal::Tensor const&, tt::tt_metal::Tensor const&, std::optional<tt::tt_metal::Tensor> const&, std::optional<tt::tt_metal::Tensor> const&, ttnn::prim::MatmulParams const&)\n --- /home/ttuser/tt-bio-dev/env/lib/python3.12/site-packages/ttnn/build/lib/_ttnncpp.so(+0xf7c318) [0x703755d7c318]\n --- /home/ttuser/tt-bio-dev/env/lib/python3.12/site-packages/ttnn/build/lib/_ttnncpp.so(_ZN4ttnn10operations6matmul6matmulERKN2tt8tt_metal6TensorES6_bbRKSt8optionalIKNS3_12MemoryConfigEES7_IKNS3_8DataTypeEERKS7_IKSt7variantIJNS1_28MatmulMultiCoreProgramConfigENS1_33MatmulMultiCoreReuseProgramConfigENS1_42MatmulMultiCoreReuseMultiCastProgramConfigENS1_44MatmulMultiCoreReuseMultiCast1DProgramConfigENS1_53MatmulMultiCoreReuseMultiCastDRAMShardedProgramConfigENS1_60MatmulMultiCoreReuseMultiCastBatchedDRAMShardedProgramConfigEEEERKS7_IKSG_IJNSt7__cxx1112basic_stringIcSt11char_traitsIcESaIcEEENS0_5unary19BasicUnaryWithParamIJfEEEEEES7_IKNS_19ComputeKernelConfigEES7_IKNS_5types8CoreGridEERKS7_IKNS3_4TileEES7_IS4_ERKS7_IKNS3_12experimental20GlobalCircularBufferEERKS7_IN4ttsl10StrongTypeIhNS3_14SubDeviceIdTagEEEE+0x3c4) [0x703755d7b7d4]\n --- /home/ttuser/tt-bio-dev/env/lib/python3.12/site-packages/ttnn/_ttnn.cpython-312-x86_64-linux-gnu.so(+0x3fa834) [0x7037569fa834]\n --- /home/ttuser/tt-bio-dev/env/lib/python3.12/site-packages/ttnn/_ttnn.cpython-312-x86_64-linux-gnu.so(+0x3fa419) [0x7037569fa419]\n --- /home/ttuser/tt-bio-dev/env/lib/python3.12/site-packages/ttnn/_ttnn.cpython-312-x86_64-linux-gnu.so(+0x26daa5) [0x70375686daa5]\n --- /home/ttuser/bcx_e2e_venv/bin/python3(_PyObject_Call_Prepend+0x3ab) [0x54aaeb]\n --- /home/ttuser/bcx_e2e_venv/bin/python3() [0x5a3778]\n --- /home/ttuser/bcx_e2e_venv/bin/python3(PyObject_Call+0x6c) [0x54b12c]\n --- /home/ttuser/bcx_e2e_venv/bin/python3(_PyEval_EvalFrameDefault+0x4cbe) [0x5db2ee]\n --- /home/ttuser/bcx_e2e_venv/bin/python3(_PyObject_Call_Prepend+0x18a) [0x54a8ca]\n --- /home/ttuser/bcx_e2e_venv/bin/python3() [0x5a3778]\n --- /home/ttuser/bcx_e2e_venv/bin/python3(PyObject_Call+0x6c) [0x54b12c]\n --- /home/ttuser/bcx_e2e_venv/bin/python3(_PyEval_EvalFrameDefault+0x4cbe) [0x5db2ee]\n --- /home/ttuser/bcx_e2e_venv/bin/python3() [0x54caed]\n --- /home/ttuser/bcx_e2e_venv/bin/python3() [0x6fa365]\n --- /home/ttuser/bcx_e2e_venv/bin/python3() [0x64f780]\n --- /home/ttuser/bcx_e2e_venv/bin/python3(_PyEval_EvalFrameDefault+0x4cbe) [0x5db2ee]\n --- /home/ttuser/bcx_e2e_venv/bin/python3(_PyObject_Call_Prepend+0xc2) [0x54a802]\n --- /home/ttuser/bcx_e2e_venv/bin/python3() [0x5a3778]\n --- /home/ttuser/bcx_e2e_venv/bin/python3(PyObject_Call+0x6c) [0x54b12c]\n --- /home/ttuser/bcx_e2e_venv/bin/python3(_PyEval_EvalFrameDefault+0x4cbe) [0x5db2ee]\n --- /home/ttuser/bcx_e2e_venv/bin/python3(PyObject_Vectorcall+0x35) [0x5499b5]\n --- /home/ttuser/bcx_e2e_venv/lib/python3.12/site-packages/jaxlib/libjax_common.so(+0x3aad4e1) [0x70388f99d4e1]\n --- /home/ttuser/bcx_e2e_venv/lib/python3.12/site-packages/jaxlib/libjax_common.so(+0x3a68dc2) [0x70388f958dc2]\n --- /home/ttuser/bcx_e2e_venv/lib/python3.12/site-packages/jaxlib/libjax_common.so(+0x3a70c68) [0x70388f960c68]\n --- /home/ttuser/bcx_e2e_venv/lib/python3.12/site-packages/jaxlib/libjax_common.so(+0x3a6aae9) [0x70388f95aae9]\n --- /home/ttuser/bcx_e2e_venv/lib/python3.12/site-packages/jaxlib/libjax_common.so(+0x3db6e3c) [0x70388fca6e3c]\n --- /home/ttuser/bcx_e2e_venv/lib/python3.12/site-packages/jaxlib/libjax_common.so(+0x3db7021) [0x70388fca7021]\n --- /home/ttuser/bcx_e2e_venv/lib/python3.12/site-packages/jaxlib/libjax_common.so(+0x8f2c3d3) [0x703894e1c3d3]\n --- /home/ttuser/bcx_e2e_venv/lib/python3.12/site-packages/jaxlib/libjax_common.so(+0x8f2ba3e) [0x703894e1ba3e]\n --- /home/ttuser/bcx_e2e_venv/lib/python3.12/site-packages/jaxlib/libjax_common.so(+0xde1e94b) [0x703899d0e94b]\n --- /home/ttuser/bcx_e2e_venv/lib/python3.12/site-packages/jaxlib/libjax_common.so(+0xde21f1f) [0x703899d11f1f]\n --- /home/ttuser/bcx_e2e_venv/lib/python3.12/site-packages/jaxlib/libjax_common.so(+0xde23a06) [0x703899d13a06]\n --- /home/ttuser/bcx_e2e_venv/lib/python3.12/site-packages/jaxlib/libjax_common.so(+0xde24873) [0x703899d14873]\n --- /home/ttuser/bcx_e2e_venv/lib/python3.12/site-packages/jaxlib/libjax_common.so(+0x80d7d7a) [0x703893fc7d7a]\n --- /home/ttuser/bcx_e2e_venv/lib/python3.12/site-packages/jaxlib/libjax_common.so(+0x95d959c) [0x7038954c959c]\n --- /home/ttuser/bcx_e2e_venv/lib/python3.12/site-packages/jaxlib/libjax_common.so(+0x95d9cf2) [0x7038954c9cf2]\n --- /home/ttuser/bcx_e2e_venv/lib/python3.12/site-packages/jaxlib/libjax_common.so(+0x78ce044) [0x7038937be044]\n --- /home/ttuser/bcx_e2e_venv/lib/python3.12/site-packages/jaxlib/libjax_common.so(+0x78cded1) [0x7038937bded1]\n --- /home/ttuser/bcx_e2e_venv/lib/python3.12/site-packages/jaxlib/libjax_common.so(+0x78bd28f) [0x7038937ad28f]\n --- /lib/x86_64-linux-gnu/libc.so.6(+0x9cb84) [0x70389be9cb84]\n --- /lib/x86_64-linux-gnu/libc.so.6(+0x129ecc) [0x70389bf29ecc]\n\n--------------------\nFor simplicity, JAX has removed its internal frames from the traceback of the following exception. Set JAX_TRACEBACK_FILTERING=off to include these.\n",
 "dram_total_bytes": 34225520128,
 "complex_residues": 738,
 "evoformer_axis": 768,
 "axis_seen": [
  768
 ],
 "axis_matches_arithmetic": false,
 "auto_priced_axis_short_by": 0,
 "device_free_min": 34225503744,
 "rounds_done": 1,
 "rounds_per_slot": {
  "": 1
 },
 "levers": {
  "genq_compact": false,
  "grad_fanin_l1": false,
  "widen_add": false,
  "taped_channel_move": false,
  "mm_layout": false,
  "triatt_bw": false,
  "triatt_hifi": false,
  "rne_kernel": false
 },
 "lever_stats": {
  "mm_layout": {
   "declined: has a program config": 2291,
   "declined: has a core grid": 194,
   "served": 202,
   "declined: not batched": 29
  },
  "taped_channel_move": [
   438,
   802,
   222,
   0
  ],
  "widen_add": {
   "served: first": 14,
   "served: later": 26
  },
  "rne_add": [
   933,
   8
  ],
  "qkv_grad_join": {
   "served": 9
  },
  "triatt_bw": {
   "served": 0,
   "declined": 2,
   "bw_calls": 2
  },
  "triatt_fused_hifi": {
   "served": 218,
   "declined": 0,
   "too_short": 0,
   "taped": 0,
   "padded": 0
  },
  "taped_kernels": {
   "rne_add": [
    933,
    0
   ],
   "tri_att_sdpa_hifi": [
    218,
    0
   ]
  }
 },
 "triatt_reach": {
  "bw_calls": 2,
  "served": 0,
  "declined": 2
 },
 "aiclk_run": {
  "n": 45,
  "aiclk_min": 800,
  "aiclk_med": 1350,
  "aiclk_max": 1350,
  "load1": 9.6
 },
 "node_probe_samples": 0,
 "mem_end": {
  "vmhwm": 16034480128,
  "vmrss": 5838057472,
  "mem_available": 190864859136
 },
 "loadavg_end": [
  12.22216796875,
  10.833984375,
  11.458984375
 ],
 "finished_utc": "2026-10-01T18:08:10Z"
}
Traceback (most recent call last):
  File "/home/ttuser/.coworker/wt/bcw-bmm/perf/bgx_size/rung.py", line 429, in <module>
    sys.exit(main())
             ^^^^^^
  File "/home/ttuser/.coworker/wt/bcw-bmm/perf/bgx_size/rung.py", line 413, in main
    trajectories = bindcraft2.run_campaign(
                   ^^^^^^^^^^^^^^^^^^^^^^^^
  File "/home/ttuser/.coworker/wt/bcw-bmm/tt_bio/bindcraft2.py", line 2290, in run_campaign
    return _run_campaign(settings, project_folder, trajectories_per_card=trajectories_per_card,
           ^^^^^^^^^^^^^^^^^^^^^^^^^^^^^^^^^^^^^^^^^^^^^^^^^^^^^^^^^^^^^^^^^^^^^^^^^^^^^^^^^^^^
  File "/home/ttuser/.coworker/wt/bcw-bmm/tt_bio/bindcraft2.py", line 2365, in _run_campaign
    return campaign.run_campaign(settings, project_folder, **run_campaign_kwargs)
           ^^^^^^^^^^^^^^^^^^^^^^^^^^^^^^^^^^^^^^^^^^^^^^^^^^^^^^^^^^^^^^^^^^^^^^
  File "/home/ttuser/bcx_e2e/bc2/bindcraft/campaign.py", line 271, in run_campaign
    return run_campaign_arm(settings, project_folder, alphafold_model, validation_model, mpnn_model, key, max_trajectories, build_validation_model, autotune=settings.get('autotune', True), metadata=metadata)
           ^^^^^^^^^^^^^^^^^^^^^^^^^^^^^^^^^^^^^^^^^^^^^^^^^^^^^^^^^^^^^^^^^^^^^^^^^^^^^^^^^^^^^^^^^^^^^^^^^^^^^^^^^^^^^^^^^^^^^^^^^^^^^^^^^^^^^^^^^^^^^^^^^^^^^^^^^^^^^^^^^^^^^^^^^^^^^^^^^^^^^^^^^^^^^^^^^^^^
  File "/home/ttuser/bcx_e2e/bc2/bindcraft/campaign.py", line 185, in run_campaign_arm
    protein_states, predictions, failed_stage = run_trajectory(design_settings, alphafold_model, trajectory_random_key, trajectory_directory=trajectory_directory, targets=trajectory_targets)
                                                ^^^^^^^^^^^^^^^^^^^^^^^^^^^^^^^^^^^^^^^^^^^^^^^^^^^^^^^^^^^^^^^^^^^^^^^^^^^^^^^^^^^^^^^^^^^^^^^^^^^^^^^^^^^^^^^^^^^^^^^^^^^^^^^^^^^^^^^^^^^^^^
  File "/home/ttuser/bcx_e2e/bc2/bindcraft/trajectory.py", line 303, in run_trajectory
    protein_states, predictions = run_gradient_design_stage(trajectory.protein_states, design_model, sequence_optimizer=stage.sequence_optimizer, design_schedule=design_schedule, record_sequence_update=recorder, select_best_round=len(design_settings.prepared_states) < 2, select_filtered_round=rotating_stage_filter_round(design_settings, target_schedule, trajectory.protein_states, stage.name), **induced_fit_reference_arguments(trajectory.losses, trajectory.binder_alone_reference, design_model, design_settings))
                                  ^^^^^^^^^^^^^^^^^^^^^^^^^^^^^^^^^^^^^^^^^^^^^^^^^^^^^^^^^^^^^^^^^^^^^^^^^^^^^^^^^^^^^^^^^^^^^^^^^^^^^^^^^^^^^^^^^^^^^^^^^^^^^^^^^^^^^^^^^^^^^^^^^^^^^^^^^^^^^^^^^^^^^^^^^^^^^^^^^^^^^^^^^^^^^^^^^^^^^^^^^^^^^^^^^^^^^^^^^^^^^^^^^^^^^^^^^^^^^^^^^^^^^^^^^^^^^^^^^^^^^^^^^^^^^^^^^^^^^^^^^^^^^^^^^^^^^^^^^^^^^^^^^^^^^^^^^^^^^^^^^^^^^^^^^^^^^^^^^^^^^^^^^^^^^^^^^^^^^^^^^^^^^^^^^^^^^^^^^^^^^^^^^^^^^^^^^^^^^^^^^^^^^^^^^^^^^^^^^^^^^^^^^^^^^^^^^^^^^^^^^^^^^^^^^^^^^^^^^^^^^^^^^^^^^^^^^^^^^^^^^
  File "/home/ttuser/bcx_e2e/bc2/bindcraft/trajectory.py", line 131, in run_gradient_design_stage
    predictions, chain_gradients, graph_design_loss = design_model.sequence_gradients(active_protein_states, active_losses, softmax_weight=softmax_weight, one_hot_weight=one_hot_weight, temperature=temperature, logit_scale=logit_scale, reference_predictions=reference_predictions)
                                                      ^^^^^^^^^^^^^^^^^^^^^^^^^^^^^^^^^^^^^^^^^^^^^^^^^^^^^^^^^^^^^^^^^^^^^^^^^^^^^^^^^^^^^^^^^^^^^^^^^^^^^^^^^^^^^^^^^^^^^^^^^^^^^^^^^^^^^^^^^^^^^^^^^^^^^^^^^^^^^^^^^^^^^^^^^^^^^^^^^^^^^^^^^^^^^^^^^^^^^^^^^^^^^^^^^^^^^^^^^^^^^^^^^^
  File "/home/ttuser/.coworker/wt/bcw-bmm/perf/bgx_size/rung.py", line 332, in sequence_gradients
    return real_sequence_gradients(self, *a, **kw)
           ^^^^^^^^^^^^^^^^^^^^^^^^^^^^^^^^^^^^^^^
  File "/home/ttuser/.coworker/wt/bcw-bmm/tt_bio/bindcraft2.py", line 1716, in sequence_gradients
    return super().sequence_gradients(protein_states, losses, passed,
           ^^^^^^^^^^^^^^^^^^^^^^^^^^^^^^^^^^^^^^^^^^^^^^^^^^^^^^^^^^
  File "/home/ttuser/bcx_e2e/bc2/bindcraft/af2.py", line 406, in sequence_gradients
    (design_loss, prediction_arrays), shared_chain_gradients = compiled_sequence_gradients(*gradient_arguments)
                                                               ^^^^^^^^^^^^^^^^^^^^^^^^^^^^^^^^^^^^^^^^^^^^^^^^
jax.errors.JaxRuntimeError: INTERNAL: CpuCallback error calling callback: Traceback (most recent call last):
  File "/home/ttuser/bcx_e2e_venv/lib/python3.12/site-packages/jax/_src/callback.py", line 816, in _wrapped_callback
  File "/home/ttuser/bcx_e2e_venv/lib/python3.12/site-packages/jax/_src/callback.py", line 226, in _callback
  File "/home/ttuser/bcx_e2e_venv/lib/python3.12/site-packages/jax/_src/callback.py", line 96, in pure_callback_impl
  File "/home/ttuser/bcx_e2e_venv/lib/python3.12/site-packages/jax/_src/callback.py", line 71, in __call__
  File "/home/ttuser/.coworker/wt/bcw-bmm/tt_bio/bindcraft2.py", line 941, in _backward
  File "/home/ttuser/.coworker/wt/bcw-bmm/tt_bio/autograd.py", line 706, in backward
  File "/home/ttuser/.coworker/wt/bcw-bmm/tt_bio/autograd.py", line 746, in _backward
  File "/home/ttuser/.coworker/wt/bcw-bmm/tt_bio/autograd.py", line 2630, in fire
  File "/home/ttuser/.coworker/wt/bcw-bmm/tt_bio/autograd.py", line 2601, in _recompute
  File "/home/ttuser/.coworker/wt/bcw-bmm/tt_bio/autograd.py", line 706, in backward
  File "/home/ttuser/.coworker/wt/bcw-bmm/tt_bio/autograd.py", line 735, in _backward
  File "/home/ttuser/.coworker/wt/bcw-bmm/tt_bio/taped_ttnn.py", line 255, in bw
  File "/home/ttuser/.coworker/wt/bcw-bmm/tt_bio/autograd.py", line 1139, in bmm
  File "/home/ttuser/.coworker/wt/bcw-bmm/tt_bio/autograd.py", line 979, in _matmul
  File "/home/ttuser/tt-bio-dev/env/lib/python3.12/site-packages/ttnn/decorators.py", line 483, in __call__
RuntimeError: TT_THROW @ /project/tt_metal/impl/program/program.cpp:1043: tt::exception
info:
Statically allocated circular buffers on core range [(x=0,y=0) - (x=0,y=9)] grow to 1864192 B which is beyond max L1 size of 1572864 B
backtrace:
 --- /home/ttuser/tt-bio-dev/env/lib/python3.12/site-packages/ttnn/build/lib/_ttnncpp.so(+0xe943cb) [0x703755c943cb]
 --- tt::tt_metal::detail::ProgramImpl::validate_circular_buffer_region(tt::tt_metal::IDevice const*)
 --- tt::tt_metal::distributed::MeshWorkloadImpl::compile(tt::tt_metal::distributed::MeshDevice*)
 --- tt::tt_metal::distributed::EnqueueMeshWorkload(tt::tt_metal::distributed::MeshCommandQueue&, tt::tt_metal::distributed::MeshWorkload&, bool)
 --- /home/ttuser/tt-bio-dev/env/lib/python3.12/site-packages/ttnn/build/lib/_ttnncpp.so(_ZN4ttnn16device_operation6detail21enqueue_mesh_workloadITkNS0_36DeviceOperationWithMeshDeviceAdapterENS0_26MeshDeviceOperationAdapterINS_4prim21MatmulDeviceOperationEEEEEvRKNT_22operation_attributes_tERKNS7_13tensor_args_tERNS7_21tensor_return_value_tEPN2tt8tt_metal11distributed10MeshDeviceERNSI_12MeshWorkloadEb+0x332) [0x703755dc9d92]
 --- /home/ttuser/tt-bio-dev/env/lib/python3.12/site-packages/ttnn/build/lib/_ttnncpp.so(+0xfcb339) [0x703755dcb339]
 --- /home/ttuser/tt-bio-dev/env/lib/python3.12/site-packages/ttnn/build/lib/_ttnncpp.so(_ZN4ttnn16device_operation6detail30create_and_cache_mesh_workloadITkNS0_22DeviceOperationConceptENS0_26MeshDeviceOperationAdapterINS_4prim21MatmulDeviceOperationEEEEEvRKNT_22operation_attributes_tERKNS7_13tensor_args_tERNS7_21tensor_return_value_tEPN2tt8tt_metal11distributed10MeshDeviceERNSH_13program_cache6detail12ProgramCacheEm+0x1f5) [0x703755dc97f5]
 --- /home/ttuser/tt-bio-dev/env/lib/python3.12/site-packages/ttnn/build/lib/_ttnncpp.so(_ZN4ttnn16device_operation6detail6launchITkNS0_22DeviceOperationConceptENS_4prim21MatmulDeviceOperationEEENT_21tensor_return_value_tERKNS5_22operation_attributes_tERKNS5_13tensor_args_tE+0x583) [0x703755dc2b23]
 --- ttnn::prim::matmul(tt::tt_metal::Tensor const&, tt::tt_metal::Tensor const&, std::optional<tt::tt_metal::Tensor> const&, std::optional<tt::tt_metal::Tensor> const&, ttnn::prim::MatmulParams const&)
 --- /home/ttuser/tt-bio-dev/env/lib/python3.12/site-packages/ttnn/build/lib/_ttnncpp.so(+0xf7c318) [0x703755d7c318]
 --- /home/ttuser/tt-bio-dev/env/lib/python3.12/site-packages/ttnn/build/lib/_ttnncpp.so(_ZN4ttnn10operations6matmul6matmulERKN2tt8tt_metal6TensorES6_bbRKSt8optionalIKNS3_12MemoryConfigEES7_IKNS3_8DataTypeEERKS7_IKSt7variantIJNS1_28MatmulMultiCoreProgramConfigENS1_33MatmulMultiCoreReuseProgramConfigENS1_42MatmulMultiCoreReuseMultiCastProgramConfigENS1_44MatmulMultiCoreReuseMultiCast1DProgramConfigENS1_53MatmulMultiCoreReuseMultiCastDRAMShardedProgramConfigENS1_60MatmulMultiCoreReuseMultiCastBatchedDRAMShardedProgramConfigEEEERKS7_IKSG_IJNSt7__cxx1112basic_stringIcSt11char_traitsIcESaIcEEENS0_5unary19BasicUnaryWithParamIJfEEEEEES7_IKNS_19ComputeKernelConfigEES7_IKNS_5types8CoreGridEERKS7_IKNS3_4TileEES7_IS4_ERKS7_IKNS3_12experimental20GlobalCircularBufferEERKS7_IN4ttsl10StrongTypeIhNS3_14SubDeviceIdTagEEEE+0x3c4) [0x703755d7b7d4]
 --- /home/ttuser/tt-bio-dev/env/lib/python3.12/site-packages/ttnn/_ttnn.cpython-312-x86_64-linux-gnu.so(+0x3fa834) [0x7037569fa834]
 --- /home/ttuser/tt-bio-dev/env/lib/python3.12/site-packages/ttnn/_ttnn.cpython-312-x86_64-linux-gnu.so(+0x3fa419) [0x7037569fa419]
 --- /home/ttuser/tt-bio-dev/env/lib/python3.12/site-packages/ttnn/_ttnn.cpython-312-x86_64-linux-gnu.so(+0x26daa5) [0x70375686daa5]
 --- /home/ttuser/bcx_e2e_venv/bin/python3(_PyObject_Call_Prepend+0x3ab) [0x54aaeb]
 --- /home/ttuser/bcx_e2e_venv/bin/python3() [0x5a3778]
 --- /home/ttuser/bcx_e2e_venv/bin/python3(PyObject_Call+0x6c) [0x54b12c]
 --- /home/ttuser/bcx_e2e_venv/bin/python3(_PyEval_EvalFrameDefault+0x4cbe) [0x5db2ee]
 --- /home/ttuser/bcx_e2e_venv/bin/python3(_PyObject_Call_Prepend+0x18a) [0x54a8ca]
 --- /home/ttuser/bcx_e2e_venv/bin/python3() [0x5a3778]
 --- /home/ttuser/bcx_e2e_venv/bin/python3(PyObject_Call+0x6c) [0x54b12c]
 --- /home/ttuser/bcx_e2e_venv/bin/python3(_PyEval_EvalFrameDefault+0x4cbe) [0x5db2ee]
 --- /home/ttuser/bcx_e2e_venv/bin/python3() [0x54caed]
 --- /home/ttuser/bcx_e2e_venv/bin/python3() [0x6fa365]
 --- /home/ttuser/bcx_e2e_venv/bin/python3() [0x64f780]
 --- /home/ttuser/bcx_e2e_venv/bin/python3(_PyEval_EvalFrameDefault+0x4cbe) [0x5db2ee]
 --- /home/ttuser/bcx_e2e_venv/bin/python3(_PyObject_Call_Prepend+0xc2) [0x54a802]
 --- /home/ttuser/bcx_e2e_venv/bin/python3() [0x5a3778]
 --- /home/ttuser/bcx_e2e_venv/bin/python3(PyObject_Call+0x6c) [0x54b12c]
 --- /home/ttuser/bcx_e2e_venv/bin/python3(_PyEval_EvalFrameDefault+0x4cbe) [0x5db2ee]
 --- /home/ttuser/bcx_e2e_venv/bin/python3(PyObject_Vectorcall+0x35) [0x5499b5]
 --- /home/ttuser/bcx_e2e_venv/lib/python3.12/site-packages/jaxlib/libjax_common.so(+0x3aad4e1) [0x70388f99d4e1]
 --- /home/ttuser/bcx_e2e_venv/lib/python3.12/site-packages/jaxlib/libjax_common.so(+0x3a68dc2) [0x70388f958dc2]
 --- /home/ttuser/bcx_e2e_venv/lib/python3.12/site-packages/jaxlib/libjax_common.so(+0x3a70c68) [0x70388f960c68]
 --- /home/ttuser/bcx_e2e_venv/lib/python3.12/site-packages/jaxlib/libjax_common.so(+0x3a6aae9) [0x70388f95aae9]
 --- /home/ttuser/bcx_e2e_venv/lib/python3.12/site-packages/jaxlib/libjax_common.so(+0x3db6e3c) [0x70388fca6e3c]
 --- /home/ttuser/bcx_e2e_venv/lib/python3.12/site-packages/jaxlib/libjax_common.so(+0x3db7021) [0x70388fca7021]
 --- /home/ttuser/bcx_e2e_venv/lib/python3.12/site-packages/jaxlib/libjax_common.so(+0x8f2c3d3) [0x703894e1c3d3]
 --- /home/ttuser/bcx_e2e_venv/lib/python3.12/site-packages/jaxlib/libjax_common.so(+0x8f2ba3e) [0x703894e1ba3e]
 --- /home/ttuser/bcx_e2e_venv/lib/python3.12/site-packages/jaxlib/libjax_common.so(+0xde1e94b) [0x703899d0e94b]
 --- /home/ttuser/bcx_e2e_venv/lib/python3.12/site-packages/jaxlib/libjax_common.so(+0xde21f1f) [0x703899d11f1f]
 --- /home/ttuser/bcx_e2e_venv/lib/python3.12/site-packages/jaxlib/libjax_common.so(+0xde23a06) [0x703899d13a06]
 --- /home/ttuser/bcx_e2e_venv/lib/python3.12/site-packages/jaxlib/libjax_common.so(+0xde24873) [0x703899d14873]
 --- /home/ttuser/bcx_e2e_venv/lib/python3.12/site-packages/jaxlib/libjax_common.so(+0x80d7d7a) [0x703893fc7d7a]
 --- /home/ttuser/bcx_e2e_venv/lib/python3.12/site-packages/jaxlib/libjax_common.so(+0x95d959c) [0x7038954c959c]
 --- /home/ttuser/bcx_e2e_venv/lib/python3.12/site-packages/jaxlib/libjax_common.so(+0x95d9cf2) [0x7038954c9cf2]
 --- /home/ttuser/bcx_e2e_venv/lib/python3.12/site-packages/jaxlib/libjax_common.so(+0x78ce044) [0x7038937be044]
 --- /home/ttuser/bcx_e2e_venv/lib/python3.12/site-packages/jaxlib/libjax_common.so(+0x78cded1) [0x7038937bded1]
 --- /home/ttuser/bcx_e2e_venv/lib/python3.12/site-packages/jaxlib/libjax_common.so(+0x78bd28f) [0x7038937ad28f]
 --- /lib/x86_64-linux-gnu/libc.so.6(+0x9cb84) [0x70389be9cb84]
 --- /lib/x86_64-linux-gnu/libc.so.6(+0x129ecc) [0x70389bf29ecc]

--------------------
For simplicity, JAX has removed its internal frames from the traceback of the following exception. Set JAX_TRACEBACK_FILTERING=off to include these.
