benchlock: c12-host-decomp acquired after 2s, loadavg 1.34 2.23 3.17
2026-09-17 17:26:26.456 | DEBUG    | ttnn:<module>:77 - Initial ttnn.CONFIG:
Config{cache_path=/home/ttuser/.cache/ttnn,model_cache_path=/home/ttuser/.cache/ttnn/models,tmp_dir=/tmp/ttnn,enable_model_cache=false,enable_fast_runtime_mode=true,throw_exception_on_fallback=false,enable_logging=false,enable_graph_report=false,enable_detailed_buffer_report=false,enable_detailed_tensor_report=false,enable_comparison_mode=false,comparison_mode_should_raise_exception=false,comparison_mode_pcc=0.9999,root_report_path=generated/ttnn/reports,report_name=std::nullopt,std::nullopt}
{"label": "cold", "arm": "bare", "clock": 1350, "elapsed_s": 77.1748, "unattributed_s": null, "MHz": 1350, "W": 141.0, "cif": "45781db716ebf020", "plddt": 0.845919}
{"label": "bare_c1350_r0", "arm": "bare", "clock": 1350, "elapsed_s": 14.9207, "unattributed_s": null, "MHz": 1350, "W": 136.0, "cif": "45781db716ebf020", "plddt": 0.845919}
{"label": "regions_c1350_r0", "arm": "regions", "clock": 1350, "elapsed_s": 14.8654, "unattributed_s": 0.008462988999999865, "MHz": 1350, "W": 139.0, "cif": "45781db716ebf020", "plddt": 0.845919}
{"label": "keepcache_c1350_r0", "arm": "keepcache", "clock": 1350, "elapsed_s": 14.8683, "unattributed_s": null, "MHz": 1350, "W": 139.0, "cif": "45781db716ebf020", "plddt": 0.845919}
{"label": "cacheclear_c1350_r0", "arm": "cacheclear", "clock": 1350, "elapsed_s": 0.0174, "MHz": 1350}
{"label": "cprofile_c1350_r0", "arm": "cprofile", "clock": 1350, "elapsed_s": 15.1194, "unattributed_s": null, "MHz": 1350, "W": 139.0, "cif": "45781db716ebf020", "plddt": 0.845919}
{"label": "pyspy_c1350_r0", "arm": "pyspy", "clock": 1350, "elapsed_s": 14.8276, "unattributed_s": null, "MHz": 1350, "W": 138.0, "cif": "45781db716ebf020", "plddt": 0.845919}
{"label": "bare_c800_r0", "arm": "bare", "clock": 800, "elapsed_s": 22.2794, "unattributed_s": null, "MHz": 800, "W": 68.0, "cif": "45781db716ebf020", "plddt": 0.845919}
{"label": "regions_c800_r0", "arm": "regions", "clock": 800, "elapsed_s": 22.1947, "unattributed_s": 0.007676714999998779, "MHz": 800, "W": 68.0, "cif": "45781db716ebf020", "plddt": 0.845919}
{"label": "keepcache_c800_r0", "arm": "keepcache", "clock": 800, "elapsed_s": 23.1458, "unattributed_s": null, "MHz": 800, "W": 69.0, "cif": "45781db716ebf020", "plddt": 0.845919}
{"label": "cacheclear_c800_r0", "arm": "cacheclear", "clock": 800, "elapsed_s": 0.0174, "MHz": 800}
{"label": "cprofile_c800_r0", "arm": "cprofile", "clock": 800, "elapsed_s": 23.4011, "unattributed_s": null, "MHz": 800, "W": 68.0, "cif": "45781db716ebf020", "plddt": 0.845919}
{"label": "pyspy_c800_r0", "arm": "pyspy", "clock": 800, "elapsed_s": 22.2563, "unattributed_s": null, "MHz": 800, "W": 68.0, "cif": "45781db716ebf020", "plddt": 0.845919}
{"label": "bare_c800_r1", "arm": "bare", "clock": 800, "elapsed_s": 22.2329, "unattributed_s": null, "MHz": 800, "W": 68.0, "cif": "45781db716ebf020", "plddt": 0.845919}
{"label": "regions_c800_r1", "arm": "regions", "clock": 800, "elapsed_s": 22.3639, "unattributed_s": 0.008820157000002382, "MHz": 800, "W": 69.0, "cif": "45781db716ebf020", "plddt": 0.845919}
{"label": "keepcache_c800_r1", "arm": "keepcache", "clock": 800, "elapsed_s": 22.1972, "unattributed_s": null, "MHz": 800, "W": 68.0, "cif": "45781db716ebf020", "plddt": 0.845919}
{"label": "cacheclear_c800_r1", "arm": "cacheclear", "clock": 800, "elapsed_s": 0.017, "MHz": 800}
{"label": "cprofile_c800_r1", "arm": "cprofile", "clock": 800, "elapsed_s": 22.4611, "unattributed_s": null, "MHz": 800, "W": 68.0, "cif": "45781db716ebf020", "plddt": 0.845919}
{"label": "pyspy_c800_r1", "arm": "pyspy", "clock": 800, "elapsed_s": 22.2069, "unattributed_s": null, "MHz": 800, "W": 67.0, "cif": "45781db716ebf020", "plddt": 0.845919}
Traceback (most recent call last):
  File "/home/ttuser/.coworker/wt/c12-host-decomp/perf/c12_host_decomp/decomp.py", line 525, in main
    one(label, arm, clock, rep)
  File "/home/ttuser/.coworker/wt/c12-host-decomp/perf/c12_host_decomp/decomp.py", line 501, in one
    raise RuntimeError(f"co-tenancy or thin holder coverage: {row['holders']}")
RuntimeError: co-tenancy or thin holder coverage: {'observations': 119, 'foreign': [{'pid': 1833383, 'nodes': ['/dev/tenstorrent/0', '/dev/tenstorrent/1', '/dev/tenstorrent/2', '/dev/tenstorrent/3'], 'state': 'R', 'utime_ticks': 17, 'stime_ticks': 1, 'starttime_ticks': 2622571, 'argv': '/usr/bin/python3 /home/ttuser/.local/bin/tt-smi -s ', 'env': {'TT_VISIBLE_DEVICES': None, 'TT_BIO_LEASE_CARDS': None, 'TT_BIO_LEASE_HOLDER': 'worker:tt-bio-release-v0-9-0'}}], 'other_nodes_opened': [], 'max_gap_ns': 167042943, 'passed': False}
{"label": "bare_c1350_r1", "arm": "bare", "clock": 1350, "SKIPPED": "RuntimeError"}
{"label": "regions_c1350_r1", "arm": "regions", "clock": 1350, "elapsed_s": 15.8658, "unattributed_s": 0.008970901999999725, "MHz": 1350, "W": 138.0, "cif": "45781db716ebf020", "plddt": 0.845919}
Traceback (most recent call last):
  File "/home/ttuser/.coworker/wt/c12-host-decomp/perf/c12_host_decomp/decomp.py", line 525, in main
    one(label, arm, clock, rep)
  File "/home/ttuser/.coworker/wt/c12-host-decomp/perf/c12_host_decomp/decomp.py", line 499, in one
    raise RuntimeError(f"clock artifact or thin coverage: {row['clock']}")
RuntimeError: clock artifact or thin coverage: {'target_MHz': 1350, 'samples': 14134, 'min_MHz': 1350, 'max_MHz': 1350, 'min_W': 32.0, 'max_W': 141.0, 'max_gap_ns': 17914222, 'sample_span_fraction': 0.9999212674242527, 'errors': [], 'pass': False}
{"label": "keepcache_c1350_r1", "arm": "keepcache", "clock": 1350, "SKIPPED": "RuntimeError"}
{"label": "cacheclear_c1350_r1", "arm": "cacheclear", "clock": 1350, "elapsed_s": 0.0402, "MHz": 1350}
{"label": "cprofile_c1350_r1", "arm": "cprofile", "clock": 1350, "elapsed_s": 15.3201, "unattributed_s": null, "MHz": 1350, "W": 138.0, "cif": "45781db716ebf020", "plddt": 0.845919}
