{
 "host": "tt-quietbox2",
 "card": "1",
 "trajectories": null,
 "trajectories_arg": "auto",
 "max_trajectories": 6,
 "auto_would_choose": [
  3,
  "3 of them at 288 tokens hold about 12 GB of the card and peak near 20 GB of the 219.2 GB of host memory free"
 ],
 "validation": "device",
 "binder": 146,
 "seed": 100,
 "project": "perf/bcp_land/out/campaign/on",
 "commit": "e6b0b98120c663f7ea9f57761ef49a0292e25a4c",
 "compile_cache": "/home/ttuser/bcp-land-compose/perf/bcp_land/out/xlacache",
 "pci": "0000:02:00.0",
 "sysfs": "/sys/class/tenstorrent/tenstorrent!1/tt_aiclk",
 "nproc": 16,
 "loadavg_start": [
  5.673828125,
  5.556640625,
  4.404296875
 ],
 "mem_start": {
  "vmhwm": 486965248,
  "vmrss": 486965248,
  "mem_available": 235313901568
 },
 "started_utc": "2026-10-01T04:22:36Z"
}
2026-10-01 04:22:36.584 | DEBUG    | ttnn:<module>:77 - Initial ttnn.CONFIG:
Config{cache_path=/home/ttuser/.cache/ttnn,model_cache_path=/home/ttuser/.cache/ttnn/models,tmp_dir=/tmp/ttnn,enable_model_cache=false,enable_fast_runtime_mode=true,throw_exception_on_fallback=false,enable_logging=false,enable_graph_report=false,enable_detailed_buffer_report=false,enable_detailed_tensor_report=false,enable_comparison_mode=false,comparison_mode_should_raise_exception=false,comparison_mode_pcc=0.9999,root_report_path=generated/ttnn/reports,report_name=std::nullopt,std::nullopt}
/home/ttuser/bcp-land-compose/tt_bio/main.py:62: RuntimeWarning: os.fork() was called. os.fork() is incompatible with multithreaded code, and JAX is multithreaded, so this will likely lead to a deadlock.
  pid = _os.fork()
[tt_bio.bindcraft2] stops at whichever comes first: 10 accepted designs, or 6 trajectories spent. Interleaved arms already running can carry the accepted count past 10, so it is a floor, not a quota.
[tt_bio.bindcraft2] a trajectory is also ended mid-design by the per-stage gates, which the campaign's own `filters` line does not list: screen pLDDT >= 0.6 (min_plddt_screen), refine pLDDT >= 0.6 (min_plddt_refine), anneal i_pTM >= 0.5 (min_iptm_anneal), anneal pLDDT >= 0.65 (min_plddt_anneal), harden i_pTM >= 0.5 (min_iptm_harden), harden pLDDT >= 0.65 (min_plddt_harden), mutate i_pTM >= 0.5 (min_iptm_mutate), mutate pLDDT >= 0.6 (min_plddt_mutate), final i_pTM >= 0.7 (min_iptm_final), final monomer pLDDT >= 0.7 (min_monomer_plddt_final), final pLDDT >= 0.7 (min_plddt_final). A trajectory that misses one is charged against the budget and counted under `terminated`, and the rejection names the metric (i_pTM/monomer pLDDT/pLDDT), not the setting.
[tt_bio.bindcraft2] 3 design trajectories on this card: 3 of them at 288 tokens hold about 12 GB of the card and peak near 20 GB of the 217.9 GB of host memory free. Pass trajectories_per_card to choose yourself; 1 is BindCraft 2's own loop.
BindCraft 2 (unreleased)
campaign pdl1
binder length 146
target hPDL1 (target) | 115 residues | hotspots 54,56,66,115
losses binder_contacts=1.0 binder_helicity=-0.3 binder_pae=0.4 compactness=0.5 interface_contacts=1.0 interface_pae=0.1 iptm_loss=0.05 plddt_loss=0.1
filters Backbone_Clashes <= 0, Binder_RMSD <= 3.5, Interface_Residues >= 7, Unbound_Binder_pLDDT >= 0.7, i_pAE <= 0.35, i_pTM >= 0.7, pTM >= 0.55
results perf/bcp_land/out/campaign/on | 3_Ranked/!_Ranked.csv rewritten as each design is accepted | summary.csv written when the campaign ends

=== trajectory 1 | pdl1_denovo_l146_b60b37ab688fd0f2 | accepted 0/10 ===

=== trajectory 2 | pdl1_denovo_l146_d949e23fe8129baf | accepted 0/10 ===

=== trajectory 3 | pdl1_denovo_l146_bbd8cbf4be3e7802 | accepted 0/10 ===
  passed screen design stage  i_pTM=0.66    pLDDT=0.82  
  passed screen design stage  i_pTM=0.78    pLDDT=0.64  
  passed screen design stage  i_pTM=0.84    pLDDT=0.94  
  passed refine design stage  i_pTM=0.73    pLDDT=0.85  
  passed refine design stage  i_pTM=0.2     pLDDT=0.66  
  passed refine design stage  i_pTM=0.86    pLDDT=0.93  
  passed anneal design stage  i_pTM=0.82    pLDDT=0.83  
  rejected at anneal design stage  i_pTM=0.75    pLDDT=0.65   due to [pLDDT]

=== trajectory 4 | pdl1_denovo_l146_4025ee0d56de59ff | accepted 0/10 ===
  passed anneal design stage  i_pTM=0.87    pLDDT=0.93  
  passed harden design stage  i_pTM=0.67    pLDDT=0.77  
  rejected at harden design stage  i_pTM=0.57    pLDDT=0.65   due to [pLDDT]

=== trajectory 5 | pdl1_denovo_l146_1f65054b4e989107 | accepted 0/10 ===
  rejected at mutate design stage  i_pTM=0.26    pLDDT=0.6    due to [i_pTM]

=== trajectory 6 | pdl1_denovo_l146_db572e7bcb497179 | accepted 0/10 ===
  rejected at screen design stage  i_pTM=0.76    pLDDT=0.58   due to [pLDDT]
  passed screen design stage  i_pTM=0.7     pLDDT=0.86  
  passed screen design stage  i_pTM=0.77    pLDDT=0.74  
  passed refine design stage  i_pTM=0.84    pLDDT=0.93  
  passed refine design stage  i_pTM=0.81    pLDDT=0.82  
  passed anneal design stage  i_pTM=0.86    pLDDT=0.93  
  passed harden design stage  i_pTM=0.81    pLDDT=0.86  
  passed anneal design stage  i_pTM=0.8     pLDDT=0.82  
  passed harden design stage  i_pTM=0.76    pLDDT=0.78  
  passed mutate design stage  i_pTM=0.82    pLDDT=0.85  
  binder hallucination successful
  binder optimization, 10 MPNN redesigns
  passed mutate design stage  i_pTM=0.71    pLDDT=0.8   
  binder hallucination successful
   1/10  rejected  Binder_RMSD=0.24    Hotspot_Contact_Fraction=0.75    Interface_Residues=7    Off_Epitope_Contact_Fraction=0.0     Target_pLDDT=0.91    i_pAE=0.61    i_pTM=0.35    pLDDT=0.91    pTM=0.65    failed [i_pTM]
  binder optimization, 10 MPNN redesigns
   1/10  rejected  Binder_RMSD=0.44    Hotspot_Contact_Fraction=0.5     Interface_Residues=5    Off_Epitope_Contact_Fraction=0.0     Target_pLDDT=0.9     i_pAE=0.6     i_pTM=0.33    pLDDT=0.83    pTM=0.6     failed [i_pTM]
   2/10  ACCEPTED  Binder_RMSD=0.61    Hotspot_Contact_Fraction=1.0     Interface_Residues=12   Off_Epitope_Contact_Fraction=0.0     Target_pLDDT=0.93    i_pAE=0.2     i_pTM=0.79    pLDDT=0.92    pTM=0.85  
   2/10  rejected  Binder_RMSD=0.34    Hotspot_Contact_Fraction=0.75    Interface_Residues=5    Off_Epitope_Contact_Fraction=0.0     Target_pLDDT=0.91    i_pAE=0.64    i_pTM=0.29    pLDDT=0.86    pTM=0.6     failed [i_pTM]
   3/10  rejected  Binder_RMSD=0.22    Hotspot_Contact_Fraction=0.75    Interface_Residues=9    Off_Epitope_Contact_Fraction=0.08    Target_pLDDT=0.91    i_pAE=0.63    i_pTM=0.3     pLDDT=0.89    pTM=0.63    failed [i_pTM]
   3/10  rejected  Binder_RMSD=0.4     Hotspot_Contact_Fraction=0.5     Interface_Residues=7    Off_Epitope_Contact_Fraction=0.0     Target_pLDDT=0.91    i_pAE=0.51    i_pTM=0.44    pLDDT=0.87    pTM=0.68    failed [i_pTM]
   4/10  rejected  Binder_RMSD=0.48    Hotspot_Contact_Fraction=0.75    Interface_Residues=8    Off_Epitope_Contact_Fraction=0.11    Target_pLDDT=0.9     i_pAE=0.68    i_pTM=0.26    pLDDT=0.84    pTM=0.59    failed [i_pTM]
   4/10  ACCEPTED  Binder_RMSD=0.95    Hotspot_Contact_Fraction=1.0     Interface_Residues=15   Off_Epitope_Contact_Fraction=0.0     Target_pLDDT=0.94    i_pAE=0.21    i_pTM=0.85    pLDDT=0.89    pTM=0.86  
   5/10  rejected  Binder_RMSD=0.25    Hotspot_Contact_Fraction=1.0     Interface_Residues=9    Off_Epitope_Contact_Fraction=0.0     Target_pLDDT=0.9     i_pAE=0.62    i_pTM=0.31    pLDDT=0.87    pTM=0.63    failed [i_pTM]
   6/10  rejected  Binder_RMSD=0.6     Hotspot_Contact_Fraction=0.5     Interface_Residues=5    Off_Epitope_Contact_Fraction=0.0     Target_pLDDT=0.91    i_pAE=0.73    i_pTM=0.21    pLDDT=0.79    pTM=0.53    failed [i_pTM, pTM]
   7/10  rejected  Binder_RMSD=0.23    Hotspot_Contact_Fraction=1.0     Interface_Residues=7    Off_Epitope_Contact_Fraction=0.0     Target_pLDDT=0.9     i_pAE=0.65    i_pTM=0.28    pLDDT=0.88    pTM=0.61    failed [i_pTM]
   5/10  ACCEPTED  Binder_RMSD=1.1     Hotspot_Contact_Fraction=1.0     Interface_Residues=14   Off_Epitope_Contact_Fraction=0.0     Target_pLDDT=0.94    i_pAE=0.21    i_pTM=0.82    pLDDT=0.9     pTM=0.86  
   8/10  rejected  Binder_RMSD=0.22    Hotspot_Contact_Fraction=0.75    Interface_Residues=8    Off_Epitope_Contact_Fraction=0.0     Target_pLDDT=0.91    i_pAE=0.56    i_pTM=0.38    pLDDT=0.87    pTM=0.64    failed [i_pTM]
  3 of 10 redesigns passed, keeping the best 1 by i_pDAE: candidate 4 (0.38)
   9/10  rejected  Binder_RMSD=1.4     Hotspot_Contact_Fraction=0.75    Interface_Residues=8    Off_Epitope_Contact_Fraction=0.09    Target_pLDDT=0.9     i_pAE=0.58    i_pTM=0.37    pLDDT=0.83    pTM=0.64    failed [i_pTM]
  10/10  rejected  Binder_RMSD=0.4     Hotspot_Contact_Fraction=0.75    Interface_Residues=9    Off_Epitope_Contact_Fraction=0.0     Target_pLDDT=0.91    i_pAE=0.67    i_pTM=0.27    pLDDT=0.79    pTM=0.56    failed [i_pTM]
  0 of 10 redesigns passed

campaign stopped at max_trajectories=6: 1/10 accepted in 6 trajectories, so 10 needs roughly 60 at this rate

campaign done: 1 accepted design(s) after 6 trajectories, ranked by i_pDAE
{
 "host": "tt-quietbox2",
 "card": "1",
 "trajectories": null,
 "trajectories_arg": "auto",
 "max_trajectories": 6,
 "auto_would_choose": [
  3,
  "3 of them at 288 tokens hold about 12 GB of the card and peak near 20 GB of the 219.2 GB of host memory free"
 ],
 "validation": "device",
 "binder": 146,
 "seed": 100,
 "project": "perf/bcp_land/out/campaign/on",
 "commit": "e6b0b98120c663f7ea9f57761ef49a0292e25a4c",
 "compile_cache": "/home/ttuser/bcp-land-compose/perf/bcp_land/out/xlacache",
 "pci": "0000:02:00.0",
 "sysfs": "/sys/class/tenstorrent/tenstorrent!1/tt_aiclk",
 "nproc": 16,
 "loadavg_start": [
  5.673828125,
  5.556640625,
  4.404296875
 ],
 "mem_start": {
  "vmhwm": 486965248,
  "vmrss": 486965248,
  "mem_available": 235313901568
 },
 "started_utc": "2026-10-01T04:22:36Z",
 "fast": {
  "MM_LAYOUT": true,
  "TAPED_MOVE": true,
  "WIDEN_ADD": true,
  "QKV_GRAD_JOIN": true,
  "FUSED": true,
  "_TRIATT_FUSED_HIFI": true,
  "rne_kernel": true,
  "TAPED_KERNELS_DEFAULT": "tri_att_sdpa_hifi,rne_add",
  "SOFTMAX_BW_FP32": false
 },
 "wall_seconds": 3780.64,
 "trajectories_returned": 6,
 "error": null,
 "lever_stats": {
  "mm_layout": {
   "declined: has a program config": 828120,
   "declined: has a core grid": 192960,
   "served": 466320,
   "declined: not batched": 1029120
  },
  "taped_channel_move": [
   506520,
   448032,
   397128,
   0
  ],
  "widen_add": {
   "served: first": 518580,
   "served: later": 136680
  },
  "rne_add": [
   1038060,
   9000
  ],
  "qkv_grad_join": {
   "served": 410040
  },
  "triatt_bw": {
   "served": 72360,
   "declined": 0,
   "bw_calls": 72360
  },
  "triatt_fused_hifi": {
   "served": 234936,
   "declined": 7488,
   "too_short": 0,
   "taped": 0,
   "padded": 0
  },
  "taped_kernels": {
   "rne_add": [
    928620,
    0
   ],
   "tri_att_sdpa_hifi": [
    217080,
    0
   ]
  }
 },
 "rounds_per_slot": {
  "t1": 250,
  "t2": 170,
  "t3": 250
 },
 "gate": {
  "waited_s": {
   "t1": 1558.789,
   "t2": 1244.733,
   "t3": 1559.024
  },
  "held_s": {
   "t1": 1377.092,
   "t2": 857.933,
   "t3": 1335.479
  },
  "seams": {
   "t1": 2602,
   "t2": 1530,
   "t3": 2474
  },
  "slot_at_seam": {
   "t1@Dummy-3": 187,
   "t1@Dummy-4": 129,
   "t1@Dummy-5": 151,
   "t1@Dummy-6": 159,
   "t1@Dummy-7": 187,
   "t1@Dummy-8": 158,
   "t1@Dummy-9": 172,
   "t1@Dummy-10": 160,
   "t1@Dummy-11": 161,
   "t2@Dummy-12": 88,
   "t1@Dummy-13": 163,
   "t2@Dummy-9": 77,
   "t2@Dummy-7": 113,
   "t1@Dummy-14": 156,
   "t2@Dummy-4": 90,
   "t1@Dummy-15": 155,
   "t2@Dummy-6": 121,
   "t2@Dummy-15": 100,
   "t2@Dummy-16": 101,
   "t2@Dummy-3": 104,
   "t2@Dummy-17": 82,
   "t2@Dummy-8": 99,
   "t1@Dummy-12": 160,
   "t1@Dummy-17": 174,
   "t3@Dummy-18": 158,
   "t3@Dummy-7": 130,
   "t3@Dummy-3": 154,
   "t3@Dummy-17": 165,
   "t3@Dummy-14": 162,
   "t1@Dummy-18": 162,
   "t3@Dummy-9": 142,
   "t2@Dummy-11": 75,
   "t2@Dummy-5": 75,
   "t3@Dummy-10": 135,
   "t3@Dummy-4": 143,
   "t2@Dummy-13": 101,
   "t3@Dummy-15": 170,
   "t3@Dummy-8": 168,
   "t2@Dummy-14": 122,
   "t3@Dummy-6": 172,
   "t1@Dummy-16": 168,
   "t3@Dummy-12": 173,
   "t3@Dummy-11": 153,
   "t3@Dummy-13": 134,
   "t2@Dummy-10": 94,
   "t3@Dummy-5": 159,
   "t2@Dummy-18": 88,
   "t3@Dummy-16": 156
  }
 },
 "mem_end": {
  "vmhwm": 22883655680,
  "vmrss": 18273345536,
  "mem_available": 215300591616
 },
 "loadavg_end": [
  9.71337890625,
  6.9619140625,
  6.10009765625
 ],
 "finished_utc": "2026-10-01T05:25:37Z"
}
