benchlock: c10-fixed-cost acquired after 0s, loadavg 0.02 0.02 0.07
2026-09-16 23:20:58.425 | DEBUG    | ttnn:<module>:77 - Initial ttnn.CONFIG:
Config{cache_path=/home/ttuser/.cache/ttnn,model_cache_path=/home/ttuser/.cache/ttnn/models,tmp_dir=/tmp/ttnn,enable_model_cache=false,enable_fast_runtime_mode=true,throw_exception_on_fallback=false,enable_logging=false,enable_graph_report=false,enable_detailed_buffer_report=false,enable_detailed_tensor_report=false,enable_comparison_mode=false,comparison_mode_should_raise_exception=false,comparison_mode_pcc=0.9999,root_report_path=generated/ttnn/reports,report_name=std::nullopt,std::nullopt}
{"label": "cold", "MHz": 1350, "elapsed_s": 18.70030617, "host_cpu_s": 18.887558884, "min_MHz": 1350, "max_MHz": 1350, "mean_W": 70.86677564364528, "cif_sha256": "bb7f0e1af7e271ee", "plddt": 0.845919}
{"label": "c1350_r0", "MHz": 1350, "elapsed_s": 15.01585981, "host_cpu_s": 16.956662854, "min_MHz": 1350, "max_MHz": 1350, "mean_W": 77.109199971092, "cif_sha256": "bb7f0e1af7e271ee", "plddt": 0.845919}
{"label": "c1200_r0", "MHz": 1200, "elapsed_s": 16.091571721, "host_cpu_s": 17.980506388, "min_MHz": 1200, "max_MHz": 1200, "mean_W": 65.22327086423083, "cif_sha256": "bb7f0e1af7e271ee", "plddt": 0.845919}
{"label": "c1000_r0", "MHz": 1000, "elapsed_s": 18.501697516, "host_cpu_s": 20.363589607, "min_MHz": 1000, "max_MHz": 1000, "mean_W": 51.838406944688835, "cif_sha256": "bb7f0e1af7e271ee", "plddt": 0.845919}
{"label": "c800_r0", "MHz": 800, "elapsed_s": 22.316075588, "host_cpu_s": 24.186850627, "min_MHz": 800, "max_MHz": 800, "mean_W": 42.49352986962444, "cif_sha256": "bb7f0e1af7e271ee", "plddt": 0.845919}
{"label": "c800_r1", "MHz": 800, "elapsed_s": 22.299476725, "host_cpu_s": 24.171781609, "min_MHz": 800, "max_MHz": 800, "mean_W": 43.23285339040763, "cif_sha256": "bb7f0e1af7e271ee", "plddt": 0.845919}
{"label": "c1000_r1", "MHz": 1000, "elapsed_s": 18.590206494, "host_cpu_s": 20.494508699, "min_MHz": 1000, "max_MHz": 1000, "mean_W": 52.39371642139687, "cif_sha256": "bb7f0e1af7e271ee", "plddt": 0.845919}
{"label": "c1200_r1", "MHz": 1200, "elapsed_s": 16.036437572, "host_cpu_s": 17.894940694, "min_MHz": 1200, "max_MHz": 1200, "mean_W": 66.11117873808075, "cif_sha256": "bb7f0e1af7e271ee", "plddt": 0.845919}
{"label": "c1350_r1", "MHz": 1350, "elapsed_s": 14.930578674, "host_cpu_s": 16.816093632, "min_MHz": 1350, "max_MHz": 1350, "mean_W": 77.82767642997311, "cif_sha256": "bb7f0e1af7e271ee", "plddt": 0.845919}
{"label": "c1350_r2", "MHz": 1350, "elapsed_s": 14.882833397, "host_cpu_s": 16.730696614, "min_MHz": 1350, "max_MHz": 1350, "mean_W": 79.89050614394382, "cif_sha256": "bb7f0e1af7e271ee", "plddt": 0.845919}
{"label": "c1200_r2", "MHz": 1200, "elapsed_s": 16.135699158, "host_cpu_s": 18.027186502, "min_MHz": 1200, "max_MHz": 1200, "mean_W": 65.35012103281333, "cif_sha256": "bb7f0e1af7e271ee", "plddt": 0.845919}
{"label": "c1000_r2", "MHz": 1000, "elapsed_s": 18.510194451, "host_cpu_s": 20.375016387, "min_MHz": 1000, "max_MHz": 1000, "mean_W": 51.5302426444731, "cif_sha256": "bb7f0e1af7e271ee", "plddt": 0.845919}
{"label": "c800_r2", "MHz": 800, "elapsed_s": 22.191395031, "host_cpu_s": 23.998208155, "min_MHz": 800, "max_MHz": 800, "mean_W": 44.143157791699295, "cif_sha256": "bb7f0e1af7e271ee", "plddt": 0.845919}
{"label": "c800_r3", "MHz": 800, "elapsed_s": 22.357352208, "host_cpu_s": 24.231233128, "min_MHz": 800, "max_MHz": 800, "mean_W": 43.337216639968936, "cif_sha256": "bb7f0e1af7e271ee", "plddt": 0.845919}
{"label": "c1000_r3", "MHz": 1000, "elapsed_s": 18.490720891, "host_cpu_s": 20.361385771, "min_MHz": 1000, "max_MHz": 1000, "mean_W": 53.25813652919751, "cif_sha256": "bb7f0e1af7e271ee", "plddt": 0.845919}
{"label": "c1200_r3", "MHz": 1200, "elapsed_s": 16.163590213, "host_cpu_s": 18.085814015, "min_MHz": 1200, "max_MHz": 1200, "mean_W": 66.38225026852847, "cif_sha256": "bb7f0e1af7e271ee", "plddt": 0.845919}
{"label": "c1350_r3", "MHz": 1350, "elapsed_s": 15.095753515, "host_cpu_s": 16.98662297, "min_MHz": 1350, "max_MHz": 1350, "mean_W": 74.46275524877768, "cif_sha256": "bb7f0e1af7e271ee", "plddt": 0.845919}
{"label": "c1350_r4", "MHz": 1350, "elapsed_s": 14.984007334, "host_cpu_s": 16.875282353, "min_MHz": 1350, "max_MHz": 1350, "mean_W": 75.10895533193369, "cif_sha256": "bb7f0e1af7e271ee", "plddt": 0.845919}
{"label": "c1200_r4", "MHz": 1200, "elapsed_s": 16.145490114, "host_cpu_s": 18.041934603, "min_MHz": 1200, "max_MHz": 1200, "mean_W": 65.54246170384306, "cif_sha256": "bb7f0e1af7e271ee", "plddt": 0.845919}
{"label": "c1000_r4", "MHz": 1000, "elapsed_s": 18.626500236, "host_cpu_s": 20.552842439, "min_MHz": 1000, "max_MHz": 1000, "mean_W": 51.80999825205384, "cif_sha256": "bb7f0e1af7e271ee", "plddt": 0.845919}
{"label": "c800_r4", "MHz": 800, "elapsed_s": 22.583470392, "host_cpu_s": 24.500370096, "min_MHz": 800, "max_MHz": 800, "mean_W": 43.34798482009896, "cif_sha256": "bb7f0e1af7e271ee", "plddt": 0.845919}
{"label": "c800_r5", "MHz": 800, "elapsed_s": 22.440219369, "host_cpu_s": 24.379375312, "min_MHz": 800, "max_MHz": 800, "mean_W": 44.09986942012865, "cif_sha256": "bb7f0e1af7e271ee", "plddt": 0.845919}
{"label": "c1000_r5", "MHz": 1000, "elapsed_s": 18.551779876, "host_cpu_s": 20.446598444, "min_MHz": 1000, "max_MHz": 1000, "mean_W": 52.37784406621044, "cif_sha256": "bb7f0e1af7e271ee", "plddt": 0.845919}
{"label": "c1200_r5", "MHz": 1200, "elapsed_s": 16.088020527, "host_cpu_s": 17.974970857, "min_MHz": 1200, "max_MHz": 1200, "mean_W": 64.72418679983804, "cif_sha256": "bb7f0e1af7e271ee", "plddt": 0.845919}
{"label": "c1350_r5", "MHz": 1350, "elapsed_s": 14.913173972, "host_cpu_s": 16.774568621, "min_MHz": 1350, "max_MHz": 1350, "mean_W": 80.01215164083533, "cif_sha256": "bb7f0e1af7e271ee", "plddt": 0.845919}
{"label": "c1350_r6", "MHz": 1350, "elapsed_s": 14.885947585, "host_cpu_s": 16.743568729, "min_MHz": 1350, "max_MHz": 1350, "mean_W": 77.32467532467533, "cif_sha256": "bb7f0e1af7e271ee", "plddt": 0.845919}
{"label": "c1200_r6", "MHz": 1200, "elapsed_s": 16.108067056, "host_cpu_s": 17.980003376, "min_MHz": 1200, "max_MHz": 1200, "mean_W": 66.8293784549009, "cif_sha256": "bb7f0e1af7e271ee", "plddt": 0.845919}
{"label": "c1000_r6", "MHz": 1000, "elapsed_s": 18.760241236, "host_cpu_s": 20.656697125, "min_MHz": 1000, "max_MHz": 1000, "mean_W": 51.52711923210362, "cif_sha256": "bb7f0e1af7e271ee", "plddt": 0.845919}
{"label": "c800_r6", "MHz": 800, "elapsed_s": 22.388543113, "host_cpu_s": 24.274508259, "min_MHz": 800, "max_MHz": 800, "mean_W": 42.348247612584224, "cif_sha256": "bb7f0e1af7e271ee", "plddt": 0.845919}
2026-09-16 23:30:16.209 | DEBUG    | ttnn:<module>:77 - Initial ttnn.CONFIG:
Config{cache_path=/home/ttuser/.cache/ttnn,model_cache_path=/home/ttuser/.cache/ttnn/models,tmp_dir=/tmp/ttnn,enable_model_cache=false,enable_fast_runtime_mode=true,throw_exception_on_fallback=false,enable_logging=false,enable_graph_report=false,enable_detailed_buffer_report=false,enable_detailed_tensor_report=false,enable_comparison_mode=false,comparison_mode_should_raise_exception=false,comparison_mode_pcc=0.9999,root_report_path=generated/ttnn/reports,report_name=std::nullopt,std::nullopt}
{"label": "cold", "MHz": 1350, "elapsed_s": 12.404506326, "host_cpu_s": 12.537554382, "min_MHz": 1350, "max_MHz": 1350, "mean_W": 60.147355495132004, "cif_sha256": "24c4b534d763788c", "plddt": 0.908011}
{"label": "c1350_r0", "MHz": 1350, "elapsed_s": 9.68368168, "host_cpu_s": 11.056115675, "min_MHz": 1350, "max_MHz": 1350, "mean_W": 69.2110936447339, "cif_sha256": "24c4b534d763788c", "plddt": 0.908011}
{"label": "c1200_r0", "MHz": 1200, "elapsed_s": 10.597258253, "host_cpu_s": 11.95376472, "min_MHz": 1200, "max_MHz": 1200, "mean_W": 57.81349856616141, "cif_sha256": "24c4b534d763788c", "plddt": 0.908011}
{"label": "c1000_r0", "MHz": 1000, "elapsed_s": 12.345232453, "host_cpu_s": 13.703667994, "min_MHz": 1000, "max_MHz": 1000, "mean_W": 47.15438379191365, "cif_sha256": "24c4b534d763788c", "plddt": 0.908011}
{"label": "c800_r0", "MHz": 800, "elapsed_s": 15.010972203, "host_cpu_s": 16.380958396, "min_MHz": 800, "max_MHz": 800, "mean_W": 37.85919872722013, "cif_sha256": "24c4b534d763788c", "plddt": 0.908011}
{"label": "c800_r1", "MHz": 800, "elapsed_s": 14.9899128, "host_cpu_s": 16.369261254, "min_MHz": 800, "max_MHz": 800, "mean_W": 37.84843659525188, "cif_sha256": "24c4b534d763788c", "plddt": 0.908011}
{"label": "c1000_r1", "MHz": 1000, "elapsed_s": 12.339707947, "host_cpu_s": 13.697041499, "min_MHz": 1000, "max_MHz": 1000, "mean_W": 48.02296726504752, "cif_sha256": "24c4b534d763788c", "plddt": 0.908011}
{"label": "c1200_r1", "MHz": 1200, "elapsed_s": 10.596479193, "host_cpu_s": 11.943560261, "min_MHz": 1200, "max_MHz": 1200, "mean_W": 59.26910060506615, "cif_sha256": "24c4b534d763788c", "plddt": 0.908011}
{"label": "c1350_r1", "MHz": 1350, "elapsed_s": 9.704307803, "host_cpu_s": 11.068990844, "min_MHz": 1350, "max_MHz": 1350, "mean_W": 65.65000560349658, "cif_sha256": "24c4b534d763788c", "plddt": 0.908011}
{"label": "c1350_r2", "MHz": 1350, "elapsed_s": 9.632446968, "host_cpu_s": 10.965401808, "min_MHz": 1350, "max_MHz": 1350, "mean_W": 71.92541685443894, "cif_sha256": "24c4b534d763788c", "plddt": 0.908011}
{"label": "c1200_r2", "MHz": 1200, "elapsed_s": 10.584732963, "host_cpu_s": 11.938932296, "min_MHz": 1200, "max_MHz": 1200, "mean_W": 59.06901856219875, "cif_sha256": "24c4b534d763788c", "plddt": 0.908011}
{"label": "c1000_r2", "MHz": 1000, "elapsed_s": 12.307679703, "host_cpu_s": 13.656911758, "min_MHz": 1000, "max_MHz": 1000, "mean_W": 45.6122035093907, "cif_sha256": "24c4b534d763788c", "plddt": 0.908011}
{"label": "c800_r2", "MHz": 800, "elapsed_s": 14.94905431, "host_cpu_s": 16.283492009, "min_MHz": 800, "max_MHz": 800, "mean_W": 37.868990559186635, "cif_sha256": "24c4b534d763788c", "plddt": 0.908011}
{"label": "c800_r3", "MHz": 800, "elapsed_s": 14.981682023, "host_cpu_s": 16.331054328, "min_MHz": 800, "max_MHz": 800, "mean_W": 37.907377880852295, "cif_sha256": "24c4b534d763788c", "plddt": 0.908011}
{"label": "c1000_r3", "MHz": 1000, "elapsed_s": 12.288378204, "host_cpu_s": 13.617786587, "min_MHz": 1000, "max_MHz": 1000, "mean_W": 47.25834658187599, "cif_sha256": "24c4b534d763788c", "plddt": 0.908011}
{"label": "c1200_r3", "MHz": 1200, "elapsed_s": 10.614233015, "host_cpu_s": 11.955315082, "min_MHz": 1200, "max_MHz": 1200, "mean_W": 60.32007362716024, "cif_sha256": "24c4b534d763788c", "plddt": 0.908011}
{"label": "c1350_r3", "MHz": 1350, "elapsed_s": 9.656255885, "host_cpu_s": 10.981993261, "min_MHz": 1350, "max_MHz": 1350, "mean_W": 71.51870996741206, "cif_sha256": "24c4b534d763788c", "plddt": 0.908011}
{"label": "c1350_r4", "MHz": 1350, "elapsed_s": 9.652293978, "host_cpu_s": 10.985597366, "min_MHz": 1350, "max_MHz": 1350, "mean_W": 73.1090374392037, "cif_sha256": "24c4b534d763788c", "plddt": 0.908011}
{"label": "c1200_r4", "MHz": 1200, "elapsed_s": 10.583339663, "host_cpu_s": 11.91608232, "min_MHz": 1200, "max_MHz": 1200, "mean_W": 56.701959577305836, "cif_sha256": "24c4b534d763788c", "plddt": 0.908011}
{"label": "c1000_r4", "MHz": 1000, "elapsed_s": 12.314685285, "host_cpu_s": 13.656417313, "min_MHz": 1000, "max_MHz": 1000, "mean_W": 47.66807834833245, "cif_sha256": "24c4b534d763788c", "plddt": 0.908011}
{"label": "c800_r4", "MHz": 800, "elapsed_s": 14.974618359, "host_cpu_s": 16.32691966, "min_MHz": 800, "max_MHz": 800, "mean_W": 38.00941892479351, "cif_sha256": "24c4b534d763788c", "plddt": 0.908011}
{"label": "c800_r5", "MHz": 800, "elapsed_s": 14.95672904, "host_cpu_s": 16.292340498, "min_MHz": 800, "max_MHz": 800, "mean_W": 38.35908596300327, "cif_sha256": "24c4b534d763788c", "plddt": 0.908011}
{"label": "c1000_r5", "MHz": 1000, "elapsed_s": 12.309931138, "host_cpu_s": 13.658312762, "min_MHz": 1000, "max_MHz": 1000, "mean_W": 48.25519314063467, "cif_sha256": "24c4b534d763788c", "plddt": 0.908011}
{"label": "c1200_r5", "MHz": 1200, "elapsed_s": 10.597695933, "host_cpu_s": 11.937416476, "min_MHz": 1200, "max_MHz": 1200, "mean_W": 58.93996516750333, "cif_sha256": "24c4b534d763788c", "plddt": 0.908011}
{"label": "c1350_r5", "MHz": 1350, "elapsed_s": 9.830507119, "host_cpu_s": 11.159518262, "min_MHz": 1350, "max_MHz": 1350, "mean_W": 70.30437182601015, "cif_sha256": "24c4b534d763788c", "plddt": 0.908011}
{"label": "c1350_r6", "MHz": 1350, "elapsed_s": 9.668737712, "host_cpu_s": 11.018447411, "min_MHz": 1350, "max_MHz": 1350, "mean_W": 69.66181613085166, "cif_sha256": "24c4b534d763788c", "plddt": 0.908011}
{"label": "c1200_r6", "MHz": 1200, "elapsed_s": 10.622916938, "host_cpu_s": 11.973838791, "min_MHz": 1200, "max_MHz": 1200, "mean_W": 58.31372549019608, "cif_sha256": "24c4b534d763788c", "plddt": 0.908011}
{"label": "c1000_r6", "MHz": 1000, "elapsed_s": 12.324843021, "host_cpu_s": 13.675422897, "min_MHz": 1000, "max_MHz": 1000, "mean_W": 47.61012323943662, "cif_sha256": "24c4b534d763788c", "plddt": 0.908011}
{"label": "c800_r6", "MHz": 800, "elapsed_s": 14.96683317, "host_cpu_s": 16.30847866, "min_MHz": 800, "max_MHz": 800, "mean_W": 38.16640069635862, "cif_sha256": "24c4b534d763788c", "plddt": 0.908011}
benchlock: c10-fixed-cost released, rc=0, loadavg 1.29 1.19 0.85
