2026-09-17T12:41:55Z 800 800 13.76 ,/dev/tenstorrent/0
2026-09-17T12:41:57Z 800 800 13.76 ,/dev/tenstorrent/0,/dev/tenstorrent/2
2026-09-17T12:42:00Z 1350 800 14.42 ,/dev/tenstorrent/0,/dev/tenstorrent/2
2026-09-17T12:42:02Z 1350 800 14.42 ,/dev/tenstorrent/0,/dev/tenstorrent/1,/dev/tenstorrent/2
2026-09-17T12:42:04Z 1350 800 14.42 ,/dev/tenstorrent/0,/dev/tenstorrent/1,/dev/tenstorrent/2
2026-09-17T12:42:06Z 1350 800 13.91 ,/dev/tenstorrent/0,/dev/tenstorrent/1,/dev/tenstorrent/2
2026-09-17T12:42:08Z 1350 800 13.91 ,/dev/tenstorrent/0,/dev/tenstorrent/1,/dev/tenstorrent/2
2026-09-17T12:42:10Z 1350 800 14.71 ,/dev/tenstorrent/0,/dev/tenstorrent/1,/dev/tenstorrent/2
2026-09-17T12:42:12Z 1350 800 14.71 ,/dev/tenstorrent/0,/dev/tenstorrent/1,/dev/tenstorrent/2
2026-09-17T12:42:15Z 1350 800 14.98 ,/dev/tenstorrent/0,/dev/tenstorrent/1,/dev/tenstorrent/2
2026-09-17T12:42:17Z 1350 800 14.98 ,/dev/tenstorrent/0,/dev/tenstorrent/1,/dev/tenstorrent/2
2026-09-17T12:42:19Z 1350 800 14.98 ,/dev/tenstorrent/0,/dev/tenstorrent/1,/dev/tenstorrent/2
2026-09-17T12:42:21Z 1350 800 14.34 ,/dev/tenstorrent/0,/dev/tenstorrent/1,/dev/tenstorrent/2
2026-09-17T12:42:23Z 1350 800 14.34 ,/dev/tenstorrent/0,/dev/tenstorrent/1,/dev/tenstorrent/2
2026-09-17T12:42:25Z 1350 800 14.39 ,/dev/tenstorrent/0,/dev/tenstorrent/1,/dev/tenstorrent/2
2026-09-17T12:42:27Z 1350 800 14.39 ,/dev/tenstorrent/0,/dev/tenstorrent/1,/dev/tenstorrent/2
2026-09-17T12:42:29Z 1350 800 14.39 ,/dev/tenstorrent/0,/dev/tenstorrent/1,/dev/tenstorrent/2
2026-09-17T12:42:31Z 1350 800 13.96 ,/dev/tenstorrent/0,/dev/tenstorrent/1,/dev/tenstorrent/2
2026-09-17T12:42:33Z 1350 800 13.96 ,/dev/tenstorrent/0,/dev/tenstorrent/1,/dev/tenstorrent/2
2026-09-17T12:42:35Z 1350 800 13.80 ,/dev/tenstorrent/0,/dev/tenstorrent/1,/dev/tenstorrent/2
2026-09-17T12:42:37Z 1350 800 13.80 ,/dev/tenstorrent/0,/dev/tenstorrent/1,/dev/tenstorrent/2
2026-09-17T12:42:39Z 1350 800 13.42 ,/dev/tenstorrent/0,/dev/tenstorrent/1,/dev/tenstorrent/2
2026-09-17T12:42:42Z 1331 800 13.42 ,/dev/tenstorrent/0,/dev/tenstorrent/1,/dev/tenstorrent/2
2026-09-17T12:42:44Z 1325 800 13.42 ,/dev/tenstorrent/0,/dev/tenstorrent/1,/dev/tenstorrent/2
2026-09-17T12:42:46Z 1337 800 13.14 ,/dev/tenstorrent/0,/dev/tenstorrent/1,/dev/tenstorrent/2
2026-09-17T12:42:48Z 1350 800 13.14 ,/dev/tenstorrent/0,/dev/tenstorrent/1,/dev/tenstorrent/2
2026-09-17T12:42:50Z 1318 800 14.09 ,/dev/tenstorrent/0,/dev/tenstorrent/1,/dev/tenstorrent/2
2026-09-17T12:42:52Z 1350 800 14.09 ,/dev/tenstorrent/0,/dev/tenstorrent/1,/dev/tenstorrent/2
2026-09-17T12:42:54Z 1325 800 14.09 ,/dev/tenstorrent/0,/dev/tenstorrent/1,/dev/tenstorrent/2
2026-09-17T12:42:56Z 1331 800 14.57 ,/dev/tenstorrent/0,/dev/tenstorrent/1,/dev/tenstorrent/2
2026-09-17T12:42:58Z 1350 800 14.57 ,/dev/tenstorrent/0,/dev/tenstorrent/1,/dev/tenstorrent/2
2026-09-17T12:43:00Z 1325 800 14.92 ,/dev/tenstorrent/0,/dev/tenstorrent/1,/dev/tenstorrent/2
2026-09-17T12:43:02Z 1325 800 14.92 ,/dev/tenstorrent/0,/dev/tenstorrent/1,/dev/tenstorrent/2
2026-09-17T12:43:04Z 1350 800 14.92 ,/dev/tenstorrent/0,/dev/tenstorrent/1,/dev/tenstorrent/2
2026-09-17T12:43:06Z 1350 800 15.41 ,/dev/tenstorrent/0,/dev/tenstorrent/1,/dev/tenstorrent/2
2026-09-17T12:43:08Z 1350 800 15.41 ,/dev/tenstorrent/0,/dev/tenstorrent/1,/dev/tenstorrent/2
2026-09-17T12:43:11Z 1350 800 15.70 ,/dev/tenstorrent/0,/dev/tenstorrent/1,/dev/tenstorrent/2
2026-09-17T12:43:13Z 1350 800 15.70 ,/dev/tenstorrent/0,/dev/tenstorrent/1,/dev/tenstorrent/2
2026-09-17T12:43:15Z 1350 800 15.96 ,/dev/tenstorrent/0,/dev/tenstorrent/1,/dev/tenstorrent/2
2026-09-17T12:43:17Z 1350 800 15.96 ,/dev/tenstorrent/0,/dev/tenstorrent/1,/dev/tenstorrent/2
2026-09-17T12:43:19Z 1350 800 15.96 ,/dev/tenstorrent/0,/dev/tenstorrent/1,/dev/tenstorrent/2
2026-09-17T12:43:21Z 1350 800 16.12 ,/dev/tenstorrent/0,/dev/tenstorrent/1,/dev/tenstorrent/2
2026-09-17T12:43:23Z 1350 800 16.12 ,/dev/tenstorrent/0,/dev/tenstorrent/1,/dev/tenstorrent/2
2026-09-17T12:43:25Z 1350 800 16.35 ,/dev/tenstorrent/0,/dev/tenstorrent/1,/dev/tenstorrent/2
2026-09-17T12:43:27Z 1350 800 16.35 ,/dev/tenstorrent/0,/dev/tenstorrent/1,/dev/tenstorrent/2
2026-09-17T12:43:29Z 1350 800 16.35 ,/dev/tenstorrent/0,/dev/tenstorrent/1,/dev/tenstorrent/2
2026-09-17T12:43:31Z 1350 800 17.13 ,/dev/tenstorrent/0,/dev/tenstorrent/1,/dev/tenstorrent/2
2026-09-17T12:43:33Z 1350 800 17.13 ,/dev/tenstorrent/0,/dev/tenstorrent/1,/dev/tenstorrent/2
2026-09-17T12:43:35Z 1350 800 17.76 ,/dev/tenstorrent/0,/dev/tenstorrent/1,/dev/tenstorrent/2
2026-09-17T12:43:38Z 1350 800 17.76 ,/dev/tenstorrent/0,/dev/tenstorrent/1,/dev/tenstorrent/2
2026-09-17T12:43:40Z 1350 800 18.02 ,/dev/tenstorrent/0,/dev/tenstorrent/1,/dev/tenstorrent/2
2026-09-17T12:43:42Z 1350 800 18.02 ,/dev/tenstorrent/0,/dev/tenstorrent/1,/dev/tenstorrent/2
2026-09-17T12:43:44Z 1350 800 18.02 ,/dev/tenstorrent/0,/dev/tenstorrent/1,/dev/tenstorrent/2
2026-09-17T12:43:46Z 1350 800 17.46 ,/dev/tenstorrent/0,/dev/tenstorrent/1,/dev/tenstorrent/2
2026-09-17T12:43:48Z 1350 800 17.46 ,/dev/tenstorrent/0,/dev/tenstorrent/1,/dev/tenstorrent/2
2026-09-17T12:43:50Z 1343 800 17.18 ,/dev/tenstorrent/0,/dev/tenstorrent/1,/dev/tenstorrent/2
2026-09-17T12:43:52Z 1350 800 17.18 ,/dev/tenstorrent/0,/dev/tenstorrent/1,/dev/tenstorrent/2
2026-09-17T12:43:54Z 1350 800 17.18 ,/dev/tenstorrent/0,/dev/tenstorrent/1,/dev/tenstorrent/2
2026-09-17T12:43:56Z 1350 800 17.41 ,/dev/tenstorrent/1,/dev/tenstorrent/2
2026-09-17T12:43:58Z 1350 800 17.41 ,/dev/tenstorrent/1,/dev/tenstorrent/2
2026-09-17T12:44:00Z 1318 800 17.45 ,/dev/tenstorrent/1,/dev/tenstorrent/2
2026-09-17T12:44:02Z 1343 800 17.45 ,/dev/tenstorrent/0,/dev/tenstorrent/1,/dev/tenstorrent/2
2026-09-17T12:44:04Z 1318 800 17.58 ,/dev/tenstorrent/1,/dev/tenstorrent/2
2026-09-17T12:44:07Z 1350 800 17.58 ,/dev/tenstorrent/0,/dev/tenstorrent/1,/dev/tenstorrent/2
2026-09-17T12:44:09Z 1331 800 17.58 ,/dev/tenstorrent/0,/dev/tenstorrent/1,/dev/tenstorrent/2
2026-09-17T12:44:11Z 1350 800 18.25 ,/dev/tenstorrent/0,/dev/tenstorrent/1,/dev/tenstorrent/2
2026-09-17T12:44:13Z 1350 800 18.25 ,/dev/tenstorrent/0,/dev/tenstorrent/1,/dev/tenstorrent/2
2026-09-17T12:44:15Z 1350 800 20.15 ,/dev/tenstorrent/0,/dev/tenstorrent/1,/dev/tenstorrent/2
2026-09-17T12:44:17Z 1331 800 20.15 ,/dev/tenstorrent/0,/dev/tenstorrent/1,/dev/tenstorrent/2
2026-09-17T12:44:19Z 1325 800 20.15 ,/dev/tenstorrent/0,/dev/tenstorrent/1,/dev/tenstorrent/2
2026-09-17T12:44:21Z 1343 800 19.50 ,/dev/tenstorrent/0,/dev/tenstorrent/1,/dev/tenstorrent/2
2026-09-17T12:44:23Z 1350 800 19.50 ,/dev/tenstorrent/0,/dev/tenstorrent/1,/dev/tenstorrent/2
2026-09-17T12:44:25Z 1325 800 19.94 ,/dev/tenstorrent/0,/dev/tenstorrent/1,/dev/tenstorrent/2
2026-09-17T12:44:28Z 1350 800 19.94 ,/dev/tenstorrent/0,/dev/tenstorrent/1,/dev/tenstorrent/2
2026-09-17T12:44:30Z 1350 800 18.50 ,/dev/tenstorrent/0,/dev/tenstorrent/1,/dev/tenstorrent/2
2026-09-17T12:44:32Z 1350 800 18.50 ,/dev/tenstorrent/0,/dev/tenstorrent/1,/dev/tenstorrent/2
2026-09-17T12:44:34Z 1325 800 18.50 ,/dev/tenstorrent/0,/dev/tenstorrent/1,/dev/tenstorrent/2
2026-09-17T12:44:36Z 1350 800 18.46 ,/dev/tenstorrent/0,/dev/tenstorrent/1,/dev/tenstorrent/2
2026-09-17T12:44:39Z 1318 800 18.46 ,/dev/tenstorrent/0,/dev/tenstorrent/2
2026-09-17T12:44:41Z 1325 800 18.35 ,/dev/tenstorrent/0,/dev/tenstorrent/2
2026-09-17T12:44:43Z 1343 800 18.35 ,/dev/tenstorrent/0,/dev/tenstorrent/2
2026-09-17T12:44:45Z 1350 800 17.20 ,/dev/tenstorrent/0,/dev/tenstorrent/1,/dev/tenstorrent/2
2026-09-17T12:44:47Z 1350 800 17.20 ,/dev/tenstorrent/0,/dev/tenstorrent/1,/dev/tenstorrent/2
2026-09-17T12:44:49Z 1343 800 17.20 ,/dev/tenstorrent/0,/dev/tenstorrent/1,/dev/tenstorrent/2
2026-09-17T12:44:51Z 1350 800 17.66 ,/dev/tenstorrent/0,/dev/tenstorrent/1,/dev/tenstorrent/2
2026-09-17T12:44:53Z 1350 800 17.66 ,/dev/tenstorrent/0,/dev/tenstorrent/1,/dev/tenstorrent/2
2026-09-17T12:44:55Z 1350 800 17.77 ,/dev/tenstorrent/0,/dev/tenstorrent/1,/dev/tenstorrent/2
2026-09-17T12:44:57Z 1350 800 17.77 ,/dev/tenstorrent/0,/dev/tenstorrent/1,/dev/tenstorrent/2
2026-09-17T12:44:59Z 1350 800 17.77 ,/dev/tenstorrent/0,/dev/tenstorrent/1,/dev/tenstorrent/2
2026-09-17T12:45:01Z 1350 800 17.87 ,/dev/tenstorrent/0,/dev/tenstorrent/1,/dev/tenstorrent/2
2026-09-17T12:45:04Z 1350 800 17.87 ,/dev/tenstorrent/0,/dev/tenstorrent/1,/dev/tenstorrent/2
2026-09-17T12:45:06Z 1343 800 16.76 ,/dev/tenstorrent/0,/dev/tenstorrent/1,/dev/tenstorrent/2
2026-09-17T12:45:08Z 1337 800 16.76 ,/dev/tenstorrent/0,/dev/tenstorrent/1,/dev/tenstorrent/2
2026-09-17T12:45:10Z 1325 800 15.82 ,/dev/tenstorrent/0,/dev/tenstorrent/1,/dev/tenstorrent/2
2026-09-17T12:45:12Z 1343 800 15.82 ,/dev/tenstorrent/0,/dev/tenstorrent/1,/dev/tenstorrent/2
2026-09-17T12:45:14Z 1337 800 15.82 ,/dev/tenstorrent/0,/dev/tenstorrent/1,/dev/tenstorrent/2
2026-09-17T12:45:16Z 1343 800 15.99 ,/dev/tenstorrent/0,/dev/tenstorrent/1,/dev/tenstorrent/2
2026-09-17T12:45:18Z 1350 800 15.99 ,/dev/tenstorrent/0,/dev/tenstorrent/1,/dev/tenstorrent/2
2026-09-17T12:45:20Z 1350 800 15.19 ,/dev/tenstorrent/0,/dev/tenstorrent/1,/dev/tenstorrent/2
2026-09-17T12:45:22Z 1343 800 15.19 ,/dev/tenstorrent/0,/dev/tenstorrent/1,/dev/tenstorrent/2
2026-09-17T12:45:24Z 1350 800 15.19 ,/dev/tenstorrent/0,/dev/tenstorrent/1,/dev/tenstorrent/2
2026-09-17T12:45:26Z 1350 800 15.34 ,/dev/tenstorrent/0,/dev/tenstorrent/1,/dev/tenstorrent/2
2026-09-17T12:45:28Z 1343 800 15.34 ,/dev/tenstorrent/0,/dev/tenstorrent/1,/dev/tenstorrent/2
2026-09-17T12:45:30Z 1350 800 15.71 ,/dev/tenstorrent/0,/dev/tenstorrent/1,/dev/tenstorrent/2
2026-09-17T12:45:32Z 1318 800 15.71 ,/dev/tenstorrent/0,/dev/tenstorrent/1,/dev/tenstorrent/2
2026-09-17T12:45:35Z 1318 800 15.89 ,/dev/tenstorrent/1,/dev/tenstorrent/2
2026-09-17T12:45:37Z 1325 800 15.89 ,/dev/tenstorrent/1,/dev/tenstorrent/2
2026-09-17T12:45:39Z 1331 800 15.89 ,/dev/tenstorrent/1,/dev/tenstorrent/2
2026-09-17T12:45:41Z 1318 800 16.14 ,/dev/tenstorrent/0,/dev/tenstorrent/1,/dev/tenstorrent/2
2026-09-17T12:45:43Z 1350 800 16.14 ,/dev/tenstorrent/0,/dev/tenstorrent/1,/dev/tenstorrent/2
2026-09-17T12:45:45Z 1318 800 16.37 ,/dev/tenstorrent/0,/dev/tenstorrent/1,/dev/tenstorrent/2
2026-09-17T12:45:47Z 1350 800 16.37 ,/dev/tenstorrent/0,/dev/tenstorrent/1,/dev/tenstorrent/2
2026-09-17T12:45:49Z 1318 800 16.37 ,/dev/tenstorrent/0,/dev/tenstorrent/1,/dev/tenstorrent/2
2026-09-17T12:45:51Z 1350 800 16.74 ,/dev/tenstorrent/0,/dev/tenstorrent/1,/dev/tenstorrent/2
2026-09-17T12:45:53Z 1350 800 16.74 ,/dev/tenstorrent/0,/dev/tenstorrent/1,/dev/tenstorrent/2
2026-09-17T12:45:55Z 1343 800 16.68 ,/dev/tenstorrent/0,/dev/tenstorrent/1,/dev/tenstorrent/2
2026-09-17T12:45:57Z 1350 800 16.68 ,/dev/tenstorrent/0,/dev/tenstorrent/1,/dev/tenstorrent/2
2026-09-17T12:45:59Z 1312 800 17.91 ,/dev/tenstorrent/0,/dev/tenstorrent/1,/dev/tenstorrent/2
2026-09-17T12:46:02Z 1350 800 17.91 ,/dev/tenstorrent/0,/dev/tenstorrent/1,/dev/tenstorrent/2
2026-09-17T12:46:04Z 1350 800 17.91 ,/dev/tenstorrent/0,/dev/tenstorrent/1,/dev/tenstorrent/2
2026-09-17T12:46:06Z 1350 800 17.92 ,/dev/tenstorrent/0,/dev/tenstorrent/1,/dev/tenstorrent/2
2026-09-17T12:46:08Z 1318 800 17.92 ,/dev/tenstorrent/0,/dev/tenstorrent/1,/dev/tenstorrent/2
2026-09-17T12:46:10Z 1350 800 17.92 ,/dev/tenstorrent/0,/dev/tenstorrent/1,/dev/tenstorrent/2
2026-09-17T12:46:13Z 1331 800 17.92 ,/dev/tenstorrent/0,/dev/tenstorrent/1,/dev/tenstorrent/2
2026-09-17T12:46:15Z 1350 800 17.93 ,/dev/tenstorrent/0,/dev/tenstorrent/1,/dev/tenstorrent/2
2026-09-17T12:46:17Z 1343 800 17.93 ,/dev/tenstorrent/0,/dev/tenstorrent/1,/dev/tenstorrent/2
2026-09-17T12:46:19Z 1337 800 17.93 ,/dev/tenstorrent/0,/dev/tenstorrent/1,/dev/tenstorrent/2
2026-09-17T12:46:21Z 1325 800 18.10 ,/dev/tenstorrent/0,/dev/tenstorrent/1,/dev/tenstorrent/2
2026-09-17T12:46:23Z 1350 800 18.10 ,/dev/tenstorrent/0,/dev/tenstorrent/1,/dev/tenstorrent/2
2026-09-17T12:46:25Z 1350 800 19.29 ,/dev/tenstorrent/0,/dev/tenstorrent/1,/dev/tenstorrent/2
2026-09-17T12:46:28Z 1343 800 19.29 ,/dev/tenstorrent/0,/dev/tenstorrent/1,/dev/tenstorrent/2
2026-09-17T12:46:30Z 1343 800 19.91 ,/dev/tenstorrent/0,/dev/tenstorrent/1,/dev/tenstorrent/2
2026-09-17T12:46:32Z 1350 800 19.91 ,/dev/tenstorrent/0,/dev/tenstorrent/1,/dev/tenstorrent/2
2026-09-17T12:46:34Z 1350 800 19.91 ,/dev/tenstorrent/0,/dev/tenstorrent/1,/dev/tenstorrent/2
2026-09-17T12:46:36Z 1350 800 20.48 ,/dev/tenstorrent/0,/dev/tenstorrent/1,/dev/tenstorrent/2
2026-09-17T12:46:38Z 1325 800 20.48 ,/dev/tenstorrent/0,/dev/tenstorrent/1,/dev/tenstorrent/2
2026-09-17T12:46:40Z 1350 800 20.60 ,/dev/tenstorrent/0,/dev/tenstorrent/1,/dev/tenstorrent/2
2026-09-17T12:46:42Z 1350 800 20.60 ,/dev/tenstorrent/0,/dev/tenstorrent/1,/dev/tenstorrent/2
2026-09-17T12:46:44Z 1312 800 20.60 ,/dev/tenstorrent/0,/dev/tenstorrent/1,/dev/tenstorrent/2
2026-09-17T12:46:46Z 1350 800 20.95 ,/dev/tenstorrent/0,/dev/tenstorrent/1,/dev/tenstorrent/2
2026-09-17T12:46:48Z 1350 800 20.95 ,/dev/tenstorrent/0,/dev/tenstorrent/1,/dev/tenstorrent/2
2026-09-17T12:46:50Z 1331 800 21.12 ,/dev/tenstorrent/0,/dev/tenstorrent/1,/dev/tenstorrent/2
2026-09-17T12:46:52Z 1350 800 21.12 ,/dev/tenstorrent/0,/dev/tenstorrent/1,/dev/tenstorrent/2
2026-09-17T12:46:55Z 1337 800 19.90 ,/dev/tenstorrent/0,/dev/tenstorrent/1,/dev/tenstorrent/2
2026-09-17T12:46:57Z 1331 800 19.90 ,/dev/tenstorrent/0,/dev/tenstorrent/1,/dev/tenstorrent/2
2026-09-17T12:46:59Z 1350 800 19.90 ,/dev/tenstorrent/0,/dev/tenstorrent/1,/dev/tenstorrent/2
2026-09-17T12:47:01Z 1350 800 18.47 ,/dev/tenstorrent/0,/dev/tenstorrent/1,/dev/tenstorrent/2
2026-09-17T12:47:03Z 1350 800 18.47 ,/dev/tenstorrent/0,/dev/tenstorrent/1,/dev/tenstorrent/2
2026-09-17T12:47:05Z 1337 800 17.15 ,/dev/tenstorrent/0,/dev/tenstorrent/2
2026-09-17T12:47:07Z 1337 800 17.15 ,/dev/tenstorrent/0,/dev/tenstorrent/2
2026-09-17T12:47:09Z 1350 800 17.15 ,/dev/tenstorrent/0,/dev/tenstorrent/2
2026-09-17T12:47:11Z 1350 800 16.18 ,/dev/tenstorrent/0,/dev/tenstorrent/2
2026-09-17T12:47:13Z 1325 800 16.18 ,/dev/tenstorrent/0,/dev/tenstorrent/1,/dev/tenstorrent/2
2026-09-17T12:47:15Z 1350 800 15.20 ,/dev/tenstorrent/0,/dev/tenstorrent/1,/dev/tenstorrent/2
2026-09-17T12:47:17Z 1350 800 15.20 ,/dev/tenstorrent/0,/dev/tenstorrent/1,/dev/tenstorrent/2
2026-09-17T12:47:19Z 1350 800 15.20 ,/dev/tenstorrent/0,/dev/tenstorrent/1,/dev/tenstorrent/2
2026-09-17T12:47:21Z 1350 800 15.43 ,/dev/tenstorrent/0,/dev/tenstorrent/1,/dev/tenstorrent/2
2026-09-17T12:47:23Z 1343 800 15.43 ,/dev/tenstorrent/0,/dev/tenstorrent/1,/dev/tenstorrent/2
2026-09-17T12:47:25Z 1350 800 14.43 ,/dev/tenstorrent/0,/dev/tenstorrent/1,/dev/tenstorrent/2
2026-09-17T12:47:28Z 1350 800 14.43 ,/dev/tenstorrent/0,/dev/tenstorrent/1,/dev/tenstorrent/2
2026-09-17T12:47:30Z 1318 800 13.52 ,/dev/tenstorrent/0,/dev/tenstorrent/1,/dev/tenstorrent/2
2026-09-17T12:47:32Z 1350 800 13.52 ,/dev/tenstorrent/0,/dev/tenstorrent/1,/dev/tenstorrent/2
2026-09-17T12:47:34Z 1343 800 13.52 ,/dev/tenstorrent/0,/dev/tenstorrent/1,/dev/tenstorrent/2
2026-09-17T12:47:36Z 1300 800 12.99 ,/dev/tenstorrent/0,/dev/tenstorrent/1,/dev/tenstorrent/2
2026-09-17T12:47:38Z 1312 800 12.99 ,/dev/tenstorrent/0,/dev/tenstorrent/1,/dev/tenstorrent/2
2026-09-17T12:47:40Z 1350 800 12.51 ,/dev/tenstorrent/0,/dev/tenstorrent/1,/dev/tenstorrent/2
2026-09-17T12:47:42Z 1350 800 12.51 ,/dev/tenstorrent/0,/dev/tenstorrent/1,/dev/tenstorrent/2
2026-09-17T12:47:44Z 1350 800 12.51 ,/dev/tenstorrent/0,/dev/tenstorrent/1,/dev/tenstorrent/2
2026-09-17T12:47:46Z 1312 800 11.99 ,/dev/tenstorrent/0,/dev/tenstorrent/1,/dev/tenstorrent/2
2026-09-17T12:47:48Z 1343 800 11.99 ,/dev/tenstorrent/0,/dev/tenstorrent/1,/dev/tenstorrent/2
2026-09-17T12:47:50Z 1350 800 11.43 ,/dev/tenstorrent/0,/dev/tenstorrent/1,/dev/tenstorrent/2
2026-09-17T12:47:52Z 1350 800 11.43 ,/dev/tenstorrent/0,/dev/tenstorrent/1,/dev/tenstorrent/2
2026-09-17T12:47:54Z 1350 1350 11.43 ,/dev/tenstorrent/0,/dev/tenstorrent/1,/dev/tenstorrent/2,/dev/tenstorrent/3
2026-09-17T12:47:56Z 1350 1350 11.08 ,/dev/tenstorrent/0,/dev/tenstorrent/1,/dev/tenstorrent/2,/dev/tenstorrent/3
2026-09-17T12:47:58Z 1312 1350 11.08 ,/dev/tenstorrent/0,/dev/tenstorrent/1,/dev/tenstorrent/2,/dev/tenstorrent/3
2026-09-17T12:48:00Z 1325 1350 11.23 ,/dev/tenstorrent/0,/dev/tenstorrent/1,/dev/tenstorrent/2,/dev/tenstorrent/3
2026-09-17T12:48:02Z 1350 1350 11.23 ,/dev/tenstorrent/0,/dev/tenstorrent/1,/dev/tenstorrent/2,/dev/tenstorrent/3
2026-09-17T12:48:05Z 1350 1350 12.01 ,/dev/tenstorrent/0,/dev/tenstorrent/1,/dev/tenstorrent/2,/dev/tenstorrent/3
2026-09-17T12:48:07Z 1343 1350 12.01 ,/dev/tenstorrent/0,/dev/tenstorrent/1,/dev/tenstorrent/2,/dev/tenstorrent/3
2026-09-17T12:48:09Z 1350 1350 12.01 ,/dev/tenstorrent/0,/dev/tenstorrent/1,/dev/tenstorrent/2,/dev/tenstorrent/3
2026-09-17T12:48:11Z 1337 1350 13.21 ,/dev/tenstorrent/0,/dev/tenstorrent/1,/dev/tenstorrent/2,/dev/tenstorrent/3
2026-09-17T12:48:13Z 1350 1350 13.21 ,/dev/tenstorrent/0,/dev/tenstorrent/1,/dev/tenstorrent/2,/dev/tenstorrent/3
2026-09-17T12:48:15Z 1350 1350 13.92 ,/dev/tenstorrent/0,/dev/tenstorrent/1,/dev/tenstorrent/2,/dev/tenstorrent/3
2026-09-17T12:48:17Z 1312 1350 13.92 ,/dev/tenstorrent/0,/dev/tenstorrent/1,/dev/tenstorrent/2,/dev/tenstorrent/3
2026-09-17T12:48:19Z 1350 1350 13.92 ,/dev/tenstorrent/0,/dev/tenstorrent/1,/dev/tenstorrent/2,/dev/tenstorrent/3
2026-09-17T12:48:21Z 1343 1350 16.41 ,/dev/tenstorrent/0,/dev/tenstorrent/1,/dev/tenstorrent/2,/dev/tenstorrent/3
2026-09-17T12:48:24Z 1325 1350 16.41 ,/dev/tenstorrent/0,/dev/tenstorrent/1,/dev/tenstorrent/2,/dev/tenstorrent/3
2026-09-17T12:48:26Z 1350 1350 17.26 ,/dev/tenstorrent/0,/dev/tenstorrent/1,/dev/tenstorrent/2,/dev/tenstorrent/3
2026-09-17T12:48:28Z 1343 1350 17.26 ,/dev/tenstorrent/0,/dev/tenstorrent/1,/dev/tenstorrent/2,/dev/tenstorrent/3
2026-09-17T12:48:30Z 1350 1350 17.40 ,/dev/tenstorrent/0,/dev/tenstorrent/1,/dev/tenstorrent/2,/dev/tenstorrent/3
2026-09-17T12:48:32Z 1337 1350 17.40 ,/dev/tenstorrent/0,/dev/tenstorrent/1,/dev/tenstorrent/2,/dev/tenstorrent/3
2026-09-17T12:48:34Z 1343 1350 17.40 ,/dev/tenstorrent/0,/dev/tenstorrent/1,/dev/tenstorrent/2,/dev/tenstorrent/3
2026-09-17T12:48:36Z 1350 1350 17.92 ,/dev/tenstorrent/0,/dev/tenstorrent/1,/dev/tenstorrent/2,/dev/tenstorrent/3
2026-09-17T12:48:38Z 1350 1350 17.92 ,/dev/tenstorrent/1,/dev/tenstorrent/2,/dev/tenstorrent/3
2026-09-17T12:48:40Z 1350 1350 18.01 ,/dev/tenstorrent/1,/dev/tenstorrent/2,/dev/tenstorrent/3
2026-09-17T12:48:42Z 1325 1350 18.01 ,/dev/tenstorrent/1,/dev/tenstorrent/2,/dev/tenstorrent/3
2026-09-17T12:48:44Z 1350 1350 18.01 ,/dev/tenstorrent/1,/dev/tenstorrent/2,/dev/tenstorrent/3
2026-09-17T12:48:46Z 1350 1350 18.41 ,/dev/tenstorrent/0,/dev/tenstorrent/1,/dev/tenstorrent/2,/dev/tenstorrent/3
2026-09-17T12:48:49Z 1343 1350 18.41 ,/dev/tenstorrent/1,/dev/tenstorrent/2,/dev/tenstorrent/3
2026-09-17T12:48:51Z 1350 1350 18.54 ,/dev/tenstorrent/0,/dev/tenstorrent/1,/dev/tenstorrent/2,/dev/tenstorrent/3
2026-09-17T12:48:53Z 1343 1350 18.54 ,/dev/tenstorrent/0,/dev/tenstorrent/1,/dev/tenstorrent/2,/dev/tenstorrent/3
2026-09-17T12:48:55Z 1350 1350 19.38 ,/dev/tenstorrent/0,/dev/tenstorrent/1,/dev/tenstorrent/2,/dev/tenstorrent/3
2026-09-17T12:48:57Z 1350 1350 19.38 ,/dev/tenstorrent/0,/dev/tenstorrent/1,/dev/tenstorrent/2,/dev/tenstorrent/3
2026-09-17T12:48:59Z 1350 1350 19.38 ,/dev/tenstorrent/0,/dev/tenstorrent/1,/dev/tenstorrent/2,/dev/tenstorrent/3
2026-09-17T12:49:01Z 1318 1350 19.75 ,/dev/tenstorrent/0,/dev/tenstorrent/1,/dev/tenstorrent/2,/dev/tenstorrent/3
2026-09-17T12:49:03Z 1350 1350 19.75 ,/dev/tenstorrent/0,/dev/tenstorrent/1,/dev/tenstorrent/2,/dev/tenstorrent/3
2026-09-17T12:49:05Z 1318 1350 20.09 ,/dev/tenstorrent/0,/dev/tenstorrent/1,/dev/tenstorrent/2,/dev/tenstorrent/3
2026-09-17T12:49:07Z 1337 1350 20.09 ,/dev/tenstorrent/0,/dev/tenstorrent/1,/dev/tenstorrent/2,/dev/tenstorrent/3
2026-09-17T12:49:09Z 1343 1350 20.09 ,/dev/tenstorrent/0,/dev/tenstorrent/1,/dev/tenstorrent/2,/dev/tenstorrent/3
2026-09-17T12:49:12Z 1343 1350 20.24 ,/dev/tenstorrent/0,/dev/tenstorrent/1,/dev/tenstorrent/2,/dev/tenstorrent/3
2026-09-17T12:49:14Z 1350 1350 20.24 ,/dev/tenstorrent/0,/dev/tenstorrent/1,/dev/tenstorrent/2,/dev/tenstorrent/3
2026-09-17T12:49:17Z 1350 1350 20.38 ,/dev/tenstorrent/0,/dev/tenstorrent/1,/dev/tenstorrent/2,/dev/tenstorrent/3
2026-09-17T12:49:19Z 1350 1350 20.38 ,/dev/tenstorrent/0,/dev/tenstorrent/1,/dev/tenstorrent/2,/dev/tenstorrent/3
2026-09-17T12:49:21Z 1350 1350 20.43 ,/dev/tenstorrent/0,/dev/tenstorrent/1,/dev/tenstorrent/2,/dev/tenstorrent/3
2026-09-17T12:49:23Z 1350 1350 20.43 ,/dev/tenstorrent/0,/dev/tenstorrent/1,/dev/tenstorrent/2,/dev/tenstorrent/3
2026-09-17T12:49:25Z 1350 1350 22.00 ,/dev/tenstorrent/0,/dev/tenstorrent/1,/dev/tenstorrent/2,/dev/tenstorrent/3
2026-09-17T12:49:27Z 1350 1350 22.00 ,/dev/tenstorrent/0,/dev/tenstorrent/1,/dev/tenstorrent/2,/dev/tenstorrent/3
2026-09-17T12:49:30Z 1350 1350 22.48 ,/dev/tenstorrent/0,/dev/tenstorrent/1,/dev/tenstorrent/2,/dev/tenstorrent/3
2026-09-17T12:49:32Z 1350 1350 22.48 ,/dev/tenstorrent/0,/dev/tenstorrent/1,/dev/tenstorrent/2,/dev/tenstorrent/3
2026-09-17T12:49:34Z 1350 1350 22.48 ,/dev/tenstorrent/0,/dev/tenstorrent/1,/dev/tenstorrent/2,/dev/tenstorrent/3
2026-09-17T12:49:36Z 1350 1350 22.20 ,/dev/tenstorrent/0,/dev/tenstorrent/1,/dev/tenstorrent/2,/dev/tenstorrent/3
2026-09-17T12:49:38Z 1350 1350 22.20 ,/dev/tenstorrent/0,/dev/tenstorrent/1,/dev/tenstorrent/2,/dev/tenstorrent/3
2026-09-17T12:49:40Z 1350 1350 23.39 ,/dev/tenstorrent/0,/dev/tenstorrent/1,/dev/tenstorrent/2,/dev/tenstorrent/3
2026-09-17T12:49:42Z 1350 1350 23.39 ,/dev/tenstorrent/0,/dev/tenstorrent/1,/dev/tenstorrent/2,/dev/tenstorrent/3
2026-09-17T12:49:44Z 1350 1350 23.39 ,/dev/tenstorrent/0,/dev/tenstorrent/1,/dev/tenstorrent/2,/dev/tenstorrent/3
2026-09-17T12:49:46Z 1350 1350 22.47 ,/dev/tenstorrent/0,/dev/tenstorrent/1,/dev/tenstorrent/2,/dev/tenstorrent/3
2026-09-17T12:49:48Z 1350 1350 22.47 ,/dev/tenstorrent/0,/dev/tenstorrent/1,/dev/tenstorrent/2,/dev/tenstorrent/3
2026-09-17T12:49:51Z 1350 1350 22.36 ,/dev/tenstorrent/0,/dev/tenstorrent/1,/dev/tenstorrent/2,/dev/tenstorrent/3
2026-09-17T12:49:53Z 1350 1350 22.36 ,/dev/tenstorrent/0,/dev/tenstorrent/1,/dev/tenstorrent/2,/dev/tenstorrent/3
2026-09-17T12:49:55Z 1350 1350 21.21 ,/dev/tenstorrent/0,/dev/tenstorrent/1,/dev/tenstorrent/2,/dev/tenstorrent/3
2026-09-17T12:49:57Z 1350 1350 21.21 ,/dev/tenstorrent/0,/dev/tenstorrent/1,/dev/tenstorrent/2,/dev/tenstorrent/3
2026-09-17T12:49:59Z 1350 1350 21.21 ,/dev/tenstorrent/0,/dev/tenstorrent/1,/dev/tenstorrent/2,/dev/tenstorrent/3
2026-09-17T12:50:01Z 1350 1350 21.59 ,/dev/tenstorrent/0,/dev/tenstorrent/1,/dev/tenstorrent/2,/dev/tenstorrent/3
2026-09-17T12:50:03Z 1350 1350 21.59 ,/dev/tenstorrent/0,/dev/tenstorrent/1,/dev/tenstorrent/2,/dev/tenstorrent/3
2026-09-17T12:50:05Z 1350 1350 21.86 ,/dev/tenstorrent/0,/dev/tenstorrent/1,/dev/tenstorrent/2,/dev/tenstorrent/3
2026-09-17T12:50:07Z 1350 1350 21.86 ,/dev/tenstorrent/0,/dev/tenstorrent/1,/dev/tenstorrent/2,/dev/tenstorrent/3
2026-09-17T12:50:09Z 1350 1350 21.86 ,/dev/tenstorrent/0,/dev/tenstorrent/1,/dev/tenstorrent/2,/dev/tenstorrent/3
2026-09-17T12:50:11Z 1350 1350 21.63 ,/dev/tenstorrent/0,/dev/tenstorrent/1,/dev/tenstorrent/2,/dev/tenstorrent/3
2026-09-17T12:50:13Z 1337 1350 21.63 ,/dev/tenstorrent/0,/dev/tenstorrent/1,/dev/tenstorrent/2,/dev/tenstorrent/3
2026-09-17T12:50:15Z 1350 1350 21.42 ,/dev/tenstorrent/0,/dev/tenstorrent/1,/dev/tenstorrent/2,/dev/tenstorrent/3
2026-09-17T12:50:17Z 1350 1350 21.42 ,/dev/tenstorrent/0,/dev/tenstorrent/1,/dev/tenstorrent/2,/dev/tenstorrent/3
2026-09-17T12:50:20Z 1350 1350 19.95 ,/dev/tenstorrent/0,/dev/tenstorrent/1,/dev/tenstorrent/2,/dev/tenstorrent/3
2026-09-17T12:50:22Z 1350 1350 19.95 ,/dev/tenstorrent/0,/dev/tenstorrent/1,/dev/tenstorrent/2,/dev/tenstorrent/3
2026-09-17T12:50:24Z 1350 1350 19.95 ,/dev/tenstorrent/0,/dev/tenstorrent/1,/dev/tenstorrent/2,/dev/tenstorrent/3
2026-09-17T12:50:26Z 1350 1350 18.59 ,/dev/tenstorrent/0,/dev/tenstorrent/1,/dev/tenstorrent/2,/dev/tenstorrent/3
2026-09-17T12:50:28Z 1350 1350 18.59 ,/dev/tenstorrent/0,/dev/tenstorrent/1,/dev/tenstorrent/2,/dev/tenstorrent/3
2026-09-17T12:50:30Z 1350 1350 17.42 ,/dev/tenstorrent/0,/dev/tenstorrent/2,/dev/tenstorrent/3
2026-09-17T12:50:32Z 1350 1350 17.42 ,/dev/tenstorrent/0,/dev/tenstorrent/2,/dev/tenstorrent/3
2026-09-17T12:50:34Z 1350 1350 17.42 ,/dev/tenstorrent/0,/dev/tenstorrent/2,/dev/tenstorrent/3
2026-09-17T12:50:36Z 1350 1350 16.35 ,/dev/tenstorrent/0,/dev/tenstorrent/2,/dev/tenstorrent/3
2026-09-17T12:50:38Z 1350 1350 16.35 ,/dev/tenstorrent/0,/dev/tenstorrent/1,/dev/tenstorrent/2,/dev/tenstorrent/3
2026-09-17T12:50:40Z 1350 1350 15.68 ,/dev/tenstorrent/0,/dev/tenstorrent/1,/dev/tenstorrent/2,/dev/tenstorrent/3
2026-09-17T12:50:42Z 1350 1350 15.68 ,/dev/tenstorrent/0,/dev/tenstorrent/1,/dev/tenstorrent/2,/dev/tenstorrent/3
2026-09-17T12:50:44Z 1350 1350 15.68 ,/dev/tenstorrent/0,/dev/tenstorrent/1,/dev/tenstorrent/2,/dev/tenstorrent/3
2026-09-17T12:50:46Z 1350 1350 14.74 ,/dev/tenstorrent/0,/dev/tenstorrent/1,/dev/tenstorrent/2,/dev/tenstorrent/3
2026-09-17T12:50:48Z 1350 1350 14.74 ,/dev/tenstorrent/0,/dev/tenstorrent/1,/dev/tenstorrent/2,/dev/tenstorrent/3
2026-09-17T12:50:50Z 1350 1350 14.12 ,/dev/tenstorrent/0,/dev/tenstorrent/1,/dev/tenstorrent/2,/dev/tenstorrent/3
2026-09-17T12:50:52Z 1350 1350 14.12 ,/dev/tenstorrent/0,/dev/tenstorrent/1,/dev/tenstorrent/2,/dev/tenstorrent/3
2026-09-17T12:50:54Z 1350 1350 13.47 ,/dev/tenstorrent/0,/dev/tenstorrent/1,/dev/tenstorrent/2,/dev/tenstorrent/3
2026-09-17T12:50:57Z 1350 1350 13.47 ,/dev/tenstorrent/0,/dev/tenstorrent/1,/dev/tenstorrent/2,/dev/tenstorrent/3
2026-09-17T12:50:59Z 1350 1350 13.47 ,/dev/tenstorrent/0,/dev/tenstorrent/1,/dev/tenstorrent/2,/dev/tenstorrent/3
2026-09-17T12:51:01Z 1350 1350 14.72 ,/dev/tenstorrent/1,/dev/tenstorrent/2,/dev/tenstorrent/3
2026-09-17T12:51:03Z 1350 1350 14.72 ,/dev/tenstorrent/1,/dev/tenstorrent/2,/dev/tenstorrent/3
2026-09-17T12:51:05Z 1350 1350 13.86 ,/dev/tenstorrent/1,/dev/tenstorrent/2,/dev/tenstorrent/3
2026-09-17T12:51:07Z 1350 1350 13.86 ,/dev/tenstorrent/0,/dev/tenstorrent/1,/dev/tenstorrent/2,/dev/tenstorrent/3
2026-09-17T12:51:09Z 1350 1350 13.86 ,/dev/tenstorrent/0,/dev/tenstorrent/1,/dev/tenstorrent/2,/dev/tenstorrent/3
2026-09-17T12:51:11Z 1350 1350 14.27 ,/dev/tenstorrent/0,/dev/tenstorrent/1,/dev/tenstorrent/2,/dev/tenstorrent/3
2026-09-17T12:51:13Z 1350 1350 14.27 ,/dev/tenstorrent/0,/dev/tenstorrent/1,/dev/tenstorrent/2,/dev/tenstorrent/3
2026-09-17T12:51:15Z 1350 1350 14.81 ,/dev/tenstorrent/0,/dev/tenstorrent/1,/dev/tenstorrent/2,/dev/tenstorrent/3
2026-09-17T12:51:17Z 1350 1350 14.81 ,/dev/tenstorrent/0,/dev/tenstorrent/1,/dev/tenstorrent/2,/dev/tenstorrent/3
2026-09-17T12:51:19Z 1350 1350 14.81 ,/dev/tenstorrent/0,/dev/tenstorrent/1,/dev/tenstorrent/2,/dev/tenstorrent/3
2026-09-17T12:51:21Z 1350 1350 15.54 ,/dev/tenstorrent/0,/dev/tenstorrent/1,/dev/tenstorrent/2,/dev/tenstorrent/3
2026-09-17T12:51:23Z 1350 1350 15.54 ,/dev/tenstorrent/0,/dev/tenstorrent/1,/dev/tenstorrent/2,/dev/tenstorrent/3
2026-09-17T12:51:25Z 1350 1350 14.54 ,/dev/tenstorrent/0,/dev/tenstorrent/1,/dev/tenstorrent/2,/dev/tenstorrent/3
2026-09-17T12:51:27Z 1350 1350 14.54 ,/dev/tenstorrent/0,/dev/tenstorrent/1,/dev/tenstorrent/2,/dev/tenstorrent/3
2026-09-17T12:51:30Z 1350 1350 14.82 ,/dev/tenstorrent/0,/dev/tenstorrent/1,/dev/tenstorrent/2,/dev/tenstorrent/3
2026-09-17T12:51:32Z 1350 1350 14.82 ,/dev/tenstorrent/0,/dev/tenstorrent/1,/dev/tenstorrent/2,/dev/tenstorrent/3
2026-09-17T12:51:35Z 1350 1350 15.15 ,/dev/tenstorrent/0,/dev/tenstorrent/1,/dev/tenstorrent/2,/dev/tenstorrent/3
2026-09-17T12:51:37Z 1350 1350 15.15 ,/dev/tenstorrent/0,/dev/tenstorrent/1,/dev/tenstorrent/2,/dev/tenstorrent/3
2026-09-17T12:51:39Z 1350 1350 15.15 ,/dev/tenstorrent/0,/dev/tenstorrent/1,/dev/tenstorrent/2,/dev/tenstorrent/3
2026-09-17T12:51:42Z 1350 800 15.54 ,/dev/tenstorrent/0,/dev/tenstorrent/1,/dev/tenstorrent/2
2026-09-17T12:51:44Z 1350 800 15.54 ,/dev/tenstorrent/0,/dev/tenstorrent/1,/dev/tenstorrent/2
2026-09-17T12:51:46Z 1350 800 16.94 ,/dev/tenstorrent/0,/dev/tenstorrent/1,/dev/tenstorrent/2
2026-09-17T12:51:48Z 1350 800 16.94 ,/dev/tenstorrent/0,/dev/tenstorrent/1,/dev/tenstorrent/2
2026-09-17T12:51:50Z 1350 800 18.23 ,/dev/tenstorrent/0,/dev/tenstorrent/1,/dev/tenstorrent/2
2026-09-17T12:51:52Z 1350 800 18.23 ,/dev/tenstorrent/0,/dev/tenstorrent/1,/dev/tenstorrent/2
2026-09-17T12:51:54Z 1350 800 18.23 ,/dev/tenstorrent/0,/dev/tenstorrent/1,/dev/tenstorrent/2
2026-09-17T12:51:56Z 1350 800 19.09 ,/dev/tenstorrent/0,/dev/tenstorrent/1,/dev/tenstorrent/2
2026-09-17T12:51:58Z 1350 800 19.09 ,/dev/tenstorrent/0,/dev/tenstorrent/1,/dev/tenstorrent/2
2026-09-17T12:52:01Z 1350 800 19.32 ,/dev/tenstorrent/0,/dev/tenstorrent/1,/dev/tenstorrent/2
2026-09-17T12:52:03Z 1350 800 19.32 ,/dev/tenstorrent/0,/dev/tenstorrent/1,/dev/tenstorrent/2
2026-09-17T12:52:05Z 1350 800 19.46 ,/dev/tenstorrent/0,/dev/tenstorrent/1,/dev/tenstorrent/2
2026-09-17T12:52:07Z 1350 800 19.46 ,/dev/tenstorrent/0,/dev/tenstorrent/1,/dev/tenstorrent/2
2026-09-17T12:52:09Z 1350 800 19.46 ,/dev/tenstorrent/0,/dev/tenstorrent/1,/dev/tenstorrent/2
2026-09-17T12:52:11Z 1350 800 19.42 ,/dev/tenstorrent/0,/dev/tenstorrent/1,/dev/tenstorrent/2
2026-09-17T12:52:13Z 1350 800 19.42 ,/dev/tenstorrent/0,/dev/tenstorrent/1,/dev/tenstorrent/2
2026-09-17T12:52:15Z 1350 800 19.47 ,/dev/tenstorrent/0,/dev/tenstorrent/1,/dev/tenstorrent/2
2026-09-17T12:52:17Z 1350 800 19.47 ,/dev/tenstorrent/0,/dev/tenstorrent/1,/dev/tenstorrent/2
2026-09-17T12:52:19Z 1350 800 19.47 ,/dev/tenstorrent/0,/dev/tenstorrent/1,/dev/tenstorrent/2
2026-09-17T12:52:21Z 1350 800 19.51 ,/dev/tenstorrent/0,/dev/tenstorrent/1,/dev/tenstorrent/2
2026-09-17T12:52:23Z 1350 800 19.51 ,/dev/tenstorrent/0,/dev/tenstorrent/1,/dev/tenstorrent/2
2026-09-17T12:52:25Z 1350 800 19.71 ,/dev/tenstorrent/0,/dev/tenstorrent/1,/dev/tenstorrent/2
2026-09-17T12:52:27Z 1350 800 19.71 ,/dev/tenstorrent/0,/dev/tenstorrent/1,/dev/tenstorrent/2
2026-09-17T12:52:30Z 1350 800 18.85 ,/dev/tenstorrent/0,/dev/tenstorrent/1,/dev/tenstorrent/2
2026-09-17T12:52:32Z 1350 800 18.85 ,/dev/tenstorrent/0,/dev/tenstorrent/1,/dev/tenstorrent/2
2026-09-17T12:52:34Z 1350 800 18.85 ,/dev/tenstorrent/0,/dev/tenstorrent/1,/dev/tenstorrent/2
2026-09-17T12:52:36Z 1350 800 17.98 ,/dev/tenstorrent/0,/dev/tenstorrent/1,/dev/tenstorrent/2
2026-09-17T12:52:38Z 1350 800 17.98 ,/dev/tenstorrent/0,/dev/tenstorrent/1,/dev/tenstorrent/2
2026-09-17T12:52:40Z 1350 800 18.46 ,/dev/tenstorrent/0,/dev/tenstorrent/1,/dev/tenstorrent/2
2026-09-17T12:52:42Z 1350 800 18.46 ,/dev/tenstorrent/0,/dev/tenstorrent/1,/dev/tenstorrent/2
2026-09-17T12:52:44Z 1350 800 18.46 ,/dev/tenstorrent/0,/dev/tenstorrent/1,/dev/tenstorrent/2
2026-09-17T12:52:46Z 1350 800 18.43 ,/dev/tenstorrent/0,/dev/tenstorrent/1,/dev/tenstorrent/2
2026-09-17T12:52:48Z 1350 800 18.43 ,/dev/tenstorrent/0,/dev/tenstorrent/1,/dev/tenstorrent/2
2026-09-17T12:52:50Z 1350 800 17.11 ,/dev/tenstorrent/0,/dev/tenstorrent/1,/dev/tenstorrent/2
2026-09-17T12:52:52Z 1350 800 17.11 ,/dev/tenstorrent/0,/dev/tenstorrent/1,/dev/tenstorrent/2
2026-09-17T12:52:54Z 1350 800 17.11 ,/dev/tenstorrent/0,/dev/tenstorrent/1,/dev/tenstorrent/2
2026-09-17T12:52:56Z 1350 800 15.98 ,/dev/tenstorrent/0,/dev/tenstorrent/1,/dev/tenstorrent/2
2026-09-17T12:52:59Z 1350 800 15.98 ,/dev/tenstorrent/0,/dev/tenstorrent/1,/dev/tenstorrent/2
2026-09-17T12:53:01Z 1350 800 14.94 ,/dev/tenstorrent/0,/dev/tenstorrent/2
2026-09-17T12:53:03Z 1350 800 14.94 ,/dev/tenstorrent/0,/dev/tenstorrent/2
2026-09-17T12:53:05Z 1350 800 14.06 ,/dev/tenstorrent/0,/dev/tenstorrent/1,/dev/tenstorrent/2
2026-09-17T12:53:07Z 1350 800 14.06 ,/dev/tenstorrent/0,/dev/tenstorrent/1,/dev/tenstorrent/2
2026-09-17T12:53:09Z 1350 800 14.06 ,/dev/tenstorrent/0,/dev/tenstorrent/1,/dev/tenstorrent/2
2026-09-17T12:53:11Z 1350 800 14.38 ,/dev/tenstorrent/0,/dev/tenstorrent/1,/dev/tenstorrent/2
2026-09-17T12:53:13Z 1350 800 14.38 ,/dev/tenstorrent/0,/dev/tenstorrent/1,/dev/tenstorrent/2
2026-09-17T12:53:15Z 1350 800 13.79 ,/dev/tenstorrent/0,/dev/tenstorrent/1,/dev/tenstorrent/2
2026-09-17T12:53:17Z 1350 800 13.79 ,/dev/tenstorrent/0,/dev/tenstorrent/1,/dev/tenstorrent/2
2026-09-17T12:53:19Z 1350 800 13.79 ,/dev/tenstorrent/0,/dev/tenstorrent/1,/dev/tenstorrent/2
2026-09-17T12:53:21Z 1350 800 13.08 ,/dev/tenstorrent/0,/dev/tenstorrent/1,/dev/tenstorrent/2
2026-09-17T12:53:23Z 1350 800 13.08 ,/dev/tenstorrent/0,/dev/tenstorrent/1,/dev/tenstorrent/2
2026-09-17T12:53:25Z 1350 800 12.28 ,/dev/tenstorrent/0,/dev/tenstorrent/1,/dev/tenstorrent/2
2026-09-17T12:53:27Z 1350 800 12.28 ,/dev/tenstorrent/0,/dev/tenstorrent/1,/dev/tenstorrent/2
2026-09-17T12:53:29Z 1350 800 12.28 ,/dev/tenstorrent/0,/dev/tenstorrent/1,/dev/tenstorrent/2
2026-09-17T12:53:31Z 1350 800 11.53 ,/dev/tenstorrent/0,/dev/tenstorrent/1,/dev/tenstorrent/2
2026-09-17T12:53:33Z 1350 800 11.53 ,/dev/tenstorrent/0,/dev/tenstorrent/1,/dev/tenstorrent/2
2026-09-17T12:53:35Z 1350 800 12.05 ,/dev/tenstorrent/0,/dev/tenstorrent/1,/dev/tenstorrent/2
2026-09-17T12:53:38Z 1350 800 12.05 ,/dev/tenstorrent/0,/dev/tenstorrent/1,/dev/tenstorrent/2
2026-09-17T12:53:40Z 1350 800 11.41 ,/dev/tenstorrent/0,/dev/tenstorrent/1,/dev/tenstorrent/2
2026-09-17T12:53:42Z 1350 800 11.41 ,/dev/tenstorrent/0,/dev/tenstorrent/1,/dev/tenstorrent/2
2026-09-17T12:53:44Z 1350 800 11.41 ,/dev/tenstorrent/0,/dev/tenstorrent/1,/dev/tenstorrent/2
2026-09-17T12:53:46Z 1350 800 12.02 ,/dev/tenstorrent/0,/dev/tenstorrent/1,/dev/tenstorrent/2
2026-09-17T12:53:48Z 1350 800 12.02 ,/dev/tenstorrent/0,/dev/tenstorrent/1,/dev/tenstorrent/2
2026-09-17T12:53:50Z 1350 800 12.50 ,/dev/tenstorrent/0,/dev/tenstorrent/1,/dev/tenstorrent/2
2026-09-17T12:53:52Z 1350 800 12.50 ,/dev/tenstorrent/0,/dev/tenstorrent/1,/dev/tenstorrent/2
2026-09-17T12:53:54Z 1350 800 12.50 ,/dev/tenstorrent/0,/dev/tenstorrent/1,/dev/tenstorrent/2
2026-09-17T12:53:56Z 1350 800 12.94 ,/dev/tenstorrent/0,/dev/tenstorrent/1,/dev/tenstorrent/2
2026-09-17T12:53:58Z 1350 800 12.94 ,/dev/tenstorrent/0,/dev/tenstorrent/1,/dev/tenstorrent/2
2026-09-17T12:54:00Z 1350 800 12.22 ,/dev/tenstorrent/0,/dev/tenstorrent/1,/dev/tenstorrent/2,/dev/tenstorrent/3
2026-09-17T12:54:02Z 1350 1350 12.22 ,/dev/tenstorrent/0,/dev/tenstorrent/1,/dev/tenstorrent/2,/dev/tenstorrent/3
2026-09-17T12:54:04Z 1350 1350 13.40 ,/dev/tenstorrent/0,/dev/tenstorrent/1,/dev/tenstorrent/2,/dev/tenstorrent/3
2026-09-17T12:54:07Z 1350 1350 13.40 ,/dev/tenstorrent/0,/dev/tenstorrent/1,/dev/tenstorrent/2,/dev/tenstorrent/3
2026-09-17T12:54:09Z 1350 1350 13.40 ,/dev/tenstorrent/0,/dev/tenstorrent/1,/dev/tenstorrent/2,/dev/tenstorrent/3
2026-09-17T12:54:11Z 1350 1350 14.25 ,/dev/tenstorrent/0,/dev/tenstorrent/1,/dev/tenstorrent/2,/dev/tenstorrent/3
2026-09-17T12:54:13Z 1350 1350 14.25 ,/dev/tenstorrent/0,/dev/tenstorrent/1,/dev/tenstorrent/2,/dev/tenstorrent/3
2026-09-17T12:54:15Z 1350 1350 15.11 ,/dev/tenstorrent/0,/dev/tenstorrent/1,/dev/tenstorrent/2,/dev/tenstorrent/3
2026-09-17T12:54:17Z 1350 1350 15.11 ,/dev/tenstorrent/0,/dev/tenstorrent/1,/dev/tenstorrent/2,/dev/tenstorrent/3
2026-09-17T12:54:19Z 1350 800 15.11 ,/dev/tenstorrent/0,/dev/tenstorrent/1,/dev/tenstorrent/2
2026-09-17T12:54:21Z 1350 800 15.18 ,/dev/tenstorrent/0,/dev/tenstorrent/1,/dev/tenstorrent/2
2026-09-17T12:54:23Z 1350 800 15.18 ,/dev/tenstorrent/0,/dev/tenstorrent/1,/dev/tenstorrent/2
2026-09-17T12:54:25Z 1350 800 14.29 ,/dev/tenstorrent/0,/dev/tenstorrent/1,/dev/tenstorrent/2
2026-09-17T12:54:27Z 1350 800 14.29 ,/dev/tenstorrent/0,/dev/tenstorrent/1,/dev/tenstorrent/2
2026-09-17T12:54:29Z 1350 800 14.67 ,/dev/tenstorrent/0,/dev/tenstorrent/1,/dev/tenstorrent/2
2026-09-17T12:54:32Z 1350 800 14.67 ,/dev/tenstorrent/1,/dev/tenstorrent/2
2026-09-17T12:54:34Z 1350 800 14.67 ,/dev/tenstorrent/1,/dev/tenstorrent/2
2026-09-17T12:54:36Z 1350 800 14.93 ,/dev/tenstorrent/1,/dev/tenstorrent/2
2026-09-17T12:54:38Z 1350 800 14.93 ,/dev/tenstorrent/0,/dev/tenstorrent/1,/dev/tenstorrent/2
2026-09-17T12:54:40Z 1350 800 15.18 ,/dev/tenstorrent/0,/dev/tenstorrent/1,/dev/tenstorrent/2
2026-09-17T12:54:42Z 1350 800 15.18 ,/dev/tenstorrent/0,/dev/tenstorrent/1,/dev/tenstorrent/2
2026-09-17T12:54:44Z 1350 800 15.18 ,/dev/tenstorrent/0,/dev/tenstorrent/1,/dev/tenstorrent/2
2026-09-17T12:54:46Z 1350 800 16.61 ,/dev/tenstorrent/0,/dev/tenstorrent/1,/dev/tenstorrent/2
2026-09-17T12:54:48Z 1350 800 16.61 ,/dev/tenstorrent/0,/dev/tenstorrent/1,/dev/tenstorrent/2
2026-09-17T12:54:50Z 1350 800 16.80 ,/dev/tenstorrent/0,/dev/tenstorrent/1,/dev/tenstorrent/2
2026-09-17T12:54:52Z 1350 800 16.80 ,/dev/tenstorrent/0,/dev/tenstorrent/1,/dev/tenstorrent/2
2026-09-17T12:54:54Z 1350 800 16.80 ,/dev/tenstorrent/0,/dev/tenstorrent/1,/dev/tenstorrent/2
2026-09-17T12:54:57Z 1350 800 16.25 ,/dev/tenstorrent/0,/dev/tenstorrent/1,/dev/tenstorrent/2
2026-09-17T12:54:59Z 1350 800 16.25 ,/dev/tenstorrent/0,/dev/tenstorrent/1,/dev/tenstorrent/2
2026-09-17T12:55:01Z 1350 800 16.39 ,/dev/tenstorrent/0,/dev/tenstorrent/1,/dev/tenstorrent/2
2026-09-17T12:55:04Z 1350 800 16.39 ,/dev/tenstorrent/0,/dev/tenstorrent/1,/dev/tenstorrent/2
2026-09-17T12:55:06Z 1350 800 16.52 ,/dev/tenstorrent/0,/dev/tenstorrent/1,/dev/tenstorrent/2
2026-09-17T12:55:08Z 1350 800 16.52 ,/dev/tenstorrent/0,/dev/tenstorrent/1,/dev/tenstorrent/2
2026-09-17T12:55:10Z 1350 800 16.56 ,/dev/tenstorrent/0,/dev/tenstorrent/1,/dev/tenstorrent/2
2026-09-17T12:55:12Z 1350 800 16.56 ,/dev/tenstorrent/0,/dev/tenstorrent/1,/dev/tenstorrent/2
2026-09-17T12:55:14Z 1350 800 16.56 ,/dev/tenstorrent/0,/dev/tenstorrent/1,/dev/tenstorrent/2
2026-09-17T12:55:16Z 1350 800 15.39 ,/dev/tenstorrent/0,/dev/tenstorrent/1,/dev/tenstorrent/2
2026-09-17T12:55:18Z 1350 800 15.39 ,/dev/tenstorrent/0,/dev/tenstorrent/2
2026-09-17T12:55:21Z 1350 800 14.56 ,/dev/tenstorrent/0,/dev/tenstorrent/2
2026-09-17T12:55:23Z 1350 800 14.56 ,/dev/tenstorrent/0,/dev/tenstorrent/2
2026-09-17T12:55:25Z 1350 800 13.72 ,/dev/tenstorrent/0,/dev/tenstorrent/1,/dev/tenstorrent/2
2026-09-17T12:55:27Z 1350 800 13.72 ,/dev/tenstorrent/0,/dev/tenstorrent/1,/dev/tenstorrent/2
2026-09-17T12:55:29Z 1350 800 13.72 ,/dev/tenstorrent/0,/dev/tenstorrent/1,/dev/tenstorrent/2
2026-09-17T12:55:31Z 1350 800 14.22 ,/dev/tenstorrent/0,/dev/tenstorrent/1,/dev/tenstorrent/2
2026-09-17T12:55:33Z 1350 800 14.22 ,/dev/tenstorrent/0,/dev/tenstorrent/1,/dev/tenstorrent/2
2026-09-17T12:55:35Z 1350 800 13.40 ,/dev/tenstorrent/0,/dev/tenstorrent/1,/dev/tenstorrent/2
2026-09-17T12:55:37Z 1350 800 13.40 ,/dev/tenstorrent/0,/dev/tenstorrent/1,/dev/tenstorrent/2
2026-09-17T12:55:39Z 1350 800 13.40 ,/dev/tenstorrent/0,/dev/tenstorrent/1,/dev/tenstorrent/2
2026-09-17T12:55:41Z 1350 800 12.65 ,/dev/tenstorrent/0,/dev/tenstorrent/1,/dev/tenstorrent/2
2026-09-17T12:55:43Z 1350 800 12.65 ,/dev/tenstorrent/0,/dev/tenstorrent/1,/dev/tenstorrent/2
2026-09-17T12:55:45Z 1350 800 12.04 ,/dev/tenstorrent/0,/dev/tenstorrent/1,/dev/tenstorrent/2
2026-09-17T12:55:47Z 1350 800 12.04 ,/dev/tenstorrent/0,/dev/tenstorrent/1,/dev/tenstorrent/2
2026-09-17T12:55:49Z 1350 800 12.04 ,/dev/tenstorrent/0,/dev/tenstorrent/1,/dev/tenstorrent/2
2026-09-17T12:55:51Z 1350 800 11.47 ,/dev/tenstorrent/0,/dev/tenstorrent/1,/dev/tenstorrent/2
2026-09-17T12:55:53Z 1350 800 11.47 ,/dev/tenstorrent/0,/dev/tenstorrent/1,/dev/tenstorrent/2
2026-09-17T12:55:55Z 1350 800 11.99 ,/dev/tenstorrent/0,/dev/tenstorrent/1,/dev/tenstorrent/2
2026-09-17T12:55:58Z 1350 800 11.99 ,/dev/tenstorrent/0,/dev/tenstorrent/1,/dev/tenstorrent/2
2026-09-17T12:56:00Z 1350 800 12.48 ,/dev/tenstorrent/0,/dev/tenstorrent/1,/dev/tenstorrent/2
2026-09-17T12:56:02Z 1350 800 12.48 ,/dev/tenstorrent/0,/dev/tenstorrent/1,/dev/tenstorrent/2
2026-09-17T12:56:04Z 1350 800 12.48 ,/dev/tenstorrent/0,/dev/tenstorrent/1,/dev/tenstorrent/2
2026-09-17T12:56:06Z 1350 800 12.92 ,/dev/tenstorrent/0,/dev/tenstorrent/1,/dev/tenstorrent/2
2026-09-17T12:56:08Z 1350 800 12.92 ,/dev/tenstorrent/0,/dev/tenstorrent/1,/dev/tenstorrent/2
2026-09-17T12:56:10Z 1350 800 12.20 ,/dev/tenstorrent/0,/dev/tenstorrent/1,/dev/tenstorrent/2
2026-09-17T12:56:12Z 1350 800 12.20 ,/dev/tenstorrent/0,/dev/tenstorrent/1,/dev/tenstorrent/2
2026-09-17T12:56:14Z 1350 800 12.20 ,/dev/tenstorrent/0,/dev/tenstorrent/1,/dev/tenstorrent/2
2026-09-17T12:56:16Z 1350 800 12.67 ,/dev/tenstorrent/0,/dev/tenstorrent/1,/dev/tenstorrent/2
2026-09-17T12:56:18Z 1350 800 12.67 ,/dev/tenstorrent/0,/dev/tenstorrent/1,/dev/tenstorrent/2
2026-09-17T12:56:20Z 1350 800 13.10 ,/dev/tenstorrent/0,/dev/tenstorrent/1,/dev/tenstorrent/2
2026-09-17T12:56:22Z 1350 800 13.10 ,/dev/tenstorrent/0,/dev/tenstorrent/1,/dev/tenstorrent/2
2026-09-17T12:56:24Z 1350 800 13.10 ,/dev/tenstorrent/0,/dev/tenstorrent/1,/dev/tenstorrent/2
2026-09-17T12:56:26Z 1350 800 13.49 ,/dev/tenstorrent/0,/dev/tenstorrent/1,/dev/tenstorrent/2
2026-09-17T12:56:29Z 1350 800 13.49 ,/dev/tenstorrent/0,/dev/tenstorrent/1,/dev/tenstorrent/2
2026-09-17T12:56:31Z 1350 800 13.85 ,/dev/tenstorrent/0,/dev/tenstorrent/1,/dev/tenstorrent/2
2026-09-17T12:56:33Z 1350 800 13.85 ,/dev/tenstorrent/0,/dev/tenstorrent/1,/dev/tenstorrent/2
2026-09-17T12:56:35Z 1350 800 14.18 ,/dev/tenstorrent/0,/dev/tenstorrent/1,/dev/tenstorrent/2
2026-09-17T12:56:37Z 1350 800 14.18 ,/dev/tenstorrent/0,/dev/tenstorrent/1,/dev/tenstorrent/2
2026-09-17T12:56:39Z 1350 800 14.18 ,/dev/tenstorrent/0,/dev/tenstorrent/1,/dev/tenstorrent/2
2026-09-17T12:56:41Z 1350 800 14.65 ,/dev/tenstorrent/0,/dev/tenstorrent/1,/dev/tenstorrent/2
2026-09-17T12:56:43Z 1350 800 14.65 ,/dev/tenstorrent/0,/dev/tenstorrent/1,/dev/tenstorrent/2
2026-09-17T12:56:45Z 1350 800 14.92 ,/dev/tenstorrent/0,/dev/tenstorrent/1,/dev/tenstorrent/2
2026-09-17T12:56:47Z 1350 800 14.92 ,/dev/tenstorrent/0,/dev/tenstorrent/1,/dev/tenstorrent/2
2026-09-17T12:56:49Z 1350 800 14.92 ,/dev/tenstorrent/0,/dev/tenstorrent/1,/dev/tenstorrent/2
2026-09-17T12:56:51Z 1350 800 14.44 ,/dev/tenstorrent/0,/dev/tenstorrent/1,/dev/tenstorrent/2
2026-09-17T12:56:53Z 1350 800 14.44 ,/dev/tenstorrent/0,/dev/tenstorrent/1,/dev/tenstorrent/2
2026-09-17T12:56:55Z 1350 800 14.73 ,/dev/tenstorrent/0,/dev/tenstorrent/1,/dev/tenstorrent/2
2026-09-17T12:56:58Z 1350 800 14.73 ,/dev/tenstorrent/0,/dev/tenstorrent/1,/dev/tenstorrent/2
2026-09-17T12:57:00Z 1350 800 14.99 ,/dev/tenstorrent/0,/dev/tenstorrent/1,/dev/tenstorrent/2
2026-09-17T12:57:02Z 1350 800 14.99 ,/dev/tenstorrent/0,/dev/tenstorrent/1,/dev/tenstorrent/2
2026-09-17T12:57:04Z 1350 800 14.99 ,/dev/tenstorrent/0,/dev/tenstorrent/1,/dev/tenstorrent/2
2026-09-17T12:57:06Z 1350 800 14.03 ,/dev/tenstorrent/0,/dev/tenstorrent/1,/dev/tenstorrent/2
2026-09-17T12:57:08Z 1350 800 14.03 ,/dev/tenstorrent/0,/dev/tenstorrent/1,/dev/tenstorrent/2,/dev/tenstorrent/3
2026-09-17T12:57:10Z 1350 1350 13.15 ,/dev/tenstorrent/0,/dev/tenstorrent/1,/dev/tenstorrent/2,/dev/tenstorrent/3
2026-09-17T12:57:12Z 1350 1350 13.15 ,/dev/tenstorrent/1,/dev/tenstorrent/2,/dev/tenstorrent/3
2026-09-17T12:57:14Z 1350 1350 13.15 ,/dev/tenstorrent/1,/dev/tenstorrent/2,/dev/tenstorrent/3
2026-09-17T12:57:16Z 1350 1350 13.70 ,/dev/tenstorrent/1,/dev/tenstorrent/2,/dev/tenstorrent/3
2026-09-17T12:57:18Z 1350 1350 13.70 ,/dev/tenstorrent/0,/dev/tenstorrent/1,/dev/tenstorrent/2,/dev/tenstorrent/3
2026-09-17T12:57:20Z 1350 1350 14.84 ,/dev/tenstorrent/0,/dev/tenstorrent/1,/dev/tenstorrent/2,/dev/tenstorrent/3
2026-09-17T12:57:23Z 1350 1350 14.84 ,/dev/tenstorrent/1,/dev/tenstorrent/2,/dev/tenstorrent/3
2026-09-17T12:57:25Z 1350 800 15.09 ,/dev/tenstorrent/0,/dev/tenstorrent/1,/dev/tenstorrent/2
2026-09-17T12:57:27Z 1350 800 15.09 ,/dev/tenstorrent/0,/dev/tenstorrent/1,/dev/tenstorrent/2
2026-09-17T12:57:29Z 1350 800 15.09 ,/dev/tenstorrent/0,/dev/tenstorrent/1,/dev/tenstorrent/2
2026-09-17T12:57:31Z 1350 800 14.05 ,/dev/tenstorrent/0,/dev/tenstorrent/1,/dev/tenstorrent/2
2026-09-17T12:57:33Z 1350 800 14.05 ,/dev/tenstorrent/0,/dev/tenstorrent/1,/dev/tenstorrent/2
2026-09-17T12:57:35Z 1350 800 13.08 ,/dev/tenstorrent/0,/dev/tenstorrent/1,/dev/tenstorrent/2
2026-09-17T12:57:37Z 1350 800 13.08 ,/dev/tenstorrent/0,/dev/tenstorrent/2
2026-09-17T12:57:39Z 1350 800 13.08 ,/dev/tenstorrent/0,/dev/tenstorrent/2
2026-09-17T12:57:41Z 1350 800 12.19 ,/dev/tenstorrent/0,/dev/tenstorrent/2
2026-09-17T12:57:44Z 1350 800 12.19 ,/dev/tenstorrent/0,/dev/tenstorrent/2
2026-09-17T12:57:46Z 1350 800 11.46 ,/dev/tenstorrent/0,/dev/tenstorrent/1,/dev/tenstorrent/2
2026-09-17T12:57:48Z 1350 800 11.46 ,/dev/tenstorrent/0,/dev/tenstorrent/1,/dev/tenstorrent/2
2026-09-17T12:57:50Z 1350 800 12.22 ,/dev/tenstorrent/0,/dev/tenstorrent/1,/dev/tenstorrent/2
2026-09-17T12:57:52Z 1350 800 12.22 ,/dev/tenstorrent/0,/dev/tenstorrent/1,/dev/tenstorrent/2
2026-09-17T12:57:54Z 1350 800 12.22 ,/dev/tenstorrent/0,/dev/tenstorrent/1,/dev/tenstorrent/2
2026-09-17T12:57:56Z 1350 800 12.68 ,/dev/tenstorrent/0,/dev/tenstorrent/1,/dev/tenstorrent/2
2026-09-17T12:57:58Z 1350 800 12.68 ,/dev/tenstorrent/0,/dev/tenstorrent/1,/dev/tenstorrent/2
2026-09-17T12:58:00Z 1350 800 12.23 ,/dev/tenstorrent/0,/dev/tenstorrent/1,/dev/tenstorrent/2
2026-09-17T12:58:02Z 1350 800 12.23 ,/dev/tenstorrent/0,/dev/tenstorrent/1,/dev/tenstorrent/2
2026-09-17T12:58:04Z 1350 800 12.23 ,/dev/tenstorrent/0,/dev/tenstorrent/1,/dev/tenstorrent/2
2026-09-17T12:58:07Z 1350 800 11.57 ,/dev/tenstorrent/0,/dev/tenstorrent/1,/dev/tenstorrent/2
2026-09-17T12:58:09Z 1350 800 11.57 ,/dev/tenstorrent/0,/dev/tenstorrent/1,/dev/tenstorrent/2
2026-09-17T12:58:11Z 1350 800 12.08 ,/dev/tenstorrent/0,/dev/tenstorrent/1,/dev/tenstorrent/2
2026-09-17T12:58:13Z 1350 800 12.08 ,/dev/tenstorrent/0,/dev/tenstorrent/1,/dev/tenstorrent/2
2026-09-17T12:58:15Z 1350 800 12.96 ,/dev/tenstorrent/0,/dev/tenstorrent/1,/dev/tenstorrent/2
2026-09-17T12:58:17Z 1350 800 12.96 ,/dev/tenstorrent/0,/dev/tenstorrent/1,/dev/tenstorrent/2
2026-09-17T12:58:19Z 1350 800 12.96 ,/dev/tenstorrent/0,/dev/tenstorrent/1,/dev/tenstorrent/2
2026-09-17T12:58:21Z 1350 800 12.40 ,/dev/tenstorrent/0,/dev/tenstorrent/1,/dev/tenstorrent/2
2026-09-17T12:58:23Z 1350 800 12.40 ,/dev/tenstorrent/0,/dev/tenstorrent/1,/dev/tenstorrent/2
2026-09-17T12:58:25Z 1350 800 13.01 ,/dev/tenstorrent/0,/dev/tenstorrent/1,/dev/tenstorrent/2
2026-09-17T12:58:27Z 1350 800 13.01 ,/dev/tenstorrent/0,/dev/tenstorrent/1,/dev/tenstorrent/2
2026-09-17T12:58:29Z 1350 800 13.01 ,/dev/tenstorrent/0,/dev/tenstorrent/1,/dev/tenstorrent/2
2026-09-17T12:58:31Z 1350 800 13.89 ,/dev/tenstorrent/0,/dev/tenstorrent/1,/dev/tenstorrent/2
2026-09-17T12:58:33Z 1350 800 13.89 ,/dev/tenstorrent/0,/dev/tenstorrent/1,/dev/tenstorrent/2
2026-09-17T12:58:36Z 1350 800 14.62 ,/dev/tenstorrent/0,/dev/tenstorrent/1,/dev/tenstorrent/2
2026-09-17T12:58:38Z 1350 800 14.62 ,/dev/tenstorrent/0,/dev/tenstorrent/1,/dev/tenstorrent/2
2026-09-17T12:58:40Z 1350 800 15.93 ,/dev/tenstorrent/0,/dev/tenstorrent/1,/dev/tenstorrent/2
2026-09-17T12:58:42Z 1350 800 15.93 ,/dev/tenstorrent/0,/dev/tenstorrent/1,/dev/tenstorrent/2
2026-09-17T12:58:44Z 1350 800 15.93 ,/dev/tenstorrent/0,/dev/tenstorrent/1,/dev/tenstorrent/2
2026-09-17T12:58:46Z 1350 800 16.18 ,/dev/tenstorrent/0,/dev/tenstorrent/1,/dev/tenstorrent/2
2026-09-17T12:58:48Z 1350 800 16.18 ,/dev/tenstorrent/0,/dev/tenstorrent/1,/dev/tenstorrent/2
2026-09-17T12:58:50Z 1350 800 16.32 ,/dev/tenstorrent/0,/dev/tenstorrent/1,/dev/tenstorrent/2
2026-09-17T12:58:52Z 1350 800 16.32 ,/dev/tenstorrent/0,/dev/tenstorrent/1,/dev/tenstorrent/2
2026-09-17T12:58:54Z 1350 800 16.32 ,/dev/tenstorrent/0,/dev/tenstorrent/1,/dev/tenstorrent/2
2026-09-17T12:58:56Z 1350 800 16.46 ,/dev/tenstorrent/0,/dev/tenstorrent/1,/dev/tenstorrent/2
2026-09-17T12:58:58Z 1350 800 16.46 ,/dev/tenstorrent/0,/dev/tenstorrent/1,/dev/tenstorrent/2
2026-09-17T12:59:00Z 1350 800 16.58 ,/dev/tenstorrent/0,/dev/tenstorrent/1,/dev/tenstorrent/2
2026-09-17T12:59:02Z 1350 800 16.58 ,/dev/tenstorrent/0,/dev/tenstorrent/1,/dev/tenstorrent/2
2026-09-17T12:59:04Z 1350 800 16.58 ,/dev/tenstorrent/0,/dev/tenstorrent/1,/dev/tenstorrent/2
2026-09-17T12:59:06Z 1350 800 16.70 ,/dev/tenstorrent/0,/dev/tenstorrent/1,/dev/tenstorrent/2
2026-09-17T12:59:09Z 1350 800 16.70 ,/dev/tenstorrent/0,/dev/tenstorrent/1,/dev/tenstorrent/2
2026-09-17T12:59:11Z 1350 800 16.80 ,/dev/tenstorrent/0,/dev/tenstorrent/1,/dev/tenstorrent/2
2026-09-17T12:59:13Z 1350 800 16.80 ,/dev/tenstorrent/0,/dev/tenstorrent/1,/dev/tenstorrent/2
2026-09-17T12:59:15Z 1350 800 16.90 ,/dev/tenstorrent/0,/dev/tenstorrent/1,/dev/tenstorrent/2
2026-09-17T12:59:17Z 1350 800 16.90 ,/dev/tenstorrent/0,/dev/tenstorrent/1,/dev/tenstorrent/2
2026-09-17T12:59:19Z 1350 800 16.90 ,/dev/tenstorrent/0,/dev/tenstorrent/1,/dev/tenstorrent/2
2026-09-17T12:59:21Z 1350 800 16.99 ,/dev/tenstorrent/0,/dev/tenstorrent/1,/dev/tenstorrent/2
2026-09-17T12:59:23Z 1350 800 16.99 ,/dev/tenstorrent/0,/dev/tenstorrent/1,/dev/tenstorrent/2
2026-09-17T12:59:25Z 1350 800 16.03 ,/dev/tenstorrent/0,/dev/tenstorrent/1,/dev/tenstorrent/2
2026-09-17T12:59:27Z 1350 800 16.03 ,/dev/tenstorrent/0,/dev/tenstorrent/1,/dev/tenstorrent/2
2026-09-17T12:59:29Z 1350 800 16.03 ,/dev/tenstorrent/0,/dev/tenstorrent/1,/dev/tenstorrent/2
2026-09-17T12:59:31Z 1350 800 14.90 ,/dev/tenstorrent/0,/dev/tenstorrent/1,/dev/tenstorrent/2
2026-09-17T12:59:33Z 1350 800 14.90 ,/dev/tenstorrent/0,/dev/tenstorrent/1,/dev/tenstorrent/2
2026-09-17T12:59:35Z 1350 800 13.87 ,/dev/tenstorrent/0,/dev/tenstorrent/1,/dev/tenstorrent/2
2026-09-17T12:59:37Z 1350 800 13.87 ,/dev/tenstorrent/0,/dev/tenstorrent/1,/dev/tenstorrent/2
2026-09-17T12:59:40Z 1350 800 13.87 ,/dev/tenstorrent/0,/dev/tenstorrent/1,/dev/tenstorrent/2
2026-09-17T12:59:42Z 1350 800 13.08 ,/dev/tenstorrent/0,/dev/tenstorrent/1,/dev/tenstorrent/2
2026-09-17T12:59:44Z 1350 800 13.08 ,/dev/tenstorrent/0,/dev/tenstorrent/2
2026-09-17T12:59:46Z 1350 800 12.19 ,/dev/tenstorrent/0,/dev/tenstorrent/2
2026-09-17T12:59:48Z 1350 800 12.19 ,/dev/tenstorrent/0,/dev/tenstorrent/2
2026-09-17T12:59:50Z 1350 800 11.45 ,/dev/tenstorrent/0,/dev/tenstorrent/1,/dev/tenstorrent/2
2026-09-17T12:59:52Z 1350 800 11.45 ,/dev/tenstorrent/0,/dev/tenstorrent/1,/dev/tenstorrent/2
2026-09-17T12:59:54Z 1350 800 11.45 ,/dev/tenstorrent/0,/dev/tenstorrent/1,/dev/tenstorrent/2
2026-09-17T12:59:56Z 1350 800 11.98 ,/dev/tenstorrent/0,/dev/tenstorrent/1,/dev/tenstorrent/2
2026-09-17T12:59:58Z 1350 800 11.98 ,/dev/tenstorrent/0,/dev/tenstorrent/1,/dev/tenstorrent/2
2026-09-17T13:00:00Z 1350 800 11.26 ,/dev/tenstorrent/0,/dev/tenstorrent/1,/dev/tenstorrent/2
2026-09-17T13:00:02Z 1350 800 11.26 ,/dev/tenstorrent/0,/dev/tenstorrent/1,/dev/tenstorrent/2
2026-09-17T13:00:04Z 1350 800 11.26 ,/dev/tenstorrent/0,/dev/tenstorrent/1,/dev/tenstorrent/2
2026-09-17T13:00:06Z 1350 800 10.68 ,/dev/tenstorrent/0,/dev/tenstorrent/1,/dev/tenstorrent/2
2026-09-17T13:00:08Z 1350 800 10.68 ,/dev/tenstorrent/0,/dev/tenstorrent/1,/dev/tenstorrent/2
2026-09-17T13:00:10Z 1350 800 10.46 ,/dev/tenstorrent/0,/dev/tenstorrent/1,/dev/tenstorrent/2
2026-09-17T13:00:12Z 1350 800 10.46 ,/dev/tenstorrent/0,/dev/tenstorrent/1,/dev/tenstorrent/2
2026-09-17T13:00:14Z 1350 800 10.46 ,/dev/tenstorrent/0,/dev/tenstorrent/1,/dev/tenstorrent/2
2026-09-17T13:00:17Z 1350 800 10.99 ,/dev/tenstorrent/0,/dev/tenstorrent/1,/dev/tenstorrent/2
2026-09-17T13:00:19Z 1350 800 10.99 ,/dev/tenstorrent/0,/dev/tenstorrent/1,/dev/tenstorrent/2
2026-09-17T13:00:21Z 1350 800 11.63 ,/dev/tenstorrent/0,/dev/tenstorrent/1,/dev/tenstorrent/2
2026-09-17T13:00:23Z 1350 800 11.63 ,/dev/tenstorrent/0,/dev/tenstorrent/1,/dev/tenstorrent/2
2026-09-17T13:00:25Z 1350 800 11.18 ,/dev/tenstorrent/0,/dev/tenstorrent/1,/dev/tenstorrent/2
2026-09-17T13:00:27Z 1350 800 11.18 ,/dev/tenstorrent/0,/dev/tenstorrent/1,/dev/tenstorrent/2
2026-09-17T13:00:29Z 1350 800 11.18 ,/dev/tenstorrent/0,/dev/tenstorrent/1,/dev/tenstorrent/2
2026-09-17T13:00:31Z 1350 800 10.60 ,/dev/tenstorrent/0,/dev/tenstorrent/1,/dev/tenstorrent/2
2026-09-17T13:00:33Z 1350 800 10.60 ,/dev/tenstorrent/1,/dev/tenstorrent/2
2026-09-17T13:00:35Z 1350 800 11.20 ,/dev/tenstorrent/1,/dev/tenstorrent/2
2026-09-17T13:00:37Z 1350 800 11.20 ,/dev/tenstorrent/1,/dev/tenstorrent/2
2026-09-17T13:00:39Z 1350 800 11.20 ,/dev/tenstorrent/0,/dev/tenstorrent/1,/dev/tenstorrent/2
2026-09-17T13:00:41Z 1350 800 11.82 ,/dev/tenstorrent/1,/dev/tenstorrent/2
2026-09-17T13:00:43Z 1350 800 11.82 ,/dev/tenstorrent/0,/dev/tenstorrent/1,/dev/tenstorrent/2
2026-09-17T13:00:45Z 1350 800 13.04 ,/dev/tenstorrent/0,/dev/tenstorrent/1,/dev/tenstorrent/2
2026-09-17T13:00:48Z 1350 800 13.04 ,/dev/tenstorrent/0,/dev/tenstorrent/1,/dev/tenstorrent/2
2026-09-17T13:00:50Z 1350 800 13.75 ,/dev/tenstorrent/0,/dev/tenstorrent/1,/dev/tenstorrent/2
2026-09-17T13:00:52Z 1350 800 13.75 ,/dev/tenstorrent/0,/dev/tenstorrent/1,/dev/tenstorrent/2
2026-09-17T13:00:54Z 1350 800 13.75 ,/dev/tenstorrent/0,/dev/tenstorrent/1,/dev/tenstorrent/2
2026-09-17T13:00:56Z 1350 800 14.17 ,/dev/tenstorrent/0,/dev/tenstorrent/1,/dev/tenstorrent/2
2026-09-17T13:00:58Z 1350 800 14.17 ,/dev/tenstorrent/0,/dev/tenstorrent/1,/dev/tenstorrent/2
2026-09-17T13:01:00Z 1350 800 13.44 ,/dev/tenstorrent/0,/dev/tenstorrent/1,/dev/tenstorrent/2
2026-09-17T13:01:02Z 1350 800 13.44 ,/dev/tenstorrent/0,/dev/tenstorrent/1,/dev/tenstorrent/2
2026-09-17T13:01:05Z 1350 800 13.81 ,/dev/tenstorrent/0,/dev/tenstorrent/1,/dev/tenstorrent/2
2026-09-17T13:01:07Z 1350 800 13.81 ,/dev/tenstorrent/0,/dev/tenstorrent/1,/dev/tenstorrent/2
2026-09-17T13:01:09Z 1350 800 13.81 ,/dev/tenstorrent/0,/dev/tenstorrent/1,/dev/tenstorrent/2
2026-09-17T13:01:12Z 1350 800 12.94 ,/dev/tenstorrent/0,/dev/tenstorrent/1,/dev/tenstorrent/2
2026-09-17T13:01:14Z 1350 800 12.94 ,/dev/tenstorrent/0,/dev/tenstorrent/1,/dev/tenstorrent/2
2026-09-17T13:01:16Z 1350 800 13.42 ,/dev/tenstorrent/0,/dev/tenstorrent/1,/dev/tenstorrent/2
2026-09-17T13:01:18Z 1350 800 13.42 ,/dev/tenstorrent/0,/dev/tenstorrent/1,/dev/tenstorrent/2
2026-09-17T13:01:20Z 1350 800 14.35 ,/dev/tenstorrent/0,/dev/tenstorrent/1,/dev/tenstorrent/2
2026-09-17T13:01:22Z 1350 800 14.35 ,/dev/tenstorrent/0,/dev/tenstorrent/1,/dev/tenstorrent/2
2026-09-17T13:01:24Z 1350 800 14.35 ,/dev/tenstorrent/0,/dev/tenstorrent/1,/dev/tenstorrent/2
2026-09-17T13:01:26Z 1350 800 15.85 ,/dev/tenstorrent/0,/dev/tenstorrent/1,/dev/tenstorrent/2
2026-09-17T13:01:29Z 1350 800 15.85 ,/dev/tenstorrent/0,/dev/tenstorrent/1,/dev/tenstorrent/2
2026-09-17T13:01:31Z 1350 800 15.78 ,/dev/tenstorrent/0,/dev/tenstorrent/1,/dev/tenstorrent/2
2026-09-17T13:01:33Z 1350 800 15.78 ,/dev/tenstorrent/0,/dev/tenstorrent/1,/dev/tenstorrent/2
2026-09-17T13:01:35Z 1350 800 16.28 ,/dev/tenstorrent/0,/dev/tenstorrent/1,/dev/tenstorrent/2
2026-09-17T13:01:37Z 1350 800 16.28 ,/dev/tenstorrent/0,/dev/tenstorrent/1,/dev/tenstorrent/2
2026-09-17T13:01:39Z 1350 800 16.28 ,/dev/tenstorrent/0,/dev/tenstorrent/1,/dev/tenstorrent/2
2026-09-17T13:01:41Z 1350 800 16.81 ,/dev/tenstorrent/0,/dev/tenstorrent/1,/dev/tenstorrent/2
2026-09-17T13:01:43Z 1350 800 16.81 ,/dev/tenstorrent/0,/dev/tenstorrent/1,/dev/tenstorrent/2
2026-09-17T13:01:45Z 1350 800 16.99 ,/dev/tenstorrent/0,/dev/tenstorrent/1,/dev/tenstorrent/2
2026-09-17T13:01:47Z 1350 800 16.99 ,/dev/tenstorrent/0,/dev/tenstorrent/1,/dev/tenstorrent/2
2026-09-17T13:01:49Z 1350 800 16.99 ,/dev/tenstorrent/0,/dev/tenstorrent/1,/dev/tenstorrent/2
2026-09-17T13:01:51Z 1350 800 17.23 ,/dev/tenstorrent/0,/dev/tenstorrent/1,/dev/tenstorrent/2
2026-09-17T13:01:53Z 1350 800 17.23 ,/dev/tenstorrent/0,/dev/tenstorrent/1,/dev/tenstorrent/2
2026-09-17T13:01:56Z 1350 800 16.01 ,/dev/tenstorrent/0,/dev/tenstorrent/1,/dev/tenstorrent/2
2026-09-17T13:01:58Z 1350 800 16.01 ,/dev/tenstorrent/0,/dev/tenstorrent/1,/dev/tenstorrent/2
2026-09-17T13:02:00Z 1350 800 14.89 ,/dev/tenstorrent/0,/dev/tenstorrent/1,/dev/tenstorrent/2
2026-09-17T13:02:02Z 1350 800 14.89 ,/dev/tenstorrent/0,/dev/tenstorrent/1,/dev/tenstorrent/2
2026-09-17T13:02:04Z 1350 800 14.89 ,/dev/tenstorrent/0,/dev/tenstorrent/1,/dev/tenstorrent/2
2026-09-17T13:02:06Z 1350 800 13.86 ,/dev/tenstorrent/0,/dev/tenstorrent/1,/dev/tenstorrent/2
2026-09-17T13:02:08Z 1350 800 13.86 ,/dev/tenstorrent/0,/dev/tenstorrent/2
2026-09-17T13:02:10Z 1350 800 12.99 ,/dev/tenstorrent/0,/dev/tenstorrent/2
2026-09-17T13:02:12Z 1350 800 12.99 ,/dev/tenstorrent/0,/dev/tenstorrent/1,/dev/tenstorrent/2
2026-09-17T13:02:14Z 1350 800 12.99 ,/dev/tenstorrent/0,/dev/tenstorrent/1,/dev/tenstorrent/2
2026-09-17T13:02:16Z 1350 800 12.43 ,/dev/tenstorrent/0,/dev/tenstorrent/1,/dev/tenstorrent/2
2026-09-17T13:02:18Z 1350 800 12.43 ,/dev/tenstorrent/0,/dev/tenstorrent/1,/dev/tenstorrent/2
2026-09-17T13:02:20Z 1350 800 11.67 ,/dev/tenstorrent/0,/dev/tenstorrent/1,/dev/tenstorrent/2
2026-09-17T13:02:22Z 1350 800 11.67 ,/dev/tenstorrent/0,/dev/tenstorrent/1,/dev/tenstorrent/2
2026-09-17T13:02:24Z 1350 800 11.67 ,/dev/tenstorrent/0,/dev/tenstorrent/1,/dev/tenstorrent/2
2026-09-17T13:02:26Z 1350 800 11.14 ,/dev/tenstorrent/0,/dev/tenstorrent/1,/dev/tenstorrent/2
2026-09-17T13:02:28Z 1350 800 11.14 ,/dev/tenstorrent/0,/dev/tenstorrent/1,/dev/tenstorrent/2
2026-09-17T13:02:30Z 1350 800 10.49 ,/dev/tenstorrent/0,/dev/tenstorrent/1,/dev/tenstorrent/2
2026-09-17T13:02:32Z 1350 800 10.49 ,/dev/tenstorrent/0,/dev/tenstorrent/1,/dev/tenstorrent/2
2026-09-17T13:02:34Z 1350 800 10.49 ,/dev/tenstorrent/0,/dev/tenstorrent/1,/dev/tenstorrent/2
2026-09-17T13:02:36Z 1350 800 10.13 ,/dev/tenstorrent/0,/dev/tenstorrent/1,/dev/tenstorrent/2
2026-09-17T13:02:39Z 1350 800 10.13 ,/dev/tenstorrent/0,/dev/tenstorrent/1,/dev/tenstorrent/2
2026-09-17T13:02:41Z 1350 800 9.56 ,/dev/tenstorrent/0,/dev/tenstorrent/1,/dev/tenstorrent/2
2026-09-17T13:02:43Z 1350 800 9.56 ,/dev/tenstorrent/0,/dev/tenstorrent/1,/dev/tenstorrent/2
2026-09-17T13:02:45Z 1350 800 10.23 ,/dev/tenstorrent/0,/dev/tenstorrent/1,/dev/tenstorrent/2
2026-09-17T13:02:47Z 1350 800 10.23 ,/dev/tenstorrent/0,/dev/tenstorrent/1,/dev/tenstorrent/2
2026-09-17T13:02:49Z 1350 800 10.23 ,/dev/tenstorrent/0,/dev/tenstorrent/1,/dev/tenstorrent/2
2026-09-17T13:02:51Z 1350 800 9.81 ,/dev/tenstorrent/0,/dev/tenstorrent/1,/dev/tenstorrent/2
2026-09-17T13:02:53Z 1350 800 9.81 ,/dev/tenstorrent/0,/dev/tenstorrent/1,/dev/tenstorrent/2
2026-09-17T13:02:55Z 1350 800 10.47 ,/dev/tenstorrent/0,/dev/tenstorrent/1,/dev/tenstorrent/2
2026-09-17T13:02:57Z 1350 800 10.47 ,/dev/tenstorrent/0,/dev/tenstorrent/1,/dev/tenstorrent/2
2026-09-17T13:02:59Z 1350 800 10.47 ,/dev/tenstorrent/0,/dev/tenstorrent/1,/dev/tenstorrent/2
2026-09-17T13:03:01Z 1350 800 11.07 ,/dev/tenstorrent/0,/dev/tenstorrent/1,/dev/tenstorrent/2
2026-09-17T13:03:03Z 1350 800 11.07 ,/dev/tenstorrent/0,/dev/tenstorrent/1,/dev/tenstorrent/2
2026-09-17T13:03:05Z 1350 800 11.79 ,/dev/tenstorrent/0,/dev/tenstorrent/1,/dev/tenstorrent/2
2026-09-17T13:03:07Z 1350 800 11.79 ,/dev/tenstorrent/0,/dev/tenstorrent/1,/dev/tenstorrent/2
2026-09-17T13:03:10Z 1350 800 11.79 ,/dev/tenstorrent/0,/dev/tenstorrent/1,/dev/tenstorrent/2
2026-09-17T13:03:12Z 1350 800 11.48 ,/dev/tenstorrent/0,/dev/tenstorrent/1,/dev/tenstorrent/2
2026-09-17T13:03:14Z 1350 800 11.48 ,/dev/tenstorrent/0,/dev/tenstorrent/1,/dev/tenstorrent/2
2026-09-17T13:03:16Z 1350 800 12.01 ,/dev/tenstorrent/0,/dev/tenstorrent/1,/dev/tenstorrent/2
2026-09-17T13:03:18Z 1350 800 12.01 ,/dev/tenstorrent/0,/dev/tenstorrent/1,/dev/tenstorrent/2
2026-09-17T13:03:20Z 1350 800 12.57 ,/dev/tenstorrent/0,/dev/tenstorrent/1,/dev/tenstorrent/2
2026-09-17T13:03:22Z 1350 800 12.57 ,/dev/tenstorrent/0,/dev/tenstorrent/1,/dev/tenstorrent/2
2026-09-17T13:03:24Z 1350 800 12.57 ,/dev/tenstorrent/0,/dev/tenstorrent/1,/dev/tenstorrent/2
2026-09-17T13:03:26Z 1350 800 13.00 ,/dev/tenstorrent/0,/dev/tenstorrent/1,/dev/tenstorrent/2
2026-09-17T13:03:28Z 1350 800 13.00 ,/dev/tenstorrent/0,/dev/tenstorrent/1,/dev/tenstorrent/2
2026-09-17T13:03:30Z 1350 800 13.40 ,/dev/tenstorrent/0,/dev/tenstorrent/1,/dev/tenstorrent/2
2026-09-17T13:03:32Z 1350 800 13.40 ,/dev/tenstorrent/0,/dev/tenstorrent/1,/dev/tenstorrent/2
2026-09-17T13:03:34Z 1350 800 13.40 ,/dev/tenstorrent/0,/dev/tenstorrent/1,/dev/tenstorrent/2
2026-09-17T13:03:36Z 1350 800 12.81 ,/dev/tenstorrent/0,/dev/tenstorrent/1,/dev/tenstorrent/2
2026-09-17T13:03:38Z 1350 800 12.81 ,/dev/tenstorrent/1,/dev/tenstorrent/2
2026-09-17T13:03:41Z 1350 800 13.23 ,/dev/tenstorrent/1,/dev/tenstorrent/2
2026-09-17T13:03:43Z 1350 800 13.23 ,/dev/tenstorrent/1,/dev/tenstorrent/2
2026-09-17T13:03:45Z 1350 800 13.69 ,/dev/tenstorrent/0,/dev/tenstorrent/1,/dev/tenstorrent/2
2026-09-17T13:03:47Z 1350 800 13.69 ,/dev/tenstorrent/1,/dev/tenstorrent/2
2026-09-17T13:03:49Z 1350 800 13.69 ,/dev/tenstorrent/0,/dev/tenstorrent/1,/dev/tenstorrent/2
