{
 "host": "tt-quietbox2",
 "card": "3",
 "pci": "0000:04:00.0",
 "sysfs": "/sys/class/tenstorrent/tenstorrent!3/tt_aiclk",
 "commit": "c0520f387766e08d5f37a752c1d51f3528f9fdc6",
 "seed": 100,
 "rounds_requested": 12,
 "length_bucket_size": 32,
 "stage_plan": {
  "per_stage": {
   "screen": 50,
   "refine": 25,
   "anneal": 45,
   "harden": 5,
   "mutate": 15
  },
  "gradient_steps": 125,
  "mutate_steps": 15
 },
 "started_utc": "2026-09-24T21:41:01Z",
 "loadavg_start": [
  33.53857421875,
  35.0390625,
  35.05029296875
 ],
 "nproc": 16,
 "project": "/home/ttuser/.coworker/wt/bcx-round/perf/bcx_round/runs/round_seed100_card3"
}
2026-09-24 21:41:02.728 | DEBUG    | ttnn:<module>:77 - Initial ttnn.CONFIG:
Config{cache_path=/home/ttuser/.cache/ttnn,model_cache_path=/home/ttuser/.cache/ttnn/models,tmp_dir=/tmp/ttnn,enable_model_cache=false,enable_fast_runtime_mode=true,throw_exception_on_fallback=false,enable_logging=false,enable_graph_report=false,enable_detailed_buffer_report=false,enable_detailed_tensor_report=false,enable_comparison_mode=false,comparison_mode_should_raise_exception=false,comparison_mode_pcc=0.9999,root_report_path=generated/ttnn/reports,report_name=std::nullopt,std::nullopt}
/home/ttuser/.coworker/wt/bcx-round/tt_bio/main.py:48: RuntimeWarning: os.fork() was called. os.fork() is incompatible with multithreaded code, and JAX is multithreaded, so this will likely lead to a deadlock.
  pid = _os.fork()
BindCraft 2 (unreleased)
campaign pdl1
binder length 60 to 180, drawn per trajectory
target hPDL1 (target) | 115 residues | hotspots 54,56,66,115
losses binder_contacts=1.0 binder_helicity=-0.3 binder_pae=0.4 compactness=0.5 interface_contacts=1.0 interface_pae=0.1 iptm_loss=0.05 plddt_loss=0.1
filters Backbone_Clashes <= 0, Binder_RMSD <= 3.5, Interface_Residues >= 7, Unbound_Binder_pLDDT >= 0.7, i_pAE <= 0.35, i_pTM >= 0.7, pTM >= 0.55
results /home/ttuser/.coworker/wt/bcx-round/perf/bcx_round/runs/round_seed100_card3 | 3_Ranked/!_Ranked.csv rewritten as each design is accepted | summary.csv written when the campaign ends

=== trajectory 1 | pdl1_denovo_l71_c019673d64134f64 | accepted 0/10 ===
{
 "host": "tt-quietbox2",
 "card": "3",
 "pci": "0000:04:00.0",
 "sysfs": "/sys/class/tenstorrent/tenstorrent!3/tt_aiclk",
 "commit": "c0520f387766e08d5f37a752c1d51f3528f9fdc6",
 "seed": 100,
 "rounds_requested": 12,
 "length_bucket_size": 32,
 "stage_plan": {
  "per_stage": {
   "screen": 50,
   "refine": 25,
   "anneal": 45,
   "harden": 5,
   "mutate": 15
  },
  "gradient_steps": 125,
  "mutate_steps": 15
 },
 "started_utc": "2026-09-24T21:41:01Z",
 "loadavg_start": [
  33.53857421875,
  35.0390625,
  35.05029296875
 ],
 "nproc": 16,
 "project": "/home/ttuser/.coworker/wt/bcx-round/perf/bcx_round/runs/round_seed100_card3",
 "wall_seconds": 533.91,
 "stopped": "12 rounds collected",
 "device_calls": {
  "primal": 0,
  "taped": 22,
  "backward": 11
 },
 "loadavg_end": [
  39.60888671875,
  38.27197265625,
  36.69384765625
 ],
 "finished_utc": "2026-09-24T21:50:33Z"
}
events -> /home/ttuser/.coworker/wt/bcx-round/perf/bcx_round/runs/round_seed100_card3/round_events.json
