=== start 2026-09-14T13:18:55Z loadavg 1.65 2.00 2.72 10/744 470659
2026-09-14 13:18:56.399 | DEBUG    | ttnn:<module>:77 - Initial ttnn.CONFIG:
Config{cache_path=/home/ttuser/.cache/ttnn,model_cache_path=/home/ttuser/.cache/ttnn/models,tmp_dir=/tmp/ttnn,enable_model_cache=false,enable_fast_runtime_mode=true,throw_exception_on_fallback=false,enable_logging=false,enable_graph_report=false,enable_detailed_buffer_report=false,enable_detailed_tensor_report=false,enable_comparison_mode=false,comparison_mode_should_raise_exception=false,comparison_mode_pcc=0.9999,root_report_path=generated/ttnn/reports,report_name=std::nullopt,std::nullopt}
    512 rep0  shipA  ship    24.638s load=  2.2 served=0/296 sha=9aaff566b4888d96
    512 rep0  test   h48     23.624s load=  3.1 served=296/0 sha=9aaff566b4888d96
    512 rep0  shipB  ship    24.220s load=  2.8 served=0/296 sha=9aaff566b4888d96
    512 rep1  shipA  ship    24.333s load=  2.5 served=0/296 sha=9aaff566b4888d96
    512 rep1  test   h48     23.437s load=  3.8 served=296/0 sha=9aaff566b4888d96
    512 rep1  shipB  ship    24.587s load=  3.6 served=0/296 sha=9aaff566b4888d96
    512 rep2  shipA  ship    24.271s load=  3.1 served=0/296 sha=9aaff566b4888d96
    512 rep2  test   h48     23.702s load=  2.8 served=296/0 sha=9aaff566b4888d96
    512 rep2  shipB  ship    24.266s load=  2.5 served=0/296 sha=9aaff566b4888d96
    512 rep3  shipA  ship    24.205s load=  2.2 served=0/296 sha=9aaff566b4888d96
    512 rep3  test   h48     23.766s load=  1.8 served=296/0 sha=9aaff566b4888d96
    512 rep3  shipB  ship    24.496s load=  2.3 served=0/296 sha=9aaff566b4888d96
    512 rep4  shipA  ship    24.328s load=  1.9 served=0/296 sha=9aaff566b4888d96
    512 rep4  test   h48     23.511s load=  2.2 served=296/0 sha=9aaff566b4888d96
    512 rep4  shipB  ship    24.193s load=  1.9 served=0/296 sha=9aaff566b4888d96
    512 rep5  shipA  ship    24.266s load=  1.6 served=0/296 sha=9aaff566b4888d96
    512 rep5  test   h48     23.427s load=  1.4 served=296/0 sha=9aaff566b4888d96
    512 rep5  shipB  ship    24.239s load=  1.2 served=0/296 sha=9aaff566b4888d96
    512 rep6  shipA  ship    24.159s load=  1.7 served=0/296 sha=9aaff566b4888d96
    512 rep6  test   h48     23.410s load=  2.0 served=296/0 sha=9aaff566b4888d96
    512 rep6  shipB  ship    24.257s load=  2.2 served=0/296 sha=9aaff566b4888d96
    512 rep7  shipA  ship    24.342s load=  2.4 served=0/296 sha=9aaff566b4888d96
    512 rep7  test   h48     23.406s load=  1.9 served=296/0 sha=9aaff566b4888d96
    512 rep7  shipB  ship    24.235s load=  1.6 served=0/296 sha=9aaff566b4888d96
    512 rep8  shipA  ship    24.246s load=  1.4 served=0/296 sha=9aaff566b4888d96
    512 rep8  test   h48     23.410s load=  2.4 served=296/0 sha=9aaff566b4888d96
Terminated
=== foldab rc=143 2026-09-14T13:33:24Z loadavg 2.19 1.86 2.24 2/749 482969
