arm off1: trajectories=3 interleave=1 TT_BIO_TAPED_KERNELS=tri_att_sdpa_hifi,rne_add TT_BIO_GATED_BW_FUSED=0 TT_BIO_NOGRAD_INFERENCE=0 TT_BIO_GATE_BW_FUSED=0 TT_BIO_AF2_G_BIAS_IN_MATMUL=0 TT_BIO_LEAD_SUM_FUSED=0 TT_BIO_TRIATT_BW_QKV_PACKED=0 TT_BIO_FANIN_CAST_FUSED=0 TT_BIO_PAIR_TRANSPOSE_FUSED=0 TT_BIO_GATED_GRAD_PACKED=0 TT_BIO_TRIATT_BW_EXP_21F=0 TT_BIO_PAIR_MM=0
2026-10-01 14:08:11.399 | DEBUG    | ttnn:<module>:77 - Initial ttnn.CONFIG:
Config{cache_path=/home/ttuser/.cache/ttnn,model_cache_path=/home/ttuser/.cache/ttnn/models,tmp_dir=/tmp/ttnn,enable_model_cache=false,enable_fast_runtime_mode=true,throw_exception_on_fallback=false,enable_logging=false,enable_graph_report=false,enable_detailed_buffer_report=false,enable_detailed_tensor_report=false,enable_comparison_mode=false,comparison_mode_should_raise_exception=false,comparison_mode_pcc=0.9999,root_report_path=generated/ttnn/reports,report_name=std::nullopt,std::nullopt}
{
 "host": "tt-quietbox2",
 "card": "3",
 "tt_bio_file": "/home/ttuser/.coworker/wt/bcp-evo/tt_bio/__init__.py",
 "interleave": true,
 "trajectories": 3,
 "extra_msa_on_device": true,
 "template_on_device": true,
 "levers_expected": {
  "genq_compact": false,
  "grad_fanin_l1": false,
  "taped_channel_move": true,
  "mm_layout": true,
  "widen_add": true,
  "triatt_bw": true,
  "triatt_hifi": true,
  "rne_kernel": true
 },
 "pci": "0000:04:00.0",
 "sysfs": "/sys/class/tenstorrent/tenstorrent!3/tt_aiclk",
 "commit": "17a7e3ddc87cef08eef97993a29e8217475d06d0",
 "seed": 100,
 "binder": 146,
 "rounds_requested": 9,
 "length_bucket_size": 32,
 "started_utc": "2026-10-01T14:08:11Z",
 "loadavg_start": [
  7.52783203125,
  5.921875,
  7.91162109375
 ],
 "nproc": 16,
 "project": "perf/bcp_evo/out/round_composed/off1"
}
/home/ttuser/.coworker/wt/bcp-evo/tt_bio/main.py:62: RuntimeWarning: os.fork() was called. os.fork() is incompatible with multithreaded code, and JAX is multithreaded, so this will likely lead to a deadlock.
  pid = _os.fork()
BindCraft 2 (unreleased)
campaign pdl1
binder length 146, drawn per trajectory
target hPDL1 (target) | 115 residues | hotspots 54,56,66,115
losses binder_contacts=1.0 binder_helicity=-0.3 binder_pae=0.4 compactness=0.5 interface_contacts=1.0 interface_pae=0.1 iptm_loss=0.05 plddt_loss=0.1
filters Backbone_Clashes <= 0, Binder_RMSD <= 3.5, Interface_Residues >= 7, Unbound_Binder_pLDDT >= 0.7, i_pAE <= 0.35, i_pTM >= 0.7, pTM >= 0.55
results perf/bcp_evo/out/round_composed/off1 | 3_Ranked/!_Ranked.csv rewritten as each design is accepted | summary.csv written when the campaign ends

=== trajectory 1 | pdl1_denovo_l146_65b794fd11eadc4b | accepted 0/10 ===
BindCraft 2 (unreleased)
campaign pdl1
binder length 146, drawn per trajectory
target hPDL1 (target) | 115 residues | hotspots 54,56,66,115
losses binder_contacts=1.0 binder_helicity=-0.3 binder_pae=0.4 compactness=0.5 interface_contacts=1.0 interface_pae=0.1 iptm_loss=0.05 plddt_loss=0.1
filters Backbone_Clashes <= 0, Binder_RMSD <= 3.5, Interface_Residues >= 7, Unbound_Binder_pLDDT >= 0.7, i_pAE <= 0.35, i_pTM >= 0.7, pTM >= 0.55
results perf/bcp_evo/out/round_composed/off1 | 3_Ranked/!_Ranked.csv rewritten as each design is accepted | summary.csv written when the campaign ends

=== trajectory 2 | pdl1_denovo_l146_95577589ca04600d | accepted 0/10 ===
BindCraft 2 (unreleased)
campaign pdl1
binder length 146, drawn per trajectory
target hPDL1 (target) | 115 residues | hotspots 54,56,66,115
losses binder_contacts=1.0 binder_helicity=-0.3 binder_pae=0.4 compactness=0.5 interface_contacts=1.0 interface_pae=0.1 iptm_loss=0.05 plddt_loss=0.1
filters Backbone_Clashes <= 0, Binder_RMSD <= 3.5, Interface_Residues >= 7, Unbound_Binder_pLDDT >= 0.7, i_pAE <= 0.35, i_pTM >= 0.7, pTM >= 0.55
results perf/bcp_evo/out/round_composed/off1 | 3_Ranked/!_Ranked.csv rewritten as each design is accepted | summary.csv written when the campaign ends

=== trajectory 3 | pdl1_denovo_l146_617507eef6bea406 | accepted 0/10 ===
{
 "host": "tt-quietbox2",
 "card": "3",
 "tt_bio_file": "/home/ttuser/.coworker/wt/bcp-evo/tt_bio/__init__.py",
 "interleave": true,
 "trajectories": 3,
 "extra_msa_on_device": true,
 "template_on_device": true,
 "levers_expected": {
  "genq_compact": false,
  "grad_fanin_l1": false,
  "taped_channel_move": true,
  "mm_layout": true,
  "widen_add": true,
  "triatt_bw": true,
  "triatt_hifi": true,
  "rne_kernel": true
 },
 "pci": "0000:04:00.0",
 "sysfs": "/sys/class/tenstorrent/tenstorrent!3/tt_aiclk",
 "commit": "17a7e3ddc87cef08eef97993a29e8217475d06d0",
 "seed": 100,
 "binder": 146,
 "rounds_requested": 9,
 "length_bucket_size": 32,
 "started_utc": "2026-10-01T14:08:11Z",
 "loadavg_start": [
  7.52783203125,
  5.921875,
  7.91162109375
 ],
 "nproc": 16,
 "project": "perf/bcp_evo/out/round_composed/off1",
 "fast": {
  "MM_LAYOUT": true,
  "TAPED_MOVE": true,
  "WIDEN_ADD": true,
  "QKV_GRAD_JOIN": true,
  "FUSED": true,
  "QKV_PACKED": false,
  "EXP_21F": false,
  "FANIN_CAST_FUSED": false,
  "PAIR_TRANSPOSE_FUSED": false,
  "GATED_GRAD_PACKED": false,
  "GATED_BW_FUSED": false,
  "GATE_BW_FUSED": false,
  "LEAD_SUM_FUSED": false,
  "PAIR_MM_FUSED": false,
  "NOGRAD_IS_INFERENCE": false,
  "_TRIATT_FUSED_HIFI": true,
  "rne_kernel": true,
  "tri_att_g_in_matmul": false,
  "TAPED_KERNELS_DEFAULT": "tri_att_sdpa_hifi,rne_add,reblock_permute_gated,pair_transpose",
  "SOFTMAX_BW_FP32": false
 },
 "gate": {
  "waited_s": {
   "A": 58.865,
   "B": 60.645,
   "C": 60.415
  },
  "held_s": {
   "A": 48.017,
   "B": 47.315,
   "C": 47.682
  },
  "seams": {
   "A": 81,
   "B": 81,
   "C": 81
  },
  "slot_at_seam": {
   "A@Dummy-3": 12,
   "A@Dummy-4": 3,
   "A@Dummy-5": 8,
   "A@Dummy-6": 7,
   "A@Dummy-7": 3,
   "A@Dummy-8": 10,
   "A@Dummy-9": 5,
   "B@Dummy-10": 8,
   "B@Dummy-11": 7,
   "B@Dummy-5": 3,
   "B@Dummy-3": 5,
   "B@Dummy-12": 11,
   "B@Dummy-6": 3,
   "C@Dummy-13": 9,
   "C@Dummy-12": 9,
   "C@Dummy-5": 3,
   "C@Dummy-9": 2,
   "C@Dummy-14": 4,
   "C@Dummy-7": 13,
   "C@Dummy-15": 9,
   "A@Dummy-11": 5,
   "B@Dummy-7": 10,
   "A@Dummy-14": 7,
   "C@Dummy-16": 6,
   "A@Dummy-15": 5,
   "B@Dummy-8": 9,
   "B@Dummy-15": 3,
   "A@Dummy-17": 2,
   "B@Dummy-14": 4,
   "B@Dummy-4": 7,
   "A@Dummy-10": 1,
   "C@Dummy-6": 4,
   "C@Dummy-8": 3,
   "B@Dummy-16": 3,
   "A@Dummy-18": 4,
   "B@Dummy-18": 4,
   "C@Dummy-4": 5,
   "C@Dummy-10": 5,
   "B@Dummy-9": 2,
   "B@Dummy-17": 2,
   "C@Dummy-17": 4,
   "A@Dummy-13": 4,
   "A@Dummy-12": 3,
   "C@Dummy-18": 3,
   "A@Dummy-16": 2,
   "C@Dummy-3": 1,
   "C@Dummy-11": 1
  }
 },
 "wall_seconds": 173.05,
 "stopped": [
  "A: 9 rounds collected on 'A'",
  "C: 9 rounds collected on 'C'",
  "B: 9 rounds collected on 'B'"
 ],
 "triatt_bw_stats": {
  "served": 2916,
  "declined": 0,
  "packed": 0,
  "bw_calls": 2916
 },
 "device_calls": {
  "primal": 0,
  "taped": 54,
  "backward": 27
 },
 "kernel_entry_stats": {
  "rne_add": [
   37422,
   0
  ],
  "tri_att_sdpa_hifi": [
   8748,
   0
  ]
 },
 "rne_add_stats": {
  "served": 37422,
  "declined": 324
 },
 "mm_layout": {
  "declined: has a program config": 33372,
  "declined: has a core grid": 7776,
  "served": 18792,
  "declined: not batched": 41472
 },
 "lever_stats": {
  "mm_layout": {
   "declined: has a program config": 33372,
   "declined: has a core grid": 7776,
   "served": 18792,
   "declined: not batched": 41472
  },
  "taped_channel_move": [
   20412,
   16848,
   14580,
   0
  ],
  "widen_add": {
   "served: first": 20898,
   "served: later": 5508
  },
  "rne_add": [
   37422,
   324
  ],
  "qkv_grad_join": {
   "served": 16524
  },
  "triatt_bw": {
   "served": 2916,
   "declined": 0,
   "packed": 0,
   "bw_calls": 2916
  },
  "triatt_fused_hifi": {
   "served": 8748,
   "declined": 0,
   "too_short": 0,
   "taped": 0,
   "padded": 0
  },
  "taped_kernels": {
   "rne_add": [
    37422,
    0
   ],
   "tri_att_sdpa_hifi": [
    8748,
    0
   ]
  }
 },
 "exact_softmax_stats": {
  "verb": 0,
  "raw": 0,
  "raw_elements": 0
 },
 "host_folds": {},
 "loadavg_end": [
  8.13916015625,
  6.8779296875,
  7.921875
 ],
 "finished_utc": "2026-10-01T14:11:04Z"
}
events -> perf/bcp_evo/out/round_composed/off1/round_events.json
