2026-09-26 01:43:14.806 | DEBUG    | ttnn:<module>:77 - Initial ttnn.CONFIG:
Config{cache_path=/home/ttuser/.cache/ttnn,model_cache_path=/home/ttuser/.cache/ttnn/models,tmp_dir=/tmp/ttnn,enable_model_cache=false,enable_fast_runtime_mode=true,throw_exception_on_fallback=false,enable_logging=false,enable_graph_report=false,enable_detailed_buffer_report=false,enable_detailed_tensor_report=false,enable_comparison_mode=false,comparison_mode_should_raise_exception=false,comparison_mode_pcc=0.9999,root_report_path=generated/ttnn/reports,report_name=std::nullopt,std::nullopt}
{
 "exact_training": false,
 "exact_training_ops": [
  "softmax",
  "layer_norm"
 ],
 "seed": 13,
 "trajectories": 6,
 "settings": "/home/ttuser/bcx_e2e/bc2/examples/pdl1.json",
 "settings_edited": false,
 "resident": 1,
 "length_bucket_size": 32,
 "multimer_pool": [
  "model_1_multimer_v3",
  "model_2_multimer_v3",
  "model_3_multimer_v3",
  "model_4_multimer_v3",
  "model_5_multimer_v3"
 ],
 "host": "tt-quietbox",
 "card": "1",
 "pci": "0000:41:00.0",
 "sysfs": "/sys/class/tenstorrent/tenstorrent!2/tt_aiclk",
 "commit": "643cabcf9ed31b4ec23f82913bc083c3531884b7",
 "omp": "8",
 "nproc": 32,
 "started_utc": "2026-09-26T01:43:16Z",
 "loadavg_start": [
  20.6787109375,
  25.05078125,
  25.2373046875
 ],
 "project": "/home/ttuser/bcx_accept_art/qb1/qb1_s13"
}
BindCraft 2 (unreleased)
campaign pdl1
binder length 60 to 180, drawn per trajectory
target hPDL1 (target) | 115 residues | hotspots 54,56,66,115
losses binder_contacts=1.0 binder_helicity=-0.3 binder_pae=0.4 compactness=0.5 interface_contacts=1.0 interface_pae=0.1 iptm_loss=0.05 plddt_loss=0.1
filters Backbone_Clashes <= 0, Binder_RMSD <= 3.5, Interface_Residues >= 7, Unbound_Binder_pLDDT >= 0.7, i_pAE <= 0.35, i_pTM >= 0.7, pTM >= 0.55
results /home/ttuser/bcx_accept_art/qb1/qb1_s13 | 3_Ranked/!_Ranked.csv rewritten as each design is accepted | summary.csv written when the campaign ends

=== trajectory 1 | pdl1_denovo_l70_a0ee99180e3475e5 | accepted 0/10 ===
/home/ttuser/bcx_accept_art/qb1tree/tt_bio/main.py:62: RuntimeWarning: os.fork() was called. os.fork() is incompatible with multithreaded code, and JAX is multithreaded, so this will likely lead to a deadlock.
  pid = _os.fork()
  passed screen design stage  i_pTM=0.85    pLDDT=0.93  
  passed refine design stage  i_pTM=0.84    pLDDT=0.93  
  passed anneal design stage  i_pTM=0.84    pLDDT=0.94  
  passed harden design stage  i_pTM=0.82    pLDDT=0.92  
  passed mutate design stage  i_pTM=0.57    pLDDT=0.72  
  trajectory rejected  i_pTM=0.57    pLDDT=0.72   due to [i_pTM]

=== trajectory 2 | pdl1_denovo_l163_3aa2df7922f3b238 | accepted 0/10 ===
  passed screen design stage  i_pTM=0.9     pLDDT=0.96  
  passed refine design stage  i_pTM=0.89    pLDDT=0.94  
  passed anneal design stage  i_pTM=0.89    pLDDT=0.95  
  rejected at harden design stage  i_pTM=0.1     pLDDT=0.46   due to [i_pTM, pLDDT]

=== trajectory 3 | pdl1_denovo_l113_bb573cebd6ca134a | accepted 0/10 ===
  passed screen design stage  i_pTM=0.77    pLDDT=0.93  
  passed refine design stage  i_pTM=0.64    pLDDT=0.79  
  passed anneal design stage  i_pTM=0.82    pLDDT=0.9   
  passed harden design stage  i_pTM=0.79    pLDDT=0.89  
2026-09-26 06:22:03.130 | critical |          Always | TT_THROW: Statically allocated circular buffers in program 1369 clash with L1 buffers on core range [(x=0,y=0) - (x=10,y=9)]. L1 buffer allocated at 1110016 and static circular buffer region ends at 1176064 (assert.hpp:104)
[tt-bio] trimul L1/circular-buffer clash at chunk width 64 (seq 256, 11x10 grid): retrying narrower. The tt-metal 'critical' line above is expected and handled; the result is unchanged.
  passed mutate design stage  i_pTM=0.79    pLDDT=0.88  
  binder hallucination successful
  binder optimization, 10 MPNN redesigns
   1/10  ACCEPTED  Binder_RMSD=0.34    Hotspot_Contact_Fraction=1.0     Interface_Residues=18   Off_Epitope_Contact_Fraction=0.0     Target_pLDDT=0.93    i_pAE=0.21    i_pTM=0.78    pLDDT=0.91    pTM=0.84  
   2/10  ACCEPTED  Binder_RMSD=0.32    Hotspot_Contact_Fraction=1.0     Interface_Residues=18   Off_Epitope_Contact_Fraction=0.0     Target_pLDDT=0.92    i_pAE=0.24    i_pTM=0.75    pLDDT=0.91    pTM=0.82  
   3/10  ACCEPTED  Binder_RMSD=0.23    Hotspot_Contact_Fraction=1.0     Interface_Residues=19   Off_Epitope_Contact_Fraction=0.0     Target_pLDDT=0.92    i_pAE=0.22    i_pTM=0.79    pLDDT=0.9     pTM=0.84  
  3 of 10 redesigns passed, keeping the best 1 by i_pDAE: candidate 3 (0.22)

=== trajectory 4 | pdl1_denovo_l113_aa8314f415ec4a76 | accepted 1/10 ===
