2026-08-16 17:56:03.158 | DEBUG    | ttnn:<module>:77 - Initial ttnn.CONFIG:
Config{cache_path=/home/ttuser/.cache/ttnn,model_cache_path=/home/ttuser/.cache/ttnn/models,tmp_dir=/tmp/ttnn,enable_model_cache=false,enable_fast_runtime_mode=true,throw_exception_on_fallback=false,enable_logging=false,enable_graph_report=false,enable_detailed_buffer_report=false,enable_detailed_tensor_report=false,enable_comparison_mode=false,comparison_mode_should_raise_exception=false,comparison_mode_pcc=0.9999,root_report_path=generated/ttnn/reports,report_name=std::nullopt,std::nullopt}
2026-08-16 17:56:05.661 | DEBUG    | ttnn:<module>:77 - Initial ttnn.CONFIG:
Config{cache_path=/home/ttuser/.cache/ttnn,model_cache_path=/home/ttuser/.cache/ttnn/models,tmp_dir=/tmp/ttnn,enable_model_cache=false,enable_fast_runtime_mode=true,throw_exception_on_fallback=false,enable_logging=false,enable_graph_report=false,enable_detailed_buffer_report=false,enable_detailed_tensor_report=false,enable_comparison_mode=false,comparison_mode_should_raise_exception=false,comparison_mode_pcc=0.9999,root_report_path=generated/ttnn/reports,report_name=std::nullopt,std::nullopt}
2026-08-16 17:56:06.927 | info     |             UMD | Creating TopologyDiscovery for architecture: blackhole (topology_discovery.cpp:69)
2026-08-16 17:56:06.933 | info     |             UMD | Established firmware bundle version: 19.8.1 (topology_discovery.cpp:471)
2026-08-16 17:56:06.933 | info     |             UMD | Firmware bundle version 19.8.1 on the system is newer than the latest fully tested version 19.5.0 for blackhole architecture. Newest features may not be supported. (topology_discovery.cpp:503)
2026-08-16 17:56:06.940 | info     |          Device | Opening user mode device driver (tt_cluster.cpp:224)
2026-08-16 17:56:06.941 | info     |             UMD | Creating TopologyDiscovery for architecture: blackhole (topology_discovery.cpp:69)
2026-08-16 17:56:06.945 | info     |             UMD | Established firmware bundle version: 19.8.1 (topology_discovery.cpp:471)
2026-08-16 17:56:06.945 | info     |             UMD | Firmware bundle version 19.8.1 on the system is newer than the latest fully tested version 19.5.0 for blackhole architecture. Newest features may not be supported. (topology_discovery.cpp:503)
2026-08-16 17:56:06.955 | info     |             UMD | Creating TopologyDiscovery for architecture: blackhole (topology_discovery.cpp:69)
2026-08-16 17:56:06.960 | info     |             UMD | Established firmware bundle version: 19.8.1 (topology_discovery.cpp:471)
2026-08-16 17:56:06.960 | info     |             UMD | Firmware bundle version 19.8.1 on the system is newer than the latest fully tested version 19.5.0 for blackhole architecture. Newest features may not be supported. (topology_discovery.cpp:503)
2026-08-16 17:56:06.981 | info     |             UMD | Harvesting masks for chip 0 tensix: 0x0 dram: 0x0 eth: 0x120 pcie: 0x2 l2cpu: 0x0 (cluster.cpp:325)
2026-08-16 17:56:07.031 | info     |             UMD | Opening local chip ids/PCIe ids: {0}/[2] and remote chip ids {} (cluster.cpp:180)
2026-08-16 17:56:07.031 | info     |             UMD | IOMMU: disabled (cluster.cpp:155)
2026-08-16 17:56:07.031 | info     |             UMD | KMD version: 2.8.0 (cluster.cpp:158)
2026-08-16 17:56:07.032 | info     |             UMD | Starting devices in cluster (cluster.cpp:951)
2026-08-16 17:56:07.033 | info     |             UMD | Mapped hugepage 0x140000000 to NOC address 0x1000000000000000 (silicon_sysmem_manager.cpp:215)
2026-08-16 17:56:07.265 | info     |     Distributed | Using auto discovery to generate mesh graph. (metal_env.cpp:329)
2026-08-16 17:56:07.265 | info     |     Distributed | Constructing control plane using auto-discovery (no mesh graph descriptor). (metal_env.cpp:391)
2026-08-16 17:56:07.266 | info     |             UMD | Creating TopologyDiscovery for architecture: blackhole (topology_discovery.cpp:69)
2026-08-16 17:56:07.267 | info     |             UMD | Established firmware bundle version: 19.8.1 (topology_discovery.cpp:471)
2026-08-16 17:56:07.267 | info     |             UMD | Firmware bundle version 19.8.1 on the system is newer than the latest fully tested version 19.5.0 for blackhole architecture. Newest features may not be supported. (topology_discovery.cpp:503)
2026-08-16 17:56:07.271 | info     |          Fabric | TopologyMapper: Logical Multi-Mesh Adjacency Map: (topology_mapper.cpp:1474)
2026-08-16 17:56:07.271 | info     |          Fabric | 
=== Logical Mesh-Level Graph Adjacency Map ===
Total nodes: 1
Degree histogram: {0:1}
 (topology_solver.tpp:89)
2026-08-16 17:56:07.271 | info     |          Fabric | 
=== Logical Mesh 0 Internal Graph Adjacency Map ===
Total nodes: 1
Degree histogram: {0:1}
 (topology_solver.tpp:89)
2026-08-16 17:56:07.271 | info     |          Fabric | TopologyMapper: Physical Multi-Mesh Adjacency Map: (topology_mapper.cpp:1485)
2026-08-16 17:56:07.271 | info     |          Fabric | 
=== Physical Mesh-Level Graph Adjacency Map ===
Total nodes: 1
Degree histogram: {0:1}
 (topology_solver.tpp:89)
2026-08-16 17:56:07.271 | info     |          Fabric | 
=== Physical Mesh 0 Internal Graph Adjacency Map ===
Total nodes: 1
Degree histogram: {0:1}
 (topology_solver.tpp:89)
2026-08-16 17:56:07.271 | info     |          Fabric | Starting multi-mesh mapping: 1 logical mesh(es) to 1 physical mesh(es) (topology_mapper_utils.cpp:1107)
2026-08-16 17:56:07.271 | info     |          Fabric | Multi-mesh mapping attempt 1/2: Trying inter-mesh mapping (topology_mapper_utils.cpp:1148)
2026-08-16 17:56:07.271 | info     |          Fabric | Attempt 1: Inter-mesh mapping succeeded, found 1 mesh pair(s) (topology_mapper_utils.cpp:1177)
2026-08-16 17:56:07.271 | info     |          Fabric | Multi-mesh mapping succeeded after 1 attempt(s): 1 mesh pair(s) mapped (topology_mapper_utils.cpp:1316)
2026-08-16 17:56:07.288 | warning  |       Inspector | Failed to start Inspector RPC server: ::bind(sockfd, &addr.generic, addrlen): Address already in use; toString() = 127.0.0.1:50051 (data.cpp:47)
2026-08-16 17:56:07.433 | info     |           Metal | Enabling program cache on MeshDevice 1 (mesh_device.cpp:959)
17:56:08  [tt-quietbox:tt1] loading model…
2026-08-16 17:56:10.802 | warning  |       Inspector | Failed to start Inspector RPC server: ::bind(sockfd, &addr.generic, addrlen): Address already in use; toString() = 127.0.0.1:50051 (data.cpp:47)
2026-08-16 17:56:10.922 | info     |           Metal | Enabling program cache on MeshDevice 3 (mesh_device.cpp:959)
17:56:18  [tt-quietbox:tt1] P00352
17:56:18  [tt-quietbox:tt1]   msa
17:56:19  [tt-quietbox:tt1]   prep
2026-08-16 17:56:20.819 | info     |           Metal | Disabling and clearing program cache on MeshDevice 3 (mesh_device.cpp:969)
2026-08-16 17:56:20.820 | info     |           Metal | Enabling program cache on MeshDevice 3 (mesh_device.cpp:959)
17:56:21  [tt-quietbox:tt1]   trunk 0/4
2026-08-16 17:56:28.608 | info     |              Op | Multicast eligibility: 0/0 chains using mcast (all-or-nothing) (sdpa_program_factory.cpp:1269)
17:56:33  [tt-quietbox:tt1]   trunk 1/4
17:56:37  [tt-quietbox:tt1]   trunk 2/4
17:56:42  [tt-quietbox:tt1]   trunk 3/4
17:56:47  [tt-quietbox:tt1]   diffusion 0/200
2026-08-16 17:56:52.704 | info     |              Op | Multicast eligibility: 0/0 chains using mcast (all-or-nothing) (sdpa_program_factory.cpp:1269)
17:56:55  [tt-quietbox:tt1]   diffusion 10/200
17:56:56  [tt-quietbox:tt1]   diffusion 20/200
17:56:58  [tt-quietbox:tt1]   diffusion 30/200
17:56:59  [tt-quietbox:tt1]   diffusion 40/200
17:56:59  [tt-quietbox:tt1]   diffusion 50/200
17:57:01  [tt-quietbox:tt1]   diffusion 60/200
17:57:02  [tt-quietbox:tt1]   diffusion 70/200
17:57:03  [tt-quietbox:tt1]   diffusion 80/200
17:57:04  [tt-quietbox:tt1]   diffusion 90/200
17:57:05  [tt-quietbox:tt1]   diffusion 100/200
17:57:06  [tt-quietbox:tt1]   diffusion 110/200
17:57:07  [tt-quietbox:tt1]   diffusion 120/200
17:57:09  [tt-quietbox:tt1]   diffusion 130/200
17:57:10  [tt-quietbox:tt1]   diffusion 140/200
17:57:11  [tt-quietbox:tt1]   diffusion 150/200
17:57:12  [tt-quietbox:tt1]   diffusion 160/200
17:57:12  [tt-quietbox:tt1]   diffusion 170/200
17:57:13  [tt-quietbox:tt1]   diffusion 180/200
17:57:15  [tt-quietbox:tt1]   diffusion 190/200
17:57:16  [tt-quietbox:tt1]   confidence
17:57:20  [tt-quietbox:tt1]   saving
17:57:20  [tt-quietbox:tt1] ✓ P00352 — 62.3s
2026-08-16 17:57:21.516 | info     |          Device | Closing user mode device drivers (tt_cluster.cpp:478)
2026-08-16 17:57:21.516 | info     |             UMD | Closing devices in cluster (cluster.cpp:962)

Done: 1 ok, 0 failed — /home/ttuser/.coworker/wt/wh-boltz2-640aa-clash-rootcause/perf/whb2clash/runs_bhn/P00352_k30_r2/boltz2_results_P00352/results.json
