2026-08-16 17:52:39.311 | DEBUG    | ttnn:<module>:77 - Initial ttnn.CONFIG:
Config{cache_path=/home/ttuser/.cache/ttnn,model_cache_path=/home/ttuser/.cache/ttnn/models,tmp_dir=/tmp/ttnn,enable_model_cache=false,enable_fast_runtime_mode=true,throw_exception_on_fallback=false,enable_logging=false,enable_graph_report=false,enable_detailed_buffer_report=false,enable_detailed_tensor_report=false,enable_comparison_mode=false,comparison_mode_should_raise_exception=false,comparison_mode_pcc=0.9999,root_report_path=generated/ttnn/reports,report_name=std::nullopt,std::nullopt}
2026-08-16 17:52:41.813 | DEBUG    | ttnn:<module>:77 - Initial ttnn.CONFIG:
Config{cache_path=/home/ttuser/.cache/ttnn,model_cache_path=/home/ttuser/.cache/ttnn/models,tmp_dir=/tmp/ttnn,enable_model_cache=false,enable_fast_runtime_mode=true,throw_exception_on_fallback=false,enable_logging=false,enable_graph_report=false,enable_detailed_buffer_report=false,enable_detailed_tensor_report=false,enable_comparison_mode=false,comparison_mode_should_raise_exception=false,comparison_mode_pcc=0.9999,root_report_path=generated/ttnn/reports,report_name=std::nullopt,std::nullopt}
2026-08-16 17:52:42.945 | info     |             UMD | Creating TopologyDiscovery for architecture: blackhole (topology_discovery.cpp:69)
2026-08-16 17:52:42.959 | info     |             UMD | Established firmware bundle version: 19.8.1 (topology_discovery.cpp:471)
2026-08-16 17:52:42.959 | info     |             UMD | Firmware bundle version 19.8.1 on the system is newer than the latest fully tested version 19.5.0 for blackhole architecture. Newest features may not be supported. (topology_discovery.cpp:503)
2026-08-16 17:52:42.964 | info     |          Device | Opening user mode device driver (tt_cluster.cpp:224)
2026-08-16 17:52:42.965 | info     |             UMD | Creating TopologyDiscovery for architecture: blackhole (topology_discovery.cpp:69)
2026-08-16 17:52:42.970 | info     |             UMD | Established firmware bundle version: 19.8.1 (topology_discovery.cpp:471)
2026-08-16 17:52:42.970 | info     |             UMD | Firmware bundle version 19.8.1 on the system is newer than the latest fully tested version 19.5.0 for blackhole architecture. Newest features may not be supported. (topology_discovery.cpp:503)
2026-08-16 17:52:42.978 | info     |             UMD | Creating TopologyDiscovery for architecture: blackhole (topology_discovery.cpp:69)
2026-08-16 17:52:42.981 | info     |             UMD | Established firmware bundle version: 19.8.1 (topology_discovery.cpp:471)
2026-08-16 17:52:42.981 | info     |             UMD | Firmware bundle version 19.8.1 on the system is newer than the latest fully tested version 19.5.0 for blackhole architecture. Newest features may not be supported. (topology_discovery.cpp:503)
2026-08-16 17:52:43.001 | info     |             UMD | Harvesting masks for chip 0 tensix: 0x0 dram: 0x0 eth: 0x120 pcie: 0x2 l2cpu: 0x0 (cluster.cpp:325)
2026-08-16 17:52:43.046 | info     |             UMD | Opening local chip ids/PCIe ids: {0}/[2] and remote chip ids {} (cluster.cpp:180)
2026-08-16 17:52:43.046 | info     |             UMD | IOMMU: disabled (cluster.cpp:155)
2026-08-16 17:52:43.046 | info     |             UMD | KMD version: 2.8.0 (cluster.cpp:158)
2026-08-16 17:52:43.047 | info     |             UMD | Starting devices in cluster (cluster.cpp:951)
2026-08-16 17:52:43.048 | info     |             UMD | Mapped hugepage 0x140000000 to NOC address 0x1000000000000000 (silicon_sysmem_manager.cpp:215)
2026-08-16 17:52:43.249 | info     |     Distributed | Using auto discovery to generate mesh graph. (metal_env.cpp:329)
2026-08-16 17:52:43.249 | info     |     Distributed | Constructing control plane using auto-discovery (no mesh graph descriptor). (metal_env.cpp:391)
2026-08-16 17:52:43.250 | info     |             UMD | Creating TopologyDiscovery for architecture: blackhole (topology_discovery.cpp:69)
2026-08-16 17:52:43.251 | info     |             UMD | Established firmware bundle version: 19.8.1 (topology_discovery.cpp:471)
2026-08-16 17:52:43.251 | info     |             UMD | Firmware bundle version 19.8.1 on the system is newer than the latest fully tested version 19.5.0 for blackhole architecture. Newest features may not be supported. (topology_discovery.cpp:503)
2026-08-16 17:52:43.256 | info     |          Fabric | TopologyMapper: Logical Multi-Mesh Adjacency Map: (topology_mapper.cpp:1474)
2026-08-16 17:52:43.256 | info     |          Fabric | 
=== Logical Mesh-Level Graph Adjacency Map ===
Total nodes: 1
Degree histogram: {0:1}
 (topology_solver.tpp:89)
2026-08-16 17:52:43.256 | info     |          Fabric | 
=== Logical Mesh 0 Internal Graph Adjacency Map ===
Total nodes: 1
Degree histogram: {0:1}
 (topology_solver.tpp:89)
2026-08-16 17:52:43.256 | info     |          Fabric | TopologyMapper: Physical Multi-Mesh Adjacency Map: (topology_mapper.cpp:1485)
2026-08-16 17:52:43.256 | info     |          Fabric | 
=== Physical Mesh-Level Graph Adjacency Map ===
Total nodes: 1
Degree histogram: {0:1}
 (topology_solver.tpp:89)
2026-08-16 17:52:43.256 | info     |          Fabric | 
=== Physical Mesh 0 Internal Graph Adjacency Map ===
Total nodes: 1
Degree histogram: {0:1}
 (topology_solver.tpp:89)
2026-08-16 17:52:43.256 | info     |          Fabric | Starting multi-mesh mapping: 1 logical mesh(es) to 1 physical mesh(es) (topology_mapper_utils.cpp:1107)
2026-08-16 17:52:43.256 | info     |          Fabric | Multi-mesh mapping attempt 1/2: Trying inter-mesh mapping (topology_mapper_utils.cpp:1148)
2026-08-16 17:52:43.256 | info     |          Fabric | Attempt 1: Inter-mesh mapping succeeded, found 1 mesh pair(s) (topology_mapper_utils.cpp:1177)
2026-08-16 17:52:43.256 | info     |          Fabric | Multi-mesh mapping succeeded after 1 attempt(s): 1 mesh pair(s) mapped (topology_mapper_utils.cpp:1316)
2026-08-16 17:52:43.279 | warning  |       Inspector | Failed to start Inspector RPC server: ::bind(sockfd, &addr.generic, addrlen): Address already in use; toString() = 127.0.0.1:50051 (data.cpp:47)
2026-08-16 17:52:43.424 | info     |           Metal | Enabling program cache on MeshDevice 1 (mesh_device.cpp:959)
17:52:44  [tt-quietbox:tt1] loading model…
2026-08-16 17:52:46.808 | warning  |       Inspector | Failed to start Inspector RPC server: ::bind(sockfd, &addr.generic, addrlen): Address already in use; toString() = 127.0.0.1:50051 (data.cpp:47)
2026-08-16 17:52:46.930 | info     |           Metal | Enabling program cache on MeshDevice 3 (mesh_device.cpp:959)
17:52:54  [tt-quietbox:tt1] P54802
17:52:54  [tt-quietbox:tt1]   msa
17:52:55  [tt-quietbox:tt1]   prep
2026-08-16 17:52:56.470 | info     |           Metal | Disabling and clearing program cache on MeshDevice 3 (mesh_device.cpp:969)
2026-08-16 17:52:56.471 | info     |           Metal | Enabling program cache on MeshDevice 3 (mesh_device.cpp:959)
17:52:56  [tt-quietbox:tt1]   trunk 0/4
2026-08-16 17:53:04.000 | info     |              Op | Multicast eligibility: 0/0 chains using mcast (all-or-nothing) (sdpa_program_factory.cpp:1269)
2026-08-16 17:53:04.018 | critical |          Always | TT_THROW: Statically allocated circular buffers on core range [(x=0,y=0) - (x=12,y=9)] grow to 1725952 B which is beyond max L1 size of 1572864 B (assert.hpp:104)
2026-08-16 17:53:04.020 | info     |              Op | Multicast eligibility: 0/0 chains using mcast (all-or-nothing) (sdpa_program_factory.cpp:1269)
2026-08-16 17:53:04.087 | critical |          Always | TT_FATAL: Out of Memory: Not enough space to allocate 80216064 B L1 buffer across 130 banks, where each bank needs to store 617984 B, but bank size is 1461760 B (allocated: 1163264 B, free: 298496 B, largest free block: 298496 B) (assert.hpp:104)
17:53:11  [tt-quietbox:tt1]   trunk 1/4
17:53:20  [tt-quietbox:tt1]   trunk 2/4
17:53:28  [tt-quietbox:tt1]   trunk 3/4
17:53:37  [tt-quietbox:tt1]   diffusion 0/200
2026-08-16 17:53:46.135 | info     |              Op | Multicast eligibility: 0/0 chains using mcast (all-or-nothing) (sdpa_program_factory.cpp:1269)
17:53:48  [tt-quietbox:tt1]   diffusion 10/200
17:53:49  [tt-quietbox:tt1]   diffusion 20/200
17:53:50  [tt-quietbox:tt1]   diffusion 30/200
17:53:52  [tt-quietbox:tt1]   diffusion 40/200
17:53:53  [tt-quietbox:tt1]   diffusion 50/200
17:53:54  [tt-quietbox:tt1]   diffusion 60/200
17:53:55  [tt-quietbox:tt1]   diffusion 70/200
17:53:57  [tt-quietbox:tt1]   diffusion 80/200
17:53:57  [tt-quietbox:tt1]   diffusion 90/200
17:53:59  [tt-quietbox:tt1]   diffusion 100/200
17:54:00  [tt-quietbox:tt1]   diffusion 110/200
17:54:01  [tt-quietbox:tt1]   diffusion 120/200
17:54:02  [tt-quietbox:tt1]   diffusion 130/200
17:54:03  [tt-quietbox:tt1]   diffusion 140/200
17:54:04  [tt-quietbox:tt1]   diffusion 150/200
17:54:05  [tt-quietbox:tt1]   diffusion 160/200
17:54:06  [tt-quietbox:tt1]   diffusion 170/200
17:54:08  [tt-quietbox:tt1]   diffusion 180/200
17:54:09  [tt-quietbox:tt1]   diffusion 190/200
17:54:10  [tt-quietbox:tt1]   confidence
17:54:16  [tt-quietbox:tt1]   saving
17:54:16  [tt-quietbox:tt1] ✓ P54802 — 82.4s
2026-08-16 17:54:17.826 | info     |          Device | Closing user mode device drivers (tt_cluster.cpp:478)
2026-08-16 17:54:17.826 | info     |             UMD | Closing devices in cluster (cluster.cpp:962)

Done: 1 ok, 0 failed — /home/ttuser/.coworker/wt/wh-boltz2-640aa-clash-rootcause/perf/whb2clash/runs_bhn/P54802_k30_r1/boltz2_results_P54802/results.json
