2026-09-17 11:48:27.785 | DEBUG    | ttnn:<module>:77 - Initial ttnn.CONFIG:
Config{cache_path=/home/ttuser/.cache/ttnn,model_cache_path=/home/ttuser/.cache/ttnn/models,tmp_dir=/tmp/ttnn,enable_model_cache=false,enable_fast_runtime_mode=true,throw_exception_on_fallback=false,enable_logging=false,enable_graph_report=false,enable_detailed_buffer_report=false,enable_detailed_tensor_report=false,enable_comparison_mode=false,comparison_mode_should_raise_exception=false,comparison_mode_pcc=0.9999,root_report_path=generated/ttnn/reports,report_name=std::nullopt,std::nullopt}
tt_bio from /home/ttuser/.coworker/wt/c12-kblock-unlock/tt_bio/tenstorrent.py
grid 11x10 = 110 cores | nodes [2] | clock forced 1350 on [2] | aiclk now 1350 MHz
ROOFS {"clk_compute": {"n": 18, "min": 1350, "max": 1350, "mean": 1350.0}, "compute_TFLOPs": 112.09, "clk_dram": {"n": 0, "min": 0, "max": 0, "mean": 0}, "dram_rw_GBs": 376.5}

=== pair_tr_fc1  a[1, 16, 320, 128] @ w[128, 512]  mt_total=160 kt=4 nt=16  act=silu  L1->L1
    census 0 calls, 0.0000 s, 0.0 Mc | Transition.swiglu fc1 tenstorrent.py:8211
    ttnn v0.68.0 would derive: {'family': '1d', 'in0_block_w': 2, 'per_core_M': 2, 'per_core_N': 16, 'narrow_ratio': 10.0}
    clock during this key: {'n': 8, 'min': 1350, 'max': 1350, 'mean': 1350.0}
    prod                         0.0901 ms     7.45 TF/s     74.2 GB/s  maxabs 0.0011
    prod_aa                      0.0897 ms     7.48 TF/s     74.5 GB/s  maxabs 0.0011  1.0040x
    1d_bw1_obh2_obw16            0.0887 ms     7.57 TF/s     75.4 GB/s  maxabs 0.0011  1.0164x
    1d_bw1_obh2_obw8             0.0925 ms     7.26 TF/s     72.3 GB/s  maxabs 0.0011  0.9746x
    1d_bw1_obh1_obw16            0.0970 ms     6.92 TF/s     68.9 GB/s  maxabs 0.0011  0.9292x
    1d_bw1_obh1_obw8             0.1081 ms     6.21 TF/s     61.9 GB/s  maxabs 0.0011  0.8338x
    1d_bw2_obh2_obw16            0.0884 ms     7.59 TF/s     75.7 GB/s  maxabs 0.0011  1.0197x
    1d_bw2_obh2_obw8             0.0922 ms     7.28 TF/s     72.5 GB/s  maxabs 0.0011  0.9771x
    1d_bw2_obh1_obw16            0.0967 ms     6.94 TF/s     69.1 GB/s  maxabs 0.0011  0.9315x
    1d_bw2_obh1_obw8             0.1020 ms     6.58 TF/s     65.6 GB/s  maxabs 0.0011  0.8838x
    1d_bw4_obh2_obw16            0.0896 ms     7.49 TF/s     74.6 GB/s  maxabs 0.0010  1.0056x
    1d_bw4_obh2_obw8             0.0902 ms     7.44 TF/s     74.1 GB/s  maxabs 0.0010  0.9991x
    1d_bw4_obh1_obw16            0.0952 ms     7.05 TF/s     70.2 GB/s  maxabs 0.0010  0.9463x
    1d_bw4_obh1_obw8             0.1006 ms     6.67 TF/s     66.4 GB/s  maxabs 0.0010  0.8955x
    BEST 1d_bw2_obh2_obw16  1.0197x vs prod  (no census counts at this size)  [A/A floor 1.0040x]

=== pair_tr_fc2  a[1, 16, 320, 128] @ w[128, 512]  mt_total=160 kt=4 nt=16  act=None  L1->L1
    census 0 calls, 0.0000 s, 0.0 Mc | Transition.swiglu fc2 tenstorrent.py:8222
    ttnn v0.68.0 would derive: {'family': '1d', 'in0_block_w': 2, 'per_core_M': 2, 'per_core_N': 16, 'narrow_ratio': 10.0}
    clock during this key: {'n': 0, 'min': 0, 'max': 0, 'mean': 0}
    prod                         0.0254 ms    26.39 TF/s    262.9 GB/s  maxabs 0.0021
    prod_aa                      0.0242 ms    27.78 TF/s    276.7 GB/s  maxabs 0.0021  1.0527x
    1d_bw1_obh2_obw16            0.0245 ms    27.44 TF/s    273.3 GB/s  maxabs 0.0021  1.0397x
    1d_bw1_obh2_obw8             0.0303 ms    22.18 TF/s    221.0 GB/s  maxabs 0.0021  0.8406x
    1d_bw1_obh1_obw16            0.0338 ms    19.84 TF/s    197.6 GB/s  maxabs 0.0021  0.7518x
    1d_bw1_obh1_obw8             0.0417 ms    16.08 TF/s    160.1 GB/s  maxabs 0.0021  0.6092x
    1d_bw2_obh2_obw16            0.0229 ms    29.30 TF/s    291.9 GB/s  maxabs 0.0021  1.1105x
    1d_bw2_obh2_obw8             0.0254 ms    26.47 TF/s    263.6 GB/s  maxabs 0.0021  1.0030x
    1d_bw2_obh1_obw16            0.0303 ms    22.13 TF/s    220.5 GB/s  maxabs 0.0021  0.8387x
    1d_bw2_obh1_obw8             0.0357 ms    18.82 TF/s    187.5 GB/s  maxabs 0.0021  0.7132x
    1d_bw4_obh2_obw16            0.0231 ms    29.09 TF/s    289.7 GB/s  maxabs 0.0020  1.1023x
    1d_bw4_obh2_obw8             0.0250 ms    26.79 TF/s    266.9 GB/s  maxabs 0.0020  1.0153x
    1d_bw4_obh1_obw16            0.0290 ms    23.11 TF/s    230.2 GB/s  maxabs 0.0020  0.8758x
    1d_bw4_obh1_obw8             0.0339 ms    19.77 TF/s    196.9 GB/s  maxabs 0.0020  0.7492x
    BEST 1d_bw2_obh2_obw16  1.1105x vs prod  (no census counts at this size)  [A/A floor 1.0527x]

=== pair_tr_fc3  a[1, 16, 320, 512] @ w[512, 128]  mt_total=160 kt=16 nt=4  act=None  L1->DRAM
    census 0 calls, 0.0000 s, 0.0 Mc | Transition.swiglu fc3 tenstorrent.py:8233
    ttnn v0.68.0 would derive: {'family': '1d', 'in0_block_w': 2, 'per_core_M': 2, 'per_core_N': 4, 'narrow_ratio': 40.0}
    clock during this key: {'n': 0, 'min': 0, 'max': 0, 'mean': 0}
    prod                         0.0398 ms    16.85 TF/s    167.8 GB/s  maxabs 0.0028
    prod_aa                      0.0380 ms    17.65 TF/s    175.8 GB/s  maxabs 0.0028  1.0475x
    1d_bw1_obh2_obw4             0.0376 ms    17.85 TF/s    177.8 GB/s  maxabs 0.0028  1.0597x
    1d_bw1_obh1_obw4             0.0645 ms    10.41 TF/s    103.7 GB/s  maxabs 0.0028  0.6177x
    1d_bw2_obh2_obw4             0.0310 ms    21.65 TF/s    215.7 GB/s  maxabs 0.0028  1.2851x
    1d_bw2_obh1_obw4             0.0473 ms    14.19 TF/s    141.4 GB/s  maxabs 0.0028  0.8424x
    1d_bw4_obh2_obw4             0.0265 ms    25.36 TF/s    252.6 GB/s  maxabs 0.0028  1.5054x
    1d_bw4_obh1_obw4             0.0405 ms    16.58 TF/s    165.2 GB/s  maxabs 0.0028  0.9843x
    1d_bw8_obh2_obw4             0.0278 ms    24.18 TF/s    240.9 GB/s  maxabs 0.0028  1.4354x
    1d_bw8_obh1_obw4             0.0378 ms    17.74 TF/s    176.7 GB/s  maxabs 0.0028  1.0532x
    1d_bw16_obh2_obw4            0.0357 ms    18.77 TF/s    187.0 GB/s  maxabs 0.0028  1.1143x
    1d_bw16_obh1_obw4            0.0397 ms    16.92 TF/s    168.5 GB/s  maxabs 0.0028  1.0042x
    BEST 1d_bw4_obh2_obw4  1.5054x vs prod  (no census counts at this size)  [A/A floor 1.0475x]

=== dit_s_768x768  a[1, 320, 768] @ w[768, 768]  mt_total=10 kt=24 nt=24  act=None  DRAM->DRAM
    census 0 calls, 0.0000 s, 0.0 Mc | six DiT sites, AdaLN :9395/:9403 + AttentionPairBias :8159/:8169 + DiT :9610/:9519
    ttnn v0.68.0 would derive: {'family': '2d', 'in0_block_w': 4, 'per_core_M': 1, 'per_core_N': 3, 'narrow_ratio': 2.4}
    clock during this key: {'n': 0, 'min': 0, 'max': 0, 'mean': 0}
    prod                         0.0226 ms    16.71 TF/s     95.7 GB/s  maxabs 0.0045
    prod_aa                      0.0218 ms    17.31 TF/s     99.2 GB/s  maxabs 0.0045  1.0360x
    2d_bw1_obh1_obw3             0.0294 ms    12.83 TF/s     73.5 GB/s  maxabs 0.0045  0.7679x
    2d_bw2_obh1_obw3             0.0253 ms    14.90 TF/s     85.4 GB/s  maxabs 0.0041  0.8919x
    2d_bw4_obh1_obw3             0.0211 ms    17.91 TF/s    102.6 GB/s  maxabs 0.0045  1.0719x
    2d_bw8_obh1_obw3             0.0205 ms    18.42 TF/s    105.5 GB/s  maxabs 0.0041  1.1024x
    2d_bw12_obh1_obw3            0.0211 ms    17.91 TF/s    102.6 GB/s  maxabs 0.0041  1.0717x
    2d_bw24_obh1_obw3            0.0208 ms    18.16 TF/s    104.1 GB/s  maxabs 0.0040  1.0870x
    BEST 2d_bw8_obh1_obw3  1.1024x vs prod  (no census counts at this size)  [A/A floor 1.0360x]

=== ctb_768x1536  a[1, 320, 768] @ w[768, 1536]  mt_total=10 kt=24 nt=48  act=None  DRAM->DRAM
    census 0 calls, 0.0000 s, 0.0 Mc | ConditionedTransitionBlock :9492/:9498/:9506
    ttnn v0.68.0 would derive: {'family': '2d', 'in0_block_w': 4, 'per_core_M': 1, 'per_core_N': 5, 'narrow_ratio': 4.8}
    clock during this key: {'n': 0, 'min': 0, 'max': 0, 'mean': 0}
    prod                         0.0262 ms    28.78 TF/s    146.2 GB/s  maxabs 0.0041
    prod_aa                      0.0249 ms    30.33 TF/s    154.0 GB/s  maxabs 0.0041  1.0538x
    2d_bw1_obh1_obw5             0.0345 ms    21.88 TF/s    111.1 GB/s  maxabs 0.0044  0.7602x
    2d_bw2_obh1_obw5             0.0301 ms    25.05 TF/s    127.2 GB/s  maxabs 0.0044  0.8704x
    2d_bw4_obh1_obw5             0.0258 ms    29.32 TF/s    148.9 GB/s  maxabs 0.0041  1.0185x
    2d_bw8_obh1_obw5             0.0249 ms    30.36 TF/s    154.2 GB/s  maxabs 0.0040  1.0549x
    2d_bw12_obh1_obw5            0.0254 ms    29.71 TF/s    150.9 GB/s  maxabs 0.0040  1.0322x
    2d_bw24_obh1_obw5            0.0268 ms    28.19 TF/s    143.2 GB/s  maxabs 0.0039  0.9795x
    BEST 2d_bw8_obh1_obw5  1.0549x vs prod  (no census counts at this size)  [A/A floor 1.0538x]

wrote perf/c12_kblock/sweep_320_qb2c2.json
TOTAL pre-registered fold seconds from the K block alone: +0.0000 s
