2026-09-17 11:48:24.748 | DEBUG    | ttnn:<module>:77 - Initial ttnn.CONFIG:
Config{cache_path=/home/ttuser/.cache/ttnn,model_cache_path=/home/ttuser/.cache/ttnn/models,tmp_dir=/tmp/ttnn,enable_model_cache=false,enable_fast_runtime_mode=true,throw_exception_on_fallback=false,enable_logging=false,enable_graph_report=false,enable_detailed_buffer_report=false,enable_detailed_tensor_report=false,enable_comparison_mode=false,comparison_mode_should_raise_exception=false,comparison_mode_pcc=0.9999,root_report_path=generated/ttnn/reports,report_name=std::nullopt,std::nullopt}
tt_bio from /home/ttuser/.coworker/wt/c12-kblock-unlock/tt_bio/tenstorrent.py
grid 11x10 = 110 cores | nodes [3] | clock forced 1350 on [3] | aiclk now 1350 MHz
ROOFS {"clk_compute": {"n": 256, "min": 1350, "max": 1350, "mean": 1350.0}, "compute_TFLOPs": 114.96, "clk_dram": {"n": 139, "min": 1350, "max": 1350, "mean": 1350.0}, "dram_rw_GBs": 377.0}

=== pair_tr_fc1  a[1, 16, 768, 128] @ w[128, 512]  mt_total=384 kt=4 nt=16  act=silu  L1->L1
    census 0 calls, 0.0000 s, 0.0 Mc | Transition.swiglu fc1 tenstorrent.py:8211
    ttnn v0.68.0 would derive: {'family': '1d', 'in0_block_w': 2, 'per_core_M': 4, 'per_core_N': 16, 'narrow_ratio': 24.0}
    clock during this key: {'n': 19, 'min': 1350, 'max': 1350, 'mean': 1350.0}
    prod                         0.1573 ms    10.24 TF/s    100.8 GB/s  maxabs 0.0012
    prod_aa                      0.1564 ms    10.30 TF/s    101.4 GB/s  maxabs 0.0012  1.0059x
    1d_bw1_obh4_obw16            0.1565 ms    10.29 TF/s    101.3 GB/s  maxabs 0.0012  1.0053x
    1d_bw1_obh4_obw8             0.1600 ms    10.07 TF/s     99.1 GB/s  maxabs 0.0012  0.9837x
    1d_bw1_obh2_obw16            0.1621 ms     9.94 TF/s     97.8 GB/s  maxabs 0.0012  0.9706x
    1d_bw1_obh2_obw8             0.1739 ms     9.26 TF/s     91.2 GB/s  maxabs 0.0012  0.9047x
    1d_bw2_obh4_obw16            0.1567 ms    10.28 TF/s    101.2 GB/s  maxabs 0.0011  1.0043x
    1d_bw2_obh4_obw8             0.1590 ms    10.13 TF/s     99.8 GB/s  maxabs 0.0011  0.9897x
    1d_bw2_obh2_obw16            0.1609 ms    10.01 TF/s     98.5 GB/s  maxabs 0.0011  0.9777x
    1d_bw2_obh2_obw8             0.1675 ms     9.61 TF/s     94.7 GB/s  maxabs 0.0011  0.9393x
    1d_bw4_obh4_obw16            0.1580 ms    10.20 TF/s    100.4 GB/s  maxabs 0.0011  0.9961x
    1d_bw4_obh4_obw8             0.1607 ms    10.03 TF/s     98.7 GB/s  maxabs 0.0011  0.9794x
    1d_bw4_obh2_obw16            0.1628 ms     9.89 TF/s     97.4 GB/s  maxabs 0.0011  0.9666x
    1d_bw4_obh2_obw8             0.1668 ms     9.66 TF/s     95.1 GB/s  maxabs 0.0011  0.9434x
    BEST 1d_bw1_obh4_obw16  1.0053x vs prod  (no census counts at this size)  [A/A floor 1.0059x]
    ^ NOT A RESULT: this key's best arm is inside its own A/A floor

=== pair_tr_fc2  a[1, 16, 768, 128] @ w[128, 512]  mt_total=384 kt=4 nt=16  act=None  L1->L1
    census 0 calls, 0.0000 s, 0.0 Mc | Transition.swiglu fc2 tenstorrent.py:8222
    ttnn v0.68.0 would derive: {'family': '1d', 'in0_block_w': 2, 'per_core_M': 4, 'per_core_N': 16, 'narrow_ratio': 24.0}
    clock during this key: {'n': 5, 'min': 1350, 'max': 1350, 'mean': 1350.0}
    prod                         0.0473 ms    34.04 TF/s    335.2 GB/s  maxabs 0.0022
    prod_aa                      0.0441 ms    36.50 TF/s    359.4 GB/s  maxabs 0.0022  1.0721x
    1d_bw1_obh4_obw16            0.0446 ms    36.07 TF/s    355.2 GB/s  maxabs 0.0022  1.0596x
    1d_bw1_obh4_obw8             0.0471 ms    34.19 TF/s    336.7 GB/s  maxabs 0.0022  1.0042x
    1d_bw1_obh2_obw16            0.0508 ms    31.68 TF/s    312.0 GB/s  maxabs 0.0022  0.9306x
    1d_bw1_obh2_obw8             0.0602 ms    26.74 TF/s    263.3 GB/s  maxabs 0.0022  0.7855x
    1d_bw2_obh4_obw16            0.0426 ms    37.77 TF/s    372.0 GB/s  maxabs 0.0021  1.1096x
    1d_bw2_obh4_obw8             0.0424 ms    37.95 TF/s    373.7 GB/s  maxabs 0.0021  1.1147x
    1d_bw2_obh2_obw16            0.0452 ms    35.67 TF/s    351.2 GB/s  maxabs 0.0021  1.0476x
    1d_bw2_obh2_obw8             0.0503 ms    32.05 TF/s    315.6 GB/s  maxabs 0.0021  0.9414x
    1d_bw4_obh4_obw16            0.0380 ms    42.35 TF/s    417.0 GB/s  maxabs 0.0020  1.2439x UNFIT
    1d_bw4_obh4_obw8             0.0399 ms    40.39 TF/s    397.7 GB/s  maxabs 0.0020  1.1864x UNFIT
    1d_bw4_obh2_obw16            0.0426 ms    37.77 TF/s    371.9 GB/s  maxabs 0.0020  1.1094x
    1d_bw4_obh2_obw8             0.0467 ms    34.52 TF/s    339.9 GB/s  maxabs 0.0020  1.0141x
    BEST 1d_bw2_obh4_obw8  1.1147x vs prod  (no census counts at this size)  [A/A floor 1.0721x]

=== pair_tr_fc3  a[1, 16, 768, 512] @ w[512, 128]  mt_total=384 kt=16 nt=4  act=None  L1->DRAM
    census 0 calls, 0.0000 s, 0.0 Mc | Transition.swiglu fc3 tenstorrent.py:8233
    ttnn v0.68.0 would derive: {'family': '1d', 'in0_block_w': 2, 'per_core_M': 4, 'per_core_N': 4, 'narrow_ratio': 96.0}
    clock during this key: {'n': 0, 'min': 0, 'max': 0, 'mean': 0}
    prod                         0.0560 ms    28.76 TF/s    283.2 GB/s  maxabs 0.0039
    prod_aa                      0.0540 ms    29.85 TF/s    293.9 GB/s  maxabs 0.0039  1.0377x
    1d_bw1_obh4_obw4             0.0576 ms    27.99 TF/s    275.6 GB/s  maxabs 0.0039  0.9730x
    1d_bw1_obh2_obw4             0.0794 ms    20.29 TF/s    199.8 GB/s  maxabs 0.0039  0.7055x
    1d_bw2_obh4_obw4             0.0495 ms    32.54 TF/s    320.4 GB/s  maxabs 0.0039  1.1313x
    1d_bw2_obh2_obw4             0.0602 ms    26.74 TF/s    263.3 GB/s  maxabs 0.0039  0.9296x
    1d_bw4_obh4_obw4             0.0584 ms    27.56 TF/s    271.4 GB/s  maxabs 0.0039  0.9581x
    1d_bw4_obh2_obw4             0.0524 ms    30.75 TF/s    302.8 GB/s  maxabs 0.0039  1.0692x
    1d_bw8_obh4_obw4             0.0609 ms    26.45 TF/s    260.5 GB/s  maxabs 0.0039  0.9196x
    1d_bw8_obh2_obw4             0.0504 ms    31.95 TF/s    314.6 GB/s  maxabs 0.0039  1.1106x
    1d_bw16_obh4_obw4            0.0741 ms    21.73 TF/s    214.0 GB/s  maxabs 0.0039  0.7556x
    1d_bw16_obh2_obw4            0.0616 ms    26.14 TF/s    257.4 GB/s  maxabs 0.0039  0.9088x
    BEST 1d_bw2_obh4_obw4  1.1313x vs prod  (no census counts at this size)  [A/A floor 1.0377x]

=== dit_s_768x768  a[1, 768, 768] @ w[768, 768]  mt_total=24 kt=24 nt=24  act=None  DRAM->DRAM
    census 0 calls, 0.0000 s, 0.0 Mc | six DiT sites, AdaLN :9395/:9403 + AttentionPairBias :8159/:8169 + DiT :9610/:9519
    ttnn v0.68.0 would derive: {'family': '2d', 'in0_block_w': 4, 'per_core_M': 3, 'per_core_N': 3, 'narrow_ratio': 1.0}
    clock during this key: {'n': 0, 'min': 0, 'max': 0, 'mean': 0}
    prod                         0.0269 ms    33.65 TF/s    131.4 GB/s  maxabs 0.0045
    prod_aa                      0.0255 ms    35.56 TF/s    138.9 GB/s  maxabs 0.0045  1.0567x
    2d_bw1_obh3_obw3             0.0349 ms    25.97 TF/s    101.5 GB/s  maxabs 0.0045  0.7719x
    2d_bw1_obh1_obw3             0.0658 ms    13.76 TF/s     53.7 GB/s  maxabs 0.0045  0.4089x
    2d_bw2_obh3_obw3             0.0288 ms    31.49 TF/s    123.0 GB/s  maxabs 0.0048  0.9359x
    2d_bw2_obh1_obw3             0.0472 ms    19.18 TF/s     74.9 GB/s  maxabs 0.0048  0.5700x
    2d_bw4_obh3_obw3             0.0264 ms    34.34 TF/s    134.1 GB/s  maxabs 0.0045  1.0206x
    2d_bw4_obh1_obw3             0.0389 ms    23.27 TF/s     90.9 GB/s  maxabs 0.0045  0.6915x
    2d_bw8_obh3_obw3             0.0243 ms    37.27 TF/s    145.6 GB/s  maxabs 0.0043  1.1077x
    2d_bw8_obh1_obw3             0.0355 ms    25.54 TF/s     99.8 GB/s  maxabs 0.0043  0.7591x
    2d_bw12_obh3_obw3            0.0254 ms    35.73 TF/s    139.6 GB/s  maxabs 0.0043  1.0618x
    2d_bw12_obh1_obw3            0.0359 ms    25.20 TF/s     98.4 GB/s  maxabs 0.0043  0.7490x
    2d_bw24_obh3_obw3            0.0276 ms    32.80 TF/s    128.1 GB/s  maxabs 0.0041  0.9747x
    2d_bw24_obh1_obw3            0.0391 ms    23.15 TF/s     90.4 GB/s  maxabs 0.0041  0.6879x
    BEST 2d_bw8_obh3_obw3  1.1077x vs prod  (no census counts at this size)  [A/A floor 1.0567x]

=== ctb_768x1536  a[1, 768, 768] @ w[768, 1536]  mt_total=24 kt=24 nt=48  act=None  DRAM->DRAM
    census 0 calls, 0.0000 s, 0.0 Mc | ConditionedTransitionBlock :9492/:9498/:9506
    ttnn v0.68.0 would derive: {'family': '2d', 'in0_block_w': 4, 'per_core_M': 3, 'per_core_N': 5, 'narrow_ratio': 2.0}
    clock during this key: {'n': 1, 'min': 1350, 'max': 1350, 'mean': 1350.0}
    prod                         0.0379 ms    47.78 TF/s    155.5 GB/s  maxabs 0.0047
    prod_aa                      0.0375 ms    48.36 TF/s    157.4 GB/s  maxabs 0.0047  1.0122x
    2d_bw1_obh3_obw5             0.0437 ms    41.51 TF/s    135.1 GB/s  maxabs 0.0047  0.8687x
    2d_bw1_obh1_obw5             0.0800 ms    22.65 TF/s     73.7 GB/s  maxabs 0.0047  0.4741x
    2d_bw2_obh3_obw5             0.0384 ms    47.14 TF/s    153.4 GB/s  maxabs 0.0044  0.9866x
    2d_bw2_obh1_obw5             0.0608 ms    29.82 TF/s     97.1 GB/s  maxabs 0.0044  0.6241x
    2d_bw4_obh3_obw5             0.0366 ms    49.56 TF/s    161.3 GB/s  maxabs 0.0047  1.0373x
    2d_bw4_obh1_obw5             0.0512 ms    35.38 TF/s    115.2 GB/s  maxabs 0.0047  0.7405x
    2d_bw8_obh3_obw5             0.0357 ms    50.70 TF/s    165.0 GB/s  maxabs 0.0044  1.0612x
    2d_bw8_obh1_obw5             0.0497 ms    36.48 TF/s    118.7 GB/s  maxabs 0.0044  0.7635x
    2d_bw12_obh3_obw5            0.0339 ms    53.52 TF/s    174.2 GB/s  maxabs 0.0043  1.1202x
    2d_bw12_obh1_obw5            0.0492 ms    36.85 TF/s    120.0 GB/s  maxabs 0.0043  0.7713x
    2d_bw24_obh3_obw5            0.0371 ms    48.82 TF/s    158.9 GB/s  maxabs 0.0040  1.0217x
    2d_bw24_obh1_obw5            0.0559 ms    32.42 TF/s    105.5 GB/s  maxabs 0.0040  0.6785x
    BEST 2d_bw12_obh3_obw5  1.1202x vs prod  (no census counts at this size)  [A/A floor 1.0122x]

wrote perf/c12_kblock/sweep_768_qb2c3.json
TOTAL pre-registered fold seconds from the K block alone: +0.0000 s
