2026-09-17 12:00:06.837 | DEBUG    | ttnn:<module>:77 - Initial ttnn.CONFIG:
Config{cache_path=/home/ttuser/.cache/ttnn,model_cache_path=/home/ttuser/.cache/ttnn/models,tmp_dir=/tmp/ttnn,enable_model_cache=false,enable_fast_runtime_mode=true,throw_exception_on_fallback=false,enable_logging=false,enable_graph_report=false,enable_detailed_buffer_report=false,enable_detailed_tensor_report=false,enable_comparison_mode=false,comparison_mode_should_raise_exception=false,comparison_mode_pcc=0.9999,root_report_path=generated/ttnn/reports,report_name=std::nullopt,std::nullopt}
tt_bio from /home/ttuser/.coworker/wt/c12-kblock-unlock/tt_bio/tenstorrent.py
grid 11x10 = 110 cores | nodes [3] | clock forced 1350 on [3] | aiclk now 1350 MHz
ROOFS {"clk_compute": {"n": 14, "min": 1350, "max": 1350, "mean": 1350.0}, "compute_TFLOPs": 114.03, "clk_dram": {"n": 193, "min": 1350, "max": 1350, "mean": 1350.0}, "dram_rw_GBs": 388.3, "clk_l1": {"n": 176, "min": 1350, "max": 1350, "mean": 1350.0}, "l1_rw_GBs": 564.1}
   byte roof applied: 388.3 GB/s to all-DRAM keys, 564.1 GB/s to keys with an L1 operand

=== pair_tr_fc2  a[1, 16, 512, 128] @ w[128, 512]  mt_total=256 kt=4 nt=16  act=None  L1->L1
    census 8960 calls, 0.5836 s, 787.8 Mc | Transition.swiglu fc2 tenstorrent.py:8222
    ttnn v0.68.0 would derive: {'family': '1d', 'in0_block_w': 2, 'per_core_M': 3, 'per_core_N': 16, 'narrow_ratio': 16.0}
    clock during this key: {'n': 0, 'min': 0, 'max': 0, 'mean': 0}
    prod                         0.0320 ms    33.55 TF/s    331.7 GB/s  maxabs 0.0021
    prod_aa                      0.0325 ms    33.07 TF/s    327.0 GB/s  maxabs 0.0021  0.9858x  -0.0084 s fold
    1d_bw1_obh3_obw16            0.0319 ms    33.65 TF/s    332.7 GB/s  maxabs 0.0021  1.0028x  +0.0016 s fold
    1d_bw1_obh3_obw8             0.0341 ms    31.46 TF/s    311.0 GB/s  maxabs 0.0021  0.9376x  -0.0388 s fold
    1d_bw1_obh1_obw16            0.0458 ms    23.44 TF/s    231.7 GB/s  maxabs 0.0021  0.6985x  -0.2519 s fold
    1d_bw1_obh1_obw8             0.0602 ms    17.84 TF/s    176.4 GB/s  maxabs 0.0021  0.5316x  -0.5142 s fold
    1d_bw2_obh3_obw16            0.0298 ms    36.01 TF/s    356.1 GB/s  maxabs 0.0020  1.0733x  +0.0399 s fold
    1d_bw2_obh3_obw8             0.0310 ms    34.66 TF/s    342.7 GB/s  maxabs 0.0020  1.0332x  +0.0187 s fold
    1d_bw2_obh1_obw16            0.0412 ms    26.08 TF/s    257.9 GB/s  maxabs 0.0020  0.7774x  -0.1672 s fold
    1d_bw2_obh1_obw8             0.0491 ms    21.86 TF/s    216.2 GB/s  maxabs 0.0020  0.6516x  -0.3120 s fold
    1d_bw4_obh3_obw16            0.0269 ms    39.89 TF/s    394.4 GB/s  maxabs 0.0020  1.1888x  +0.0927 s fold
    1d_bw4_obh3_obw8             0.0292 ms    36.73 TF/s    363.2 GB/s  maxabs 0.0020  1.0947x  +0.0505 s fold
    1d_bw4_obh1_obw16            0.0394 ms    27.23 TF/s    269.3 GB/s  maxabs 0.0020  0.8116x  -0.1354 s fold
    1d_bw4_obh1_obw8             0.0455 ms    23.61 TF/s    233.5 GB/s  maxabs 0.0020  0.7038x  -0.2456 s fold
    2d_bw1_obh26_obw2            0.0290 ms    37.05 TF/s    366.4 GB/s  maxabs 0.0021  1.1044x  +0.0552 s fold
    2d_bw1_obh13_obw2            0.0313 ms    34.27 TF/s    338.8 GB/s  maxabs 0.0021  1.0213x  +0.0122 s fold
    2d_bw2_obh26_obw2            0.0270 ms    39.80 TF/s    393.5 GB/s  maxabs 0.0020  1.1863x  +0.0916 s fold
    2d_bw2_obh13_obw2            0.0292 ms    36.72 TF/s    363.1 GB/s  maxabs 0.0020  1.0945x  +0.0504 s fold
    2d_bw4_obh26_obw2            0.0254 ms    42.25 TF/s    417.7 GB/s  maxabs 0.0020  1.2592x  +0.1201 s fold
    2d_bw4_obh13_obw2            0.0259 ms    41.48 TF/s    410.1 GB/s  maxabs 0.0020  1.2363x  +0.1116 s fold
    BEST 2d_bw4_obh26_obw2  1.2592x vs prod  +0.1201 s / +162.2 Mc of fold  [A/A floor 0.9858x]

wrote perf/c12_kblock/xfam_fc2_512_qb2c3.json
TOTAL pre-registered fold seconds from the K block alone: +0.1201 s
