2026-09-17 12:53:59.735 | DEBUG    | ttnn:<module>:77 - Initial ttnn.CONFIG:
Config{cache_path=/home/ttuser/.cache/ttnn,model_cache_path=/home/ttuser/.cache/ttnn/models,tmp_dir=/tmp/ttnn,enable_model_cache=false,enable_fast_runtime_mode=true,throw_exception_on_fallback=false,enable_logging=false,enable_graph_report=false,enable_detailed_buffer_report=false,enable_detailed_tensor_report=false,enable_comparison_mode=false,comparison_mode_should_raise_exception=false,comparison_mode_pcc=0.9999,root_report_path=generated/ttnn/reports,report_name=std::nullopt,std::nullopt}
tt_bio from /home/ttuser/.coworker/wt/c12-kblock-unlock/tt_bio/tenstorrent.py
grid 11x10 = 110 cores | nodes [3] | clock forced 1350 on [3] | aiclk now 1350 MHz
ROOFS {"clk_compute": {"n": 17, "min": 1350, "max": 1350, "mean": 1350.0}, "compute_TFLOPs": 109.98, "clk_dram": {"n": 182, "min": 1350, "max": 1350, "mean": 1350.0}, "dram_rw_GBs": 389.5, "clk_l1": {"n": 168, "min": 1350, "max": 1350, "mean": 1350.0}, "l1_rw_GBs": 33.6}
   byte roof applied: 389.5 GB/s to all-DRAM keys, 33.6 GB/s to keys with an L1 operand

=== pair_tr_fc2_b47  a[1, 47, 512, 128] @ w[128, 512]  mt_total=752 kt=4 nt=16  act=None  L1->L1
    census 0 calls, 0.0000 s, 0.0 Mc | Transition.swiglu fc2 tenstorrent.py:8334, the b=47 row block -- 2800 calls/fold
    ttnn v0.68.0 would derive: {'family': '1d', 'in0_block_w': 2, 'per_core_M': 7, 'per_core_N': 16, 'narrow_ratio': 47.0}
2026-09-17 12:54:12.061 | critical |          Always | TT_THROW: Statically allocated circular buffers in program 35 clash with L1 buffers on core range [(x=0,y=0) - (x=7,y=9)]. L1 buffer allocated at 1290240 and static circular buffer region ends at 1364480 (assert.hpp:104)
    2d_bw1_obh76_obw2          SKIP RuntimeError: TT_THROW @ /project/tt_metal/impl/program/program.cpp:1052: tt::except
2026-09-17 12:54:13.705 | critical |          Always | TT_THROW: Statically allocated circular buffers on core range [(x=0,y=0) - (x=7,y=9)] grow to 1683968 B which is beyond max L1 size of 1572864 B (assert.hpp:104)
    2d_bw2_obh76_obw2          SKIP RuntimeError: TT_THROW @ /project/tt_metal/impl/program/program.cpp:1043: tt::except
2026-09-17 12:54:15.148 | critical |          Always | TT_THROW: Statically allocated circular buffers on core range [(x=0,y=0) - (x=7,y=9)] grow to 1683968 B which is beyond max L1 size of 1572864 B (assert.hpp:104)
    2d_bw4_obh76_obw2          SKIP RuntimeError: TT_THROW @ /project/tt_metal/impl/program/program.cpp:1043: tt::except
    clock during this key: {'n': 10, 'min': 1350, 'max': 1350, 'mean': 1350.0}
    prod                         0.0673 ms    46.90 TF/s    459.9 GB/s  maxabs 0.0021 UNFIT
    prod_aa                      0.0653 ms    48.33 TF/s    473.9 GB/s  maxabs 0.0021  1.0305x UNFIT
    1d_bw1_obh7_obw16            0.0663 ms    47.60 TF/s    466.9 GB/s  maxabs 0.0021  1.0151x UNFIT
    1d_bw1_obh7_obw8             0.0690 ms    45.71 TF/s    448.3 GB/s  maxabs 0.0021  0.9747x UNFIT
    1d_bw1_obh1_obw16            0.1053 ms    29.95 TF/s    293.8 GB/s  maxabs 0.0021  0.6387x UNFIT
    1d_bw1_obh1_obw8             0.1444 ms    21.84 TF/s    214.2 GB/s  maxabs 0.0021  0.4658x UNFIT
    1d_bw2_obh7_obw16            0.0610 ms    51.75 TF/s    507.5 GB/s  maxabs 0.0021  1.1034x UNFIT
    1d_bw2_obh7_obw8             0.0637 ms    49.55 TF/s    485.9 GB/s  maxabs 0.0021  1.0565x UNFIT
    1d_bw2_obh1_obw16            0.0911 ms    34.62 TF/s    339.5 GB/s  maxabs 0.0021  0.7381x UNFIT
    1d_bw2_obh1_obw8             0.1111 ms    28.39 TF/s    278.4 GB/s  maxabs 0.0021  0.6054x UNFIT
    1d_bw4_obh7_obw16            0.0600 ms    52.55 TF/s    515.4 GB/s  maxabs 0.0020  1.1206x UNFIT
    1d_bw4_obh7_obw8             0.0691 ms    45.65 TF/s    447.7 GB/s  maxabs 0.0020  0.9733x UNFIT
    1d_bw4_obh1_obw16            0.0850 ms    37.11 TF/s    364.0 GB/s  maxabs 0.0020  0.7914x UNFIT
    1d_bw4_obh1_obw8             0.1010 ms    31.23 TF/s    306.3 GB/s  maxabs 0.0020  0.6659x UNFIT
    2d_bw1_obh38_obw2            0.0725 ms    43.49 TF/s    426.6 GB/s  maxabs 0.0021  0.9274x UNFIT
    2d_bw2_obh38_obw2            0.0670 ms    47.08 TF/s    461.8 GB/s  maxabs 0.0021  1.0040x UNFIT
    2d_bw4_obh38_obw2            0.0599 ms    52.69 TF/s    516.8 GB/s  maxabs 0.0020  1.1236x UNFIT

wrote perf/c12_kblock/xfam_fc2b47_512_qb2c3.json
TOTAL pre-registered fold seconds from the K block alone: +0.0000 s
