=== P22303 base start 2026-08-16T14:47:18Z ===
=== P22303 base rc=0 2026-08-16T14:51:07Z ===
=== P27694 base start 2026-08-16T14:51:07Z ===
=== P27694 base rc=0 2026-08-16T14:53:25Z ===
=== P03951 base start 2026-08-16T14:53:25Z ===
=== P03951 base rc=0 2026-08-16T14:55:55Z ===
=== P20794 base start 2026-08-16T14:55:55Z ===
=== P20794 base rc=0 2026-08-16T14:58:21Z ===
=== P17405 base start 2026-08-16T14:58:21Z ===
=== P17405 base rc=0 2026-08-16T15:00:42Z ===
=== O14744 base start 2026-08-16T15:00:42Z ===
=== O14744 base rc=0 2026-08-16T15:02:57Z ===
=== P54802 base start 2026-08-16T15:02:57Z ===
=== P54802 base rc=0 2026-08-16T15:06:21Z ===
=== P42224 base start 2026-08-16T15:06:21Z ===
=== P42224 base rc=0 2026-08-16T15:09:10Z ===
=== P18074 base start 2026-08-16T15:09:10Z ===
=== P18074 base rc=0 2026-08-16T15:11:58Z ===
=== P47712 base start 2026-08-16T15:11:58Z ===
=== P47712 base rc=0 2026-08-16T15:15:01Z ===
=== Q05823 base start 2026-08-16T15:15:01Z ===
=== Q05823 base rc=0 2026-08-16T15:17:47Z ===
=== O15111 base start 2026-08-16T15:17:47Z ===
=== O15111 base rc=0 2026-08-16T15:20:26Z ===
=== P22303 ship start 2026-08-16T15:20:26Z ===
=== P22303 ship rc=0 2026-08-16T15:22:19Z ===
=== P27694 ship start 2026-08-16T15:22:19Z ===
=== P27694 ship rc=0 2026-08-16T15:24:02Z ===
=== P03951 ship start 2026-08-16T15:24:02Z ===
=== P03951 ship rc=0 2026-08-16T15:25:55Z ===
=== P20794 ship start 2026-08-16T15:25:55Z ===
=== P20794 ship rc=0 2026-08-16T15:27:47Z ===
=== P17405 ship start 2026-08-16T15:27:47Z ===
=== P17405 ship rc=0 2026-08-16T15:29:34Z ===
=== O14744 ship start 2026-08-16T15:29:34Z ===
=== O14744 ship rc=0 2026-08-16T15:31:16Z ===
=== P54802 ship start 2026-08-16T15:31:16Z ===
=== P54802 ship rc=0 2026-08-16T15:33:45Z ===
=== P42224 ship start 2026-08-16T15:33:45Z ===
=== P42224 ship rc=0 2026-08-16T15:35:59Z ===
=== P18074 ship start 2026-08-16T15:35:59Z ===
=== P18074 ship rc=0 2026-08-16T15:38:12Z ===
=== P47712 ship start 2026-08-16T15:38:12Z ===
=== P47712 ship rc=0 2026-08-16T15:40:39Z ===
=== Q05823 ship start 2026-08-16T15:40:39Z ===
=== Q05823 ship rc=0 2026-08-16T15:42:59Z ===
=== O15111 ship start 2026-08-16T15:42:59Z ===
=== O15111 ship rc=0 2026-08-16T15:45:24Z ===
=== P22303 k3 start 2026-08-16T15:45:24Z ===
=== P22303 k3 rc=0 2026-08-16T15:47:32Z ===
=== P27694 k3 start 2026-08-16T15:47:32Z ===
=== P27694 k3 rc=0 2026-08-16T15:49:22Z ===
=== P03951 k3 start 2026-08-16T15:49:22Z ===
=== P03951 k3 rc=0 2026-08-16T15:51:27Z ===
=== P20794 k3 start 2026-08-16T15:51:27Z ===
=== P20794 k3 rc=0 2026-08-16T15:53:31Z ===
=== P17405 k3 start 2026-08-16T15:53:31Z ===
=== P17405 k3 rc=0 2026-08-16T15:55:27Z ===
=== O14744 k3 start 2026-08-16T15:55:27Z ===
=== O14744 k3 rc=0 2026-08-16T15:57:15Z ===
=== P54802 k3 start 2026-08-16T15:57:15Z ===
=== P54802 k3 rc=0 2026-08-16T15:59:45Z ===
=== P42224 k3 start 2026-08-16T15:59:45Z ===
=== P42224 k3 rc=0 2026-08-16T16:02:10Z ===
=== P18074 k3 start 2026-08-16T16:02:10Z ===
=== P18074 k3 rc=0 2026-08-16T16:04:36Z ===
=== P47712 k3 start 2026-08-16T16:04:36Z ===
=== P47712 k3 rc=0 2026-08-16T16:07:15Z ===
=== Q05823 k3 start 2026-08-16T16:07:15Z ===
=== Q05823 k3 rc=0 2026-08-16T16:09:50Z ===
=== O15111 k3 start 2026-08-16T16:09:50Z ===
=== O15111 k3 rc=0 2026-08-16T16:12:30Z ===
=== P22303 cc start 2026-08-16T16:12:30Z ===
=== P22303 cc rc=0 2026-08-16T16:14:24Z ===
=== P27694 cc start 2026-08-16T16:14:24Z ===
=== P27694 cc rc=0 2026-08-16T16:16:28Z ===
=== P03951 cc start 2026-08-16T16:16:28Z ===
=== P03951 cc rc=0 2026-08-16T16:31:52Z ===
=== P20794 cc start 2026-08-16T16:31:52Z ===
=== P20794 cc rc=0 2026-08-16T16:33:46Z ===
=== P17405 cc start 2026-08-16T16:33:46Z ===
=== P17405 cc rc=0 2026-08-16T16:35:31Z ===
=== O14744 cc start 2026-08-16T16:35:31Z ===
=== O14744 cc rc=0 2026-08-16T16:37:12Z ===
=== P54802 cc start 2026-08-16T16:37:12Z ===
=== P54802 cc rc=0 2026-08-16T16:39:30Z ===
=== P42224 cc start 2026-08-16T16:39:30Z ===
=== P42224 cc rc=0 2026-08-16T16:41:42Z ===
=== P18074 cc start 2026-08-16T16:41:42Z ===
=== P18074 cc rc=0 2026-08-16T16:43:55Z ===
=== P47712 cc start 2026-08-16T16:43:55Z ===
=== P47712 cc rc=0 2026-08-16T16:46:21Z ===
=== Q05823 cc start 2026-08-16T16:46:21Z ===
=== Q05823 cc rc=0 2026-08-16T16:48:38Z ===
=== O15111 cc start 2026-08-16T16:48:38Z ===
=== O15111 cc rc=0 2026-08-16T16:51:04Z ===
=== P22303 null start 2026-08-16T16:51:04Z ===
=== P22303 null rc=0 2026-08-16T16:54:55Z ===
=== P27694 null start 2026-08-16T16:54:55Z ===
=== P27694 null rc=0 2026-08-16T16:58:13Z ===
=== P03951 null start 2026-08-16T16:58:13Z ===
=== P03951 null rc=0 2026-08-16T17:01:45Z ===
=== P20794 null start 2026-08-16T17:01:45Z ===
=== P20794 null rc=0 2026-08-16T17:05:16Z ===
=== P17405 null start 2026-08-16T17:05:16Z ===
=== P17405 null rc=0 2026-08-16T17:08:39Z ===
=== O14744 null start 2026-08-16T17:08:39Z ===
=== O14744 null rc=0 2026-08-16T17:11:54Z ===
=== P54802 null start 2026-08-16T17:11:54Z ===
=== P54802 null rc=0 2026-08-16T17:16:31Z ===
=== P42224 null start 2026-08-16T17:16:31Z ===
=== P42224 null rc=0 2026-08-16T17:20:46Z ===
=== P18074 null start 2026-08-16T17:20:46Z ===
=== P18074 null rc=0 2026-08-16T17:25:00Z ===
=== P47712 null start 2026-08-16T17:25:00Z ===
=== P47712 null rc=0 2026-08-16T17:29:30Z ===
=== Q05823 null start 2026-08-16T17:29:30Z ===
=== Q05823 null rc=0 2026-08-16T17:33:53Z ===
=== O15111 null start 2026-08-16T17:33:53Z ===
=== O15111 null rc=0 2026-08-16T17:38:20Z ===
PARTB DONE 2026-08-16T17:38:20Z
