2026-09-14 16:21:10.261 | DEBUG    | ttnn:<module>:77 - Initial ttnn.CONFIG:
Config{cache_path=/home/ttuser/.cache/ttnn,model_cache_path=/home/ttuser/.cache/ttnn/models,tmp_dir=/tmp/ttnn,enable_model_cache=false,enable_fast_runtime_mode=true,throw_exception_on_fallback=false,enable_logging=false,enable_graph_report=false,enable_detailed_buffer_report=false,enable_detailed_tensor_report=false,enable_comparison_mode=false,comparison_mode_should_raise_exception=false,comparison_mode_pcc=0.9999,root_report_path=generated/ttnn/reports,report_name=std::nullopt,std::nullopt}
    512 rep0  shipA  off     15.638s load=  2.9 served=0/296 sha=45781db716ebf020
    512 rep0  test   on      15.405s load=  2.9 served=296/0 sha=45781db716ebf020
    512 rep0  shipB  off     16.128s load=  3.0 served=0/296 sha=45781db716ebf020
    512 rep1  shipA  off     15.328s load=  3.4 served=0/296 sha=45781db716ebf020
    512 rep1  test   on      14.714s load=  3.5 served=296/0 sha=45781db716ebf020
    512 rep1  shipB  off     15.159s load=  3.5 served=0/296 sha=45781db716ebf020
    512 rep2  shipA  off     15.163s load=  3.9 served=0/296 sha=45781db716ebf020
    512 rep2  test   on      14.738s load=  4.2 served=296/0 sha=45781db716ebf020
    512 rep2  shipB  off     15.123s load=  4.4 served=0/296 sha=45781db716ebf020
    512 rep3  shipA  off     15.211s load=  5.0 served=0/296 sha=45781db716ebf020
    512 rep3  test   on      14.763s load=  5.0 served=296/0 sha=45781db716ebf020
    512 rep3  shipB  off     15.390s load=  4.7 served=0/296 sha=45781db716ebf020
[leg 512:on] {"ship_median_s": 15.27, "arm_median_s": 14.75, "shipA_median_s": 15.27, "shipB_median_s": 15.274, "fold_seconds_saved": 0.519, "ratio": 1.0352, "aa_floor_pct": 0.033, "aa_floor_s": 0.005, "n": {"shipA": 4, "shipB": 4, "test": 4}, "bit_exact_across_arms": true, "digest": ["45781db716ebf020"], "loadavg_span": [2.92, 5.03], "verdict": "INTERPRETABLE"}
2026-09-14 16:24:18.242 | critical |          Always | TT_THROW: Statically allocated circular buffers on core range [(x=0,y=0) - (x=10,y=9)] grow to 3394048 B which is beyond max L1 size of 1572864 B (assert.hpp:104)
2026-09-14 16:24:18.247 | critical |          Always | TT_THROW: Statically allocated circular buffers on core range [(x=0,y=0) - (x=10,y=9)] grow to 1788416 B which is beyond max L1 size of 1572864 B (assert.hpp:104)
   1024 rep0  shipA  off     56.657s load=  4.8 served=0/296 sha=9a049ee58a5a0f7e
   1024 rep0  test   on      55.511s load=  4.3 served=296/0 sha=9a049ee58a5a0f7e
   1024 rep0  shipB  off     56.471s load=  2.9 served=0/296 sha=9a049ee58a5a0f7e
   1024 rep1  shipA  off     56.512s load=  2.4 served=0/296 sha=9a049ee58a5a0f7e
   1024 rep1  test   on      55.561s load=  2.7 served=296/0 sha=9a049ee58a5a0f7e
   1024 rep1  shipB  off     56.473s load=  2.2 served=0/296 sha=9a049ee58a5a0f7e
   1024 rep2  shipA  off     65.018s load=  2.1 served=0/296 sha=9a049ee58a5a0f7e
   1024 rep2  test   on      68.277s load=  5.6 served=296/0 sha=9a049ee58a5a0f7e
   1024 rep2  shipB  off     82.314s load=  7.3 served=0/296 sha=9a049ee58a5a0f7e
