2026-09-14 16:13:58.237 | DEBUG    | ttnn:<module>:77 - Initial ttnn.CONFIG:
Config{cache_path=/home/ttuser/.cache/ttnn,model_cache_path=/home/ttuser/.cache/ttnn/models,tmp_dir=/tmp/ttnn,enable_model_cache=false,enable_fast_runtime_mode=true,throw_exception_on_fallback=false,enable_logging=false,enable_graph_report=false,enable_detailed_buffer_report=false,enable_detailed_tensor_report=false,enable_comparison_mode=false,comparison_mode_should_raise_exception=false,comparison_mode_pcc=0.9999,root_report_path=generated/ttnn/reports,report_name=std::nullopt,std::nullopt}
2026-09-14 16:14:03.254 | critical |          Always | TT_THROW: Statically allocated circular buffers on core range [(x=0,y=0) - (x=10,y=9)] grow to 2198016 B which is beyond max L1 size of 1572864 B (assert.hpp:104)
    768 rep0  shipA  off     31.837s load=  2.5 served=0/296 sha=9e1a1fdd392e0b4c
    768 rep0  test   on      30.832s load=  2.7 served=296/0 sha=9e1a1fdd392e0b4c
    768 rep0  shipB  off     31.839s load=  3.3 served=0/296 sha=9e1a1fdd392e0b4c
    768 rep1  shipA  off     31.630s load=  4.3 served=0/296 sha=9e1a1fdd392e0b4c
    768 rep1  test   on      30.781s load=  3.8 served=296/0 sha=9e1a1fdd392e0b4c
    768 rep1  shipB  off     31.388s load=  4.4 served=0/296 sha=9e1a1fdd392e0b4c
    768 rep2  shipA  off     31.392s load=  4.1 served=0/296 sha=9e1a1fdd392e0b4c
    768 rep2  test   on      30.985s load=  3.6 served=296/0 sha=9e1a1fdd392e0b4c
    768 rep2  shipB  off     31.991s load=  3.4 served=0/296 sha=9e1a1fdd392e0b4c
    768 rep3  shipA  off     32.456s load=  3.7 served=0/296 sha=9e1a1fdd392e0b4c
    768 rep3  test   on      30.764s load=  5.1 served=296/0 sha=9e1a1fdd392e0b4c
    768 rep3  shipB  off     31.369s load=  4.8 served=0/296 sha=9e1a1fdd392e0b4c
[leg 768:on] {"ship_median_s": 31.733, "arm_median_s": 30.806, "shipA_median_s": 31.733, "shipB_median_s": 31.614, "fold_seconds_saved": 0.927, "ratio": 1.0301, "aa_floor_pct": 0.378, "aa_floor_s": 0.12, "n": {"shipA": 4, "shipB": 4, "test": 4}, "bit_exact_across_arms": true, "digest": ["9e1a1fdd392e0b4c"], "loadavg_span": [2.53, 5.1], "verdict": "INTERPRETABLE"}
{
 "768:on": {
  "ship_median_s": 31.733,
  "arm_median_s": 30.806,
  "shipA_median_s": 31.733,
  "shipB_median_s": 31.614,
  "fold_seconds_saved": 0.927,
  "ratio": 1.0301,
  "aa_floor_pct": 0.378,
  "aa_floor_s": 0.12,
  "n": {
   "shipA": 4,
   "shipB": 4,
   "test": 4
  },
  "bit_exact_across_arms": true,
  "digest": [
   "9e1a1fdd392e0b4c"
  ],
  "loadavg_span": [
   2.53,
   5.1
  ],
  "verdict": "INTERPRETABLE"
 }
}
