2026-09-14 16:08:31.842 | DEBUG    | ttnn:<module>:77 - Initial ttnn.CONFIG:
Config{cache_path=/home/ttuser/.cache/ttnn,model_cache_path=/home/ttuser/.cache/ttnn/models,tmp_dir=/tmp/ttnn,enable_model_cache=false,enable_fast_runtime_mode=true,throw_exception_on_fallback=false,enable_logging=false,enable_graph_report=false,enable_detailed_buffer_report=false,enable_detailed_tensor_report=false,enable_comparison_mode=false,comparison_mode_should_raise_exception=false,comparison_mode_pcc=0.9999,root_report_path=generated/ttnn/reports,report_name=std::nullopt,std::nullopt}
    512 off PASS     17.08s dram= 2.059GiB l1=    64.7MiB transition_h_chunk=0/296 sha=45781db716ebf020
        transition_h_chunk rejects: {'base-unraised@64x512x64': 16, 'base-unraised@512x512x128': 280}
    512 on  PASS     15.52s dram= 2.059GiB l1=    64.7MiB transition_h_chunk=296/0 sha=45781db716ebf020
2026-09-14 16:09:10.958 | critical |          Always | TT_THROW: Statically allocated circular buffers on core range [(x=0,y=0) - (x=10,y=9)] grow to 3394048 B which is beyond max L1 size of 1572864 B (assert.hpp:104)
2026-09-14 16:09:10.972 | critical |          Always | TT_THROW: Statically allocated circular buffers on core range [(x=0,y=0) - (x=10,y=9)] grow to 1788416 B which is beyond max L1 size of 1572864 B (assert.hpp:104)
   1024 off PASS     57.51s dram= 4.779GiB l1=     2.1MiB transition_h_chunk=0/296 sha=9a049ee58a5a0f7e
        transition_h_chunk rejects: {'base-unraised@64x1024x64': 16, 'base-unraised@1024x1024x128': 280}
   1024 on  PASS     56.07s dram= 4.779GiB l1=     2.1MiB transition_h_chunk=296/0 sha=9a049ee58a5a0f7e
{
 "512": {
  "reference_arm": "off",
  "on": {
   "both_complete": true,
   "bit_exact": true,
   "peak_dram_delta_pct": -0.0119,
   "peak_l1_delta_pct": 0.0,
   "gates_engaged_on_arm": {
    "transition_h_chunk": true
   },
   "verdict": "PASS"
  },
  "arm_ref_is_silent": true,
  "ref_digest_is_published_512": false
 },
 "1024": {
  "reference_arm": "off",
  "on": {
   "both_complete": true,
   "bit_exact": true,
   "peak_dram_delta_pct": -0.0051,
   "peak_l1_delta_pct": 0.0,
   "gates_engaged_on_arm": {
    "transition_h_chunk": true
   },
   "verdict": "PASS"
  },
  "arm_ref_is_silent": true
 }
}
