2026-09-14 15:21:01.532 | DEBUG    | ttnn:<module>:77 - Initial ttnn.CONFIG:
Config{cache_path=/home/ttuser/.cache/ttnn,model_cache_path=/home/ttuser/.cache/ttnn/models,tmp_dir=/tmp/ttnn,enable_model_cache=false,enable_fast_runtime_mode=true,throw_exception_on_fallback=false,enable_logging=false,enable_graph_report=false,enable_detailed_buffer_report=false,enable_detailed_tensor_report=false,enable_comparison_mode=false,comparison_mode_should_raise_exception=false,comparison_mode_pcc=0.9999,root_report_path=generated/ttnn/reports,report_name=std::nullopt,std::nullopt}
    512 off PASS     17.06s dram= 2.121GiB l1=    64.7MiB transition_h_chunk=0/296 sha=9aaff566b4888d96
        transition_h_chunk rejects: {'base-unraised@1024x512x64': 16, 'base-unraised@512x512x128': 280}
    512 on  PASS     17.27s dram= 2.120GiB l1=    64.7MiB transition_h_chunk=296/0 sha=9aaff566b4888d96
{
 "512": {
  "reference_arm": "off",
  "on": {
   "both_complete": true,
   "bit_exact": true,
   "peak_dram_delta_pct": -0.0424,
   "peak_l1_delta_pct": 0.0,
   "gates_engaged_on_arm": {
    "transition_h_chunk": true
   },
   "verdict": "PASS"
  },
  "arm_ref_is_silent": true,
  "ref_digest_is_published_512": false
 }
}
