
##############################################################################
UX GATE — leg 3: CLI behaves (predict / embed / saprot / affinity / design / deprecated gen alias)
##############################################################################
  ✓ predict / embed / saprot / affinity / design --help, deprecated gen run --help (warns), tt-bio --help: all exit 0, list their core flags, and list all 20 shipped --model choices
##############################################################################

======================================================================
[boltz2] predict trpcage.yaml (recyc=2, steps=4, samples=1)
======================================================================

======================================================================
[esmfold2] predict trpcage.yaml (recyc=2, steps=4, samples=1)
======================================================================

======================================================================
[esmfold2-fast] predict trpcage.yaml (recyc=2, steps=4, samples=1)
======================================================================

======================================================================
[protenix-v1] predict trpcage.yaml (recyc=2, steps=4, samples=1)
======================================================================

======================================================================
[protenix-v2] predict trpcage.yaml (recyc=2, steps=4, samples=1)
======================================================================

======================================================================
[openfold3] predict trpcage.yaml (recyc=2, steps=4, samples=1)
======================================================================

======================================================================
[openbind] predict trpcage.yaml (recyc=2, steps=4, samples=1)
======================================================================

======================================================================
[opendde] predict trpcage.yaml (recyc=2, steps=4, samples=1)
======================================================================

======================================================================
[opendde-abag] predict 1ahw_abag.yaml (recyc=2, steps=4, samples=1)
======================================================================

======================================================================
[rf3] predict trpcage.yaml (recyc=2, steps=4, samples=1)
======================================================================

======================================================================
[esmc-300m] embed tiny (L=20)
======================================================================

======================================================================
[esmc-600m] embed tiny (L=20)
======================================================================

======================================================================
[esmc-6b] embed tiny (L=20)
======================================================================

======================================================================
[saprot-35m] embed tiny (L=20)
======================================================================

======================================================================
[saprot-650m] embed tiny (L=20)
======================================================================

======================================================================
[saprot-1.3b] embed tiny (L=20)
======================================================================

======================================================================
[boltzgen] design --model boltzgen binder.yaml (protein-anything, 1 design)
======================================================================

======================================================================
[boltz2-affinity] predict affinity_fkg.yaml (affinity mode, recyc=2, steps=4, samples=1)
======================================================================

======================================================================
[nesso1] affinity affinity_fkg.yaml (CLI defaults)
======================================================================

======================================================================
[rfd3] design iai_inputs.yaml (1 design, --from_pdb --num_timesteps 4)
======================================================================

======================================================================
[pxdesign] design PDL1.yaml (1 design, --n_step 8)
======================================================================

##############################################################################
UX GATE — summary (fold fixtures: trpcage.yaml / 1ahw_abag.yaml (opendde-abag), recyc=2, steps=4, samples=1, seed=0)
##############################################################################
boltz2                16s  PASS
  progress=True parse=True results=True
  progress: OK
  parse: OK
  results.json: OK
esmfold2              33s  PASS
  progress=True parse=True results=True
  progress: OK
  parse: OK
  results.json: OK
esmfold2-fast         28s  PASS
  progress=True parse=True results=True
  progress: OK
  parse: OK
  results.json: OK
protenix-v1           13s  PASS
  progress=True parse=True results=True
  progress: OK
  parse: OK
  results.json: OK
protenix-v2           21s  PASS
  progress=True parse=True results=True
  progress: OK
  parse: OK
  results.json: OK
openfold3             29s  PASS
  progress=True parse=True results=True
  progress: OK
  parse: OK
  results.json: OK
openbind              40s  PASS
  progress=True parse=True results=True
  progress: OK
  parse: OK
  results.json: OK
opendde               31s  PASS
  progress=True parse=True results=True
  progress: OK
  parse: OK
  results.json: OK
opendde-abag          90s  PASS
  progress=True parse=True results=True
  progress: OK
  parse: OK
  results.json: OK
rf3                   28s  PASS
  progress=True parse=True results=True
  progress: OK
  parse: OK
  results.json: OK
esmc-300m              4s  PASS
  progress=True parse=True manifest=True
  progress(stdout): OK
  parse(npz): OK
  manifest: OK
esmc-600m              5s  PASS
  progress=True parse=True manifest=True
  progress(stdout): OK
  parse(npz): OK
  manifest: OK
esmc-6b               13s  PASS
  progress=True parse=True manifest=True
  progress(stdout): OK
  parse(npz): OK
  manifest: OK
saprot-35m             3s  PASS
  progress=True parse=True manifest=True
  progress(stdout): OK
  parse(npz): OK
  manifest: OK
saprot-650m            5s  PASS
  progress=True parse=True manifest=True
  progress(stdout): OK
  parse(npz): OK
  manifest: OK
saprot-1.3b            8s  PASS
  progress=True parse=True manifest=True
  progress(stdout): OK
  parse(npz): OK
  manifest: OK
boltzgen              65s  PASS
  progress=True parse=True metrics=True
  progress: OK
  parse: OK
  metrics: OK
boltz2-affinity      109s  PASS
  progress=True parse=True results=True
  progress: OK
  parse: OK
  results.json: OK
nesso1                16s  PASS
  progress=True results=True
  progress(stdout): OK
  affinity.csv + json: OK
rfd3                   4s  PASS
  progress=True parse=True
  progress: OK
  parse: OK
pxdesign               4s  PASS
  progress=True parse=True
  progress: OK
  parse: OK
##############################################################################
GATE PASS — every surface run cleared progress + parse + results/manifest shape, and the CLI behaves
