
##############################################################################
UX GATE — leg 3: CLI behaves (predict / embed / saprot / affinity / design / deprecated gen alias)
##############################################################################
  ✓ predict / embed / saprot / affinity / design --help, deprecated gen run --help (warns), tt-bio --help: all exit 0, list their core flags, and list all 20 shipped --model choices
##############################################################################

======================================================================
[boltz2] predict trpcage.yaml (recyc=2, steps=4, samples=1)
======================================================================

##############################################################################
UX GATE — leg 3: CLI behaves (predict / embed / saprot / affinity / design / deprecated gen alias)
##############################################################################
  ✓ predict / embed / saprot / affinity / design --help, deprecated gen run --help (warns), tt-bio --help: all exit 0, list their core flags, and list all 20 shipped --model choices
##############################################################################

======================================================================
[boltz2] predict trpcage.yaml (recyc=2, steps=4, samples=1)
======================================================================

======================================================================
[esmfold2] predict trpcage.yaml (recyc=2, steps=4, samples=1)
======================================================================

##############################################################################
UX GATE — leg 3: CLI behaves (predict / embed / saprot / affinity / design / deprecated gen alias)
##############################################################################
  ✓ predict / embed / saprot / affinity / design --help, deprecated gen run --help (warns), tt-bio --help: all exit 0, list their core flags, and list all 20 shipped --model choices
##############################################################################

======================================================================
[boltz2] predict trpcage.yaml (recyc=2, steps=4, samples=1)
======================================================================

##############################################################################
UX GATE — leg 3: CLI behaves (predict / embed / saprot / affinity / design / deprecated gen alias)
##############################################################################
  ✓ predict / embed / saprot / affinity / design --help, deprecated gen run --help (warns), tt-bio --help: all exit 0, list their core flags, and list all 20 shipped --model choices
##############################################################################

======================================================================
[boltz2] predict trpcage.yaml (recyc=2, steps=4, samples=1)
======================================================================

======================================================================
[esmfold2] predict trpcage.yaml (recyc=2, steps=4, samples=1)
======================================================================

##############################################################################
UX GATE — leg 3: CLI behaves (predict / embed / saprot / affinity / design / deprecated gen alias)
##############################################################################
  ✓ predict / embed / saprot / affinity / design --help, deprecated gen run --help (warns), tt-bio --help: all exit 0, list their core flags, and list all 20 shipped --model choices
##############################################################################

======================================================================
[boltz2] predict trpcage.yaml (recyc=2, steps=4, samples=1)
======================================================================

======================================================================
[esmfold2] predict trpcage.yaml (recyc=2, steps=4, samples=1)
======================================================================

======================================================================
[esmfold2-fast] predict trpcage.yaml (recyc=2, steps=4, samples=1)
======================================================================

======================================================================
[protenix-v1] predict trpcage.yaml (recyc=2, steps=4, samples=1)
======================================================================

======================================================================
[protenix-v2] predict trpcage.yaml (recyc=2, steps=4, samples=1)
======================================================================

======================================================================
[openfold3] predict trpcage.yaml (recyc=2, steps=4, samples=1)
======================================================================

======================================================================
[openbind] predict trpcage.yaml (recyc=2, steps=4, samples=1)
======================================================================

======================================================================
[opendde] predict trpcage.yaml (recyc=2, steps=4, samples=1)
======================================================================

======================================================================
[opendde-abag] predict 1ahw_abag.yaml (recyc=2, steps=4, samples=1)
======================================================================

======================================================================
[rf3] predict trpcage.yaml (recyc=2, steps=4, samples=1)
======================================================================

======================================================================
[esmc-300m] embed tiny (L=20)
======================================================================

======================================================================
[esmc-600m] embed tiny (L=20)
======================================================================

======================================================================
[esmc-6b] embed tiny (L=20)
======================================================================

======================================================================
[saprot-35m] embed tiny (L=20)
======================================================================

======================================================================
[saprot-650m] embed tiny (L=20)
======================================================================

======================================================================
[saprot-1.3b] embed tiny (L=20)
======================================================================

======================================================================
[boltzgen] design --model boltzgen binder.yaml (protein-anything, 1 design)
======================================================================

======================================================================
[boltz2-affinity] predict affinity_fkg.yaml (affinity mode, recyc=2, steps=4, samples=1)
======================================================================

======================================================================
[nesso1] affinity affinity_fkg.yaml (CLI defaults)
======================================================================

======================================================================
[rfd3] design iai_inputs.yaml (1 design, --from_pdb --num_timesteps 4)
======================================================================

======================================================================
[pxdesign] design PDL1.yaml (1 design, --n_step 8)
======================================================================

##############################################################################
UX GATE — summary (fold fixtures: trpcage.yaml / 1ahw_abag.yaml (opendde-abag), recyc=2, steps=4, samples=1, seed=0)
##############################################################################
boltz2                10s  PASS
  progress=True parse=True results=True
  progress: OK
  parse: OK
  results.json: OK
esmfold2              27s  PASS
  progress=True parse=True results=True
  progress: OK
  parse: OK
  results.json: OK
esmfold2-fast         22s  PASS
  progress=True parse=True results=True
  progress: OK
  parse: OK
  results.json: OK
protenix-v1            9s  PASS
  progress=True parse=True results=True
  progress: OK
  parse: OK
  results.json: OK
protenix-v2            9s  PASS
  progress=True parse=True results=True
  progress: OK
  parse: OK
  results.json: OK
openfold3             21s  PASS
  progress=True parse=True results=True
  progress: OK
  parse: OK
  results.json: OK
openbind              26s  PASS
  progress=True parse=True results=True
  progress: OK
  parse: OK
  results.json: OK
opendde               27s  PASS
  progress=True parse=True results=True
  progress: OK
  parse: OK
  results.json: OK
opendde-abag          72s  PASS
  progress=True parse=True results=True
  progress: OK
  parse: OK
  results.json: OK
rf3                   23s  PASS
  progress=True parse=True results=True
  progress: OK
  parse: OK
  results.json: OK
esmc-300m              5s  PASS
  progress=True parse=True manifest=True
  progress(stdout): OK
  parse(npz): OK
  manifest: OK
esmc-600m              5s  PASS
  progress=True parse=True manifest=True
  progress(stdout): OK
  parse(npz): OK
  manifest: OK
esmc-6b               14s  PASS
  progress=True parse=True manifest=True
  progress(stdout): OK
  parse(npz): OK
  manifest: OK
saprot-35m             3s  PASS
  progress=True parse=True manifest=True
  progress(stdout): OK
  parse(npz): OK
  manifest: OK
saprot-650m            7s  PASS
  progress=True parse=True manifest=True
  progress(stdout): OK
  parse(npz): OK
  manifest: OK
saprot-1.3b            9s  PASS
  progress=True parse=True manifest=True
  progress(stdout): OK
  parse(npz): OK
  manifest: OK
boltzgen              68s  PASS
  progress=True parse=True metrics=True
  progress: OK
  parse: OK
  metrics: OK
boltz2-affinity      113s  PASS
  progress=True parse=True results=True
  progress: OK
  parse: OK
  results.json: OK
nesso1                19s  PASS
  progress=True results=True
  progress(stdout): OK
  affinity.csv + json: OK
rfd3                   6s  PASS
  progress=True parse=True
  progress: OK
  parse: OK
pxdesign               5s  PASS
  progress=True parse=True
  progress: OK
  parse: OK
##############################################################################
GATE PASS — every surface run cleared progress + parse + results/manifest shape, and the CLI behaves

##############################################################################
UX GATE — leg 3: CLI behaves (predict / embed / saprot / affinity / design / deprecated gen alias)
##############################################################################
  ✓ predict / embed / saprot / affinity / design --help, deprecated gen run --help (warns), tt-bio --help: all exit 0, list their core flags, and list all 20 shipped --model choices
##############################################################################

======================================================================
[boltz2] predict trpcage.yaml (recyc=2, steps=4, samples=1)
======================================================================

======================================================================
[esmfold2] predict trpcage.yaml (recyc=2, steps=4, samples=1)
======================================================================

======================================================================
[esmfold2-fast] predict trpcage.yaml (recyc=2, steps=4, samples=1)
======================================================================

======================================================================
[protenix-v1] predict trpcage.yaml (recyc=2, steps=4, samples=1)
======================================================================

======================================================================
[protenix-v2] predict trpcage.yaml (recyc=2, steps=4, samples=1)
======================================================================

======================================================================
[openfold3] predict trpcage.yaml (recyc=2, steps=4, samples=1)
======================================================================

======================================================================
[openbind] predict trpcage.yaml (recyc=2, steps=4, samples=1)
======================================================================

======================================================================
[opendde] predict trpcage.yaml (recyc=2, steps=4, samples=1)
======================================================================

======================================================================
[opendde-abag] predict 1ahw_abag.yaml (recyc=2, steps=4, samples=1)
======================================================================

======================================================================
[rf3] predict trpcage.yaml (recyc=2, steps=4, samples=1)
======================================================================

======================================================================
[esmc-300m] embed tiny (L=20)
======================================================================

======================================================================
[esmc-600m] embed tiny (L=20)
======================================================================

======================================================================
[esmc-6b] embed tiny (L=20)
======================================================================

======================================================================
[saprot-35m] embed tiny (L=20)
======================================================================

======================================================================
[saprot-650m] embed tiny (L=20)
======================================================================

======================================================================
[saprot-1.3b] embed tiny (L=20)
======================================================================

======================================================================
[boltzgen] design --model boltzgen binder.yaml (protein-anything, 1 design)
======================================================================

======================================================================
[boltz2-affinity] predict affinity_fkg.yaml (affinity mode, recyc=2, steps=4, samples=1)
======================================================================

======================================================================
[nesso1] affinity affinity_fkg.yaml (CLI defaults)
======================================================================

======================================================================
[rfd3] design iai_inputs.yaml (1 design, --from_pdb --num_timesteps 4)
======================================================================

======================================================================
[pxdesign] design PDL1.yaml (1 design, --n_step 8)
======================================================================

##############################################################################
UX GATE — summary (fold fixtures: trpcage.yaml / 1ahw_abag.yaml (opendde-abag), recyc=2, steps=4, samples=1, seed=0)
##############################################################################
boltz2               126s  FAIL (predict exited 75: See https://nanobind.readthedocs.io/en/latest/refleaks.html)
  progress=False parse=False results=False
esmfold2             125s  FAIL (predict exited 75: See https://nanobind.readthedocs.io/en/latest/refleaks.html)
  progress=False parse=False results=False
esmfold2-fast        125s  FAIL (predict exited 75: See https://nanobind.readthedocs.io/en/latest/refleaks.html)
  progress=False parse=False results=False
protenix-v1          125s  FAIL (predict exited 75: See https://nanobind.readthedocs.io/en/latest/refleaks.html)
  progress=False parse=False results=False
protenix-v2          125s  FAIL (predict exited 75: See https://nanobind.readthedocs.io/en/latest/refleaks.html)
  progress=False parse=False results=False
openfold3            125s  FAIL (predict exited 75: See https://nanobind.readthedocs.io/en/latest/refleaks.html)
  progress=False parse=False results=False
openbind             125s  FAIL (predict exited 75: See https://nanobind.readthedocs.io/en/latest/refleaks.html)
  progress=False parse=False results=False
opendde              126s  FAIL (predict exited 75: See https://nanobind.readthedocs.io/en/latest/refleaks.html)
  progress=False parse=False results=False
opendde-abag         125s  FAIL (predict exited 75: See https://nanobind.readthedocs.io/en/latest/refleaks.html)
  progress=False parse=False results=False
rf3                  125s  FAIL (predict exited 75: See https://nanobind.readthedocs.io/en/latest/refleaks.html)
  progress=False parse=False results=False
esmc-300m            122s  FAIL (embed exited 75: device contention, nothing ran: physical card 2 on tt-quietbox2 is in use by worker:roof-transition-chunk-remerge-verify (pid 38513) -- the same holder identity in a DIFFERENT process, so this is a real co-tenant, not a stale lease; waited 120s. Refusing to open it concurrently (would collide at the fd level).)
  progress=False parse=False manifest=False
esmc-600m            122s  FAIL (embed exited 75: device contention, nothing ran: physical card 2 on tt-quietbox2 is in use by worker:roof-transition-chunk-remerge-verify (pid 38513) -- the same holder identity in a DIFFERENT process, so this is a real co-tenant, not a stale lease; waited 120s. Refusing to open it concurrently (would collide at the fd level).)
  progress=False parse=False manifest=False
esmc-6b              122s  FAIL (embed exited 75: device contention, nothing ran: physical card 2 on tt-quietbox2 is in use by worker:roof-transition-chunk-remerge-verify (pid 38513) -- the same holder identity in a DIFFERENT process, so this is a real co-tenant, not a stale lease; waited 120s. Refusing to open it concurrently (would collide at the fd level).)
  progress=False parse=False manifest=False
saprot-35m           123s  FAIL (embed exited 75: device contention, nothing ran: physical card 2 on tt-quietbox2 is in use by worker:roof-transition-chunk-remerge-verify (pid 38513) -- the same holder identity in a DIFFERENT process, so this is a real co-tenant, not a stale lease; waited 120s. Refusing to open it concurrently (would collide at the fd level).)
  progress=False parse=False manifest=False
saprot-650m          123s  FAIL (embed exited 75: device contention, nothing ran: physical card 2 on tt-quietbox2 is in use by worker:roof-transition-chunk-remerge-verify (pid 38513) -- the same holder identity in a DIFFERENT process, so this is a real co-tenant, not a stale lease; waited 120s. Refusing to open it concurrently (would collide at the fd level).)
  progress=False parse=False manifest=False
saprot-1.3b          124s  FAIL (embed exited 75: device contention, nothing ran: physical card 2 on tt-quietbox2 is in use by worker:roof-transition-chunk-remerge-verify (pid 38513) -- the same holder identity in a DIFFERENT process, so this is a real co-tenant, not a stale lease; waited 120s. Refusing to open it concurrently (would collide at the fd level).)
  progress=False parse=False manifest=False
boltzgen             123s  FAIL (design run exited 75: See https://nanobind.readthedocs.io/en/latest/refleaks.html)
  progress=False parse=False metrics=False
boltz2-affinity      125s  FAIL (affinity predict exited 75: See https://nanobind.readthedocs.io/en/latest/refleaks.html)
  progress=False parse=False results=False
nesso1               132s  FAIL (affinity exited 75: device contention, nothing ran: physical card 2 on tt-quietbox2 is in use by worker:roof-transition-chunk-remerge-verify (pid 38513) -- the same holder identity in a DIFFERENT process, so this is a real co-tenant, not a stale lease; waited 120s. Refusing to open it concurrently (would collide at the fd level).)
  progress=False results=False
rfd3                 122s  FAIL (design exited 75: device contention, nothing ran: physical card 2 on tt-quietbox2 is in use by worker:roof-transition-chunk-remerge-verify (pid 38513) -- the same holder identity in a DIFFERENT process, so this is a real co-tenant, not a stale lease; waited 120s. Refusing to open it concurrently (would collide at the fd level).)
  progress=False parse=False
pxdesign             122s  FAIL (design exited 75: device contention, nothing ran: physical card 2 on tt-quietbox2 is in use by worker:roof-transition-chunk-remerge-verify (pid 38513) -- the same holder identity in a DIFFERENT process, so this is a real co-tenant, not a stale lease; waited 120s. Refusing to open it concurrently (would collide at the fd level).)
  progress=False parse=False
##############################################################################
GATE FAIL — a surface missed a UX leg (see above). A UX regression blocks a tag, same standing as an accuracy regression.
