07:17:55 1350 800 6.63
07:17:59 1350 800 6.18
07:18:03 1350 800 6.18
07:18:07 1350 800 5.77
07:18:11 1350 800 5.94
07:18:15 1350 800 6.19
07:18:19 1350 800 6.33
07:18:23 1350 800 6.33
07:18:27 1350 800 5.99
07:18:31 1350 800 5.67
07:18:35 1350 800 5.37
07:18:39 1350 1350 5.10
07:18:43 1350 1350 5.10
07:18:47 1350 1350 5.50
07:18:51 1350 1350 5.86
07:18:55 1350 1350 5.55
07:18:59 1350 1350 6.39
07:19:03 1350 1350 6.39
07:19:07 1350 1350 6.59
07:19:11 1350 1350 7.35
07:19:15 1350 1350 8.04
07:19:19 1350 1350 8.12
07:19:23 1350 1350 8.12
07:19:27 1350 1350 8.75
07:19:31 1350 1350 8.85
07:19:35 1350 1350 8.86
07:19:39 1350 1350 8.87
07:19:43 1350 1350 8.87
07:19:47 1350 1350 9.44
07:19:51 1350 1350 9.41
07:19:55 1350 1350 9.46
07:19:59 1350 1350 9.58
07:20:03 1350 1350 9.58
07:20:07 1350 1350 10.17
07:20:11 1350 1350 9.52
07:20:15 1350 1350 10.04
07:20:19 1350 1350 9.95
07:20:23 1350 1350 9.95
07:20:27 1350 1350 10.04
07:20:31 1350 800 10.60
07:20:35 1350 1350 10.47
07:20:39 1350 1350 9.87
07:20:43 1350 1350 9.87
07:20:47 1350 1350 9.88
07:20:51 1350 1350 9.25
07:20:55 1350 1350 8.75
07:20:59 1350 1350 8.77
07:21:03 1350 1350 8.77
07:21:07 1350 1350 8.87
07:21:11 1350 1350 9.44
07:21:15 1350 1350 9.97
07:21:19 1350 1350 10.45
07:21:23 1350 1350 10.45
07:21:27 1350 1350 10.89
07:21:31 1350 1350 10.82
07:21:35 1350 1350 11.24
07:21:39 1350 1350 11.06
07:21:43 1350 1350 11.06
07:21:47 1350 1350 10.97
07:21:51 1350 1350 11.38
07:21:55 1350 1350 11.18
07:21:59 1350 1350 11.57
07:22:03 1350 1350 11.57
07:22:07 1350 1350 11.36
07:22:11 1350 1350 10.69
07:22:15 1350 1350 11.12
07:22:19 1350 1350 11.03
07:22:23 1350 1350 11.03
07:22:27 1350 1350 11.43
07:22:31 1350 800 10.67
07:22:35 1350 800 9.90
07:22:39 1350 800 9.19
07:22:43 1350 800 9.19
07:22:47 1350 800 9.17
07:22:51 1350 800 9.16
07:22:56 1350 800 8.58
07:23:00 1350 800 7.98
07:23:04 1350 800 7.42
07:23:08 1350 800 7.42
07:23:12 1350 800 6.90
07:23:16 1350 800 6.51
07:23:20 1350 800 6.15
07:23:24 1350 800 6.38
07:23:28 1350 800 6.38
07:23:32 1350 800 6.51
07:23:36 1350 800 6.07
07:23:40 1350 800 5.74
07:23:44 1350 800 5.44
07:23:48 1350 800 5.44
07:23:52 1350 800 5.65
07:23:56 1350 800 5.35
07:24:00 1350 800 5.00
07:24:04 1350 800 4.76
07:24:08 1350 800 4.76
07:24:12 1350 800 4.46
07:24:16 1350 800 4.18
07:24:20 1350 800 4.49
07:24:24 1350 800 4.29
07:24:28 1350 800 4.29
07:24:32 1350 800 4.75
07:24:36 1350 800 5.09
07:24:40 1350 800 5.56
07:24:44 1350 800 5.76
07:24:48 1350 800 5.76
07:24:52 1350 800 5.46
07:24:56 1350 800 5.66
07:25:00 1350 800 5.29
07:25:04 1350 800 5.50
07:25:08 1350 800 5.50
07:25:12 1350 800 5.14
07:25:16 1350 800 5.37
07:25:20 1350 800 5.58
07:25:24 1350 800 5.30
07:25:28 1350 800 5.30
07:25:32 1350 800 4.95
07:25:36 1350 800 4.72
07:25:40 1350 800 4.42
07:25:44 1350 800 4.14
07:25:48 1350 800 4.14
07:25:52 1350 800 3.89
07:25:56 1350 800 4.22
07:26:00 1350 800 4.52
07:26:04 1350 800 4.88
07:26:08 1350 800 4.88
07:26:12 1350 800 4.57
07:26:16 1350 800 4.29
07:26:20 1350 800 4.74
07:26:24 1350 800 4.52
07:26:28 1350 800 4.52
07:26:32 1350 800 4.24
07:26:36 1350 800 4.06
07:26:40 1350 800 4.38
07:26:44 1350 800 4.11
07:26:48 1350 800 4.11
07:26:52 1350 800 3.86
07:26:56 1350 800 3.63
07:27:00 1350 800 3.58
07:27:04 1350 800 4.01
07:27:08 1350 800 4.01
07:27:12 1350 800 4.41
07:27:16 1350 800 4.14
07:27:20 1350 800 4.53
07:27:24 1350 800 4.89
07:27:28 1350 800 4.89
07:27:32 1350 800 4.57
07:27:36 1350 800 4.37
07:27:40 1350 800 4.66
07:27:44 1350 800 4.93
07:27:48 1350 800 4.93
07:27:52 1350 800 5.25
07:27:56 1350 800 5.55
07:28:00 1350 800 5.75
07:28:04 1350 800 5.45
07:28:08 1350 800 5.45
07:28:12 1350 800 5.57
07:28:16 1350 800 5.29
07:28:20 1350 800 4.94
07:28:24 1350 800 4.63
07:28:28 1350 800 4.63
07:28:32 1350 800 4.90
07:28:36 1350 800 4.67
07:28:40 1350 800 4.37
07:28:44 1350 800 4.18
07:28:48 1350 800 4.18
07:28:52 1350 800 4.49
07:28:56 1350 800 4.77
07:29:00 1350 800 5.03
07:29:04 1350 800 4.71
07:29:08 1350 800 4.71
07:29:12 1350 800 4.41
07:29:16 1350 800 4.70
07:29:20 1350 800 4.40
07:29:24 1350 800 4.13
07:29:28 1350 800 4.13
07:29:32 1350 800 3.88
07:29:36 1350 800 4.29
07:29:40 1350 800 4.58
07:29:44 1350 800 4.38
07:29:48 1350 800 4.38
07:29:52 1350 800 4.67
07:29:56 1350 800 4.94
07:30:00 1350 800 5.18
07:30:04 1350 800 5.01
07:30:08 1350 800 5.01
07:30:12 1350 800 4.68
07:30:16 1350 800 4.39
07:30:20 1350 800 4.12
07:30:25 1350 800 4.51
07:30:29 1350 800 4.51
07:30:33 1350 800 4.23
07:30:37 1350 800 3.97
07:30:41 1350 800 4.29
07:30:45 1350 800 4.11
07:30:49 1350 800 4.11
07:30:53 1350 800 4.42
07:30:57 1350 800 4.15
07:31:01 1350 800 3.89
07:31:05 1350 800 4.30
07:31:09 1350 800 4.12
07:31:13 1350 800 4.12
07:31:17 1350 800 3.87
07:31:21 1350 800 4.20
07:31:25 1350 800 4.58
07:31:29 1350 800 4.94
07:31:33 1350 800 4.94
07:31:37 1350 800 4.70
07:31:41 1350 800 4.49
07:31:45 1350 800 4.77
07:31:49 1350 800 5.11
07:31:53 1350 800 5.11
07:31:57 1350 800 5.42
07:32:01 1350 800 5.15
07:32:05 1350 800 4.97
07:32:09 1350 800 4.66
07:32:13 1350 800 4.66
07:32:17 1350 800 4.92
07:32:21 1350 800 4.69
07:32:25 1350 800 4.95
07:32:29 1350 800 5.28
07:32:33 1350 800 5.28
07:32:37 1350 800 5.02
07:32:41 1350 800 5.34
07:32:45 1350 800 5.55
07:32:49 1350 800 5.26
07:32:53 1350 800 5.26
07:32:57 1350 800 5.00
07:33:01 1350 800 4.68
07:33:05 1350 800 4.47
07:33:09 1350 800 4.91
07:33:13 1350 800 4.91
07:33:17 1350 800 4.68
07:33:21 1350 800 4.94
07:33:25 1350 800 5.27
07:33:29 1350 800 5.57
07:33:33 1350 800 5.57
07:33:37 1350 800 5.76
07:33:41 1350 800 5.38
07:33:45 1350 800 5.59
07:33:49 1350 800 5.30
07:33:53 1350 800 5.30
07:33:57 1350 800 4.96
07:34:01 1350 800 4.72
07:34:05 1350 800 4.98
07:34:09 1350 800 5.31
07:34:13 1350 800 5.31
07:34:17 1350 800 5.60
07:34:21 1350 800 5.23
07:34:25 1350 800 5.53
07:34:29 1350 800 5.73
07:34:33 1350 800 5.73
07:34:37 1350 800 5.43
07:34:41 1350 800 5.08
07:34:45 1350 800 4.75
07:34:49 1350 800 4.45
07:34:53 1350 800 4.45
07:34:57 1350 800 4.73
07:35:01 1350 800 5.08
07:35:05 1350 800 5.39
07:35:09 1350 800 5.60
07:35:13 1350 800 5.60
07:35:17 1350 800 5.79
07:35:21 1350 800 5.41
07:35:25 1350 800 5.14
07:35:29 1350 800 4.88
07:35:33 1350 800 4.88
07:35:37 1350 800 4.65
07:35:41 1350 800 4.36
07:35:45 1350 800 4.73
07:35:49 1350 800 5.07
07:35:53 1350 800 5.07
07:35:57 1350 800 4.75
07:36:01 1350 800 5.09
07:36:05 1350 800 5.32
07:36:09 1350 800 5.06
07:36:13 1350 800 5.06
07:36:17 1350 800 5.29
07:36:21 1350 800 4.95
07:36:25 1350 800 4.71
07:36:29 1350 800 4.41
07:36:33 1350 800 4.41
07:36:37 1350 800 4.14
07:36:41 1350 800 3.89
07:36:45 1350 800 4.30
07:36:49 1350 800 4.60
07:36:53 1350 800 4.60
07:36:57 1350 800 4.95
07:37:01 1350 800 5.27
07:37:05 1350 800 5.57
07:37:09 1350 800 5.77
07:37:13 1350 800 5.77
07:37:17 1350 800 5.38
07:37:21 1350 800 5.59
07:37:25 1350 800 5.23
07:37:29 1350 800 5.53
07:37:33 1350 800 5.53
07:37:37 1350 800 5.81
07:37:41 1350 800 5.98
07:37:45 800 800 5.74
07:37:49 800 800 5.52
07:37:54 800 800 5.52
07:37:58 800 800 5.24
07:38:02 800 800 4.90
07:38:06 800 800 4.59
07:38:10 800 800 4.22
07:38:14 800 800 4.22
07:38:18 800 800 3.88
07:38:22 800 800 3.57
07:38:26 800 800 3.37
07:38:30 800 800 3.18
07:38:34 800 800 3.18
07:38:38 800 800 3.08
07:38:42 800 800 2.91
07:38:46 800 800 2.68
07:38:50 800 800 2.47
07:38:54 800 800 2.47
07:38:58 800 800 2.27
07:39:02 800 800 2.17
07:39:06 800 800 2.07
07:39:10 800 800 1.99
07:39:14 800 800 1.91
07:39:18 800 800 1.91
07:39:22 800 800 1.75
07:39:26 800 800 1.61
07:39:30 800 800 1.56
07:39:34 800 800 1.52
07:39:38 800 800 1.52
07:39:42 800 800 1.40
07:39:46 800 800 1.29
07:39:50 800 800 1.26
07:39:54 800 800 1.16
07:39:58 800 800 1.16
07:40:02 800 800 1.15
07:40:06 800 800 1.14
07:40:10 800 800 1.12
07:40:14 800 800 1.03
07:40:18 800 800 1.03
07:40:22 800 800 0.95
07:40:26 800 800 0.87
07:40:30 800 800 1.04
07:40:34 800 800 0.96
07:40:38 800 800 0.96
07:40:42 800 800 0.96
07:40:46 800 800 0.97
07:40:50 800 800 0.89
07:40:54 800 800 0.82
07:40:58 800 800 0.82
07:41:02 800 800 0.75
07:41:06 800 800 0.69
07:41:10 800 800 0.64
07:41:14 800 800 0.58
07:41:18 800 800 0.58
07:41:22 800 800 0.54
07:41:26 800 800 0.49
07:41:30 800 800 0.45
07:41:34 800 800 0.42
07:41:38 800 800 0.42
07:41:42 800 800 0.38
07:41:46 800 800 0.35
07:41:50 800 800 0.32
07:41:54 800 800 0.30
07:41:58 800 800 0.30
07:42:02 800 800 0.27
07:42:06 800 800 0.33
07:42:10 800 800 0.31
07:42:14 800 800 0.28
07:42:18 800 800 0.28
07:42:22 800 800 0.26
07:42:26 800 800 0.24
07:42:30 800 800 0.30
07:42:34 800 800 0.27
07:42:38 800 800 0.27
07:42:42 800 800 0.25
07:42:46 800 800 0.23
07:42:50 800 800 0.21
07:42:54 800 800 0.20
07:42:58 800 800 0.20
07:43:02 800 800 0.18
07:43:06 800 800 0.16
07:43:10 800 800 0.15
07:43:14 800 800 0.46
07:43:18 800 800 0.46
07:43:22 800 800 0.42
07:43:26 800 800 0.39
07:43:30 800 800 0.36
07:43:34 800 800 0.33
07:43:38 800 800 0.33
07:43:42 800 800 0.46
07:43:46 800 800 0.43
07:43:50 800 800 0.39
07:43:54 800 800 0.36
07:43:58 800 800 0.36
07:44:02 800 800 0.33
07:44:06 800 800 0.30
07:44:10 800 800 0.28
07:44:14 800 800 0.34
07:44:18 800 800 0.34
07:44:23 800 800 0.31
07:44:27 800 800 0.29
07:44:31 800 800 0.26
07:44:35 800 800 0.24
07:44:39 800 800 0.24
07:44:43 800 800 0.22
07:44:47 800 800 0.20
07:44:51 800 800 0.19
07:44:55 800 800 0.17
07:44:59 800 800 0.17
07:45:03 800 800 0.16
07:45:07 800 800 0.39
07:45:11 800 800 0.35
07:45:15 800 800 0.33
07:45:19 800 800 0.33
07:45:23 800 800 0.30
07:45:27 800 800 0.27
07:45:31 800 800 0.25
07:45:35 800 800 0.23
07:45:39 800 800 0.23
07:45:43 800 800 0.21
07:45:47 800 800 0.20
07:45:51 800 800 0.18
07:45:55 800 800 0.25
07:45:59 800 800 0.25
07:46:03 800 800 0.31
07:46:07 800 800 0.28
07:46:11 800 800 0.26
07:46:15 800 800 0.24
07:46:19 800 800 0.22
07:46:23 800 800 0.22
07:46:27 800 800 0.20
07:46:31 800 800 0.18
07:46:35 800 800 0.17
07:46:39 800 800 0.16
07:46:43 800 800 0.16
07:46:47 800 800 0.14
07:46:51 800 800 0.13
07:46:55 800 800 0.12
07:46:59 800 800 0.11
07:47:03 800 800 0.11
07:47:07 800 800 0.10
07:47:11 800 800 0.09
07:47:15 800 800 0.09
07:47:19 800 800 0.08
07:47:23 800 800 0.08
07:47:27 800 800 0.07
07:47:31 800 800 0.07
07:47:35 800 800 0.14
07:47:39 800 800 0.13
07:47:43 800 800 0.13
07:47:47 800 800 0.12
07:47:51 800 800 0.11
07:47:55 800 800 0.10
07:47:59 800 800 0.09
07:48:03 800 800 0.09
07:48:07 800 800 0.08
07:48:11 800 800 0.08
07:48:15 800 800 0.15
07:48:19 800 800 0.14
07:48:23 800 800 0.14
