01:09:02 2.34 4.09 6.51 39/1168 1263082
01:09:12 2.45 4.05 6.48 68/1570 1263805
01:09:22 13.21 6.31 7.18 83/1565 1264129
01:09:32 20.46 8.12 7.77 66/1565 1264377
01:09:42 25.03 9.48 8.21 12/1496 1264811
01:09:52 25.57 10.10 8.43 17/1635 1266456
01:10:02 22.77 10.01 8.42 4/1575 1267286
01:10:12 20.04 9.85 8.38 4/1573 1267679
01:10:22 17.98 9.74 8.36 4/1570 1267870
01:10:32 15.91 9.56 8.32 6/1579 1268558
01:10:42 14.69 9.51 8.31 5/1581 1269217
01:10:52 16.12 9.98 8.48 6/1476 1269934
01:11:03 14.78 9.89 8.47 10/1581 1270387
01:11:13 17.24 10.56 8.70 19/1610 1270621
01:11:23 21.62 11.69 9.08 12/1610 1270856
01:11:33 25.56 12.87 9.50 14/1610 1271083
01:11:43 25.53 13.25 9.66 62/1607 1271404
01:11:53 28.78 14.40 10.07 40/1608 1271646
01:12:03 25.67 14.21 10.05 41/1403 1271873
01:12:13 22.82 13.97 10.02 15/1580 1272393
01:12:23 32.73 16.40 10.86 68/1611 1272688
01:12:33 34.74 17.40 11.24 48/1611 1273037
01:12:43 36.06 18.22 11.57 75/1609 1273293
01:12:53 32.60 18.07 11.60 75/1605 1273870
01:13:03 33.51 18.78 11.90 7/1571 1274103
01:13:13 31.47 18.85 12.00 61/1575 1274371
01:13:23 27.65 18.44 11.94 69/1580 1274866
01:13:33 31.72 19.60 12.38 9/1586 1275226
01:13:43 34.89 20.70 12.82 8/1580 1276066
01:13:53 30.44 20.21 12.74 4/1571 1276749
01:14:03 26.54 19.71 12.66 8/1404 1277005
01:14:13 27.06 20.02 12.84 26/1714 1277645
01:14:23 27.21 20.31 13.01 8/1713 1277817
01:14:33 24.33 19.92 12.96 26/1713 1278304
01:14:43 25.56 20.32 13.16 26/1707 1278642
01:14:53 25.01 20.38 13.26 39/1710 1278971
01:15:03 28.36 21.24 13.62 127/1708 1279159
01:15:13 41.57 24.32 14.70 88/1709 1279496
01:15:23 44.89 25.61 15.23 77/1540 1279845
01:15:33 43.57 25.98 15.46 39/1674 1280354
01:15:43 52.83 28.51 16.39 136/1710 1280673
01:15:53 57.84 30.39 17.13 104/1711 1281004
01:16:03 62.32 32.30 17.90 19/1709 1281441
01:16:13 62.47 33.32 18.39 134/1709 1281760
01:16:23 63.94 34.59 18.96 75/1714 1282173
01:16:33 64.84 35.76 19.51 27/1704 1282480
01:16:43 65.40 36.84 20.03 71/1704 1282801
01:16:53 66.96 38.10 20.62 37/1698 1283202
01:17:03 64.60 38.55 20.96 49/1712 1283673
01:17:13 67.21 39.95 21.60 116/1698 1284160
01:17:23 73.31 42.15 22.52 39/1698 1284362
01:17:33 70.82 42.66 22.90 80/1713 1284974
01:17:43 68.81 43.18 23.28 28/1698 1285459
01:17:53 65.14 43.24 23.51 38/1698 1286396
