01:09:02 2.34 4.09 6.51 24/1169 1263086
01:09:12 2.45 4.05 6.48 67/1570 1263808
01:09:22 13.21 6.31 7.18 97/1565 1264132
01:09:32 20.46 8.12 7.77 67/1564 1264380
01:09:42 25.03 9.48 8.21 12/1496 1264814
01:09:52 25.57 10.10 8.43 54/1636 1266465
01:10:02 22.77 10.01 8.42 5/1575 1267289
01:10:12 20.04 9.85 8.38 4/1573 1267682
01:10:22 17.98 9.74 8.36 4/1570 1267873
01:10:33 15.91 9.56 8.32 7/1579 1268561
01:10:43 14.69 9.51 8.31 8/1581 1269220
01:10:53 16.12 9.98 8.48 5/1473 1269938
01:11:03 14.78 9.89 8.47 7/1581 1270390
01:11:13 17.24 10.56 8.70 13/1610 1270624
01:11:23 21.62 11.69 9.08 16/1610 1270859
01:11:33 25.56 12.87 9.50 9/1610 1271086
01:11:43 25.53 13.25 9.66 65/1607 1271403
01:11:53 28.78 14.40 10.07 39/1608 1271643
01:12:03 25.67 14.21 10.05 37/1403 1271870
01:12:13 22.82 13.97 10.02 13/1580 1272390
01:12:23 32.73 16.40 10.86 70/1611 1272687
01:12:33 34.74 17.40 11.24 49/1611 1273036
01:12:43 36.06 18.22 11.57 76/1609 1273291
01:12:53 32.60 18.07 11.60 76/1605 1273868
01:13:03 33.51 18.78 11.90 4/1571 1274100
01:13:13 31.47 18.85 12.00 69/1574 1274368
01:13:23 27.65 18.44 11.94 70/1580 1274864
01:13:33 31.72 19.60 12.38 12/1586 1275223
01:13:43 34.89 20.70 12.82 6/1581 1276063
01:13:53 30.44 20.21 12.74 4/1571 1276746
01:14:03 26.54 19.71 12.66 6/1403 1277001
01:14:13 27.06 20.02 12.84 25/1714 1277642
01:14:23 27.21 20.31 13.01 8/1713 1277812
01:14:33 24.33 19.92 12.96 26/1713 1278301
01:14:43 25.56 20.32 13.16 26/1707 1278639
01:14:53 25.01 20.38 13.26 40/1710 1278968
01:15:03 28.36 21.24 13.62 118/1708 1279156
01:15:13 41.57 24.32 14.70 131/1709 1279493
01:15:23 44.89 25.61 15.23 67/1508 1279810
01:15:33 43.57 25.98 15.46 42/1674 1280351
01:15:43 52.83 28.51 16.39 136/1709 1280670
01:15:53 57.84 30.39 17.13 104/1711 1281001
01:16:03 62.32 32.30 17.90 26/1717 1281438
01:16:13 62.47 33.32 18.39 134/1710 1281757
01:16:23 63.94 34.59 18.96 22/1714 1282168
01:16:33 64.84 35.76 19.51 78/1703 1282451
01:16:43 65.40 36.84 20.03 70/1702 1282781
01:16:53 66.96 38.10 20.62 33/1698 1283199
01:17:03 64.60 38.55 20.96 71/1712 1283670
01:17:13 67.21 39.95 21.60 124/1698 1284157
01:17:23 73.31 42.15 22.52 71/1698 1284358
01:17:33 70.82 42.66 22.90 91/1713 1284971
01:17:43 68.81 43.18 23.28 39/1702 1285456
01:17:53 65.14 43.24 23.51 55/1698 1286393
01:18:03 65.27 44.00 23.97 35/1356 1286719
