02:01:58 2.05 0.94 0.37 4/815 10796
02:02:08 3.32 1.25 0.48 18/918 11083
02:02:18 5.50 1.78 0.66 4/927 11527
02:02:28 6.59 2.15 0.79 4/919 12141
02:02:38 5.88 2.14 0.81 3/918 12281
02:02:48 6.55 2.42 0.91 3/918 12378
02:02:58 5.93 2.42 0.93 3/917 12528
02:03:08 6.51 2.67 1.02 4/918 12639
02:03:18 5.90 2.66 1.04 3/854 12787
02:03:28 5.14 2.61 1.04 2/813 12891
02:03:38 4.51 2.55 1.04 2/791 12972
02:03:48 3.97 2.50 1.04 2/784 13068
02:03:58 3.51 2.45 1.04 2/784 13105
02:04:08 3.12 2.40 1.04 2/785 13205
02:04:18 2.88 2.37 1.04 3/786 13271
02:04:28 2.59 2.33 1.04 2/786 13528
02:04:38 2.34 2.28 1.04 2/786 13564
02:04:48 2.14 2.24 1.04 2/788 13600
02:04:58 2.04 2.22 1.04 3/788 13793
02:05:08 1.88 2.18 1.04 2/787 13902
02:05:18 1.89 2.17 1.05 2/796 14045
02:05:28 1.83 2.15 1.06 2/794 15678
02:05:38 1.70 2.11 1.06 2/795 15765
02:05:48 1.59 2.07 1.06 2/795 17340
02:05:58 1.50 2.04 1.05 2/796 18192
02:06:08 1.43 2.00 1.05 2/795 19004
02:06:18 1.36 1.97 1.05 2/795 20581
02:06:28 1.38 1.95 1.06 2/796 20750
02:06:38 1.32 1.92 1.06 2/796 22331
02:06:48 1.27 1.89 1.06 2/796 22414
02:06:58 1.23 1.86 1.05 2/794 24006
02:07:08 1.20 1.83 1.05 2/795 24950
02:07:18 1.16 1.80 1.05 3/793 25816
02:07:28 1.14 1.78 1.05 2/794 25908
02:07:38 1.12 1.75 1.05 2/799 27601
02:07:48 1.10 1.73 1.05 2/797 29184
02:07:58 1.08 1.70 1.05 2/798 29272
02:08:08 1.07 1.68 1.05 2/797 30856
02:08:18 1.06 1.66 1.05 2/799 30949
02:08:28 1.05 1.63 1.05 2/804 32633
02:08:38 1.19 1.64 1.06 2/800 33434
02:08:48 1.16 1.62 1.05 2/799 34305
02:08:58 1.13 1.60 1.05 2/797 35996
02:09:08 1.19 1.60 1.06 2/782 36204
02:09:18 1.16 1.58 1.06 2/782 37782
02:09:28 1.14 1.56 1.06 2/781 37918
02:09:38 1.20 1.56 1.06 3/790 39523
02:09:48 1.17 1.54 1.06 2/785 40311
02:09:58 1.14 1.52 1.06 2/784 41146
02:10:08 1.12 1.50 1.06 2/780 42680
02:10:18 1.10 1.49 1.06 2/779 42848
02:10:28 1.08 1.47 1.06 2/781 44425
