01:59:20 0.25 0.11 0.04 3/706 3377
01:59:30 1.73 0.42 0.14 2/809 3844
01:59:40 1.76 0.47 0.16 2/809 4715
01:59:50 1.65 0.49 0.17 2/809 4800
02:00:00 1.55 0.51 0.18 2/809 4839
02:00:10 1.46 0.52 0.19 2/809 4874
02:00:20 1.39 0.54 0.20 2/807 4978
02:00:30 1.33 0.56 0.21 2/807 5147
02:00:40 1.28 0.57 0.22 2/808 5291
02:00:50 1.24 0.59 0.22 2/807 5376
02:01:00 1.20 0.60 0.23 2/807 5612
02:01:10 1.17 0.61 0.24 2/807 5703
02:01:20 1.38 0.68 0.27 2/815 6253
02:01:30 1.85 0.80 0.31 3/823 7909
02:01:40 2.35 0.94 0.36 4/816 10118
02:01:50 2.14 0.94 0.37 19/813 10679
02:02:00 2.05 0.96 0.38 3/883 10890
02:02:10 4.50 1.52 0.57 18/918 11109
02:02:20 6.90 2.13 0.78 21/930 11870
02:02:30 6.22 2.15 0.80 3/918 12217
02:02:40 6.77 2.39 0.89 19/918 12308
02:02:50 6.19 2.41 0.92 3/918 12405
02:03:01 6.82 2.66 1.01 4/919 12552
02:03:11 6.15 2.66 1.03 3/918 12674
