02:22:00 2.08 2.68 2.21 7/743 58725
02:22:10 2.14 2.67 2.22 4/847 59050
02:22:20 2.12 2.65 2.21 34/915 59213
02:22:30 4.39 3.13 2.38 3/904 59845
02:22:40 4.18 3.13 2.38 24/941 61471
02:22:50 6.46 3.65 2.56 11/944 62948
02:23:00 5.93 3.63 2.57 12/949 64738
02:23:10 6.07 3.74 2.61 3/923 66478
02:23:20 5.44 3.68 2.61 3/923 66611
02:23:30 5.23 3.69 2.62 4/924 66700
02:23:40 4.73 3.64 2.62 3/929 66839
02:23:50 4.47 3.62 2.62 3/924 66927
02:24:00 4.09 3.56 2.61 3/924 67008
02:24:10 3.85 3.53 2.61 3/924 67144
02:24:20 3.72 3.51 2.62 4/874 67283
02:24:30 4.89 3.76 2.71 21/945 68063
02:24:40 5.86 4.01 2.80 6/920 69676
02:24:50 7.25 4.36 2.93 20/935 71856
02:25:00 7.77 4.58 3.02 3/925 72093
02:25:10 8.88 4.93 3.15 18/925 72210
02:25:20 7.82 4.83 3.14 3/925 72364
02:25:30 8.10 5.00 3.21 3/922 72478
02:25:40 8.37 5.15 3.28 18/923 72633
02:25:50 7.39 5.05 3.26 3/923 72744
02:26:00 7.83 5.21 3.34 3/923 72905
02:26:10 6.94 5.11 3.32 3/923 73035
02:26:20 7.38 5.25 3.39 15/891 73226
02:26:30 9.08 5.69 3.55 3/941 73501
02:26:40 7.99 5.57 3.53 4/923 74042
02:26:50 8.34 5.72 3.60 18/922 74405
02:27:00 8.47 5.84 3.66 3/924 74495
02:27:10 7.48 5.71 3.65 3/923 74625
02:27:20 6.64 5.59 3.63 3/924 74714
02:27:30 5.92 5.47 3.61 3/924 74843
02:27:40 5.32 5.36 3.59 4/923 74932
02:27:50 4.96 5.28 3.59 9/923 75025
02:28:00 4.74 5.22 3.58 21/924 75285
02:28:10 4.47 5.14 3.58 4/919 75390
02:28:20 5.45 5.32 3.65 5/921 75558
02:28:30 6.35 5.51 3.73 3/904 75906
02:28:40 6.95 5.66 3.80 4/952 76116
02:28:50 7.69 5.86 3.88 3/925 76735
02:29:00 8.02 5.98 3.94 6/921 77016
02:29:10 8.43 6.14 4.02 21/940 78136
02:29:20 10.41 6.65 4.21 7/939 79826
02:29:30 9.49 6.57 4.21 3/924 80149
02:29:40 8.34 6.42 4.18 3/931 80254
02:29:50 7.36 6.28 4.16 3/928 80486
02:30:00 6.70 6.17 4.15 5/946 80693
02:30:10 6.12 6.06 4.13 3/930 80828
02:30:20 5.49 5.93 4.11 18/930 81106
02:30:30 6.14 6.06 4.17 3/914 81347
02:30:40 5.50 5.93 4.15 19/930 82123
02:30:50 7.34 6.31 4.29 3/930 82209
02:31:00 6.52 6.17 4.27 20/931 82341
02:31:10 7.00 6.29 4.33 3/930 82448
02:31:20 6.23 6.15 4.31 3/930 82555
02:31:30 5.82 6.06 4.30 3/930 82719
02:31:40 5.31 5.94 4.28 3/929 82834
02:31:50 4.80 5.81 4.25 8/931 83132
02:32:00 5.63 5.97 4.32 3/931 83342
02:32:10 5.23 5.87 4.30 4/933 84076
02:32:20 7.60 6.35 4.48 20/931 84215
02:32:30 6.74 6.21 4.45 6/931 84445
02:32:40 7.19 6.33 4.51 3/930 84524
02:32:50 6.39 6.19 4.48 3/930 84619
02:33:00 5.71 6.05 4.45 3/931 84752
02:33:10 5.14 5.91 4.43 3/931 84845
02:33:20 5.76 6.03 4.48 18/932 85122
02:33:30 6.29 6.14 4.54 4/918 85349
02:33:40 5.78 6.04 4.52 19/931 86055
02:33:50 7.58 6.42 4.66 4/937 86141
02:34:00 6.88 6.30 4.64 3/930 86233
02:34:10 6.13 6.16 4.61 3/925 86364
02:34:20 5.49 6.02 4.58 3/925 86453
02:34:30 4.96 5.89 4.55 3/926 86736
02:34:40 4.50 5.76 4.53 20/922 86860
02:34:50 5.30 5.90 4.59 7/917 87162
02:35:00 5.89 6.02 4.64 3/901 87371
02:35:10 5.37 5.90 4.61 3/905 88099
02:35:20 7.34 6.29 4.75 3/922 88293
02:35:30 6.52 6.14 4.72 3/922 88398
02:35:40 5.82 6.01 4.69 3/923 88567
02:35:50 5.23 5.88 4.66 18/923 88673
02:36:00 5.92 6.01 4.72 14/923 88808
