00:52:28 3.30 7.03 7.23 7/1397 1236744
00:52:38 3.41 6.93 7.19 39/1628 1237852
00:52:48 8.66 7.94 7.52 14/1622 1238580
00:52:58 12.36 8.73 7.78 36/1615 1238997
00:53:08 13.48 9.08 7.90 38/1615 1239213
00:53:18 11.87 8.88 7.85 4/1614 1239463
00:53:28 10.99 8.78 7.83 4/1616 1239776
00:53:38 10.24 8.69 7.81 6/1618 1240028
00:53:48 9.21 8.52 7.76 5/1616 1240246
00:53:58 8.25 8.34 7.71 4/1616 1240457
00:54:08 7.44 8.16 7.66 38/1614 1240719
00:54:18 6.76 7.99 7.61 66/1612 1240972
00:54:28 10.38 8.76 7.87 5/1617 1241309
00:54:38 14.25 9.64 8.16 4/1618 1241514
00:54:48 17.66 10.52 8.47 5/1617 1241791
00:54:58 15.56 10.31 8.42 35/1615 1242002
00:55:08 13.63 10.07 8.36 5/1619 1242145
00:55:18 12.14 9.87 8.31 67/1616 1242378
00:55:28 16.92 10.97 8.69 7/1618 1242595
00:55:38 17.34 11.24 8.80 4/1612 1242848
00:55:48 15.13 10.97 8.74 4/1515 1243157
00:55:58 13.42 10.74 8.69 4/1618 1243572
00:56:08 14.17 11.01 8.80 4/1617 1243767
00:56:18 14.81 11.27 8.91 4/1616 1243997
00:56:28 13.00 10.99 8.84 4/1616 1244187
00:56:38 11.53 10.75 8.78 36/1618 1244368
00:56:48 12.86 11.04 8.90 37/1618 1244635
00:56:58 13.77 11.31 9.01 4/1617 1244844
00:57:08 12.20 11.05 8.95 5/1617 1245107
00:57:18 10.86 10.81 8.89 5/1619 1245311
00:57:28 9.65 10.55 8.83 4/1621 1245570
00:57:38 11.27 10.85 8.95 67/1620 1245769
00:57:48 10.00 10.59 8.88 4/1618 1246013
00:57:58 16.05 11.88 9.32 37/1620 1246287
00:58:08 16.68 12.14 9.43 35/1618 1246522
00:58:18 14.81 11.89 9.38 4/1618 1246787
00:58:28 15.35 12.12 9.48 4/1619 1246994
00:58:38 16.10 12.36 9.59 4/1614 1247244
00:58:48 14.08 12.05 9.52 2/1382 1247465
00:58:58 14.51 12.23 9.60 4/1383 1247633
00:59:08 12.75 11.93 9.53 3/1381 1247853
00:59:18 11.17 11.61 9.45 3/1382 1247991
00:59:28 12.49 11.86 9.56 10/1378 1248192
00:59:38 10.87 11.54 9.48 3/1378 1248333
00:59:48 9.59 11.24 9.40 3/1377 1248538
00:59:58 8.42 10.93 9.32 5/1379 1248682
01:00:08 7.43 10.64 9.24 4/1380 1248930
01:00:18 6.83 10.41 9.18 4/1381 1249117
01:00:28 6.24 10.16 9.11 5/1383 1249268
01:00:38 5.58 9.89 9.04 3/1381 1249455
01:00:48 5.11 9.65 8.97 4/1382 1249617
01:00:58 4.71 9.41 8.90 35/1382 1249813
01:01:08 6.65 9.69 8.99 4/1382 1250090
01:01:18 5.93 9.44 8.92 2/1380 1250301
01:01:28 5.41 9.21 8.85 5/1381 1250476
01:01:38 5.04 9.00 8.79 3/1380 1250688
01:01:48 7.06 9.29 8.88 3/1380 1250920
01:01:59 6.51 9.10 8.82 3/1376 1251089
01:02:09 5.89 8.88 8.75 4/1380 1251467
01:02:19 5.45 8.68 8.69 34/1380 1251636
01:02:29 4.92 8.46 8.62 34/1382 1251936
01:02:39 8.06 9.01 8.79 34/1383 1252077
