02:12:11 1.71 2.63 6.29 5/1153 1687799
02:12:21 4.40 3.16 6.42 8/1354 1688256
02:12:31 6.47 3.66 6.55 3/1354 1688450
02:12:41 5.86 3.62 6.50 3/1355 1688590
02:12:51 5.26 3.57 6.45 4/1355 1688682
02:13:01 4.76 3.51 6.41 3/1355 1688987
02:13:11 4.34 3.46 6.36 3/1352 1689144
02:13:21 4.06 3.43 6.32 3/1353 1689328
02:13:31 3.74 3.39 6.27 3/1352 1689529
02:13:41 3.55 3.36 6.23 4/1354 1689718
02:13:51 3.39 3.33 6.19 3/1352 1689874
02:14:01 4.19 3.50 6.21 5/1357 1690656
02:14:11 10.91 4.98 6.67 65/1353 1691048
02:14:21 11.98 5.42 6.79 4/1354 1691207
02:14:31 10.44 5.30 6.74 3/1319 1691660
02:14:41 11.43 5.70 6.86 34/1354 1691858
02:14:51 12.63 6.17 7.00 3/1353 1692086
02:15:01 14.52 6.76 7.18 35/1353 1692254
02:15:11 12.99 6.69 7.15 4/1353 1692477
02:15:21 16.30 7.60 7.44 2/1353 1692646
02:15:31 18.95 8.46 7.72 3/1353 1692807
02:15:41 16.34 8.24 7.66 3/1353 1692998
02:15:51 14.13 8.04 7.60 3/1356 1693216
02:16:01 12.27 7.84 7.54 3/1355 1693405
02:16:11 10.69 7.64 7.48 4/1354 1693555
02:16:21 9.57 7.51 7.44 3/1353 1693793
02:16:31 8.41 7.33 7.38 4/1354 1693939
02:16:41 7.42 7.15 7.32 3/1352 1694079
02:16:51 6.59 6.98 7.26 4/1353 1694283
02:17:01 5.88 6.81 7.21 3/1352 1694433
02:17:11 5.29 6.66 7.15 4/1353 1694632
02:17:21 7.34 7.03 7.27 4/1350 1694790
02:17:31 9.00 7.38 7.38 3/1349 1695003
02:17:41 10.29 7.73 7.49 3/1349 1695172
02:17:51 12.05 8.17 7.64 3/1351 1695544
02:18:01 10.82 8.03 7.60 4/1388 1695844
02:18:11 11.36 8.24 7.67 4/1358 1697938
02:18:21 10.00 8.06 7.62 34/1354 1698195
02:18:31 8.84 7.87 7.56 3/1352 1698368
02:18:41 8.11 7.74 7.52 3/1353 1698565
02:18:51 15.23 9.27 8.02 3/1352 1698717
02:19:01 15.84 9.58 8.13 3/1353 1698875
02:19:11 16.00 9.84 8.23 3/1146 1699074
02:19:21 13.77 9.56 8.16 4/1322 1699447
02:19:32 16.80 10.35 8.43 34/1349 1699671
02:19:42 14.60 10.09 8.37 9/1354 1699883
02:19:52 12.83 9.86 8.31 4/1352 1700208
02:20:02 11.92 9.76 8.30 7/1363 1701050
02:20:12 11.27 9.69 8.29 12/1442 1702259
02:20:22 10.51 9.58 8.27 4/1415 1702517
02:20:32 10.56 9.61 8.29 19/1415 1702664
02:20:42 11.78 9.91 8.40 19/1414 1702855
02:20:52 12.90 10.21 8.52 52/1416 1703009
02:21:02 13.68 10.46 8.62 19/1413 1703211
02:21:12 16.04 11.05 8.83 20/1412 1703437
02:21:22 16.35 11.28 8.93 51/1412 1703640
02:21:32 16.76 11.53 9.03 50/1412 1703862
02:21:42 19.51 12.28 9.30 19/1411 1704023
02:21:52 19.28 12.47 9.40 53/1425 1704352
02:22:02 18.26 12.48 9.43 7/1354 1704526
02:22:12 19.60 12.93 9.61 4/1413 1704814
02:22:22 20.60 13.39 9.80 37/1413 1705025
02:22:32 19.09 13.30 9.81 50/1417 1705291
02:22:42 18.92 13.45 9.89 20/1419 1705377
02:22:52 22.21 14.34 10.22 11/1402 1705562
02:23:02 20.51 14.25 10.24 4/1417 1705769
02:23:12 21.21 14.63 10.41 20/1419 1705932
02:23:22 20.94 14.79 10.50 20/1415 1706118
02:23:32 20.49 14.89 10.58 19/1416 1706271
02:23:42 20.27 15.03 10.67 4/1416 1706512
02:23:52 20.00 15.14 10.76 5/1415 1706668
02:24:02 17.38 14.74 10.68 19/1415 1706863
02:24:12 17.55 14.87 10.76 19/1414 1707017
02:24:22 16.42 14.72 10.76 19/1415 1707157
02:24:32 16.82 14.86 10.85 19/1415 1707402
02:24:42 17.08 14.98 10.93 19/1414 1707543
02:24:52 16.12 14.84 10.92 21/1411 1707746
02:25:02 22.01 16.14 11.39 19/1410 1708654
02:25:12 28.79 17.77 11.97 80/1411 1708892
02:25:22 29.69 18.31 12.21 19/1412 1709154
02:25:32 29.81 18.70 12.40 38/1414 1709380
02:25:42 27.23 18.53 12.41 18/1208 1709585
02:25:52 25.65 18.49 12.47 52/1385 1709995
02:26:02 30.25 19.72 12.93 68/1416 1710288
02:26:12 30.72 20.19 13.16 51/1416 1710460
02:26:22 31.49 20.68 13.39 36/1417 1710670
02:26:32 29.49 20.61 13.45 4/1415 1710844
02:26:42 30.20 21.04 13.66 5/1416 1711004
02:26:52 29.26 21.16 13.78 20/1418 1711209
02:27:02 25.37 20.60 13.68 19/1416 1711356
02:27:12 24.32 20.53 13.73 19/1414 1711563
