01:34:58 16.58 19.35 22.20 20/1223 1453343
01:35:08 15.85 19.09 22.09 19/1392 1453802
01:35:18 16.81 19.19 22.09 49/1214 1453965
01:35:28 21.76 20.17 22.38 50/1387 1454337
01:35:38 23.91 20.67 22.51 22/1451 1454802
01:35:48 24.17 20.83 22.54 36/1422 1455443
01:35:58 23.20 20.75 22.50 5/1426 1455641
01:36:08 22.56 20.69 22.46 19/1423 1455812
01:36:18 20.83 20.37 22.34 20/1425 1456004
01:36:28 20.48 20.31 22.30 4/1421 1456155
01:36:38 19.22 20.05 22.19 10/1424 1456394
01:36:48 19.26 20.03 22.16 19/1423 1456551
01:36:58 17.86 19.71 22.04 19/1423 1456700
01:37:08 16.78 19.41 21.91 19/1423 1456921
01:37:18 15.77 19.12 21.79 5/1424 1457058
01:37:28 16.26 19.11 21.76 50/1423 1457259
01:37:38 20.37 19.87 21.98 21/1424 1457408
01:37:48 22.57 20.34 22.11 19/1424 1457632
01:37:58 22.61 20.40 22.11 19/1286 1457850
01:38:08 24.13 20.79 22.21 84/1426 1458246
01:38:18 27.74 21.67 22.48 19/1426 1458494
01:38:28 25.38 21.35 22.37 21/1430 1458978
01:38:38 28.96 22.25 22.65 15/1425 1459507
01:38:48 28.63 22.39 22.69 20/1427 1459718
01:38:58 27.07 22.26 22.65 4/1427 1460026
01:39:08 25.91 22.17 22.61 19/1455 1460392
01:39:18 27.34 22.58 22.74 34/1425 1460862
01:39:28 31.19 23.57 23.06 17/1427 1460986
01:39:38 30.35 23.64 23.09 19/1427 1461129
01:39:48 27.49 23.26 22.97 21/1430 1461331
01:39:58 28.55 23.64 23.10 20/1427 1461484
01:40:08 25.90 23.23 22.97 5/1424 1461706
01:40:18 23.65 22.83 22.84 4/1427 1461895
01:40:28 22.86 22.68 22.79 19/1429 1462096
01:40:38 19.80 22.03 22.58 19/1424 1462240
01:40:48 20.01 22.00 22.56 22/1432 1462644
01:40:58 21.14 22.17 22.61 20/1438 1462956
01:41:09 20.07 21.90 22.52 5/1427 1463504
01:41:19 18.95 21.60 22.42 48/1423 1464164
01:41:29 18.80 21.49 22.37 19/1424 1464315
01:41:39 17.71 21.16 22.25 18/1219 1464514
01:41:49 15.44 20.56 22.05 35/1363 1464946
01:41:59 17.95 20.96 22.16 62/1361 1465116
01:42:09 20.46 21.37 22.28 34/1358 1465350
01:42:19 17.62 20.73 22.06 34/1356 1465518
01:42:29 15.22 20.11 21.85 34/1357 1465734
01:42:39 13.27 19.53 21.64 3/1357 1465897
01:42:49 11.68 18.98 21.44 4/1356 1466124
01:42:59 10.27 18.44 21.24 3/1355 1466294
01:43:09 11.28 18.41 21.20 3/1356 1466468
01:43:19 14.77 18.92 21.33 3/1355 1466663
01:43:29 12.88 18.38 21.13 3/1356 1466811
01:43:39 11.37 17.87 20.94 3/1357 1467009
01:43:49 10.68 17.51 20.79 4/1356 1467164
01:43:59 9.34 17.00 20.58 3/1356 1467361
01:44:09 8.21 16.51 20.38 3/1356 1467520
01:44:19 7.18 16.01 20.18 3/1256 1467751
01:44:29 9.10 16.11 20.17 35/1357 1468117
01:44:39 10.38 16.17 20.15 7/1371 1468450
01:44:49 9.62 15.82 19.99 7/1370 1469339
01:44:59 8.60 15.40 19.81 4/1358 1469621
01:45:09 10.39 15.54 19.80 34/1357 1470132
01:45:19 9.02 15.08 19.61 3/1255 1470396
01:45:29 12.78 15.68 19.76 35/1361 1470834
01:45:39 16.33 16.38 19.94 61/1359 1471000
01:45:49 14.12 15.90 19.75 3/1358 1471197
01:45:59 15.42 16.15 19.79 35/1189 1471458
01:46:09 13.43 15.70 19.60 34/1359 1471875
01:46:19 16.87 16.32 19.76 46/1360 1472089
01:46:29 17.18 16.42 19.76 3/1359 1472548
01:46:39 19.68 16.99 19.91 35/1359 1472741
01:46:49 19.32 17.02 19.89 4/1358 1472901
01:46:59 19.14 17.04 19.86 5/1359 1473055
01:47:09 18.99 17.06 19.84 4/1355 1473268
01:47:19 16.30 16.54 19.64 3/1254 1473505
01:47:29 16.58 16.58 19.62 34/1355 1473877
01:47:39 16.78 16.64 19.60 5/1356 1474022
01:47:49 14.95 16.25 19.45 3/1355 1474230
01:47:59 12.95 15.78 19.26 4/1356 1474383
01:48:09 11.35 15.35 19.08 3/1355 1474541
01:48:19 9.91 14.91 18.90 3/1356 1474736
01:48:29 8.78 14.50 18.72 4/1188 1474927
01:48:39 7.73 14.09 18.54 34/1359 1475309
01:48:49 13.77 15.16 18.84 38/1369 1475502
01:48:59 14.55 15.30 18.85 10/1360 1476403
01:49:09 15.52 15.50 18.88 4/1374 1477161
01:49:19 13.67 15.10 18.71 3/1355 1477445
01:49:29 12.11 14.72 18.55 5/1375 1477687
01:49:39 11.01 14.40 18.40 4/1359 1477859
01:49:49 9.70 14.00 18.23 34/1357 1478079
01:49:59 8.51 13.61 18.06 35/1357 1478227
