02:10:44 1.00 1.43 1.05 4/803 45769
02:10:54 3.54 1.96 1.23 20/957 46043
02:11:04 4.49 2.22 1.32 4/908 46871
02:11:14 5.45 2.50 1.42 4/922 47090
02:11:24 6.49 2.81 1.53 3/920 47222
02:11:34 5.80 2.79 1.54 3/920 47307
02:11:44 5.22 2.76 1.55 3/919 47445
02:11:54 4.72 2.73 1.55 4/920 47532
02:12:04 4.30 2.71 1.56 4/920 47616
02:12:14 3.95 2.69 1.56 3/919 47750
02:12:24 3.80 2.70 1.58 3/918 47830
02:12:34 3.60 2.69 1.59 3/918 48048
02:12:44 3.43 2.68 1.60 3/915 48138
02:12:54 3.14 2.64 1.60 27/918 48436
02:13:04 5.39 3.16 1.78 3/920 48731
02:13:14 4.95 3.14 1.79 20/918 49466
02:13:24 8.06 3.87 2.04 18/916 49620
02:13:34 9.44 4.31 2.20 18/916 49785
02:13:44 8.37 4.25 2.20 3/921 50036
02:13:54 7.46 4.19 2.21 3/921 50144
02:14:04 6.62 4.12 2.20 18/921 50305
02:14:14 7.18 4.32 2.29 3/921 50392
02:14:24 6.45 4.26 2.29 3/851 50479
