2026-08-10 09:42:27.149 | DEBUG    | ttnn:<module>:77 - Initial ttnn.CONFIG:
Config{cache_path=/home/ttuser/.cache/ttnn,model_cache_path=/home/ttuser/.cache/ttnn/models,tmp_dir=/tmp/ttnn,enable_model_cache=false,enable_fast_runtime_mode=true,throw_exception_on_fallback=false,enable_logging=false,enable_graph_report=false,enable_detailed_buffer_report=false,enable_detailed_tensor_report=false,enable_comparison_mode=false,comparison_mode_should_raise_exception=false,comparison_mode_pcc=0.9999,root_report_path=generated/ttnn/reports,report_name=std::nullopt,std::nullopt}
2026-08-10 09:42:27.325 | info     |             UMD | Creating TopologyDiscovery for architecture: blackhole (topology_discovery.cpp:69)
2026-08-10 09:42:27.328 | info     |             UMD | Established firmware bundle version: 19.8.1 (topology_discovery.cpp:471)
2026-08-10 09:42:27.328 | info     |             UMD | Firmware bundle version 19.8.1 on the system is newer than the latest fully tested version 19.5.0 for blackhole architecture. Newest features may not be supported. (topology_discovery.cpp:503)
2026-08-10 09:42:27.332 | info     |          Device | Opening user mode device driver (tt_cluster.cpp:224)
2026-08-10 09:42:27.333 | info     |             UMD | Creating TopologyDiscovery for architecture: blackhole (topology_discovery.cpp:69)
2026-08-10 09:42:27.336 | info     |             UMD | Established firmware bundle version: 19.8.1 (topology_discovery.cpp:471)
2026-08-10 09:42:27.336 | info     |             UMD | Firmware bundle version 19.8.1 on the system is newer than the latest fully tested version 19.5.0 for blackhole architecture. Newest features may not be supported. (topology_discovery.cpp:503)
2026-08-10 09:42:27.341 | info     |             UMD | Creating TopologyDiscovery for architecture: blackhole (topology_discovery.cpp:69)
2026-08-10 09:42:27.344 | info     |             UMD | Established firmware bundle version: 19.8.1 (topology_discovery.cpp:471)
2026-08-10 09:42:27.344 | info     |             UMD | Firmware bundle version 19.8.1 on the system is newer than the latest fully tested version 19.5.0 for blackhole architecture. Newest features may not be supported. (topology_discovery.cpp:503)
2026-08-10 09:42:27.358 | info     |             UMD | Harvesting masks for chip 0 tensix: 0x0 dram: 0x0 eth: 0x120 pcie: 0x2 l2cpu: 0x0 (cluster.cpp:325)
2026-08-10 09:42:27.399 | info     |             UMD | Opening local chip ids/PCIe ids: {0}/[0] and remote chip ids {} (cluster.cpp:180)
2026-08-10 09:42:27.399 | info     |             UMD | IOMMU: disabled (cluster.cpp:155)
2026-08-10 09:42:27.399 | info     |             UMD | KMD version: 2.8.0 (cluster.cpp:158)
2026-08-10 09:42:27.400 | info     |             UMD | Starting devices in cluster (cluster.cpp:951)
2026-08-10 09:42:27.400 | info     |             UMD | Mapped hugepage 0x140000000 to NOC address 0x1000000000000000 (silicon_sysmem_manager.cpp:215)
2026-08-10 09:42:27.638 | info     |     Distributed | Using auto discovery to generate mesh graph. (metal_env.cpp:329)
2026-08-10 09:42:27.638 | info     |     Distributed | Constructing control plane using auto-discovery (no mesh graph descriptor). (metal_env.cpp:391)
2026-08-10 09:42:27.639 | info     |             UMD | Creating TopologyDiscovery for architecture: blackhole (topology_discovery.cpp:69)
2026-08-10 09:42:27.641 | info     |             UMD | Established firmware bundle version: 19.8.1 (topology_discovery.cpp:471)
2026-08-10 09:42:27.641 | info     |             UMD | Firmware bundle version 19.8.1 on the system is newer than the latest fully tested version 19.5.0 for blackhole architecture. Newest features may not be supported. (topology_discovery.cpp:503)
2026-08-10 09:42:27.645 | info     |          Fabric | TopologyMapper: Logical Multi-Mesh Adjacency Map: (topology_mapper.cpp:1474)
2026-08-10 09:42:27.645 | info     |          Fabric | 
=== Logical Mesh-Level Graph Adjacency Map ===
Total nodes: 1
Degree histogram: {0:1}
 (topology_solver.tpp:89)
2026-08-10 09:42:27.645 | info     |          Fabric | 
=== Logical Mesh 0 Internal Graph Adjacency Map ===
Total nodes: 1
Degree histogram: {0:1}
 (topology_solver.tpp:89)
2026-08-10 09:42:27.645 | info     |          Fabric | TopologyMapper: Physical Multi-Mesh Adjacency Map: (topology_mapper.cpp:1485)
2026-08-10 09:42:27.645 | info     |          Fabric | 
=== Physical Mesh-Level Graph Adjacency Map ===
Total nodes: 1
Degree histogram: {0:1}
 (topology_solver.tpp:89)
2026-08-10 09:42:27.645 | info     |          Fabric | 
=== Physical Mesh 0 Internal Graph Adjacency Map ===
Total nodes: 1
Degree histogram: {0:1}
 (topology_solver.tpp:89)
2026-08-10 09:42:27.645 | info     |          Fabric | Starting multi-mesh mapping: 1 logical mesh(es) to 1 physical mesh(es) (topology_mapper_utils.cpp:1107)
2026-08-10 09:42:27.645 | info     |          Fabric | Multi-mesh mapping attempt 1/2: Trying inter-mesh mapping (topology_mapper_utils.cpp:1148)
2026-08-10 09:42:27.645 | info     |          Fabric | Attempt 1: Inter-mesh mapping succeeded, found 1 mesh pair(s) (topology_mapper_utils.cpp:1177)
2026-08-10 09:42:27.645 | info     |          Fabric | Multi-mesh mapping succeeded after 1 attempt(s): 1 mesh pair(s) mapped (topology_mapper_utils.cpp:1316)
2026-08-10 09:42:27.646 | warning  |       Inspector | Failed to start Inspector RPC server: ::bind(sockfd, &addr.generic, addrlen): Address already in use; toString() = 127.0.0.1:50051 (data.cpp:47)
2026-08-10 09:42:27.792 | info     |           Metal | Enabling program cache on MeshDevice 1 (mesh_device.cpp:959)
model loaded in 6.7s
grid: {'compute_grid_main': [13, 10], 'device_grid': [13, 10], 'trimul_chunk_size_298_128': 64, 'triangle_mul_memory_config_298': 'BufferType.L1', 'max_worker_l1_unreserved': 1532448, 'l1_idle': {'total_bytes_per_bank': 1461760, 'total_bytes_allocated_per_bank': 0, 'total_bytes_free_per_bank': 1461760, 'largest_contiguous_bytes_free_per_bank': 1461760, 'num_banks': 130}}
roofs: {'shape': [1, 298, 298, 64], 'bytes_one_way': 11366912, 'load': [14.83, 11.12, 10.15], 'clone_l1_to_l1_us': 39.49, 'clone_l1_to_l1_GBs': 287.8, 'clone_l1_to_dram_us': 50.12, 'clone_l1_to_dram_GBs': 226.8, 'clone_dram_to_l1_us': 40.76, 'clone_dram_to_l1_GBs': 278.9, 'clone_dram_to_dram_us': 64.79, 'clone_dram_to_dram_GBs': 175.4, 'kernel_l1_us': 139.67, 'stock_permute_l1_us': 168.43, 'kernel_dram_us': 139.15, 'stock_permute_dram_us': 295.08, 'num_groups': 100, 'cores_engaged': 100, 'cores_total': 130, 'per_core_work': [1, 0], 'kernel_GBs_l1': 81.4, 'kernel_dram_minus_l1_us': -0.52, 'stock_dram_minus_l1_us': 126.65, 'clone_dram_minus_l1_us': 25.3}
win: {'N': 256, 'C': 32, 'buffer': 'l1', 'eligible_by_gate': False, 'kernel_us': 103.95, 'stock_us': 64.36, 'ratio_stock_over_kernel': 0.619, 'torch_equal': True}
win: {'N': 256, 'C': 32, 'buffer': 'dram', 'eligible_by_gate': True, 'kernel_us': 78.33, 'stock_us': 124.84, 'ratio_stock_over_kernel': 1.594, 'torch_equal': True}
win: {'N': 256, 'C': 64, 'buffer': 'l1', 'eligible_by_gate': False, 'kernel_us': 118.69, 'stock_us': 110.13, 'ratio_stock_over_kernel': 0.928, 'torch_equal': True}
win: {'N': 256, 'C': 64, 'buffer': 'dram', 'eligible_by_gate': True, 'kernel_us': 128.52, 'stock_us': 217.24, 'ratio_stock_over_kernel': 1.69, 'torch_equal': True}
win: {'N': 288, 'C': 32, 'buffer': 'l1', 'eligible_by_gate': True, 'kernel_us': 86.89, 'stock_us': 73.73, 'ratio_stock_over_kernel': 0.849, 'torch_equal': True}
win: {'N': 288, 'C': 32, 'buffer': 'dram', 'eligible_by_gate': True, 'kernel_us': 71.18, 'stock_us': 120.32, 'ratio_stock_over_kernel': 1.69, 'torch_equal': True}
win: {'N': 288, 'C': 64, 'buffer': 'l1', 'eligible_by_gate': True, 'kernel_us': 120.25, 'stock_us': 136.72, 'ratio_stock_over_kernel': 1.137, 'torch_equal': True}
win: {'N': 288, 'C': 64, 'buffer': 'dram', 'eligible_by_gate': True, 'kernel_us': 129.84, 'stock_us': 235.32, 'ratio_stock_over_kernel': 1.812, 'torch_equal': True}
win: {'N': 298, 'C': 32, 'buffer': 'l1', 'eligible_by_gate': True, 'kernel_us': 80.48, 'stock_us': 87.82, 'ratio_stock_over_kernel': 1.091, 'torch_equal': True}
win: {'N': 298, 'C': 32, 'buffer': 'dram', 'eligible_by_gate': True, 'kernel_us': 72.66, 'stock_us': 151.33, 'ratio_stock_over_kernel': 2.083, 'torch_equal': True}
win: {'N': 298, 'C': 64, 'buffer': 'l1', 'eligible_by_gate': True, 'kernel_us': 121.63, 'stock_us': 161.82, 'ratio_stock_over_kernel': 1.33, 'torch_equal': True}
win: {'N': 298, 'C': 64, 'buffer': 'dram', 'eligible_by_gate': True, 'kernel_us': 134.22, 'stock_us': 291.23, 'ratio_stock_over_kernel': 2.17, 'torch_equal': True}
win: {'N': 320, 'C': 32, 'buffer': 'l1', 'eligible_by_gate': True, 'kernel_us': 76.89, 'stock_us': 90.11, 'ratio_stock_over_kernel': 1.172, 'torch_equal': True}
win: {'N': 320, 'C': 32, 'buffer': 'dram', 'eligible_by_gate': True, 'kernel_us': 74.79, 'stock_us': 150.84, 'ratio_stock_over_kernel': 2.017, 'torch_equal': True}
win: {'N': 320, 'C': 64, 'buffer': 'l1', 'eligible_by_gate': True, 'kernel_us': 119.64, 'stock_us': 168.07, 'ratio_stock_over_kernel': 1.405, 'torch_equal': True}
win: {'N': 320, 'C': 64, 'buffer': 'dram', 'eligible_by_gate': True, 'kernel_us': 134.48, 'stock_us': 295.47, 'ratio_stock_over_kernel': 2.197, 'torch_equal': True}
win: {'N': 352, 'C': 32, 'buffer': 'l1', 'eligible_by_gate': True, 'kernel_us': 119.86, 'stock_us': 107.49, 'ratio_stock_over_kernel': 0.897, 'torch_equal': True}
win: {'N': 352, 'C': 32, 'buffer': 'dram', 'eligible_by_gate': True, 'kernel_us': 75.6, 'stock_us': 177.14, 'ratio_stock_over_kernel': 2.343, 'torch_equal': True}
win: {'N': 352, 'C': 64, 'buffer': 'l1', 'eligible_by_gate': True, 'kernel_us': 121.66, 'stock_us': 203.8, 'ratio_stock_over_kernel': 1.675, 'torch_equal': True}
win: {'N': 352, 'C': 64, 'buffer': 'dram', 'eligible_by_gate': True, 'kernel_us': 143.07, 'stock_us': 351.85, 'ratio_stock_over_kernel': 2.459, 'torch_equal': True}
win: {'N': 384, 'C': 32, 'buffer': 'l1', 'eligible_by_gate': False, 'kernel_us': 123.48, 'stock_us': 123.67, 'ratio_stock_over_kernel': 1.002, 'torch_equal': True}
win: {'N': 384, 'C': 32, 'buffer': 'dram', 'eligible_by_gate': True, 'kernel_us': 123.33, 'stock_us': 229.08, 'ratio_stock_over_kernel': 1.857, 'torch_equal': True}
win: {'N': 384, 'C': 64, 'buffer': 'l1', 'eligible_by_gate': False, 'kernel_us': 210.81, 'stock_us': 237.6, 'ratio_stock_over_kernel': 1.127, 'torch_equal': True}
win: {'N': 384, 'C': 64, 'buffer': 'dram', 'eligible_by_gate': True, 'kernel_us': 250.08, 'stock_us': 434.64, 'ratio_stock_over_kernel': 1.738, 'torch_equal': True}
2026-08-10 09:42:40.282 | info     |              Op | Multicast eligibility: 0/0 chains using mcast (all-or-nothing) (sdpa_program_factory.cpp:1269)
2026-08-10 09:42:40.957 | info     |              Op | Multicast eligibility: 0/0 chains using mcast (all-or-nothing) (sdpa_program_factory.cpp:1269)
cold_base: {'s': 35.442, 'plddt': 0.859489, 'l1_out_refused': [], 'load': [13.14, 11.14, 10.2]}
cold_wire: {'s': 28.721, 'plddt': 0.8594889044761658, 'eligible_calls_served': 4352, 'n_tokens': 298, 'l1_out_refused': [], 'trimul_throws': [], 'norm_l1_vs_dram': {'l1': 1048, 'dram': 0}, 'l1_inside_trimul_wire_arm': {'total_bytes_per_bank': 1461760, 'total_bytes_allocated_per_bank': 0, 'total_bytes_free_per_bank': 1461760, 'largest_contiguous_bytes_free_per_bank': 1461760, 'num_banks': 130}, 'load': [19.07, 12.96, 10.85]}
aa: {'round': 0, 'a_s': 29.9073, 'b_s': 28.427, 'apparent_delta_ms': 1480.3, 'eligible_calls': 0, 'load_a': [21.7, 14.09, 11.28], 'load_b': [14.33, 13.03, 11.02]}
aa: {'round': 1, 'a_s': 28.5572, 'b_s': 29.9713, 'apparent_delta_ms': -1414.1, 'eligible_calls': 0, 'load_a': [12.71, 12.7, 10.96], 'load_b': [12.01, 12.54, 10.96]}
aa: {'round': 2, 'a_s': 33.8196, 'b_s': 33.2141, 'apparent_delta_ms': 605.5, 'eligible_calls': 0, 'load_a': [22.63, 14.82, 11.76], 'load_b': [21.61, 15.23, 12.0]}
aa_summary: {'max_abs_apparent_delta_ms': 1480.3, 'all_folds_spread_ms': 5392.6, 'folds': [29.9073, 28.5572, 33.8196, 28.427, 29.9713, 33.2141]}
ab: {'round': 0, 'base_s': 30.401, 'wire_s': 32.0405, 'delta_ms': -1639.5, 'eligible_calls_base': 0, 'eligible_calls_wire': 4352, 'plddt_base': 0.8594889044761658, 'plddt_wire': 0.8594889044761658, 'l1_out_refused_n': 0, 'trimul_throws_n': 0, 'load_base': [21.35, 15.8, 12.29], 'load_wire': [29.82, 18.34, 13.25]}
ab: {'round': 1, 'base_s': 28.3069, 'wire_s': 29.961, 'delta_ms': -1654.1, 'eligible_calls_base': 0, 'eligible_calls_wire': 4352, 'plddt_base': 0.8594889044761658, 'plddt_wire': 0.8594889044761658, 'l1_out_refused_n': 0, 'trimul_throws_n': 0, 'load_base': [19.68, 16.96, 12.95], 'load_wire': [16.41, 16.39, 12.88]}
ab: {'round': 2, 'base_s': 28.4576, 'wire_s': 29.3169, 'delta_ms': -859.2, 'eligible_calls_base': 0, 'eligible_calls_wire': 4352, 'plddt_base': 0.8594889044761658, 'plddt_wire': 0.8594889044761658, 'l1_out_refused_n': 0, 'trimul_throws_n': 0, 'load_base': [14.31, 15.9, 12.83], 'load_wire': [15.61, 15.99, 12.96]}
ab: {'round': 3, 'base_s': 31.6568, 'wire_s': 31.7781, 'delta_ms': -121.3, 'eligible_calls_base': 0, 'eligible_calls_wire': 4352, 'plddt_base': 0.8594889044761658, 'plddt_wire': 0.8594889044761658, 'l1_out_refused_n': 0, 'trimul_throws_n': 0, 'load_base': [17.24, 16.35, 13.18], 'load_wire': [22.53, 17.75, 13.74]}
ab: {'round': 4, 'base_s': 30.2431, 'wire_s': 35.8307, 'delta_ms': -5587.6, 'eligible_calls_base': 0, 'eligible_calls_wire': 4352, 'plddt_base': 0.8594889044761658, 'plddt_wire': 0.8594889044761658, 'l1_out_refused_n': 0, 'trimul_throws_n': 0, 'load_base': [14.84, 16.33, 13.4], 'load_wire': [15.51, 16.15, 13.44]}
ab: {'round': 5, 'base_s': 28.6427, 'wire_s': 28.4619, 'delta_ms': 180.8, 'eligible_calls_base': 0, 'eligible_calls_wire': 4352, 'plddt_base': 0.8594889044761658, 'plddt_wire': 0.8594889044761658, 'l1_out_refused_n': 0, 'trimul_throws_n': 0, 'load_base': [12.47, 15.32, 13.24], 'load_wire': [12.06, 14.85, 13.15]}
ab: {'round': 6, 'base_s': 28.401, 'wire_s': 28.3076, 'delta_ms': 93.4, 'eligible_calls_base': 0, 'eligible_calls_wire': 4352, 'plddt_base': 0.8594889044761658, 'plddt_wire': 0.8594889044761658, 'l1_out_refused_n': 0, 'trimul_throws_n': 0, 'load_base': [9.2, 13.89, 12.88], 'load_wire': [8.15, 13.26, 12.7]}
ab: {'round': 7, 'base_s': 33.7728, 'wire_s': 31.635, 'delta_ms': 2137.8, 'eligible_calls_base': 0, 'eligible_calls_wire': 4352, 'plddt_base': 0.8594889044761658, 'plddt_wire': 0.8594889044761658, 'l1_out_refused_n': 0, 'trimul_throws_n': 0, 'load_base': [16.95, 14.75, 13.21], 'load_wire': [22.04, 16.15, 13.72]}
summary: {'base_median_s': 30.2431, 'wire_median_s': 31.635, 'delta_ms_median': -1391.9, 'delta_ms_paired_mean': -931.2, 'delta_ms_min': -5587.6, 'delta_ms_max': 2137.8, 'n_positive_rounds': 3, 'ratio': 0.956, 'base_spread_ms': 5465.9, 'wire_spread_ms': 7523.1, 'bracketing_baselines_s': [30.401, 30.2431, 33.7728], 'base_folds': [30.401, 28.3069, 28.4576, 31.6568, 30.2431, 28.6427, 28.401, 33.7728], 'wire_folds': [32.0405, 29.961, 29.3169, 31.7781, 35.8307, 28.4619, 28.3076, 31.635]}
interaction: {'l1_out_refused_after_all_folds': [], 'trimul_throws': [], 'norm_l1_vs_dram_calls': {'l1': 12576, 'dram': 0}, 'transpose_memory_config_before': 'BufferType.L1', 'transpose_memory_config_after': 'BufferType.L1', 'n_folds_total': 24}
parity_folds: {'n_coord_sets': 24, 'max_abs_delta_A_all_pairs': 0.0, 'torch_equal_first_vs_last': True, 'plddt_all': [0.8594889044761658], 'shape': [1, 2398, 3]}
block_wall: {'shape': [1, 298, 298, 256], 'base_ms': [7.6673, 6.1555, 6.1477], 'wire_ms': [5.9558, 5.9686, 5.937], 'base_median_ms': 6.1555, 'wire_median_ms': 5.9558, 'delta_ms_per_call': 0.1997, 'ratio': 1.0335, 'eligible_calls_per_block': 4.0, 'projected_ms_per_fold_x524x2': 209.3, 'bracket_base_first_last_ms': [7.6673, 6.1477], 'load': [22.04, 16.15, 13.72]}
2026-08-10 09:54:54.333 | info     |          Device | Closing user mode device drivers (tt_cluster.cpp:478)
2026-08-10 09:54:54.333 | info     |             UMD | Closing devices in cluster (cluster.cpp:962)
