[release-gate] granted card(s) [3]
[release-gate] scoring tt_bio from /home/ttuser/.coworker/wt/land-standing/tt_bio (commit a6c39ac87)

======================================================================
[openfold3] folding prot.yaml (200 steps, 5 samples)
======================================================================
08:34:45  [tt-quietbox2:tt3] loading model…
08:34:51  [tt-quietbox2:tt3] prot
08:34:52  [tt-quietbox2:tt3]   msa
08:34:52  [tt-quietbox2:tt3]   prep
08:34:55  [tt-quietbox2:tt3]   trunk 0/4
08:34:55  [tt-quietbox2:tt3]   trunk 1/4
08:34:55  [tt-quietbox2:tt3]   trunk 2/4
08:34:56  [tt-quietbox2:tt3]   trunk 3/4
08:34:56  [tt-quietbox2:tt3]   diffusion 0/1000
08:34:57  [tt-quietbox2:tt3]   diffusion 1/1000
08:34:57  [tt-quietbox2:tt3]   diffusion 2/1000
08:34:57  [tt-quietbox2:tt3]   diffusion 3/1000
08:34:57  [tt-quietbox2:tt3]   diffusion 4/1000
08:34:57  [tt-quietbox2:tt3]   diffusion 5/1000
08:34:57  [tt-quietbox2:tt3]   diffusion 6/1000
08:34:57  [tt-quietbox2:tt3]   diffusion 7/1000
08:34:57  [tt-quietbox2:tt3]   diffusion 8/1000
08:34:58  [tt-quietbox2:tt3]   diffusion 9/1000
08:34:58  [tt-quietbox2:tt3]   diffusion 10/1000
08:34:58  [tt-quietbox2:tt3]   diffusion 11/1000
08:34:58  [tt-quietbox2:tt3]   diffusion 12/1000
08:34:58  [tt-quietbox2:tt3]   diffusion 13/1000
08:34:58  [tt-quietbox2:tt3]   diffusion 14/1000
08:34:58  [tt-quietbox2:tt3]   diffusion 15/1000
08:34:58  [tt-quietbox2:tt3]   diffusion 16/1000
08:34:58  [tt-quietbox2:tt3]   diffusion 17/1000
08:34:59  [tt-quietbox2:tt3]   diffusion 18/1000
08:34:59  [tt-quietbox2:tt3]   diffusion 19/1000
08:34:59  [tt-quietbox2:tt3]   diffusion 20/1000
08:34:59  [tt-quietbox2:tt3]   diffusion 21/1000
08:34:59  [tt-quietbox2:tt3]   diffusion 22/1000
08:34:59  [tt-quietbox2:tt3]   diffusion 23/1000
08:34:59  [tt-quietbox2:tt3]   diffusion 24/1000
08:34:59  [tt-quietbox2:tt3]   diffusion 25/1000
08:34:59  [tt-quietbox2:tt3]   diffusion 26/1000
08:34:59  [tt-quietbox2:tt3]   diffusion 27/1000
08:35:00  [tt-quietbox2:tt3]   diffusion 28/1000
08:35:00  [tt-quietbox2:tt3]   diffusion 29/1000
08:35:00  [tt-quietbox2:tt3]   diffusion 30/1000
08:35:00  [tt-quietbox2:tt3]   diffusion 31/1000
08:35:00  [tt-quietbox2:tt3]   diffusion 32/1000
08:35:00  [tt-quietbox2:tt3]   diffusion 33/1000
08:35:00  [tt-quietbox2:tt3]   diffusion 34/1000
08:35:00  [tt-quietbox2:tt3]   diffusion 35/1000
08:35:00  [tt-quietbox2:tt3]   diffusion 36/1000
08:35:00  [tt-quietbox2:tt3]   diffusion 37/1000
08:35:01  [tt-quietbox2:tt3]   diffusion 38/1000
08:35:01  [tt-quietbox2:tt3]   diffusion 39/1000
08:35:01  [tt-quietbox2:tt3]   diffusion 40/1000
08:35:01  [tt-quietbox2:tt3]   diffusion 41/1000
08:35:01  [tt-quietbox2:tt3]   diffusion 42/1000
08:35:01  [tt-quietbox2:tt3]   diffusion 43/1000
08:35:01  [tt-quietbox2:tt3]   diffusion 44/1000
08:35:01  [tt-quietbox2:tt3]   diffusion 45/1000
08:35:01  [tt-quietbox2:tt3]   diffusion 46/1000
08:35:02  [tt-quietbox2:tt3]   diffusion 47/1000
08:35:02  [tt-quietbox2:tt3]   diffusion 48/1000
08:35:02  [tt-quietbox2:tt3]   diffusion 49/1000
08:35:02  [tt-quietbox2:tt3]   diffusion 50/1000
08:35:02  [tt-quietbox2:tt3]   diffusion 51/1000
08:35:02  [tt-quietbox2:tt3]   diffusion 52/1000
08:35:02  [tt-quietbox2:tt3]   diffusion 53/1000
08:35:02  [tt-quietbox2:tt3]   diffusion 54/1000
08:35:02  [tt-quietbox2:tt3]   diffusion 55/1000
08:35:02  [tt-quietbox2:tt3]   diffusion 56/1000
08:35:03  [tt-quietbox2:tt3]   diffusion 57/1000
08:35:03  [tt-quietbox2:tt3]   diffusion 58/1000
08:35:03  [tt-quietbox2:tt3]   diffusion 59/1000
08:35:03  [tt-quietbox2:tt3]   diffusion 60/1000
08:35:03  [tt-quietbox2:tt3]   diffusion 61/1000
08:35:04  [tt-quietbox2:tt3]   diffusion 62/1000
08:35:04  [tt-quietbox2:tt3]   diffusion 63/1000
08:35:04  [tt-quietbox2:tt3]   diffusion 64/1000
08:35:04  [tt-quietbox2:tt3]   diffusion 65/1000
08:35:04  [tt-quietbox2:tt3]   diffusion 66/1000
08:35:04  [tt-quietbox2:tt3]   diffusion 67/1000
08:35:04  [tt-quietbox2:tt3]   diffusion 68/1000
08:35:04  [tt-quietbox2:tt3]   diffusion 69/1000
08:35:04  [tt-quietbox2:tt3]   diffusion 70/1000
08:35:04  [tt-quietbox2:tt3]   diffusion 71/1000
08:35:05  [tt-quietbox2:tt3]   diffusion 72/1000
08:35:05  [tt-quietbox2:tt3]   diffusion 73/1000
08:35:05  [tt-quietbox2:tt3]   diffusion 74/1000
08:35:05  [tt-quietbox2:tt3]   diffusion 75/1000
08:35:05  [tt-quietbox2:tt3]   diffusion 76/1000
08:35:05  [tt-quietbox2:tt3]   diffusion 77/1000
08:35:05  [tt-quietbox2:tt3]   diffusion 78/1000
08:35:05  [tt-quietbox2:tt3]   diffusion 79/1000
08:35:05  [tt-quietbox2:tt3]   diffusion 80/1000
08:35:05  [tt-quietbox2:tt3]   diffusion 81/1000
08:35:05  [tt-quietbox2:tt3]   diffusion 82/1000
08:35:06  [tt-quietbox2:tt3]   diffusion 83/1000
08:35:06  [tt-quietbox2:tt3]   diffusion 84/1000
08:35:06  [tt-quietbox2:tt3]   diffusion 85/1000
08:35:06  [tt-quietbox2:tt3]   diffusion 86/1000
08:35:06  [tt-quietbox2:tt3]   diffusion 87/1000
08:35:06  [tt-quietbox2:tt3]   diffusion 88/1000
08:35:06  [tt-quietbox2:tt3]   diffusion 89/1000
08:35:06  [tt-quietbox2:tt3]   diffusion 90/1000
08:35:06  [tt-quietbox2:tt3]   diffusion 91/1000
08:35:07  [tt-quietbox2:tt3]   diffusion 92/1000
08:35:07  [tt-quietbox2:tt3]   diffusion 93/1000
08:35:07  [tt-quietbox2:tt3]   diffusion 94/1000
08:35:07  [tt-quietbox2:tt3]   diffusion 95/1000
08:35:07  [tt-quietbox2:tt3]   diffusion 96/1000
08:35:07  [tt-quietbox2:tt3]   diffusion 97/1000
08:35:07  [tt-quietbox2:tt3]   diffusion 98/1000
08:35:07  [tt-quietbox2:tt3]   diffusion 99/1000
08:35:07  [tt-quietbox2:tt3]   diffusion 100/1000
08:35:07  [tt-quietbox2:tt3]   diffusion 101/1000
08:35:07  [tt-quietbox2:tt3]   diffusion 102/1000
08:35:08  [tt-quietbox2:tt3]   diffusion 103/1000
08:35:08  [tt-quietbox2:tt3]   diffusion 104/1000
08:35:08  [tt-quietbox2:tt3]   diffusion 105/1000
08:35:08  [tt-quietbox2:tt3]   diffusion 106/1000
08:35:08  [tt-quietbox2:tt3]   diffusion 107/1000
08:35:08  [tt-quietbox2:tt3]   diffusion 108/1000
08:35:08  [tt-quietbox2:tt3]   diffusion 109/1000
08:35:08  [tt-quietbox2:tt3]   diffusion 110/1000
08:35:08  [tt-quietbox2:tt3]   diffusion 111/1000
08:35:08  [tt-quietbox2:tt3]   diffusion 112/1000
08:35:09  [tt-quietbox2:tt3]   diffusion 113/1000
08:35:09  [tt-quietbox2:tt3]   diffusion 114/1000
08:35:09  [tt-quietbox2:tt3]   diffusion 115/1000
08:35:09  [tt-quietbox2:tt3]   diffusion 116/1000
08:35:09  [tt-quietbox2:tt3]   diffusion 117/1000
08:35:09  [tt-quietbox2:tt3]   diffusion 118/1000
08:35:09  [tt-quietbox2:tt3]   diffusion 119/1000
08:35:09  [tt-quietbox2:tt3]   diffusion 120/1000
08:35:09  [tt-quietbox2:tt3]   diffusion 121/1000
08:35:09  [tt-quietbox2:tt3]   diffusion 122/1000
08:35:10  [tt-quietbox2:tt3]   diffusion 123/1000
08:35:10  [tt-quietbox2:tt3]   diffusion 124/1000
08:35:10  [tt-quietbox2:tt3]   diffusion 125/1000
08:35:10  [tt-quietbox2:tt3]   diffusion 126/1000
08:35:10  [tt-quietbox2:tt3]   diffusion 127/1000
08:35:10  [tt-quietbox2:tt3]   diffusion 128/1000
08:35:10  [tt-quietbox2:tt3]   diffusion 129/1000
08:35:10  [tt-quietbox2:tt3]   diffusion 130/1000
08:35:10  [tt-quietbox2:tt3]   diffusion 131/1000
08:35:10  [tt-quietbox2:tt3]   diffusion 132/1000
08:35:10  [tt-quietbox2:tt3]   diffusion 133/1000
08:35:10  [tt-quietbox2:tt3]   diffusion 134/1000
08:35:11  [tt-quietbox2:tt3]   diffusion 135/1000
08:35:11  [tt-quietbox2:tt3]   diffusion 136/1000
08:35:11  [tt-quietbox2:tt3]   diffusion 137/1000
08:35:11  [tt-quietbox2:tt3]   diffusion 138/1000
08:35:11  [tt-quietbox2:tt3]   diffusion 139/1000
08:35:11  [tt-quietbox2:tt3]   diffusion 140/1000
08:35:11  [tt-quietbox2:tt3]   diffusion 141/1000
08:35:11  [tt-quietbox2:tt3]   diffusion 142/1000
08:35:11  [tt-quietbox2:tt3]   diffusion 143/1000
08:35:12  [tt-quietbox2:tt3]   diffusion 144/1000
08:35:12  [tt-quietbox2:tt3]   diffusion 145/1000
08:35:12  [tt-quietbox2:tt3]   diffusion 146/1000
08:35:12  [tt-quietbox2:tt3]   diffusion 147/1000
08:35:12  [tt-quietbox2:tt3]   diffusion 148/1000
08:35:12  [tt-quietbox2:tt3]   diffusion 149/1000
08:35:12  [tt-quietbox2:tt3]   diffusion 150/1000
08:35:12  [tt-quietbox2:tt3]   diffusion 151/1000
08:35:12  [tt-quietbox2:tt3]   diffusion 152/1000
08:35:12  [tt-quietbox2:tt3]   diffusion 153/1000
08:35:12  [tt-quietbox2:tt3]   diffusion 154/1000
08:35:12  [tt-quietbox2:tt3]   diffusion 155/1000
08:35:13  [tt-quietbox2:tt3]   diffusion 156/1000
08:35:13  [tt-quietbox2:tt3]   diffusion 157/1000
08:35:13  [tt-quietbox2:tt3]   diffusion 158/1000
08:35:13  [tt-quietbox2:tt3]   diffusion 159/1000
08:35:13  [tt-quietbox2:tt3]   diffusion 160/1000
08:35:13  [tt-quietbox2:tt3]   diffusion 161/1000
08:35:13  [tt-quietbox2:tt3]   diffusion 162/1000
08:35:13  [tt-quietbox2:tt3]   diffusion 163/1000
08:35:13  [tt-quietbox2:tt3]   diffusion 164/1000
08:35:14  [tt-quietbox2:tt3]   diffusion 165/1000
08:35:14  [tt-quietbox2:tt3]   diffusion 166/1000
08:35:14  [tt-quietbox2:tt3]   diffusion 167/1000
08:35:14  [tt-quietbox2:tt3]   diffusion 168/1000
08:35:14  [tt-quietbox2:tt3]   diffusion 169/1000
08:35:14  [tt-quietbox2:tt3]   diffusion 170/1000
08:35:14  [tt-quietbox2:tt3]   diffusion 171/1000
08:35:14  [tt-quietbox2:tt3]   diffusion 172/1000
08:35:14  [tt-quietbox2:tt3]   diffusion 173/1000
08:35:14  [tt-quietbox2:tt3]   diffusion 174/1000
08:35:14  [tt-quietbox2:tt3]   diffusion 175/1000
08:35:14  [tt-quietbox2:tt3]   diffusion 176/1000
08:35:15  [tt-quietbox2:tt3]   diffusion 177/1000
08:35:15  [tt-quietbox2:tt3]   diffusion 178/1000
08:35:15  [tt-quietbox2:tt3]   diffusion 179/1000
08:35:15  [tt-quietbox2:tt3]   diffusion 180/1000
08:35:15  [tt-quietbox2:tt3]   diffusion 181/1000
08:35:15  [tt-quietbox2:tt3]   diffusion 182/1000
08:35:15  [tt-quietbox2:tt3]   diffusion 183/1000
08:35:15  [tt-quietbox2:tt3]   diffusion 184/1000
08:35:15  [tt-quietbox2:tt3]   diffusion 185/1000
08:35:16  [tt-quietbox2:tt3]   diffusion 186/1000
08:35:16  [tt-quietbox2:tt3]   diffusion 187/1000
08:35:16  [tt-quietbox2:tt3]   diffusion 188/1000
08:35:16  [tt-quietbox2:tt3]   diffusion 189/1000
08:35:16  [tt-quietbox2:tt3]   diffusion 190/1000
08:35:16  [tt-quietbox2:tt3]   diffusion 191/1000
08:35:16  [tt-quietbox2:tt3]   diffusion 192/1000
08:35:16  [tt-quietbox2:tt3]   diffusion 193/1000
08:35:16  [tt-quietbox2:tt3]   diffusion 194/1000
08:35:16  [tt-quietbox2:tt3]   diffusion 195/1000
08:35:16  [tt-quietbox2:tt3]   diffusion 196/1000
08:35:16  [tt-quietbox2:tt3]   diffusion 197/1000
08:35:17  [tt-quietbox2:tt3]   diffusion 198/1000
08:35:17  [tt-quietbox2:tt3]   diffusion 199/1000
08:35:17  [tt-quietbox2:tt3]   diffusion 200/1000
08:35:17  [tt-quietbox2:tt3]   diffusion 201/1000
08:35:17  [tt-quietbox2:tt3]   diffusion 202/1000
08:35:17  [tt-quietbox2:tt3]   diffusion 203/1000
08:35:17  [tt-quietbox2:tt3]   diffusion 204/1000
08:35:17  [tt-quietbox2:tt3]   diffusion 205/1000
08:35:17  [tt-quietbox2:tt3]   diffusion 206/1000
08:35:18  [tt-quietbox2:tt3]   diffusion 207/1000
08:35:18  [tt-quietbox2:tt3]   diffusion 208/1000
08:35:18  [tt-quietbox2:tt3]   diffusion 209/1000
08:35:18  [tt-quietbox2:tt3]   diffusion 210/1000
08:35:18  [tt-quietbox2:tt3]   diffusion 211/1000
08:35:18  [tt-quietbox2:tt3]   diffusion 212/1000
08:35:18  [tt-quietbox2:tt3]   diffusion 213/1000
08:35:18  [tt-quietbox2:tt3]   diffusion 214/1000
08:35:18  [tt-quietbox2:tt3]   diffusion 215/1000
08:35:18  [tt-quietbox2:tt3]   diffusion 216/1000
08:35:18  [tt-quietbox2:tt3]   diffusion 217/1000
08:35:19  [tt-quietbox2:tt3]   diffusion 218/1000
08:35:19  [tt-quietbox2:tt3]   diffusion 219/1000
08:35:19  [tt-quietbox2:tt3]   diffusion 220/1000
08:35:19  [tt-quietbox2:tt3]   diffusion 221/1000
08:35:19  [tt-quietbox2:tt3]   diffusion 222/1000
08:35:19  [tt-quietbox2:tt3]   diffusion 223/1000
08:35:19  [tt-quietbox2:tt3]   diffusion 224/1000
08:35:19  [tt-quietbox2:tt3]   diffusion 225/1000
08:35:19  [tt-quietbox2:tt3]   diffusion 226/1000
08:35:19  [tt-quietbox2:tt3]   diffusion 227/1000
08:35:20  [tt-quietbox2:tt3]   diffusion 228/1000
08:35:20  [tt-quietbox2:tt3]   diffusion 229/1000
08:35:20  [tt-quietbox2:tt3]   diffusion 230/1000
08:35:20  [tt-quietbox2:tt3]   diffusion 231/1000
08:35:20  [tt-quietbox2:tt3]   diffusion 232/1000
08:35:20  [tt-quietbox2:tt3]   diffusion 233/1000
08:35:20  [tt-quietbox2:tt3]   diffusion 234/1000
08:35:20  [tt-quietbox2:tt3]   diffusion 235/1000
08:35:20  [tt-quietbox2:tt3]   diffusion 236/1000
08:35:20  [tt-quietbox2:tt3]   diffusion 237/1000
08:35:21  [tt-quietbox2:tt3]   diffusion 238/1000
08:35:21  [tt-quietbox2:tt3]   diffusion 239/1000
08:35:21  [tt-quietbox2:tt3]   diffusion 240/1000
08:35:21  [tt-quietbox2:tt3]   diffusion 241/1000
08:35:21  [tt-quietbox2:tt3]   diffusion 242/1000
08:35:21  [tt-quietbox2:tt3]   diffusion 243/1000
08:35:21  [tt-quietbox2:tt3]   diffusion 244/1000
08:35:21  [tt-quietbox2:tt3]   diffusion 245/1000
08:35:21  [tt-quietbox2:tt3]   diffusion 246/1000
08:35:21  [tt-quietbox2:tt3]   diffusion 247/1000
08:35:21  [tt-quietbox2:tt3]   diffusion 248/1000
08:35:22  [tt-quietbox2:tt3]   diffusion 249/1000
08:35:22  [tt-quietbox2:tt3]   diffusion 250/1000
08:35:22  [tt-quietbox2:tt3]   diffusion 251/1000
08:35:22  [tt-quietbox2:tt3]   diffusion 252/1000
08:35:22  [tt-quietbox2:tt3]   diffusion 253/1000
08:35:22  [tt-quietbox2:tt3]   diffusion 254/1000
08:35:22  [tt-quietbox2:tt3]   diffusion 255/1000
08:35:22  [tt-quietbox2:tt3]   diffusion 256/1000
08:35:22  [tt-quietbox2:tt3]   diffusion 257/1000
08:35:22  [tt-quietbox2:tt3]   diffusion 258/1000
08:35:23  [tt-quietbox2:tt3]   diffusion 259/1000
08:35:23  [tt-quietbox2:tt3]   diffusion 260/1000
08:35:23  [tt-quietbox2:tt3]   diffusion 261/1000
08:35:23  [tt-quietbox2:tt3]   diffusion 262/1000
08:35:23  [tt-quietbox2:tt3]   diffusion 263/1000
08:35:23  [tt-quietbox2:tt3]   diffusion 264/1000
08:35:23  [tt-quietbox2:tt3]   diffusion 265/1000
08:35:23  [tt-quietbox2:tt3]   diffusion 266/1000
08:35:23  [tt-quietbox2:tt3]   diffusion 267/1000
08:35:23  [tt-quietbox2:tt3]   diffusion 268/1000
08:35:23  [tt-quietbox2:tt3]   diffusion 269/1000
08:35:23  [tt-quietbox2:tt3]   diffusion 270/1000
08:35:24  [tt-quietbox2:tt3]   diffusion 271/1000
08:35:24  [tt-quietbox2:tt3]   diffusion 272/1000
08:35:24  [tt-quietbox2:tt3]   diffusion 273/1000
08:35:24  [tt-quietbox2:tt3]   diffusion 274/1000
08:35:24  [tt-quietbox2:tt3]   diffusion 275/1000
08:35:24  [tt-quietbox2:tt3]   diffusion 276/1000
08:35:24  [tt-quietbox2:tt3]   diffusion 277/1000
08:35:24  [tt-quietbox2:tt3]   diffusion 278/1000
08:35:24  [tt-quietbox2:tt3]   diffusion 279/1000
08:35:25  [tt-quietbox2:tt3]   diffusion 280/1000
08:35:25  [tt-quietbox2:tt3]   diffusion 281/1000
08:35:25  [tt-quietbox2:tt3]   diffusion 282/1000
08:35:25  [tt-quietbox2:tt3]   diffusion 283/1000
08:35:25  [tt-quietbox2:tt3]   diffusion 284/1000
08:35:25  [tt-quietbox2:tt3]   diffusion 285/1000
08:35:25  [tt-quietbox2:tt3]   diffusion 286/1000
08:35:25  [tt-quietbox2:tt3]   diffusion 287/1000
08:35:25  [tt-quietbox2:tt3]   diffusion 288/1000
08:35:25  [tt-quietbox2:tt3]   diffusion 289/1000
08:35:25  [tt-quietbox2:tt3]   diffusion 290/1000
08:35:26  [tt-quietbox2:tt3]   diffusion 291/1000
08:35:26  [tt-quietbox2:tt3]   diffusion 292/1000
08:35:26  [tt-quietbox2:tt3]   diffusion 293/1000
08:35:26  [tt-quietbox2:tt3]   diffusion 294/1000
08:35:26  [tt-quietbox2:tt3]   diffusion 295/1000
08:35:26  [tt-quietbox2:tt3]   diffusion 296/1000
08:35:26  [tt-quietbox2:tt3]   diffusion 297/1000
08:35:26  [tt-quietbox2:tt3]   diffusion 298/1000
08:35:26  [tt-quietbox2:tt3]   diffusion 299/1000
08:35:26  [tt-quietbox2:tt3]   diffusion 300/1000
08:35:27  [tt-quietbox2:tt3]   diffusion 301/1000
08:35:27  [tt-quietbox2:tt3]   diffusion 302/1000
08:35:27  [tt-quietbox2:tt3]   diffusion 303/1000
08:35:27  [tt-quietbox2:tt3]   diffusion 304/1000
08:35:27  [tt-quietbox2:tt3]   diffusion 305/1000
08:35:27  [tt-quietbox2:tt3]   diffusion 306/1000
08:35:27  [tt-quietbox2:tt3]   diffusion 307/1000
08:35:27  [tt-quietbox2:tt3]   diffusion 308/1000
08:35:27  [tt-quietbox2:tt3]   diffusion 309/1000
08:35:27  [tt-quietbox2:tt3]   diffusion 310/1000
08:35:27  [tt-quietbox2:tt3]   diffusion 311/1000
08:35:28  [tt-quietbox2:tt3]   diffusion 312/1000
08:35:28  [tt-quietbox2:tt3]   diffusion 313/1000
08:35:28  [tt-quietbox2:tt3]   diffusion 314/1000
08:35:28  [tt-quietbox2:tt3]   diffusion 315/1000
08:35:28  [tt-quietbox2:tt3]   diffusion 316/1000
08:35:28  [tt-quietbox2:tt3]   diffusion 317/1000
08:35:28  [tt-quietbox2:tt3]   diffusion 318/1000
08:35:28  [tt-quietbox2:tt3]   diffusion 319/1000
08:35:28  [tt-quietbox2:tt3]   diffusion 320/1000
08:35:28  [tt-quietbox2:tt3]   diffusion 321/1000
08:35:29  [tt-quietbox2:tt3]   diffusion 322/1000
08:35:29  [tt-quietbox2:tt3]   diffusion 323/1000
08:35:29  [tt-quietbox2:tt3]   diffusion 324/1000
08:35:29  [tt-quietbox2:tt3]   diffusion 325/1000
08:35:29  [tt-quietbox2:tt3]   diffusion 326/1000
08:35:29  [tt-quietbox2:tt3]   diffusion 327/1000
08:35:29  [tt-quietbox2:tt3]   diffusion 328/1000
08:35:29  [tt-quietbox2:tt3]   diffusion 329/1000
08:35:29  [tt-quietbox2:tt3]   diffusion 330/1000
08:35:29  [tt-quietbox2:tt3]   diffusion 331/1000
08:35:29  [tt-quietbox2:tt3]   diffusion 332/1000
08:35:30  [tt-quietbox2:tt3]   diffusion 333/1000
08:35:30  [tt-quietbox2:tt3]   diffusion 334/1000
08:35:30  [tt-quietbox2:tt3]   diffusion 335/1000
08:35:30  [tt-quietbox2:tt3]   diffusion 336/1000
08:35:30  [tt-quietbox2:tt3]   diffusion 337/1000
08:35:30  [tt-quietbox2:tt3]   diffusion 338/1000
08:35:30  [tt-quietbox2:tt3]   diffusion 339/1000
08:35:30  [tt-quietbox2:tt3]   diffusion 340/1000
08:35:30  [tt-quietbox2:tt3]   diffusion 341/1000
08:35:30  [tt-quietbox2:tt3]   diffusion 342/1000
08:35:31  [tt-quietbox2:tt3]   diffusion 343/1000
08:35:31  [tt-quietbox2:tt3]   diffusion 344/1000
08:35:31  [tt-quietbox2:tt3]   diffusion 345/1000
08:35:31  [tt-quietbox2:tt3]   diffusion 346/1000
08:35:31  [tt-quietbox2:tt3]   diffusion 347/1000
08:35:31  [tt-quietbox2:tt3]   diffusion 348/1000
08:35:31  [tt-quietbox2:tt3]   diffusion 349/1000
08:35:31  [tt-quietbox2:tt3]   diffusion 350/1000
08:35:31  [tt-quietbox2:tt3]   diffusion 351/1000
08:35:31  [tt-quietbox2:tt3]   diffusion 352/1000
08:35:31  [tt-quietbox2:tt3]   diffusion 353/1000
08:35:32  [tt-quietbox2:tt3]   diffusion 354/1000
08:35:32  [tt-quietbox2:tt3]   diffusion 355/1000
08:35:32  [tt-quietbox2:tt3]   diffusion 356/1000
08:35:32  [tt-quietbox2:tt3]   diffusion 357/1000
08:35:32  [tt-quietbox2:tt3]   diffusion 358/1000
08:35:32  [tt-quietbox2:tt3]   diffusion 359/1000
08:35:32  [tt-quietbox2:tt3]   diffusion 360/1000
08:35:32  [tt-quietbox2:tt3]   diffusion 361/1000
08:35:32  [tt-quietbox2:tt3]   diffusion 362/1000
08:35:32  [tt-quietbox2:tt3]   diffusion 363/1000
08:35:33  [tt-quietbox2:tt3]   diffusion 364/1000
08:35:33  [tt-quietbox2:tt3]   diffusion 365/1000
08:35:33  [tt-quietbox2:tt3]   diffusion 366/1000
08:35:33  [tt-quietbox2:tt3]   diffusion 367/1000
08:35:33  [tt-quietbox2:tt3]   diffusion 368/1000
08:35:33  [tt-quietbox2:tt3]   diffusion 369/1000
08:35:33  [tt-quietbox2:tt3]   diffusion 370/1000
08:35:33  [tt-quietbox2:tt3]   diffusion 371/1000
08:35:33  [tt-quietbox2:tt3]   diffusion 372/1000
08:35:33  [tt-quietbox2:tt3]   diffusion 373/1000
08:35:33  [tt-quietbox2:tt3]   diffusion 374/1000
08:35:34  [tt-quietbox2:tt3]   diffusion 375/1000
08:35:34  [tt-quietbox2:tt3]   diffusion 376/1000
08:35:34  [tt-quietbox2:tt3]   diffusion 377/1000
08:35:34  [tt-quietbox2:tt3]   diffusion 378/1000
08:35:34  [tt-quietbox2:tt3]   diffusion 379/1000
08:35:34  [tt-quietbox2:tt3]   diffusion 380/1000
08:35:34  [tt-quietbox2:tt3]   diffusion 381/1000
08:35:34  [tt-quietbox2:tt3]   diffusion 382/1000
08:35:34  [tt-quietbox2:tt3]   diffusion 383/1000
08:35:34  [tt-quietbox2:tt3]   diffusion 384/1000
08:35:35  [tt-quietbox2:tt3]   diffusion 385/1000
08:35:35  [tt-quietbox2:tt3]   diffusion 386/1000
08:35:35  [tt-quietbox2:tt3]   diffusion 387/1000
08:35:35  [tt-quietbox2:tt3]   diffusion 388/1000
08:35:35  [tt-quietbox2:tt3]   diffusion 389/1000
08:35:35  [tt-quietbox2:tt3]   diffusion 390/1000
08:35:35  [tt-quietbox2:tt3]   diffusion 391/1000
08:35:35  [tt-quietbox2:tt3]   diffusion 392/1000
08:35:35  [tt-quietbox2:tt3]   diffusion 393/1000
08:35:35  [tt-quietbox2:tt3]   diffusion 394/1000
08:35:35  [tt-quietbox2:tt3]   diffusion 395/1000
08:35:36  [tt-quietbox2:tt3]   diffusion 396/1000
08:35:36  [tt-quietbox2:tt3]   diffusion 397/1000
08:35:36  [tt-quietbox2:tt3]   diffusion 398/1000
08:35:36  [tt-quietbox2:tt3]   diffusion 399/1000
08:35:36  [tt-quietbox2:tt3]   diffusion 400/1000
08:35:36  [tt-quietbox2:tt3]   diffusion 401/1000
08:35:36  [tt-quietbox2:tt3]   diffusion 402/1000
08:35:36  [tt-quietbox2:tt3]   diffusion 403/1000
08:35:36  [tt-quietbox2:tt3]   diffusion 404/1000
08:35:36  [tt-quietbox2:tt3]   diffusion 405/1000
08:35:37  [tt-quietbox2:tt3]   diffusion 406/1000
08:35:37  [tt-quietbox2:tt3]   diffusion 407/1000
08:35:37  [tt-quietbox2:tt3]   diffusion 408/1000
08:35:37  [tt-quietbox2:tt3]   diffusion 409/1000
08:35:37  [tt-quietbox2:tt3]   diffusion 410/1000
08:35:37  [tt-quietbox2:tt3]   diffusion 411/1000
08:35:37  [tt-quietbox2:tt3]   diffusion 412/1000
08:35:37  [tt-quietbox2:tt3]   diffusion 413/1000
08:35:37  [tt-quietbox2:tt3]   diffusion 414/1000
08:35:37  [tt-quietbox2:tt3]   diffusion 415/1000
08:35:38  [tt-quietbox2:tt3]   diffusion 416/1000
08:35:38  [tt-quietbox2:tt3]   diffusion 417/1000
08:35:38  [tt-quietbox2:tt3]   diffusion 418/1000
08:35:38  [tt-quietbox2:tt3]   diffusion 419/1000
08:35:38  [tt-quietbox2:tt3]   diffusion 420/1000
08:35:38  [tt-quietbox2:tt3]   diffusion 421/1000
08:35:38  [tt-quietbox2:tt3]   diffusion 422/1000
08:35:38  [tt-quietbox2:tt3]   diffusion 423/1000
08:35:38  [tt-quietbox2:tt3]   diffusion 424/1000
08:35:38  [tt-quietbox2:tt3]   diffusion 425/1000
08:35:38  [tt-quietbox2:tt3]   diffusion 426/1000
08:35:39  [tt-quietbox2:tt3]   diffusion 427/1000
08:35:39  [tt-quietbox2:tt3]   diffusion 428/1000
08:35:39  [tt-quietbox2:tt3]   diffusion 429/1000
08:35:39  [tt-quietbox2:tt3]   diffusion 430/1000
08:35:39  [tt-quietbox2:tt3]   diffusion 431/1000
08:35:39  [tt-quietbox2:tt3]   diffusion 432/1000
08:35:39  [tt-quietbox2:tt3]   diffusion 433/1000
08:35:39  [tt-quietbox2:tt3]   diffusion 434/1000
08:35:39  [tt-quietbox2:tt3]   diffusion 435/1000
08:35:39  [tt-quietbox2:tt3]   diffusion 436/1000
08:35:40  [tt-quietbox2:tt3]   diffusion 437/1000
08:35:40  [tt-quietbox2:tt3]   diffusion 438/1000
08:35:40  [tt-quietbox2:tt3]   diffusion 439/1000
08:35:40  [tt-quietbox2:tt3]   diffusion 440/1000
08:35:40  [tt-quietbox2:tt3]   diffusion 441/1000
08:35:40  [tt-quietbox2:tt3]   diffusion 442/1000
08:35:40  [tt-quietbox2:tt3]   diffusion 443/1000
08:35:40  [tt-quietbox2:tt3]   diffusion 444/1000
08:35:40  [tt-quietbox2:tt3]   diffusion 445/1000
08:35:40  [tt-quietbox2:tt3]   diffusion 446/1000
08:35:40  [tt-quietbox2:tt3]   diffusion 447/1000
08:35:41  [tt-quietbox2:tt3]   diffusion 448/1000
08:35:41  [tt-quietbox2:tt3]   diffusion 449/1000
08:35:41  [tt-quietbox2:tt3]   diffusion 450/1000
08:35:41  [tt-quietbox2:tt3]   diffusion 451/1000
08:35:41  [tt-quietbox2:tt3]   diffusion 452/1000
08:35:41  [tt-quietbox2:tt3]   diffusion 453/1000
08:35:41  [tt-quietbox2:tt3]   diffusion 454/1000
08:35:41  [tt-quietbox2:tt3]   diffusion 455/1000
08:35:41  [tt-quietbox2:tt3]   diffusion 456/1000
08:35:42  [tt-quietbox2:tt3]   diffusion 457/1000
08:35:42  [tt-quietbox2:tt3]   diffusion 458/1000
08:35:42  [tt-quietbox2:tt3]   diffusion 459/1000
08:35:42  [tt-quietbox2:tt3]   diffusion 460/1000
08:35:42  [tt-quietbox2:tt3]   diffusion 461/1000
08:35:42  [tt-quietbox2:tt3]   diffusion 462/1000
08:35:42  [tt-quietbox2:tt3]   diffusion 463/1000
08:35:42  [tt-quietbox2:tt3]   diffusion 464/1000
08:35:42  [tt-quietbox2:tt3]   diffusion 465/1000
08:35:42  [tt-quietbox2:tt3]   diffusion 466/1000
08:35:42  [tt-quietbox2:tt3]   diffusion 467/1000
08:35:43  [tt-quietbox2:tt3]   diffusion 468/1000
08:35:43  [tt-quietbox2:tt3]   diffusion 469/1000
08:35:43  [tt-quietbox2:tt3]   diffusion 470/1000
08:35:43  [tt-quietbox2:tt3]   diffusion 471/1000
08:35:43  [tt-quietbox2:tt3]   diffusion 472/1000
08:35:43  [tt-quietbox2:tt3]   diffusion 473/1000
08:35:43  [tt-quietbox2:tt3]   diffusion 474/1000
08:35:43  [tt-quietbox2:tt3]   diffusion 475/1000
08:35:43  [tt-quietbox2:tt3]   diffusion 476/1000
08:35:43  [tt-quietbox2:tt3]   diffusion 477/1000
08:35:44  [tt-quietbox2:tt3]   diffusion 478/1000
08:35:44  [tt-quietbox2:tt3]   diffusion 479/1000
08:35:44  [tt-quietbox2:tt3]   diffusion 480/1000
08:35:44  [tt-quietbox2:tt3]   diffusion 481/1000
08:35:44  [tt-quietbox2:tt3]   diffusion 482/1000
08:35:44  [tt-quietbox2:tt3]   diffusion 483/1000
08:35:44  [tt-quietbox2:tt3]   diffusion 484/1000
08:35:44  [tt-quietbox2:tt3]   diffusion 485/1000
08:35:44  [tt-quietbox2:tt3]   diffusion 486/1000
08:35:44  [tt-quietbox2:tt3]   diffusion 487/1000
08:35:44  [tt-quietbox2:tt3]   diffusion 488/1000
08:35:45  [tt-quietbox2:tt3]   diffusion 489/1000
08:35:45  [tt-quietbox2:tt3]   diffusion 490/1000
08:35:45  [tt-quietbox2:tt3]   diffusion 491/1000
08:35:45  [tt-quietbox2:tt3]   diffusion 492/1000
08:35:45  [tt-quietbox2:tt3]   diffusion 493/1000
08:35:45  [tt-quietbox2:tt3]   diffusion 494/1000
08:35:45  [tt-quietbox2:tt3]   diffusion 495/1000
08:35:45  [tt-quietbox2:tt3]   diffusion 496/1000
08:35:45  [tt-quietbox2:tt3]   diffusion 497/1000
08:35:45  [tt-quietbox2:tt3]   diffusion 498/1000
08:35:46  [tt-quietbox2:tt3]   diffusion 499/1000
08:35:46  [tt-quietbox2:tt3]   diffusion 500/1000
08:35:46  [tt-quietbox2:tt3]   diffusion 501/1000
08:35:46  [tt-quietbox2:tt3]   diffusion 502/1000
08:35:46  [tt-quietbox2:tt3]   diffusion 503/1000
08:35:46  [tt-quietbox2:tt3]   diffusion 504/1000
08:35:46  [tt-quietbox2:tt3]   diffusion 505/1000
08:35:46  [tt-quietbox2:tt3]   diffusion 506/1000
08:35:46  [tt-quietbox2:tt3]   diffusion 507/1000
08:35:46  [tt-quietbox2:tt3]   diffusion 508/1000
08:35:47  [tt-quietbox2:tt3]   diffusion 509/1000
08:35:47  [tt-quietbox2:tt3]   diffusion 510/1000
08:35:47  [tt-quietbox2:tt3]   diffusion 511/1000
08:35:47  [tt-quietbox2:tt3]   diffusion 512/1000
08:35:47  [tt-quietbox2:tt3]   diffusion 513/1000
08:35:47  [tt-quietbox2:tt3]   diffusion 514/1000
08:35:47  [tt-quietbox2:tt3]   diffusion 515/1000
08:35:47  [tt-quietbox2:tt3]   diffusion 516/1000
08:35:47  [tt-quietbox2:tt3]   diffusion 517/1000
08:35:47  [tt-quietbox2:tt3]   diffusion 518/1000
08:35:47  [tt-quietbox2:tt3]   diffusion 519/1000
08:35:48  [tt-quietbox2:tt3]   diffusion 520/1000
08:35:48  [tt-quietbox2:tt3]   diffusion 521/1000
08:35:48  [tt-quietbox2:tt3]   diffusion 522/1000
08:35:48  [tt-quietbox2:tt3]   diffusion 523/1000
08:35:48  [tt-quietbox2:tt3]   diffusion 524/1000
08:35:48  [tt-quietbox2:tt3]   diffusion 525/1000
08:35:48  [tt-quietbox2:tt3]   diffusion 526/1000
08:35:48  [tt-quietbox2:tt3]   diffusion 527/1000
08:35:48  [tt-quietbox2:tt3]   diffusion 528/1000
08:35:48  [tt-quietbox2:tt3]   diffusion 529/1000
08:35:49  [tt-quietbox2:tt3]   diffusion 530/1000
08:35:49  [tt-quietbox2:tt3]   diffusion 531/1000
08:35:49  [tt-quietbox2:tt3]   diffusion 532/1000
08:35:49  [tt-quietbox2:tt3]   diffusion 533/1000
08:35:49  [tt-quietbox2:tt3]   diffusion 534/1000
08:35:49  [tt-quietbox2:tt3]   diffusion 535/1000
08:35:49  [tt-quietbox2:tt3]   diffusion 536/1000
08:35:49  [tt-quietbox2:tt3]   diffusion 537/1000
08:35:49  [tt-quietbox2:tt3]   diffusion 538/1000
08:35:49  [tt-quietbox2:tt3]   diffusion 539/1000
08:35:49  [tt-quietbox2:tt3]   diffusion 540/1000
08:35:50  [tt-quietbox2:tt3]   diffusion 541/1000
08:35:50  [tt-quietbox2:tt3]   diffusion 542/1000
08:35:50  [tt-quietbox2:tt3]   diffusion 543/1000
08:35:50  [tt-quietbox2:tt3]   diffusion 544/1000
08:35:50  [tt-quietbox2:tt3]   diffusion 545/1000
08:35:50  [tt-quietbox2:tt3]   diffusion 546/1000
08:35:50  [tt-quietbox2:tt3]   diffusion 547/1000
08:35:50  [tt-quietbox2:tt3]   diffusion 548/1000
08:35:50  [tt-quietbox2:tt3]   diffusion 549/1000
08:35:50  [tt-quietbox2:tt3]   diffusion 550/1000
08:35:50  [tt-quietbox2:tt3]   diffusion 551/1000
08:35:51  [tt-quietbox2:tt3]   diffusion 552/1000
08:35:51  [tt-quietbox2:tt3]   diffusion 553/1000
08:35:51  [tt-quietbox2:tt3]   diffusion 554/1000
08:35:51  [tt-quietbox2:tt3]   diffusion 555/1000
08:35:51  [tt-quietbox2:tt3]   diffusion 556/1000
08:35:51  [tt-quietbox2:tt3]   diffusion 557/1000
08:35:51  [tt-quietbox2:tt3]   diffusion 558/1000
08:35:51  [tt-quietbox2:tt3]   diffusion 559/1000
08:35:51  [tt-quietbox2:tt3]   diffusion 560/1000
08:35:51  [tt-quietbox2:tt3]   diffusion 561/1000
08:35:52  [tt-quietbox2:tt3]   diffusion 562/1000
08:35:52  [tt-quietbox2:tt3]   diffusion 563/1000
08:35:52  [tt-quietbox2:tt3]   diffusion 564/1000
08:35:52  [tt-quietbox2:tt3]   diffusion 565/1000
08:35:52  [tt-quietbox2:tt3]   diffusion 566/1000
08:35:52  [tt-quietbox2:tt3]   diffusion 567/1000
08:35:52  [tt-quietbox2:tt3]   diffusion 568/1000
08:35:52  [tt-quietbox2:tt3]   diffusion 569/1000
08:35:52  [tt-quietbox2:tt3]   diffusion 570/1000
08:35:52  [tt-quietbox2:tt3]   diffusion 571/1000
08:35:53  [tt-quietbox2:tt3]   diffusion 572/1000
08:35:53  [tt-quietbox2:tt3]   diffusion 573/1000
08:35:53  [tt-quietbox2:tt3]   diffusion 574/1000
08:35:53  [tt-quietbox2:tt3]   diffusion 575/1000
08:35:53  [tt-quietbox2:tt3]   diffusion 576/1000
08:35:53  [tt-quietbox2:tt3]   diffusion 577/1000
08:35:53  [tt-quietbox2:tt3]   diffusion 578/1000
08:35:53  [tt-quietbox2:tt3]   diffusion 579/1000
08:35:53  [tt-quietbox2:tt3]   diffusion 580/1000
08:35:53  [tt-quietbox2:tt3]   diffusion 581/1000
08:35:53  [tt-quietbox2:tt3]   diffusion 582/1000
08:35:54  [tt-quietbox2:tt3]   diffusion 583/1000
08:35:54  [tt-quietbox2:tt3]   diffusion 584/1000
08:35:54  [tt-quietbox2:tt3]   diffusion 585/1000
08:35:54  [tt-quietbox2:tt3]   diffusion 586/1000
08:35:54  [tt-quietbox2:tt3]   diffusion 587/1000
08:35:54  [tt-quietbox2:tt3]   diffusion 588/1000
08:35:54  [tt-quietbox2:tt3]   diffusion 589/1000
08:35:54  [tt-quietbox2:tt3]   diffusion 590/1000
08:35:54  [tt-quietbox2:tt3]   diffusion 591/1000
08:35:54  [tt-quietbox2:tt3]   diffusion 592/1000
08:35:55  [tt-quietbox2:tt3]   diffusion 593/1000
08:35:55  [tt-quietbox2:tt3]   diffusion 594/1000
08:35:55  [tt-quietbox2:tt3]   diffusion 595/1000
08:35:55  [tt-quietbox2:tt3]   diffusion 596/1000
08:35:55  [tt-quietbox2:tt3]   diffusion 597/1000
08:35:55  [tt-quietbox2:tt3]   diffusion 598/1000
08:35:55  [tt-quietbox2:tt3]   diffusion 599/1000
08:35:55  [tt-quietbox2:tt3]   diffusion 600/1000
08:35:55  [tt-quietbox2:tt3]   diffusion 601/1000
08:35:55  [tt-quietbox2:tt3]   diffusion 602/1000
08:35:56  [tt-quietbox2:tt3]   diffusion 603/1000
08:35:56  [tt-quietbox2:tt3]   diffusion 604/1000
08:35:56  [tt-quietbox2:tt3]   diffusion 605/1000
08:35:56  [tt-quietbox2:tt3]   diffusion 606/1000
08:35:56  [tt-quietbox2:tt3]   diffusion 607/1000
08:35:56  [tt-quietbox2:tt3]   diffusion 608/1000
08:35:56  [tt-quietbox2:tt3]   diffusion 609/1000
08:35:56  [tt-quietbox2:tt3]   diffusion 610/1000
08:35:56  [tt-quietbox2:tt3]   diffusion 611/1000
08:35:56  [tt-quietbox2:tt3]   diffusion 612/1000
08:35:57  [tt-quietbox2:tt3]   diffusion 613/1000
08:35:57  [tt-quietbox2:tt3]   diffusion 614/1000
08:35:57  [tt-quietbox2:tt3]   diffusion 615/1000
08:35:57  [tt-quietbox2:tt3]   diffusion 616/1000
08:35:57  [tt-quietbox2:tt3]   diffusion 617/1000
08:35:57  [tt-quietbox2:tt3]   diffusion 618/1000
08:35:57  [tt-quietbox2:tt3]   diffusion 619/1000
08:35:57  [tt-quietbox2:tt3]   diffusion 620/1000
08:35:57  [tt-quietbox2:tt3]   diffusion 621/1000
08:35:57  [tt-quietbox2:tt3]   diffusion 622/1000
08:35:57  [tt-quietbox2:tt3]   diffusion 623/1000
08:35:58  [tt-quietbox2:tt3]   diffusion 624/1000
08:35:58  [tt-quietbox2:tt3]   diffusion 625/1000
08:35:58  [tt-quietbox2:tt3]   diffusion 626/1000
08:35:58  [tt-quietbox2:tt3]   diffusion 627/1000
08:35:58  [tt-quietbox2:tt3]   diffusion 628/1000
08:35:58  [tt-quietbox2:tt3]   diffusion 629/1000
08:35:58  [tt-quietbox2:tt3]   diffusion 630/1000
08:35:58  [tt-quietbox2:tt3]   diffusion 631/1000
08:35:58  [tt-quietbox2:tt3]   diffusion 632/1000
08:35:59  [tt-quietbox2:tt3]   diffusion 633/1000
08:35:59  [tt-quietbox2:tt3]   diffusion 634/1000
08:35:59  [tt-quietbox2:tt3]   diffusion 635/1000
08:35:59  [tt-quietbox2:tt3]   diffusion 636/1000
08:35:59  [tt-quietbox2:tt3]   diffusion 637/1000
08:35:59  [tt-quietbox2:tt3]   diffusion 638/1000
08:35:59  [tt-quietbox2:tt3]   diffusion 639/1000
08:35:59  [tt-quietbox2:tt3]   diffusion 640/1000
08:35:59  [tt-quietbox2:tt3]   diffusion 641/1000
08:35:59  [tt-quietbox2:tt3]   diffusion 642/1000
08:35:59  [tt-quietbox2:tt3]   diffusion 643/1000
08:36:00  [tt-quietbox2:tt3]   diffusion 644/1000
08:36:00  [tt-quietbox2:tt3]   diffusion 645/1000
08:36:00  [tt-quietbox2:tt3]   diffusion 646/1000
08:36:00  [tt-quietbox2:tt3]   diffusion 647/1000
08:36:00  [tt-quietbox2:tt3]   diffusion 648/1000
08:36:00  [tt-quietbox2:tt3]   diffusion 649/1000
08:36:00  [tt-quietbox2:tt3]   diffusion 650/1000
08:36:00  [tt-quietbox2:tt3]   diffusion 651/1000
08:36:00  [tt-quietbox2:tt3]   diffusion 652/1000
08:36:01  [tt-quietbox2:tt3]   diffusion 653/1000
08:36:01  [tt-quietbox2:tt3]   diffusion 654/1000
08:36:01  [tt-quietbox2:tt3]   diffusion 655/1000
08:36:01  [tt-quietbox2:tt3]   diffusion 656/1000
08:36:01  [tt-quietbox2:tt3]   diffusion 657/1000
08:36:01  [tt-quietbox2:tt3]   diffusion 658/1000
08:36:01  [tt-quietbox2:tt3]   diffusion 659/1000
08:36:01  [tt-quietbox2:tt3]   diffusion 660/1000
08:36:01  [tt-quietbox2:tt3]   diffusion 661/1000
08:36:01  [tt-quietbox2:tt3]   diffusion 662/1000
08:36:01  [tt-quietbox2:tt3]   diffusion 663/1000
08:36:02  [tt-quietbox2:tt3]   diffusion 664/1000
08:36:02  [tt-quietbox2:tt3]   diffusion 665/1000
08:36:02  [tt-quietbox2:tt3]   diffusion 666/1000
08:36:02  [tt-quietbox2:tt3]   diffusion 667/1000
08:36:02  [tt-quietbox2:tt3]   diffusion 668/1000
08:36:02  [tt-quietbox2:tt3]   diffusion 669/1000
08:36:02  [tt-quietbox2:tt3]   diffusion 670/1000
08:36:02  [tt-quietbox2:tt3]   diffusion 671/1000
08:36:02  [tt-quietbox2:tt3]   diffusion 672/1000
08:36:02  [tt-quietbox2:tt3]   diffusion 673/1000
08:36:03  [tt-quietbox2:tt3]   diffusion 674/1000
08:36:03  [tt-quietbox2:tt3]   diffusion 675/1000
08:36:03  [tt-quietbox2:tt3]   diffusion 676/1000
08:36:03  [tt-quietbox2:tt3]   diffusion 677/1000
08:36:03  [tt-quietbox2:tt3]   diffusion 678/1000
08:36:03  [tt-quietbox2:tt3]   diffusion 679/1000
08:36:03  [tt-quietbox2:tt3]   diffusion 680/1000
08:36:03  [tt-quietbox2:tt3]   diffusion 681/1000
08:36:03  [tt-quietbox2:tt3]   diffusion 682/1000
08:36:03  [tt-quietbox2:tt3]   diffusion 683/1000
08:36:04  [tt-quietbox2:tt3]   diffusion 684/1000
08:36:04  [tt-quietbox2:tt3]   diffusion 685/1000
08:36:04  [tt-quietbox2:tt3]   diffusion 686/1000
08:36:04  [tt-quietbox2:tt3]   diffusion 687/1000
08:36:04  [tt-quietbox2:tt3]   diffusion 688/1000
08:36:04  [tt-quietbox2:tt3]   diffusion 689/1000
08:36:04  [tt-quietbox2:tt3]   diffusion 690/1000
08:36:04  [tt-quietbox2:tt3]   diffusion 691/1000
08:36:04  [tt-quietbox2:tt3]   diffusion 692/1000
08:36:04  [tt-quietbox2:tt3]   diffusion 693/1000
08:36:04  [tt-quietbox2:tt3]   diffusion 694/1000
08:36:05  [tt-quietbox2:tt3]   diffusion 695/1000
08:36:05  [tt-quietbox2:tt3]   diffusion 696/1000
08:36:05  [tt-quietbox2:tt3]   diffusion 697/1000
08:36:05  [tt-quietbox2:tt3]   diffusion 698/1000
08:36:05  [tt-quietbox2:tt3]   diffusion 699/1000
08:36:05  [tt-quietbox2:tt3]   diffusion 700/1000
08:36:05  [tt-quietbox2:tt3]   diffusion 701/1000
08:36:05  [tt-quietbox2:tt3]   diffusion 702/1000
08:36:05  [tt-quietbox2:tt3]   diffusion 703/1000
08:36:05  [tt-quietbox2:tt3]   diffusion 704/1000
08:36:05  [tt-quietbox2:tt3]   diffusion 705/1000
08:36:06  [tt-quietbox2:tt3]   diffusion 706/1000
08:36:06  [tt-quietbox2:tt3]   diffusion 707/1000
08:36:06  [tt-quietbox2:tt3]   diffusion 708/1000
08:36:06  [tt-quietbox2:tt3]   diffusion 709/1000
08:36:06  [tt-quietbox2:tt3]   diffusion 710/1000
08:36:06  [tt-quietbox2:tt3]   diffusion 711/1000
08:36:06  [tt-quietbox2:tt3]   diffusion 712/1000
08:36:06  [tt-quietbox2:tt3]   diffusion 713/1000
08:36:06  [tt-quietbox2:tt3]   diffusion 714/1000
08:36:06  [tt-quietbox2:tt3]   diffusion 715/1000
08:36:07  [tt-quietbox2:tt3]   diffusion 716/1000
08:36:07  [tt-quietbox2:tt3]   diffusion 717/1000
08:36:07  [tt-quietbox2:tt3]   diffusion 718/1000
08:36:07  [tt-quietbox2:tt3]   diffusion 719/1000
08:36:07  [tt-quietbox2:tt3]   diffusion 720/1000
08:36:07  [tt-quietbox2:tt3]   diffusion 721/1000
08:36:07  [tt-quietbox2:tt3]   diffusion 722/1000
08:36:07  [tt-quietbox2:tt3]   diffusion 723/1000
08:36:07  [tt-quietbox2:tt3]   diffusion 724/1000
08:36:07  [tt-quietbox2:tt3]   diffusion 725/1000
08:36:07  [tt-quietbox2:tt3]   diffusion 726/1000
08:36:08  [tt-quietbox2:tt3]   diffusion 727/1000
08:36:08  [tt-quietbox2:tt3]   diffusion 728/1000
08:36:08  [tt-quietbox2:tt3]   diffusion 729/1000
08:36:08  [tt-quietbox2:tt3]   diffusion 730/1000
08:36:08  [tt-quietbox2:tt3]   diffusion 731/1000
08:36:08  [tt-quietbox2:tt3]   diffusion 732/1000
08:36:08  [tt-quietbox2:tt3]   diffusion 733/1000
08:36:08  [tt-quietbox2:tt3]   diffusion 734/1000
08:36:08  [tt-quietbox2:tt3]   diffusion 735/1000
08:36:08  [tt-quietbox2:tt3]   diffusion 736/1000
08:36:09  [tt-quietbox2:tt3]   diffusion 737/1000
08:36:09  [tt-quietbox2:tt3]   diffusion 738/1000
08:36:09  [tt-quietbox2:tt3]   diffusion 739/1000
08:36:09  [tt-quietbox2:tt3]   diffusion 740/1000
08:36:09  [tt-quietbox2:tt3]   diffusion 741/1000
08:36:09  [tt-quietbox2:tt3]   diffusion 742/1000
08:36:09  [tt-quietbox2:tt3]   diffusion 743/1000
08:36:09  [tt-quietbox2:tt3]   diffusion 744/1000
08:36:09  [tt-quietbox2:tt3]   diffusion 745/1000
08:36:09  [tt-quietbox2:tt3]   diffusion 746/1000
08:36:10  [tt-quietbox2:tt3]   diffusion 747/1000
08:36:10  [tt-quietbox2:tt3]   diffusion 748/1000
08:36:10  [tt-quietbox2:tt3]   diffusion 749/1000
08:36:10  [tt-quietbox2:tt3]   diffusion 750/1000
08:36:10  [tt-quietbox2:tt3]   diffusion 751/1000
08:36:10  [tt-quietbox2:tt3]   diffusion 752/1000
08:36:10  [tt-quietbox2:tt3]   diffusion 753/1000
08:36:10  [tt-quietbox2:tt3]   diffusion 754/1000
08:36:10  [tt-quietbox2:tt3]   diffusion 755/1000
08:36:10  [tt-quietbox2:tt3]   diffusion 756/1000
08:36:10  [tt-quietbox2:tt3]   diffusion 757/1000
08:36:11  [tt-quietbox2:tt3]   diffusion 758/1000
08:36:11  [tt-quietbox2:tt3]   diffusion 759/1000
08:36:11  [tt-quietbox2:tt3]   diffusion 760/1000
08:36:11  [tt-quietbox2:tt3]   diffusion 761/1000
08:36:11  [tt-quietbox2:tt3]   diffusion 762/1000
08:36:11  [tt-quietbox2:tt3]   diffusion 763/1000
08:36:11  [tt-quietbox2:tt3]   diffusion 764/1000
08:36:11  [tt-quietbox2:tt3]   diffusion 765/1000
08:36:11  [tt-quietbox2:tt3]   diffusion 766/1000
08:36:11  [tt-quietbox2:tt3]   diffusion 767/1000
08:36:12  [tt-quietbox2:tt3]   diffusion 768/1000
08:36:12  [tt-quietbox2:tt3]   diffusion 769/1000
08:36:12  [tt-quietbox2:tt3]   diffusion 770/1000
08:36:12  [tt-quietbox2:tt3]   diffusion 771/1000
08:36:12  [tt-quietbox2:tt3]   diffusion 772/1000
08:36:12  [tt-quietbox2:tt3]   diffusion 773/1000
08:36:12  [tt-quietbox2:tt3]   diffusion 774/1000
08:36:12  [tt-quietbox2:tt3]   diffusion 775/1000
08:36:12  [tt-quietbox2:tt3]   diffusion 776/1000
08:36:12  [tt-quietbox2:tt3]   diffusion 777/1000
08:36:12  [tt-quietbox2:tt3]   diffusion 778/1000
08:36:13  [tt-quietbox2:tt3]   diffusion 779/1000
08:36:13  [tt-quietbox2:tt3]   diffusion 780/1000
08:36:13  [tt-quietbox2:tt3]   diffusion 781/1000
08:36:13  [tt-quietbox2:tt3]   diffusion 782/1000
08:36:13  [tt-quietbox2:tt3]   diffusion 783/1000
08:36:14  [tt-quietbox2:tt3]   diffusion 784/1000
08:36:14  [tt-quietbox2:tt3]   diffusion 785/1000
08:36:14  [tt-quietbox2:tt3]   diffusion 786/1000
08:36:14  [tt-quietbox2:tt3]   diffusion 787/1000
08:36:14  [tt-quietbox2:tt3]   diffusion 788/1000
08:36:14  [tt-quietbox2:tt3]   diffusion 789/1000
08:36:14  [tt-quietbox2:tt3]   diffusion 790/1000
08:36:14  [tt-quietbox2:tt3]   diffusion 791/1000
08:36:14  [tt-quietbox2:tt3]   diffusion 792/1000
08:36:14  [tt-quietbox2:tt3]   diffusion 793/1000
08:36:15  [tt-quietbox2:tt3]   diffusion 794/1000
08:36:15  [tt-quietbox2:tt3]   diffusion 795/1000
08:36:15  [tt-quietbox2:tt3]   diffusion 796/1000
08:36:15  [tt-quietbox2:tt3]   diffusion 797/1000
08:36:15  [tt-quietbox2:tt3]   diffusion 798/1000
08:36:15  [tt-quietbox2:tt3]   diffusion 799/1000
08:36:15  [tt-quietbox2:tt3]   diffusion 800/1000
08:36:15  [tt-quietbox2:tt3]   diffusion 801/1000
08:36:15  [tt-quietbox2:tt3]   diffusion 802/1000
08:36:15  [tt-quietbox2:tt3]   diffusion 803/1000
08:36:16  [tt-quietbox2:tt3]   diffusion 804/1000
08:36:16  [tt-quietbox2:tt3]   diffusion 805/1000
08:36:16  [tt-quietbox2:tt3]   diffusion 806/1000
08:36:16  [tt-quietbox2:tt3]   diffusion 807/1000
08:36:16  [tt-quietbox2:tt3]   diffusion 808/1000
08:36:16  [tt-quietbox2:tt3]   diffusion 809/1000
08:36:16  [tt-quietbox2:tt3]   diffusion 810/1000
08:36:16  [tt-quietbox2:tt3]   diffusion 811/1000
08:36:16  [tt-quietbox2:tt3]   diffusion 812/1000
08:36:16  [tt-quietbox2:tt3]   diffusion 813/1000
08:36:16  [tt-quietbox2:tt3]   diffusion 814/1000
08:36:17  [tt-quietbox2:tt3]   diffusion 815/1000
08:36:17  [tt-quietbox2:tt3]   diffusion 816/1000
08:36:17  [tt-quietbox2:tt3]   diffusion 817/1000
08:36:17  [tt-quietbox2:tt3]   diffusion 818/1000
08:36:17  [tt-quietbox2:tt3]   diffusion 819/1000
08:36:17  [tt-quietbox2:tt3]   diffusion 820/1000
08:36:17  [tt-quietbox2:tt3]   diffusion 821/1000
08:36:17  [tt-quietbox2:tt3]   diffusion 822/1000
08:36:17  [tt-quietbox2:tt3]   diffusion 823/1000
08:36:17  [tt-quietbox2:tt3]   diffusion 824/1000
08:36:18  [tt-quietbox2:tt3]   diffusion 825/1000
08:36:18  [tt-quietbox2:tt3]   diffusion 826/1000
08:36:18  [tt-quietbox2:tt3]   diffusion 827/1000
08:36:18  [tt-quietbox2:tt3]   diffusion 828/1000
08:36:18  [tt-quietbox2:tt3]   diffusion 829/1000
08:36:18  [tt-quietbox2:tt3]   diffusion 830/1000
08:36:18  [tt-quietbox2:tt3]   diffusion 831/1000
08:36:18  [tt-quietbox2:tt3]   diffusion 832/1000
08:36:18  [tt-quietbox2:tt3]   diffusion 833/1000
08:36:18  [tt-quietbox2:tt3]   diffusion 834/1000
08:36:18  [tt-quietbox2:tt3]   diffusion 835/1000
08:36:18  [tt-quietbox2:tt3]   diffusion 836/1000
08:36:19  [tt-quietbox2:tt3]   diffusion 837/1000
08:36:19  [tt-quietbox2:tt3]   diffusion 838/1000
08:36:19  [tt-quietbox2:tt3]   diffusion 839/1000
08:36:19  [tt-quietbox2:tt3]   diffusion 840/1000
08:36:19  [tt-quietbox2:tt3]   diffusion 841/1000
08:36:19  [tt-quietbox2:tt3]   diffusion 842/1000
08:36:19  [tt-quietbox2:tt3]   diffusion 843/1000
08:36:19  [tt-quietbox2:tt3]   diffusion 844/1000
08:36:19  [tt-quietbox2:tt3]   diffusion 845/1000
08:36:20  [tt-quietbox2:tt3]   diffusion 846/1000
08:36:20  [tt-quietbox2:tt3]   diffusion 847/1000
08:36:20  [tt-quietbox2:tt3]   diffusion 848/1000
08:36:20  [tt-quietbox2:tt3]   diffusion 849/1000
08:36:20  [tt-quietbox2:tt3]   diffusion 850/1000
08:36:20  [tt-quietbox2:tt3]   diffusion 851/1000
08:36:20  [tt-quietbox2:tt3]   diffusion 852/1000
08:36:20  [tt-quietbox2:tt3]   diffusion 853/1000
08:36:20  [tt-quietbox2:tt3]   diffusion 854/1000
08:36:20  [tt-quietbox2:tt3]   diffusion 855/1000
08:36:20  [tt-quietbox2:tt3]   diffusion 856/1000
08:36:20  [tt-quietbox2:tt3]   diffusion 857/1000
08:36:21  [tt-quietbox2:tt3]   diffusion 858/1000
08:36:21  [tt-quietbox2:tt3]   diffusion 859/1000
08:36:21  [tt-quietbox2:tt3]   diffusion 860/1000
08:36:21  [tt-quietbox2:tt3]   diffusion 861/1000
08:36:21  [tt-quietbox2:tt3]   diffusion 862/1000
08:36:21  [tt-quietbox2:tt3]   diffusion 863/1000
08:36:21  [tt-quietbox2:tt3]   diffusion 864/1000
08:36:21  [tt-quietbox2:tt3]   diffusion 865/1000
08:36:21  [tt-quietbox2:tt3]   diffusion 866/1000
08:36:22  [tt-quietbox2:tt3]   diffusion 867/1000
08:36:22  [tt-quietbox2:tt3]   diffusion 868/1000
08:36:22  [tt-quietbox2:tt3]   diffusion 869/1000
08:36:22  [tt-quietbox2:tt3]   diffusion 870/1000
08:36:22  [tt-quietbox2:tt3]   diffusion 871/1000
08:36:22  [tt-quietbox2:tt3]   diffusion 872/1000
08:36:22  [tt-quietbox2:tt3]   diffusion 873/1000
08:36:22  [tt-quietbox2:tt3]   diffusion 874/1000
08:36:22  [tt-quietbox2:tt3]   diffusion 875/1000
08:36:22  [tt-quietbox2:tt3]   diffusion 876/1000
08:36:22  [tt-quietbox2:tt3]   diffusion 877/1000
08:36:23  [tt-quietbox2:tt3]   diffusion 878/1000
08:36:23  [tt-quietbox2:tt3]   diffusion 879/1000
08:36:23  [tt-quietbox2:tt3]   diffusion 880/1000
08:36:23  [tt-quietbox2:tt3]   diffusion 881/1000
08:36:23  [tt-quietbox2:tt3]   diffusion 882/1000
08:36:23  [tt-quietbox2:tt3]   diffusion 883/1000
08:36:23  [tt-quietbox2:tt3]   diffusion 884/1000
08:36:23  [tt-quietbox2:tt3]   diffusion 885/1000
08:36:23  [tt-quietbox2:tt3]   diffusion 886/1000
08:36:23  [tt-quietbox2:tt3]   diffusion 887/1000
08:36:24  [tt-quietbox2:tt3]   diffusion 888/1000
08:36:24  [tt-quietbox2:tt3]   diffusion 889/1000
08:36:24  [tt-quietbox2:tt3]   diffusion 890/1000
08:36:24  [tt-quietbox2:tt3]   diffusion 891/1000
08:36:24  [tt-quietbox2:tt3]   diffusion 892/1000
08:36:24  [tt-quietbox2:tt3]   diffusion 893/1000
08:36:24  [tt-quietbox2:tt3]   diffusion 894/1000
08:36:24  [tt-quietbox2:tt3]   diffusion 895/1000
08:36:24  [tt-quietbox2:tt3]   diffusion 896/1000
08:36:24  [tt-quietbox2:tt3]   diffusion 897/1000
08:36:24  [tt-quietbox2:tt3]   diffusion 898/1000
08:36:25  [tt-quietbox2:tt3]   diffusion 899/1000
08:36:25  [tt-quietbox2:tt3]   diffusion 900/1000
08:36:25  [tt-quietbox2:tt3]   diffusion 901/1000
08:36:25  [tt-quietbox2:tt3]   diffusion 902/1000
08:36:25  [tt-quietbox2:tt3]   diffusion 903/1000
08:36:25  [tt-quietbox2:tt3]   diffusion 904/1000
08:36:25  [tt-quietbox2:tt3]   diffusion 905/1000
08:36:25  [tt-quietbox2:tt3]   diffusion 906/1000
08:36:25  [tt-quietbox2:tt3]   diffusion 907/1000
08:36:26  [tt-quietbox2:tt3]   diffusion 908/1000
08:36:26  [tt-quietbox2:tt3]   diffusion 909/1000
08:36:26  [tt-quietbox2:tt3]   diffusion 910/1000
08:36:26  [tt-quietbox2:tt3]   diffusion 911/1000
08:36:26  [tt-quietbox2:tt3]   diffusion 912/1000
08:36:26  [tt-quietbox2:tt3]   diffusion 913/1000
08:36:26  [tt-quietbox2:tt3]   diffusion 914/1000
08:36:26  [tt-quietbox2:tt3]   diffusion 915/1000
08:36:26  [tt-quietbox2:tt3]   diffusion 916/1000
08:36:26  [tt-quietbox2:tt3]   diffusion 917/1000
08:36:26  [tt-quietbox2:tt3]   diffusion 918/1000
08:36:27  [tt-quietbox2:tt3]   diffusion 919/1000
08:36:27  [tt-quietbox2:tt3]   diffusion 920/1000
08:36:27  [tt-quietbox2:tt3]   diffusion 921/1000
08:36:27  [tt-quietbox2:tt3]   diffusion 922/1000
08:36:27  [tt-quietbox2:tt3]   diffusion 923/1000
08:36:27  [tt-quietbox2:tt3]   diffusion 924/1000
08:36:27  [tt-quietbox2:tt3]   diffusion 925/1000
08:36:27  [tt-quietbox2:tt3]   diffusion 926/1000
08:36:27  [tt-quietbox2:tt3]   diffusion 927/1000
08:36:27  [tt-quietbox2:tt3]   diffusion 928/1000
08:36:28  [tt-quietbox2:tt3]   diffusion 929/1000
08:36:28  [tt-quietbox2:tt3]   diffusion 930/1000
08:36:28  [tt-quietbox2:tt3]   diffusion 931/1000
08:36:28  [tt-quietbox2:tt3]   diffusion 932/1000
08:36:28  [tt-quietbox2:tt3]   diffusion 933/1000
08:36:28  [tt-quietbox2:tt3]   diffusion 934/1000
08:36:28  [tt-quietbox2:tt3]   diffusion 935/1000
08:36:28  [tt-quietbox2:tt3]   diffusion 936/1000
08:36:28  [tt-quietbox2:tt3]   diffusion 937/1000
08:36:28  [tt-quietbox2:tt3]   diffusion 938/1000
08:36:28  [tt-quietbox2:tt3]   diffusion 939/1000
08:36:29  [tt-quietbox2:tt3]   diffusion 940/1000
08:36:29  [tt-quietbox2:tt3]   diffusion 941/1000
08:36:29  [tt-quietbox2:tt3]   diffusion 942/1000
08:36:29  [tt-quietbox2:tt3]   diffusion 943/1000
08:36:29  [tt-quietbox2:tt3]   diffusion 944/1000
08:36:29  [tt-quietbox2:tt3]   diffusion 945/1000
08:36:29  [tt-quietbox2:tt3]   diffusion 946/1000
08:36:29  [tt-quietbox2:tt3]   diffusion 947/1000
08:36:29  [tt-quietbox2:tt3]   diffusion 948/1000
08:36:29  [tt-quietbox2:tt3]   diffusion 949/1000
08:36:30  [tt-quietbox2:tt3]   diffusion 950/1000
08:36:30  [tt-quietbox2:tt3]   diffusion 951/1000
08:36:30  [tt-quietbox2:tt3]   diffusion 952/1000
08:36:30  [tt-quietbox2:tt3]   diffusion 953/1000
08:36:30  [tt-quietbox2:tt3]   diffusion 954/1000
08:36:30  [tt-quietbox2:tt3]   diffusion 955/1000
08:36:30  [tt-quietbox2:tt3]   diffusion 956/1000
08:36:30  [tt-quietbox2:tt3]   diffusion 957/1000
08:36:30  [tt-quietbox2:tt3]   diffusion 958/1000
08:36:30  [tt-quietbox2:tt3]   diffusion 959/1000
08:36:31  [tt-quietbox2:tt3]   diffusion 960/1000
08:36:31  [tt-quietbox2:tt3]   diffusion 961/1000
08:36:31  [tt-quietbox2:tt3]   diffusion 962/1000
08:36:31  [tt-quietbox2:tt3]   diffusion 963/1000
08:36:31  [tt-quietbox2:tt3]   diffusion 964/1000
08:36:31  [tt-quietbox2:tt3]   diffusion 965/1000
08:36:31  [tt-quietbox2:tt3]   diffusion 966/1000
08:36:31  [tt-quietbox2:tt3]   diffusion 967/1000
08:36:31  [tt-quietbox2:tt3]   diffusion 968/1000
08:36:31  [tt-quietbox2:tt3]   diffusion 969/1000
08:36:31  [tt-quietbox2:tt3]   diffusion 970/1000
08:36:32  [tt-quietbox2:tt3]   diffusion 971/1000
08:36:32  [tt-quietbox2:tt3]   diffusion 972/1000
08:36:32  [tt-quietbox2:tt3]   diffusion 973/1000
08:36:32  [tt-quietbox2:tt3]   diffusion 974/1000
08:36:32  [tt-quietbox2:tt3]   diffusion 975/1000
08:36:32  [tt-quietbox2:tt3]   diffusion 976/1000
08:36:32  [tt-quietbox2:tt3]   diffusion 977/1000
08:36:32  [tt-quietbox2:tt3]   diffusion 978/1000
08:36:32  [tt-quietbox2:tt3]   diffusion 979/1000
08:36:33  [tt-quietbox2:tt3]   diffusion 980/1000
08:36:33  [tt-quietbox2:tt3]   diffusion 981/1000
08:36:33  [tt-quietbox2:tt3]   diffusion 982/1000
08:36:33  [tt-quietbox2:tt3]   diffusion 983/1000
08:36:33  [tt-quietbox2:tt3]   diffusion 984/1000
08:36:33  [tt-quietbox2:tt3]   diffusion 985/1000
08:36:33  [tt-quietbox2:tt3]   diffusion 986/1000
08:36:33  [tt-quietbox2:tt3]   diffusion 987/1000
08:36:33  [tt-quietbox2:tt3]   diffusion 988/1000
08:36:33  [tt-quietbox2:tt3]   diffusion 989/1000
08:36:33  [tt-quietbox2:tt3]   diffusion 990/1000
08:36:34  [tt-quietbox2:tt3]   diffusion 991/1000
08:36:34  [tt-quietbox2:tt3]   diffusion 992/1000
08:36:34  [tt-quietbox2:tt3]   diffusion 993/1000
08:36:34  [tt-quietbox2:tt3]   diffusion 994/1000
08:36:34  [tt-quietbox2:tt3]   diffusion 995/1000
08:36:34  [tt-quietbox2:tt3]   diffusion 996/1000
08:36:34  [tt-quietbox2:tt3]   diffusion 997/1000
08:36:34  [tt-quietbox2:tt3]   diffusion 998/1000
08:36:34  [tt-quietbox2:tt3]   diffusion 999/1000
08:36:35  [tt-quietbox2:tt3]   confidence
08:36:40  [tt-quietbox2:tt3]   saving
08:36:40  [tt-quietbox2:tt3] ✓ prot — 108.9s

Done: 1 ok, 0 failed — /home/ttuser/.coworker/wt/land-standing/openfold3_results_prot/results.json
Predicted chains: [('A', 117)]
Ground truth chains: [('A', 117)]

Best chain matching (117 common residues of 117 predicted / 117 ground truth):
  A -> A (117 common residues)

==================================================
Protein: prot, Model: 0
RMSD: 1.6580 Å   TM-score: 0.9019
==================================================

Predicted chains: [('A', 117)]
Ground truth chains: [('A', 117)]

Best chain matching (117 common residues of 117 predicted / 117 ground truth):
  A -> A (117 common residues)

==================================================
Protein: prot, Model: 1
RMSD: 2.9287 Å   TM-score: 0.7646
==================================================

Predicted chains: [('A', 117)]
Ground truth chains: [('A', 117)]

Best chain matching (117 common residues of 117 predicted / 117 ground truth):
  A -> A (117 common residues)

==================================================
Protein: prot, Model: 2
RMSD: 1.6520 Å   TM-score: 0.9098
==================================================

Predicted chains: [('A', 117)]
Ground truth chains: [('A', 117)]

Best chain matching (117 common residues of 117 predicted / 117 ground truth):
  A -> A (117 common residues)

==================================================
Protein: prot, Model: 3
RMSD: 1.7004 Å   TM-score: 0.8985
==================================================

Predicted chains: [('A', 117)]
Ground truth chains: [('A', 117)]

Best chain matching (117 common residues of 117 predicted / 117 ground truth):
  A -> A (117 common residues)

==================================================
Protein: prot, Model: 4
RMSD: 3.6203 Å   TM-score: 0.7520
==================================================

############################################################
GROUND-TRUTH ACCURACY — prot (5 samples)
  model 0: RMSD  1.658 Å   TM 0.902 <- best confidence (gated)
  model 1: RMSD  2.929 Å   TM 0.765
  model 2: RMSD  1.652 Å   TM 0.910
  model 3: RMSD  1.700 Å   TM 0.899
  model 4: RMSD  3.620 Å   TM 0.752
  oracle-best sample: model 2 RMSD 1.652 Å TM 0.910
############################################################

[openfold3] geometry (5 sample(s), worst): in band 1.0 (A/protein), backbone gaps 0, clashes 1/899 (0.0011, worst contact 1.696 A)

##############################################################################
RELEASE GATE — prot.yaml (prot), 200 steps / 5 samples, seed 0
##############################################################################
model            RMSD (A)      TM           floor  in band  gaps        clash    wall  result
openfold3           1.658   0.902     <=3.5/>=0.7   1.0000     0    1(0.0011)    138s  PASS
##############################################################################
geometry floors, check_structure.py's own bands: in band >= 0.9 (protein) / 0.85 (nucleic), zero backbone gaps beyond 5.0 / 9.5 A, clashes <= max(2, 0.02 x heavy atoms)
GATE PASS — all models cleared parse + ground-truth floor + geometry
