[release-gate] granted card(s) [3]
[release-gate] scoring tt_bio from /home/ttuser/.coworker/wt/land-standing/tt_bio (commit a6c39ac87)

======================================================================
[boltz2] folding prot.yaml (200 steps, 5 samples)
======================================================================
08:39:06  [tt-quietbox2:tt3] loading model…
08:39:18  [tt-quietbox2:tt3] prot
08:39:18  [tt-quietbox2:tt3]   prep
08:39:18  [tt-quietbox2:tt3]   trunk 0/4
08:39:20  [tt-quietbox2:tt3]   trunk 1/4
08:39:20  [tt-quietbox2:tt3]   trunk 2/4
08:39:21  [tt-quietbox2:tt3]   trunk 3/4
08:39:21  [tt-quietbox2:tt3]   diffusion 0/200
08:39:22  [tt-quietbox2:tt3]   diffusion 10/200
08:39:23  [tt-quietbox2:tt3]   diffusion 20/200
08:39:24  [tt-quietbox2:tt3]   diffusion 30/200
08:39:24  [tt-quietbox2:tt3]   diffusion 40/200
08:39:25  [tt-quietbox2:tt3]   diffusion 50/200
08:39:25  [tt-quietbox2:tt3]   diffusion 60/200
08:39:26  [tt-quietbox2:tt3]   diffusion 70/200
08:39:26  [tt-quietbox2:tt3]   diffusion 80/200
08:39:27  [tt-quietbox2:tt3]   diffusion 90/200
08:39:28  [tt-quietbox2:tt3]   diffusion 100/200
08:39:28  [tt-quietbox2:tt3]   diffusion 110/200
08:39:29  [tt-quietbox2:tt3]   diffusion 120/200
08:39:29  [tt-quietbox2:tt3]   diffusion 130/200
08:39:30  [tt-quietbox2:tt3]   diffusion 140/200
08:39:30  [tt-quietbox2:tt3]   diffusion 150/200
08:39:31  [tt-quietbox2:tt3]   diffusion 160/200
08:39:31  [tt-quietbox2:tt3]   diffusion 170/200
08:39:32  [tt-quietbox2:tt3]   diffusion 180/200
08:39:33  [tt-quietbox2:tt3]   diffusion 190/200
08:39:33  [tt-quietbox2:tt3]   confidence
08:39:35  [tt-quietbox2:tt3]   saving
08:39:35  [tt-quietbox2:tt3] ✓ prot — 17.1s

Done: 1 ok, 0 failed — /home/ttuser/.coworker/wt/land-standing/boltz2_results_prot/results.json
Predicted chains: [('A', 117)]
Ground truth chains: [('A', 117)]

Best chain matching (117 common residues of 117 predicted / 117 ground truth):
  A -> A (117 common residues)

==================================================
Protein: prot, Model: 0
RMSD: 1.8266 Å   TM-score: 0.9024
==================================================

Predicted chains: [('A', 117)]
Ground truth chains: [('A', 117)]

Best chain matching (117 common residues of 117 predicted / 117 ground truth):
  A -> A (117 common residues)

==================================================
Protein: prot, Model: 1
RMSD: 1.8689 Å   TM-score: 0.8631
==================================================

Predicted chains: [('A', 117)]
Ground truth chains: [('A', 117)]

Best chain matching (117 common residues of 117 predicted / 117 ground truth):
  A -> A (117 common residues)

==================================================
Protein: prot, Model: 2
RMSD: 1.4583 Å   TM-score: 0.9427
==================================================

Predicted chains: [('A', 117)]
Ground truth chains: [('A', 117)]

Best chain matching (117 common residues of 117 predicted / 117 ground truth):
  A -> A (117 common residues)

==================================================
Protein: prot, Model: 3
RMSD: 1.3347 Å   TM-score: 0.9522
==================================================

Predicted chains: [('A', 117)]
Ground truth chains: [('A', 117)]

Best chain matching (117 common residues of 117 predicted / 117 ground truth):
  A -> A (117 common residues)

==================================================
Protein: prot, Model: 4
RMSD: 1.5805 Å   TM-score: 0.8989
==================================================

############################################################
GROUND-TRUTH ACCURACY — prot (5 samples)
  model 0: RMSD  1.827 Å   TM 0.902 <- best confidence (gated)
  model 1: RMSD  1.869 Å   TM 0.863
  model 2: RMSD  1.458 Å   TM 0.943
  model 3: RMSD  1.335 Å   TM 0.952
  model 4: RMSD  1.581 Å   TM 0.899
  oracle-best sample: model 3 RMSD 1.335 Å TM 0.952
############################################################

[boltz2] geometry (5 sample(s), worst): in band 1.0 (A/protein), backbone gaps 0, clashes 2/899 (0.0022, worst contact 1.74 A)

##############################################################################
RELEASE GATE — prot.yaml (prot), 200 steps / 5 samples, seed 0
##############################################################################
model            RMSD (A)      TM           floor  in band  gaps        clash    wall  result
boltz2              1.827   0.902    <=3.0/>=0.75   1.0000     0    2(0.0022)     38s  PASS
##############################################################################
geometry floors, check_structure.py's own bands: in band >= 0.9 (protein) / 0.85 (nucleic), zero backbone gaps beyond 5.0 / 9.5 A, clashes <= max(2, 0.02 x heavy atoms)
GATE PASS — all models cleared parse + ground-truth floor + geometry
