2026-09-24 21:36:25.094 | critical |          Always | TT_THROW: Statically allocated circular buffers in program 15 clash with L1 buffers on core range [(x=0,y=0) - (x=10,y=9)]. L1 buffer allocated at 1138688 and static circular buffer region ends at 1176064 (assert.hpp:104)
{
 "mode": "af2ig_taps",
 "stage": "complex",
 "recycles": 3,
 "arm": "device",
 "envelope_slack": 1.5,
 "envelope_ratio_max": 16.52480664886986,
 "mutate": null,
 "substitute": null,
 "extra_msa_host": false,
 "triatt_fused": "inherit",
 "triatt_fused_stats": {
  "stats": {
   "served": 0,
   "declined": 0,
   "too_short": 0
  },
  "picks": {}
 },
 "compute_grid": [
  11,
  10
 ],
 "template_host": true,
 "tie_away_adds": false,
 "rne_residual": true,
 "rne_sigmoid": false,
 "bf16_norm_affine": false,
 "template_cached": true,
 "verdict": "FAIL",
 "taps_scored": 94,
 "taps_failed": 8,
 "taps_produced": 540,
 "pcc_min": 0.9952510439879252,
 "scalars": [
  {
   "scalar": "plddt",
   "got": 0.7370572686195374,
   "want": 0.7392517030239105,
   "delta": 0.002194434404373169,
   "bar": 0.002,
   "verdict": "FAIL",
   "envelope": 0.0010191798210144043,
   "envelope_ratio": 2.1531376103865725
  },
  {
   "scalar": "ptm",
   "got": 0.6336460113525391,
   "want": 0.6334932446479797,
   "delta": 0.00015276670455932617,
   "bar": 0.002,
   "verdict": "PASS"
  },
  {
   "scalar": "i_ptm",
   "got": 0.4971517324447632,
   "want": 0.48866015672683716,
   "delta": 0.008491575717926025,
   "bar": 0.005,
   "verdict": "FAIL",
   "envelope": 0.0018806755542755127,
   "envelope_ratio": 4.515173124158149
  },
  {
   "scalar": "pae",
   "got": 0.35040155053138733,
   "want": 0.35206228494644165,
   "delta": 0.0016607344150543213,
   "bar": 0.002,
   "verdict": "PASS"
  },
  {
   "scalar": "i_pae",
   "got": 0.44420376420021057,
   "want": 0.44835495948791504,
   "delta": 0.004151195287704468,
   "bar": 0.005,
   "verdict": "PASS"
  },
  {
   "scalar": "unscaled_i_pae",
   "got": 13.770316690206528,
   "want": 13.899003744125366,
   "delta": 0.1286870539188385,
   "bar": 0.155,
   "verdict": "PASS"
  }
 ],
 "scalars_failed": 2,
 "envelope_arm": "float32 vs torch bfloat16",
 "in_envelope": 2,
 "not_implemented": [],
 "failures": [
  {
   "tap": "predicted_lddt_head#0/logits",
   "shape_ref": [
    208,
    50
   ],
   "shape_got": [
    208,
    50
   ],
   "sampled": 10400,
   "pcc": 0.999837919110964,
   "d_mean": 0.007814339422215528,
   "d_std": 0.01344725091622317,
   "d_sumsq": 0.025940384875229185,
   "verdict": "FAIL",
   "envelope_pcc": 0.9999615761408537,
   "envelope_ratio": 5.359848791159336
  },
  {
   "tap": "structure_module#0/final_affines",
   "shape_ref": [
    208,
    7
   ],
   "shape_got": [
    208,
    7
   ],
   "sampled": 1456,
   "pcc": 0.9952865666909947,
   "d_mean": 0.008908578161142273,
   "d_std": 0.0013371188042231796,
   "d_sumsq": 0.0034261333073706975,
   "verdict": "FAIL",
   "envelope_pcc": 0.9997147662051872,
   "envelope_ratio": 16.52480664886986
  },
  {
   "tap": "structure_module#0/final_atom14_positions",
   "shape_ref": [
    208,
    14,
    3
   ],
   "shape_got": [
    208,
    14,
    3
   ],
   "sampled": 8736,
   "pcc": 0.9953377078675792,
   "d_mean": 0.011117615963677082,
   "d_std": 0.0011699183818981575,
   "d_sumsq": 0.0036561408949966107,
   "verdict": "FAIL",
   "envelope_pcc": 0.9997143437130431,
   "envelope_ratio": 16.321335623621998
  },
  {
   "tap": "structure_module#0/final_atom_positions",
   "shape_ref": [
    208,
    37,
    3
   ],
   "shape_got": [
    208,
    37,
    3
   ],
   "sampled": 23088,
   "pcc": 0.9953103359285056,
   "d_mean": 0.006832516776177217,
   "d_std": 0.0015785041485913485,
   "d_sumsq": 0.0036561408949968223,
   "verdict": "FAIL",
   "envelope_pcc": 0.9997114624387067,
   "envelope_ratio": 16.253218646729202
  },
  {
   "tap": "structure_module#0/traj",
   "shape_ref": [
    8,
    208,
    7
   ],
   "shape_got": [
    8,
    208,
    7
   ],
   "sampled": 11648,
   "pcc": 0.9952510439879252,
   "d_mean": 0.007372214428338744,
   "d_std": 0.0010699380875789795,
   "d_sumsq": 0.002650995975744118,
   "verdict": "FAIL",
   "envelope_pcc": 0.9997045256912105,
   "envelope_ratio": 16.072314481520102
  },
  {
   "tap": "structure_module#1/final_atom14_positions",
   "shape_ref": [
    208,
    14,
    3
   ],
   "shape_got": [
    208,
    14,
    3
   ],
   "sampled": 8736,
   "pcc": 0.9979957941155944,
   "d_mean": 0.0008541922846081406,
   "d_std": 0.0014999958008518242,
   "d_sumsq": 0.003049921508020528,
   "verdict": "FAIL",
   "envelope_pcc": 0.9994900431222871,
   "envelope_ratio": 3.9301477673840592
  },
  {
   "tap": "structure_module#1/final_atom_positions",
   "shape_ref": [
    208,
    37,
    3
   ],
   "shape_got": [
    208,
    37,
    3
   ],
   "sampled": 23088,
   "pcc": 0.9979966661702351,
   "d_mean": 0.0005252976419614472,
   "d_std": 0.0015147976302850325,
   "d_sumsq": 0.003049921508020528,
   "verdict": "FAIL",
   "envelope_pcc": 0.9994897230932417,
   "envelope_ratio": 3.9259739236323763
  },
  {
   "tap": "structure_module#1/traj",
   "shape_ref": [
    8,
    208,
    7
   ],
   "shape_got": [
    8,
    208,
    7
   ],
   "sampled": 11648,
   "pcc": 0.9979641297289423,
   "d_mean": 7.925680690283126e-05,
   "d_std": 0.00036476129173106667,
   "d_sumsq": 0.0007337005795726321,
   "verdict": "FAIL",
   "envelope_pcc": 0.9994810378525134,
   "envelope_ratio": 3.922964865390838
  }
 ],
 "rows": [
  {
   "tap": "evoformer#0/msa",
   "shape_ref": [
    1,
    208,
    256
   ],
   "shape_got": [
    1,
    208,
    256
   ],
   "sampled": 8192,
   "pcc": 0.9993591786282746,
   "d_mean": 0.00016026652628423914,
   "d_std": 0.0015095357075395447,
   "d_sumsq": 0.0030297819240174446,
   "verdict": "PASS"
  },
  {
   "tap": "evoformer#0/msa_first_row",
   "shape_ref": [
    208,
    256
   ],
   "shape_got": [
    208,
    256
   ],
   "sampled": 8192,
   "pcc": 0.9993591786282746,
   "d_mean": 0.00016026652628423914,
   "d_std": 0.0015095357075395447,
   "d_sumsq": 0.0030297819240174446,
   "verdict": "PASS"
  },
  {
   "tap": "evoformer#0/pair",
   "shape_ref": [
    208,
    208,
    128
   ],
   "shape_got": [
    208,
    208,
    128
   ],
   "sampled": 8192,
   "pcc": 0.9997080353945442,
   "d_mean": 0.0010424178196832181,
   "d_std": 0.002145961440460277,
   "d_sumsq": 0.0042944164172315355,
   "verdict": "PASS"
  },
  {
   "tap": "evoformer#0/single",
   "shape_ref": [
    208,
    384
   ],
   "shape_got": [
    208,
    384
   ],
   "sampled": 8192,
   "pcc": 0.9998547863042063,
   "d_mean": 0.00011756842509368503,
   "d_std": 0.0012571155053865755,
   "d_sumsq": 0.0025191163896434794,
   "verdict": "PASS"
  },
  {
   "tap": "evoformer#3/msa",
   "shape_ref": [
    1,
    208,
    256
   ],
   "shape_got": [
    1,
    208,
    256
   ],
   "sampled": 8192,
   "pcc": 0.9993916749931614,
   "d_mean": 0.0014394907455372921,
   "d_std": 0.010035626631012323,
   "d_sumsq": 0.020071697119006835,
   "verdict": "IN-ENVELOPE",
   "envelope_pcc": 0.9996321296092842,
   "envelope_ratio": 1.3656366974514302
  },
  {
   "tap": "evoformer#3/msa_first_row",
   "shape_ref": [
    208,
    256
   ],
   "shape_got": [
    208,
    256
   ],
   "sampled": 8192,
   "pcc": 0.9993916749931614,
   "d_mean": 0.0014394907455372921,
   "d_std": 0.010035626631012323,
   "d_sumsq": 0.020071697119006835,
   "verdict": "IN-ENVELOPE",
   "envelope_pcc": 0.9996321296092842,
   "envelope_ratio": 1.3656366974514302
  },
  {
   "tap": "evoformer#3/pair",
   "shape_ref": [
    208,
    208,
    128
   ],
   "shape_got": [
    208,
    208,
    128
   ],
   "sampled": 8192,
   "pcc": 0.9996447768973707,
   "d_mean": 0.0002900217139874582,
   "d_std": 0.0024125413132058634,
   "d_sumsq": 0.004822461393542727,
   "verdict": "PASS"
  },
  {
   "tap": "evoformer#3/single",
   "shape_ref": [
    208,
    384
   ],
   "shape_got": [
    208,
    384
   ],
   "sampled": 8192,
   "pcc": 0.9998756313810852,
   "d_mean": 0.0007487242036019024,
   "d_std": 0.00954036789615376,
   "d_sumsq": 0.018992830692425498,
   "verdict": "PASS"
  },
  {
   "tap": "evoformer_iteration#0/msa",
   "shape_ref": [
    2,
    208,
    256
   ],
   "shape_got": [
    2,
    208,
    256
   ],
   "sampled": 8192,
   "pcc": 0.9999906436243685,
   "d_mean": 1.3954289258136223e-05,
   "d_std": 0.001185879343396495,
   "d_sumsq": 0.0023702470715276478,
   "verdict": "PASS"
  },
  {
   "tap": "evoformer_iteration#0/pair",
   "shape_ref": [
    208,
    208,
    128
   ],
   "shape_got": [
    208,
    208,
    128
   ],
   "sampled": 8192,
   "pcc": 0.9999821746192227,
   "d_mean": 3.100069971117374e-05,
   "d_std": 0.0007832075924095396,
   "d_sumsq": 0.001566560373268449,
   "verdict": "PASS"
  },
  {
   "tap": "evoformer_iteration#1/msa",
   "shape_ref": [
    2,
    208,
    256
   ],
   "shape_got": [
    2,
    208,
    256
   ],
   "sampled": 8192,
   "pcc": 0.9999918959425536,
   "d_mean": 2.412598384169581e-05,
   "d_std": 0.0015499687338916164,
   "d_sumsq": 0.0030974512471888312,
   "verdict": "PASS"
  },
  {
   "tap": "evoformer_iteration#1/pair",
   "shape_ref": [
    208,
    208,
    128
   ],
   "shape_got": [
    208,
    208,
    128
   ],
   "sampled": 8192,
   "pcc": 0.9999670873630422,
   "d_mean": 6.785725855352618e-05,
   "d_std": 0.0012130324741871736,
   "d_sumsq": 0.0024288670733803677,
   "verdict": "PASS"
  },
  {
   "tap": "evoformer_iteration#2/msa",
   "shape_ref": [
    2,
    208,
    256
   ],
   "shape_got": [
    2,
    208,
    256
   ],
   "sampled": 8192,
   "pcc": 0.9999890780492785,
   "d_mean": 2.717899812706919e-05,
   "d_std": 0.0012010531082678963,
   "d_sumsq": 0.0024008094885774834,
   "verdict": "PASS"
  },
  {
   "tap": "evoformer_iteration#2/pair",
   "shape_ref": [
    208,
    208,
    128
   ],
   "shape_got": [
    208,
    208,
    128
   ],
   "sampled": 8192,
   "pcc": 0.9999543665348275,
   "d_mean": 0.00017876542433619658,
   "d_std": 0.0022584968258380707,
   "d_sumsq": 0.004528998483615834,
   "verdict": "PASS"
  },
  {
   "tap": "evoformer_iteration#23/msa",
   "shape_ref": [
    2,
    208,
    256
   ],
   "shape_got": [
    2,
    208,
    256
   ],
   "sampled": 8192,
   "pcc": 0.9999203772346653,
   "d_mean": 0.00018656390136690258,
   "d_std": 0.002572732388474101,
   "d_sumsq": 0.005142314404241102,
   "verdict": "PASS"
  },
  {
   "tap": "evoformer_iteration#23/pair",
   "shape_ref": [
    208,
    208,
    128
   ],
   "shape_got": [
    208,
    208,
    128
   ],
   "sampled": 8192,
   "pcc": 0.9998808928511104,
   "d_mean": 3.6883429328459495e-05,
   "d_std": 0.0010436047739257994,
   "d_sumsq": 0.0020858785905746155,
   "verdict": "PASS"
  },
  {
   "tap": "evoformer_iteration#46/msa",
   "shape_ref": [
    2,
    208,
    256
   ],
   "shape_got": [
    2,
    208,
    256
   ],
   "sampled": 8192,
   "pcc": 0.9996218005079806,
   "d_mean": 0.0003380265889406938,
   "d_std": 0.001573131465032166,
   "d_sumsq": 0.003144603507755038,
   "verdict": "PASS"
  },
  {
   "tap": "evoformer_iteration#46/pair",
   "shape_ref": [
    208,
    208,
    128
   ],
   "shape_got": [
    208,
    208,
    128
   ],
   "sampled": 8192,
   "pcc": 0.9996922308491956,
   "d_mean": 0.0008273151288542666,
   "d_std": 0.0017525720085302962,
   "d_sumsq": 0.0035245201514048593,
   "verdict": "PASS"
  },
  {
   "tap": "evoformer_iteration#47/msa",
   "shape_ref": [
    2,
    208,
    256
   ],
   "shape_got": [
    2,
    208,
    256
   ],
   "sampled": 8192,
   "pcc": 0.9991184054490235,
   "d_mean": 0.0003504792598935992,
   "d_std": 0.0007387861532291755,
   "d_sumsq": 0.001504896131749979,
   "verdict": "PASS"
  },
  {
   "tap": "evoformer_iteration#47/pair",
   "shape_ref": [
    208,
    208,
    128
   ],
   "shape_got": [
    208,
    208,
    128
   ],
   "sampled": 8192,
   "pcc": 0.9997080353945442,
   "d_mean": 0.0010424178196832181,
   "d_std": 0.002145961440460277,
   "d_sumsq": 0.0042944164172315355,
   "verdict": "PASS"
  },
  {
   "tap": "extra_msa_stack#0/msa",
   "shape_ref": [
    1,
    208,
    64
   ],
   "shape_got": [
    1,
    208,
    64
   ],
   "sampled": 13312,
   "pcc": 0.999997502404371,
   "d_mean": 2.74222794218799e-06,
   "d_std": 0.0005699764878647928,
   "d_sumsq": 0.001139456789178701,
   "verdict": "PASS"
  },
  {
   "tap": "extra_msa_stack#0/pair",
   "shape_ref": [
    208,
    208,
    128
   ],
   "shape_got": [
    208,
    208,
    128
   ],
   "sampled": 8192,
   "pcc": 0.9999908698486828,
   "d_mean": 1.4773213204568465e-05,
   "d_std": 0.00017869823303834549,
   "d_sumsq": 0.00035283572125148293,
   "verdict": "PASS"
  },
  {
   "tap": "extra_msa_stack#1/msa",
   "shape_ref": [
    1,
    208,
    64
   ],
   "shape_got": [
    1,
    208,
    64
   ],
   "sampled": 13312,
   "pcc": 0.9999983147288397,
   "d_mean": 5.069346899186445e-05,
   "d_std": 0.00021170399422515686,
   "d_sumsq": 0.00042349922596328154,
   "verdict": "PASS"
  },
  {
   "tap": "extra_msa_stack#1/pair",
   "shape_ref": [
    208,
    208,
    128
   ],
   "shape_got": [
    208,
    208,
    128
   ],
   "sampled": 8192,
   "pcc": 0.9999833167891311,
   "d_mean": 0.00010965569146023363,
   "d_std": 0.0005380663168743183,
   "d_sumsq": 0.0010556238993834287,
   "verdict": "PASS"
  },
  {
   "tap": "extra_msa_stack#2/msa",
   "shape_ref": [
    1,
    208,
    64
   ],
   "shape_got": [
    1,
    208,
    64
   ],
   "sampled": 13312,
   "pcc": 0.9999914419321877,
   "d_mean": 0.00031296849517814063,
   "d_std": 0.00411771309659457,
   "d_sumsq": 0.008220266722938421,
   "verdict": "PASS"
  },
  {
   "tap": "extra_msa_stack#2/pair",
   "shape_ref": [
    208,
    208,
    128
   ],
   "shape_got": [
    208,
    208,
    128
   ],
   "sampled": 8192,
   "pcc": 0.9999864288302912,
   "d_mean": 7.639099781811566e-06,
   "d_std": 0.0009388035079242087,
   "d_sumsq": 0.001872801009759968,
   "verdict": "PASS"
  },
  {
   "tap": "extra_msa_stack#3/msa",
   "shape_ref": [
    1,
    208,
    64
   ],
   "shape_got": [
    1,
    208,
    64
   ],
   "sampled": 13312,
   "pcc": 0.9999983709425395,
   "d_mean": 0.00035868972917469326,
   "d_std": 0.005584163298794808,
   "d_sumsq": 0.01114734299499504,
   "verdict": "PASS"
  },
  {
   "tap": "extra_msa_stack#3/pair",
   "shape_ref": [
    208,
    208,
    128
   ],
   "shape_got": [
    208,
    208,
    128
   ],
   "sampled": 8192,
   "pcc": 0.9999888508269872,
   "d_mean": 6.244571641401206e-05,
   "d_std": 0.0013596239588959643,
   "d_sumsq": 0.0027205275265638393,
   "verdict": "PASS"
  },
  {
   "tap": "linear/extra_msa_activations#0/out",
   "shape_ref": [
    1,
    208,
    64
   ],
   "shape_got": [
    1,
    208,
    64
   ],
   "sampled": 13312,
   "pcc": 0.9999979712655924,
   "d_mean": 0.0001791446503309454,
   "d_std": 0.0002350510475442204,
   "d_sumsq": 0.00046285111518795663,
   "verdict": "PASS"
  },
  {
   "tap": "linear/left_single#0/out",
   "shape_ref": [
    208,
    128
   ],
   "shape_got": [
    208,
    128
   ],
   "sampled": 26624,
   "pcc": 0.9999964477563451,
   "d_mean": 6.855112989652072e-05,
   "d_std": 0.00010441297029150491,
   "d_sumsq": 0.00020348854502402048,
   "verdict": "PASS"
  },
  {
   "tap": "linear/pair_activiations#0/out",
   "shape_ref": [
    208,
    208,
    128
   ],
   "shape_got": [
    208,
    208,
    128
   ],
   "sampled": 8192,
   "pcc": 0.9999972864768562,
   "d_mean": 5.607376249449543e-05,
   "d_std": 8.492996016509884e-05,
   "d_sumsq": 0.00016822413027575134,
   "verdict": "PASS"
  },
  {
   "tap": "linear/preprocess_1d#0/out",
   "shape_ref": [
    208,
    256
   ],
   "shape_got": [
    208,
    256
   ],
   "sampled": 8192,
   "pcc": 0.9999968370619345,
   "d_mean": 0.00011497417791514334,
   "d_std": 0.00015233288420174563,
   "d_sumsq": 0.00030208514123212507,
   "verdict": "PASS"
  },
  {
   "tap": "linear/preprocess_msa#0/out",
   "shape_ref": [
    1,
    208,
    256
   ],
   "shape_got": [
    1,
    208,
    256
   ],
   "sampled": 8192,
   "pcc": 0.9999969830555737,
   "d_mean": 8.138792023248277e-05,
   "d_std": 0.00019715560540465988,
   "d_sumsq": 0.00039509829842374636,
   "verdict": "PASS"
  },
  {
   "tap": "linear/prev_pos_linear#0/out",
   "shape_ref": [
    208,
    208,
    128
   ],
   "shape_got": [
    208,
    208,
    128
   ],
   "sampled": 8192,
   "pcc": 0.9999985935511587,
   "d_mean": 4.109991111359166e-05,
   "d_std": 1.2130533691192665e-05,
   "d_sumsq": 2.1702488966620133e-05,
   "verdict": "PASS"
  },
  {
   "tap": "linear/right_single#0/out",
   "shape_ref": [
    208,
    128
   ],
   "shape_got": [
    208,
    128
   ],
   "sampled": 26624,
   "pcc": 0.9999959419582757,
   "d_mean": 1.7672320018362567e-06,
   "d_std": 0.0002127940253059531,
   "d_sumsq": 0.00042541642479411093,
   "verdict": "PASS"
  },
  {
   "tap": "linear/single_activations#0/out",
   "shape_ref": [
    208,
    384
   ],
   "shape_got": [
    208,
    384
   ],
   "sampled": 8192,
   "pcc": 0.9998547863042063,
   "d_mean": 0.00011756842509368503,
   "d_std": 0.0012571155053865755,
   "d_sumsq": 0.0025191163896434794,
   "verdict": "PASS"
  },
  {
   "tap": "linear/template_projection#0/out",
   "shape_ref": [
    1,
    208,
    256
   ],
   "shape_got": [
    1,
    208,
    256
   ],
   "sampled": 8192,
   "pcc": 0.999932536514111,
   "d_mean": 1.1281410085578474e-05,
   "d_std": 0.0005611412051654536,
   "d_sumsq": 0.0011218468786779903,
   "verdict": "PASS"
  },
  {
   "tap": "linear/template_single_embedding#0/out",
   "shape_ref": [
    1,
    208,
    256
   ],
   "shape_got": [
    1,
    208,
    256
   ],
   "sampled": 8192,
   "pcc": 0.9998880420965411,
   "d_mean": 1.1864461512218158e-05,
   "d_std": 0.0002586277137921263,
   "d_sumsq": 0.0003593437780195708,
   "verdict": "PASS"
  },
  {
   "tap": "norm/prev_msa_first_row_norm#0/out",
   "shape_ref": [
    208,
    256
   ],
   "shape_got": [
    208,
    256
   ],
   "sampled": 8192,
   "pcc": 1.0,
   "d_mean": 0.0,
   "d_std": 0.0,
   "d_sumsq": 0.0,
   "verdict": "PASS"
  },
  {
   "tap": "norm/prev_pair_norm#0/out",
   "shape_ref": [
    208,
    208,
    128
   ],
   "shape_got": [
    208,
    208,
    128
   ],
   "sampled": 8192,
   "pcc": 0.9999999999999999,
   "d_mean": 0.0,
   "d_std": 0.0,
   "d_sumsq": 0.0,
   "verdict": "PASS"
  },
  {
   "tap": "predicted_aligned_error_head#0/breaks",
   "shape_ref": [
    63
   ],
   "shape_got": [
    63
   ],
   "sampled": 63,
   "pcc": 1.0,
   "d_mean": 0.0,
   "d_std": 0.0,
   "d_sumsq": 0.0,
   "verdict": "PASS"
  },
  {
   "tap": "predicted_aligned_error_head#0/logits",
   "shape_ref": [
    208,
    208,
    64
   ],
   "shape_got": [
    208,
    208,
    64
   ],
   "sampled": 8192,
   "pcc": 0.9996566116757799,
   "d_mean": 0.006873262314495309,
   "d_std": 0.001547465548709289,
   "d_sumsq": 0.0020228313381130017,
   "verdict": "PASS"
  },
  {
   "tap": "predicted_aligned_error_head#1/breaks",
   "shape_ref": [
    63
   ],
   "shape_got": [
    63
   ],
   "sampled": 63,
   "pcc": 1.0,
   "d_mean": 0.0,
   "d_std": 0.0,
   "d_sumsq": 0.0,
   "verdict": "PASS"
  },
  {
   "tap": "predicted_aligned_error_head#1/logits",
   "shape_ref": [
    208,
    208,
    64
   ],
   "shape_got": [
    208,
    208,
    64
   ],
   "sampled": 8192,
   "pcc": 0.9998776640698117,
   "d_mean": 0.00018661567230549695,
   "d_std": 0.0039740678277628075,
   "d_sumsq": 0.007919439153375608,
   "verdict": "PASS"
  },
  {
   "tap": "predicted_aligned_error_head#2/breaks",
   "shape_ref": [
    63
   ],
   "shape_got": [
    63
   ],
   "sampled": 63,
   "pcc": 1.0,
   "d_mean": 0.0,
   "d_std": 0.0,
   "d_sumsq": 0.0,
   "verdict": "PASS"
  },
  {
   "tap": "predicted_aligned_error_head#2/logits",
   "shape_ref": [
    208,
    208,
    64
   ],
   "shape_got": [
    208,
    208,
    64
   ],
   "sampled": 8192,
   "pcc": 0.9998385346626462,
   "d_mean": 0.00014139095419737842,
   "d_std": 0.003716054601545863,
   "d_sumsq": 0.007353504908626461,
   "verdict": "PASS"
  },
  {
   "tap": "predicted_aligned_error_head#3/breaks",
   "shape_ref": [
    63
   ],
   "shape_got": [
    63
   ],
   "sampled": 63,
   "pcc": 1.0,
   "d_mean": 0.0,
   "d_std": 0.0,
   "d_sumsq": 0.0,
   "verdict": "PASS"
  },
  {
   "tap": "predicted_aligned_error_head#3/logits",
   "shape_ref": [
    208,
    208,
    64
   ],
   "shape_got": [
    208,
    208,
    64
   ],
   "sampled": 8192,
   "pcc": 0.9998334707653714,
   "d_mean": 0.0014704775755485012,
   "d_std": 0.0025978783956730933,
   "d_sumsq": 0.005388409701709224,
   "verdict": "PASS"
  },
  {
   "tap": "predicted_lddt_head#0/logits",
   "shape_ref": [
    208,
    50
   ],
   "shape_got": [
    208,
    50
   ],
   "sampled": 10400,
   "pcc": 0.999837919110964,
   "d_mean": 0.007814339422215528,
   "d_std": 0.01344725091622317,
   "d_sumsq": 0.025940384875229185,
   "verdict": "FAIL",
   "envelope_pcc": 0.9999615761408537,
   "envelope_ratio": 5.359848791159336
  },
  {
   "tap": "predicted_lddt_head#1/logits",
   "shape_ref": [
    208,
    50
   ],
   "shape_got": [
    208,
    50
   ],
   "sampled": 10400,
   "pcc": 0.9998133467856681,
   "d_mean": 0.0002875578812790831,
   "d_std": 0.0005158481205424091,
   "d_sumsq": 0.0009744381366010702,
   "verdict": "PASS"
  },
  {
   "tap": "predicted_lddt_head#2/logits",
   "shape_ref": [
    208,
    50
   ],
   "shape_got": [
    208,
    50
   ],
   "sampled": 10400,
   "pcc": 0.9997938572118782,
   "d_mean": 0.0037066806612786165,
   "d_std": 0.00473810114113961,
   "d_sumsq": 0.009942764436322488,
   "verdict": "PASS"
  },
  {
   "tap": "predicted_lddt_head#3/logits",
   "shape_ref": [
    208,
    50
   ],
   "shape_got": [
    208,
    50
   ],
   "sampled": 10400,
   "pcc": 0.999750247610469,
   "d_mean": 0.005354827669279541,
   "d_std": 0.0056347729893305885,
   "d_sumsq": 0.012709723566223638,
   "verdict": "PASS"
  },
  {
   "tap": "structure_module#0/final_affines",
   "shape_ref": [
    208,
    7
   ],
   "shape_got": [
    208,
    7
   ],
   "sampled": 1456,
   "pcc": 0.9952865666909947,
   "d_mean": 0.008908578161142273,
   "d_std": 0.0013371188042231796,
   "d_sumsq": 0.0034261333073706975,
   "verdict": "FAIL",
   "envelope_pcc": 0.9997147662051872,
   "envelope_ratio": 16.52480664886986
  },
  {
   "tap": "structure_module#0/final_atom14_mask",
   "shape_ref": [
    208,
    14
   ],
   "shape_got": [
    208,
    14
   ],
   "sampled": 2912,
   "pcc": 1.0,
   "d_mean": 0.0,
   "d_std": 0.0,
   "d_sumsq": 0.0,
   "verdict": "PASS"
  },
  {
   "tap": "structure_module#0/final_atom14_positions",
   "shape_ref": [
    208,
    14,
    3
   ],
   "shape_got": [
    208,
    14,
    3
   ],
   "sampled": 8736,
   "pcc": 0.9953377078675792,
   "d_mean": 0.011117615963677082,
   "d_std": 0.0011699183818981575,
   "d_sumsq": 0.0036561408949966107,
   "verdict": "FAIL",
   "envelope_pcc": 0.9997143437130431,
   "envelope_ratio": 16.321335623621998
  },
  {
   "tap": "structure_module#0/final_atom_mask",
   "shape_ref": [
    208,
    37
   ],
   "shape_got": [
    208,
    37
   ],
   "sampled": 7696,
   "pcc": 1.0,
   "d_mean": 0.0,
   "d_std": 0.0,
   "d_sumsq": 0.0,
   "verdict": "PASS"
  },
  {
   "tap": "structure_module#0/final_atom_positions",
   "shape_ref": [
    208,
    37,
    3
   ],
   "shape_got": [
    208,
    37,
    3
   ],
   "sampled": 23088,
   "pcc": 0.9953103359285056,
   "d_mean": 0.006832516776177217,
   "d_std": 0.0015785041485913485,
   "d_sumsq": 0.0036561408949968223,
   "verdict": "FAIL",
   "envelope_pcc": 0.9997114624387067,
   "envelope_ratio": 16.253218646729202
  },
  {
   "tap": "structure_module#0/representations/structure_module",
   "shape_ref": [
    208,
    384
   ],
   "shape_got": [
    208,
    384
   ],
   "sampled": 8192,
   "pcc": 0.9997388128155146,
   "d_mean": 3.9845597927985325e-05,
   "d_std": 0.0007388737611381035,
   "d_sumsq": 0.0013463697816475842,
   "verdict": "PASS"
  },
  {
   "tap": "structure_module#0/sidechains/angles",
   "shape_ref": [
    8,
    208,
    7,
    2
   ],
   "shape_got": [
    8,
    208,
    7,
    2
   ],
   "sampled": 23296,
   "pcc": 0.9999112053419347,
   "d_mean": 6.28573644063449e-05,
   "d_std": 1.8527375348162264e-06,
   "d_sumsq": 1.4694351658250882e-09,
   "verdict": "PASS"
  },
  {
   "tap": "structure_module#0/sidechains/angles_sin_cos",
   "shape_ref": [
    8,
    208,
    7,
    2
   ],
   "shape_got": [
    8,
    208,
    7,
    2
   ],
   "sampled": 23296,
   "pcc": 0.9999112053419347,
   "d_mean": 6.28573644063449e-05,
   "d_std": 1.8527375348162264e-06,
   "d_sumsq": 1.4694351658250882e-09,
   "verdict": "PASS"
  },
  {
   "tap": "structure_module#0/sidechains/unnormalized_angles_sin_cos",
   "shape_ref": [
    8,
    208,
    7,
    2
   ],
   "shape_got": [
    8,
    208,
    7,
    2
   ],
   "sampled": 23296,
   "pcc": 0.9999224029532164,
   "d_mean": 2.467460376144187e-06,
   "d_std": 1.8952240981254534e-05,
   "d_sumsq": 3.772540473640941e-05,
   "verdict": "PASS"
  },
  {
   "tap": "structure_module#0/traj",
   "shape_ref": [
    8,
    208,
    7
   ],
   "shape_got": [
    8,
    208,
    7
   ],
   "sampled": 11648,
   "pcc": 0.9952510439879252,
   "d_mean": 0.007372214428338744,
   "d_std": 0.0010699380875789795,
   "d_sumsq": 0.002650995975744118,
   "verdict": "FAIL",
   "envelope_pcc": 0.9997045256912105,
   "envelope_ratio": 16.072314481520102
  },
  {
   "tap": "structure_module#1/final_affines",
   "shape_ref": [
    208,
    7
   ],
   "shape_got": [
    208,
    7
   ],
   "sampled": 1456,
   "pcc": 0.9980054777719785,
   "d_mean": 0.0004550513550067947,
   "d_std": 0.0012371951577959664,
   "d_sumsq": 0.0025022146535400415,
   "verdict": "PASS"
  },
  {
   "tap": "structure_module#1/final_atom14_mask",
   "shape_ref": [
    208,
    14
   ],
   "shape_got": [
    208,
    14
   ],
   "sampled": 2912,
   "pcc": 1.0,
   "d_mean": 0.0,
   "d_std": 0.0,
   "d_sumsq": 0.0,
   "verdict": "PASS"
  },
  {
   "tap": "structure_module#1/final_atom14_positions",
   "shape_ref": [
    208,
    14,
    3
   ],
   "shape_got": [
    208,
    14,
    3
   ],
   "sampled": 8736,
   "pcc": 0.9979957941155944,
   "d_mean": 0.0008541922846081406,
   "d_std": 0.0014999958008518242,
   "d_sumsq": 0.003049921508020528,
   "verdict": "FAIL",
   "envelope_pcc": 0.9994900431222871,
   "envelope_ratio": 3.9301477673840592
  },
  {
   "tap": "structure_module#1/final_atom_mask",
   "shape_ref": [
    208,
    37
   ],
   "shape_got": [
    208,
    37
   ],
   "sampled": 7696,
   "pcc": 1.0,
   "d_mean": 0.0,
   "d_std": 0.0,
   "d_sumsq": 0.0,
   "verdict": "PASS"
  },
  {
   "tap": "structure_module#1/final_atom_positions",
   "shape_ref": [
    208,
    37,
    3
   ],
   "shape_got": [
    208,
    37,
    3
   ],
   "sampled": 23088,
   "pcc": 0.9979966661702351,
   "d_mean": 0.0005252976419614472,
   "d_std": 0.0015147976302850325,
   "d_sumsq": 0.003049921508020528,
   "verdict": "FAIL",
   "envelope_pcc": 0.9994897230932417,
   "envelope_ratio": 3.9259739236323763
  },
  {
   "tap": "structure_module#1/representations/structure_module",
   "shape_ref": [
    208,
    384
   ],
   "shape_got": [
    208,
    384
   ],
   "sampled": 8192,
   "pcc": 0.9995989203504915,
   "d_mean": 0.00010858922361930642,
   "d_std": 0.00109362578471483,
   "d_sumsq": 0.0018908698401156594,
   "verdict": "PASS"
  },
  {
   "tap": "structure_module#1/sidechains/angles",
   "shape_ref": [
    8,
    208,
    7,
    2
   ],
   "shape_got": [
    8,
    208,
    7,
    2
   ],
   "sampled": 23296,
   "pcc": 0.9994898612301313,
   "d_mean": 0.0002455404224272275,
   "d_std": 8.06250993516519e-06,
   "d_sumsq": 2.443200719195946e-09,
   "verdict": "PASS"
  },
  {
   "tap": "structure_module#1/sidechains/angles_sin_cos",
   "shape_ref": [
    8,
    208,
    7,
    2
   ],
   "shape_got": [
    8,
    208,
    7,
    2
   ],
   "sampled": 23296,
   "pcc": 0.9994898612301313,
   "d_mean": 0.0002455404224272275,
   "d_std": 8.06250993516519e-06,
   "d_sumsq": 2.443200719195946e-09,
   "verdict": "PASS"
  },
  {
   "tap": "structure_module#1/sidechains/unnormalized_angles_sin_cos",
   "shape_ref": [
    8,
    208,
    7,
    2
   ],
   "shape_got": [
    8,
    208,
    7,
    2
   ],
   "sampled": 23296,
   "pcc": 0.9996377127099769,
   "d_mean": 0.0002674031698179214,
   "d_std": 7.51571806662308e-05,
   "d_sumsq": 0.00013260708927267923,
   "verdict": "PASS"
  },
  {
   "tap": "structure_module#1/traj",
   "shape_ref": [
    8,
    208,
    7
   ],
   "shape_got": [
    8,
    208,
    7
   ],
   "sampled": 11648,
   "pcc": 0.9979641297289423,
   "d_mean": 7.925680690283126e-05,
   "d_std": 0.00036476129173106667,
   "d_sumsq": 0.0007337005795726321,
   "verdict": "FAIL",
   "envelope_pcc": 0.9994810378525134,
   "envelope_ratio": 3.922964865390838
  },
  {
   "tap": "structure_module#2/final_affines",
   "shape_ref": [
    208,
    7
   ],
   "shape_got": [
    208,
    7
   ],
   "sampled": 1456,
   "pcc": 0.9983113569298553,
   "d_mean": 0.0015968365625878601,
   "d_std": 0.002575826089249483,
   "d_sumsq": 0.005303278672720727,
   "verdict": "PASS"
  },
  {
   "tap": "structure_module#2/final_atom14_mask",
   "shape_ref": [
    208,
    14
   ],
   "shape_got": [
    208,
    14
   ],
   "sampled": 2912,
   "pcc": 1.0,
   "d_mean": 0.0,
   "d_std": 0.0,
   "d_sumsq": 0.0,
   "verdict": "PASS"
  },
  {
   "tap": "structure_module#2/final_atom14_positions",
   "shape_ref": [
    208,
    14,
    3
   ],
   "shape_got": [
    208,
    14,
    3
   ],
   "sampled": 8736,
   "pcc": 0.9983755073366541,
   "d_mean": 0.0015068847568117834,
   "d_std": 0.002431260507355532,
   "d_sumsq": 0.005054487975021064,
   "verdict": "PASS"
  },
  {
   "tap": "structure_module#2/final_atom_mask",
   "shape_ref": [
    208,
    37
   ],
   "shape_got": [
    208,
    37
   ],
   "sampled": 7696,
   "pcc": 1.0,
   "d_mean": 0.0,
   "d_std": 0.0,
   "d_sumsq": 0.0,
   "verdict": "PASS"
  },
  {
   "tap": "structure_module#2/final_atom_positions",
   "shape_ref": [
    208,
    37,
    3
   ],
   "shape_got": [
    208,
    37,
    3
   ],
   "sampled": 23088,
   "pcc": 0.9983806972670434,
   "d_mean": 0.000925256662681105,
   "d_std": 0.00249304965856086,
   "d_sumsq": 0.005054487975021064,
   "verdict": "PASS"
  },
  {
   "tap": "structure_module#2/representations/structure_module",
   "shape_ref": [
    208,
    384
   ],
   "shape_got": [
    208,
    384
   ],
   "sampled": 8192,
   "pcc": 0.9996244204359378,
   "d_mean": 0.00016735987304842114,
   "d_std": 4.0810665059632336e-05,
   "d_sumsq": 0.00017546984687394468,
   "verdict": "PASS"
  },
  {
   "tap": "structure_module#2/sidechains/angles",
   "shape_ref": [
    8,
    208,
    7,
    2
   ],
   "shape_got": [
    8,
    208,
    7,
    2
   ],
   "sampled": 23296,
   "pcc": 0.9988624483214559,
   "d_mean": 0.00030335070959162767,
   "d_std": 1.0581716490804408e-05,
   "d_sumsq": 3.525717722869766e-09,
   "verdict": "PASS"
  },
  {
   "tap": "structure_module#2/sidechains/angles_sin_cos",
   "shape_ref": [
    8,
    208,
    7,
    2
   ],
   "shape_got": [
    8,
    208,
    7,
    2
   ],
   "sampled": 23296,
   "pcc": 0.9988624483214559,
   "d_mean": 0.00030335070959162767,
   "d_std": 1.0581716490804408e-05,
   "d_sumsq": 3.525717722869766e-09,
   "verdict": "PASS"
  },
  {
   "tap": "structure_module#2/sidechains/unnormalized_angles_sin_cos",
   "shape_ref": [
    8,
    208,
    7,
    2
   ],
   "shape_got": [
    8,
    208,
    7,
    2
   ],
   "sampled": 23296,
   "pcc": 0.9989384643131913,
   "d_mean": 0.00024974790080000206,
   "d_std": 1.3218481676408592e-05,
   "d_sumsq": 9.103143628720224e-06,
   "verdict": "PASS"
  },
  {
   "tap": "structure_module#2/traj",
   "shape_ref": [
    8,
    208,
    7
   ],
   "shape_got": [
    8,
    208,
    7
   ],
   "sampled": 11648,
   "pcc": 0.9983338026086849,
   "d_mean": 0.002626864088523634,
   "d_std": 0.0033785549973339613,
   "d_sumsq": 0.006977853961937567,
   "verdict": "PASS"
  },
  {
   "tap": "structure_module#3/final_affines",
   "shape_ref": [
    208,
    7
   ],
   "shape_got": [
    208,
    7
   ],
   "sampled": 1456,
   "pcc": 0.9984519478941087,
   "d_mean": 0.0015893810271286823,
   "d_std": 0.001311948426155327,
   "d_sumsq": 0.0024696689922079256,
   "verdict": "PASS"
  },
  {
   "tap": "structure_module#3/final_atom14_mask",
   "shape_ref": [
    208,
    14
   ],
   "shape_got": [
    208,
    14
   ],
   "sampled": 2912,
   "pcc": 1.0,
   "d_mean": 0.0,
   "d_std": 0.0,
   "d_sumsq": 0.0,
   "verdict": "PASS"
  },
  {
   "tap": "structure_module#3/final_atom14_positions",
   "shape_ref": [
    208,
    14,
    3
   ],
   "shape_got": [
    208,
    14,
    3
   ],
   "sampled": 8736,
   "pcc": 0.9985413618823897,
   "d_mean": 0.0018427006039430955,
   "d_std": 0.0016943442894283185,
   "d_sumsq": 0.0031999529937764004,
   "verdict": "PASS"
  },
  {
   "tap": "structure_module#3/final_atom_mask",
   "shape_ref": [
    208,
    37
   ],
   "shape_got": [
    208,
    37
   ],
   "sampled": 7696,
   "pcc": 1.0,
   "d_mean": 0.0,
   "d_std": 0.0,
   "d_sumsq": 0.0,
   "verdict": "PASS"
  },
  {
   "tap": "structure_module#3/final_atom_positions",
   "shape_ref": [
    208,
    37,
    3
   ],
   "shape_got": [
    208,
    37,
    3
   ],
   "sampled": 23088,
   "pcc": 0.9985424520914927,
   "d_mean": 0.0011325867780659334,
   "d_std": 0.0016348322272328076,
   "d_sumsq": 0.0031999529937764004,
   "verdict": "PASS"
  },
  {
   "tap": "structure_module#3/representations/structure_module",
   "shape_ref": [
    208,
    384
   ],
   "shape_got": [
    208,
    384
   ],
   "sampled": 8192,
   "pcc": 0.9995927466738527,
   "d_mean": 0.00016954820854491414,
   "d_std": 0.00046733111806256453,
   "d_sumsq": 0.0007328308789638258,
   "verdict": "PASS"
  },
  {
   "tap": "structure_module#3/sidechains/angles",
   "shape_ref": [
    8,
    208,
    7,
    2
   ],
   "shape_got": [
    8,
    208,
    7,
    2
   ],
   "sampled": 23296,
   "pcc": 0.9989715266634223,
   "d_mean": 0.0003943886561664352,
   "d_std": 1.3578886370733209e-05,
   "d_sumsq": 2.4250820352287243e-09,
   "verdict": "PASS"
  },
  {
   "tap": "structure_module#3/sidechains/angles_sin_cos",
   "shape_ref": [
    8,
    208,
    7,
    2
   ],
   "shape_got": [
    8,
    208,
    7,
    2
   ],
   "sampled": 23296,
   "pcc": 0.9989715266634223,
   "d_mean": 0.0003943886561664352,
   "d_std": 1.3578886370733209e-05,
   "d_sumsq": 2.4250820352287243e-09,
   "verdict": "PASS"
  },
  {
   "tap": "structure_module#3/sidechains/unnormalized_angles_sin_cos",
   "shape_ref": [
    8,
    208,
    7,
    2
   ],
   "shape_got": [
    8,
    208,
    7,
    2
   ],
   "sampled": 23296,
   "pcc": 0.9989996777287619,
   "d_mean": 0.0002689764898221928,
   "d_std": 0.00013049464972854157,
   "d_sumsq": 0.00024216727031808533,
   "verdict": "PASS"
  },
  {
   "tap": "structure_module#3/traj",
   "shape_ref": [
    8,
    208,
    7
   ],
   "shape_got": [
    8,
    208,
    7
   ],
   "sampled": 11648,
   "pcc": 0.9984540657210311,
   "d_mean": 0.0022687262674665316,
   "d_std": 5.644735540902595e-05,
   "d_sumsq": 0.0003195661601109961,
   "verdict": "PASS"
  },
  {
   "tap": "template_embedding#0/out",
   "shape_ref": [
    208,
    208,
    128
   ],
   "shape_got": [
    208,
    208,
    128
   ],
   "sampled": 8192,
   "pcc": 0.9999800291621291,
   "d_mean": 1.9251662570376205e-05,
   "d_std": 0.0001342861657406286,
   "d_sumsq": 0.0002692882266981201,
   "verdict": "PASS"
  },
  {
   "tap": "template_pair_stack#0/out",
   "shape_ref": [
    208,
    208,
    64
   ],
   "shape_got": [
    208,
    208,
    64
   ],
   "sampled": 8192,
   "pcc": 0.9999944122522733,
   "d_mean": 2.7976541908075595e-06,
   "d_std": 1.7822136430182164e-05,
   "d_sumsq": 3.5769508752339745e-05,
   "verdict": "PASS"
  }
 ]
}
